[2025-07-18 06:09:33] INFO: Community Community A (18 members): AskaPol_UAPs, ChrisUKSharp, DanHaug6, Eyes_OnTheSkies, FettucineSplit, GoodTroubleShow, Halsrethink, JeremyCorbell, JonMajerowski, LueElizondo, PTHellyer, SnakePo9, TheOfficialQF, g_knapp, jamescfox, jayanderson, rosscoulthart, ufobeliever1947
[2025-07-18 06:09:33] INFO: Community Community B (7 members): MiddleofMayhem, OSIRISUAP, ShipsSmall, cosmic_surplus, likeitmatters3, susangerbic, ufoskeptic1968
[2025-07-18 06:09:33] INFO: Community analysis written to community_analysis.txt
[2025-07-18 06:09:33] WARNING: Generating trust network visualization...
[2025-07-18 06:09:49] WARNING: Network visualization saved to visualization/trust_network.png
[2025-07-18 06:09:49] WARNING: Creating JSON data structure...
[2025-07-18 06:09:49] WARNING: Successfully generated js/data.js with:
[2025-07-18 06:09:49] WARNING: - 25 users
[2025-07-18 06:09:49] WARNING: - 31 trust relationships
[2025-07-18 06:09:49] WARNING: - 2 communities
[2025-07-18 06:09:49] WARNING: Trust calculation completed successfully.
[2025-07-18 06:19:36] WARNING: === Starting Trust Score Calculation ===
[2025-07-18 06:19:36] WARNING: Starting trust score calculation...
[2025-07-18 06:19:36] WARNING: Found 25 users in the trust network
[2025-07-18 06:19:36] WARNING: Building trust network graph...
[2025-07-18 06:19:36] WARNING: Calculating PageRank scores...
[2025-07-18 06:19:36] WARNING: Applying distrust penalties...
[2025-07-18 06:19:36] WARNING: Detecting communities...
[2025-07-18 06:19:36] WARNING: Found 8 isolated nodes to assign to communities
[2025-07-18 06:19:36] WARNING: Assigned isolated node Eyes_OnTheSkies to community 1 based on structural balance theory
[2025-07-18 06:19:36] WARNING: Assigned isolated node FettucineSplit to community 1 based on structural balance theory
[2025-07-18 06:19:36] WARNING: Assigned isolated node JonMajerowski to community 1 based on structural balance theory
[2025-07-18 06:19:36] WARNING: Assigned isolated node MiddleofMayhem to community 2 based on structural balance theory
[2025-07-18 06:19:36] WARNING: Assigned isolated node PTHellyer to community 1 based on structural balance theory
[2025-07-18 06:19:36] WARNING: Assigned isolated node SnakePo9 to community 1 based on structural balance theory
[2025-07-18 06:19:36] WARNING: Assigned isolated node jamescfox to community 1 based on structural balance theory
[2025-07-18 06:19:36] WARNING: Assigned isolated node likeitmatters3 to community 2 based on structural balance theory
[2025-07-18 06:19:36] INFO: Analyzing community composition...
[2025-07-18 06:19:36] INFO: Community Community A (18 members): AskaPol_UAPs, ChrisUKSharp, DanHaug6, Eyes_OnTheSkies, FettucineSplit, GoodTroubleShow, Halsrethink, JeremyCorbell, JonMajerowski, LueElizondo, PTHellyer, SnakePo9, TheOfficialQF, g_knapp, jamescfox, jayanderson, rosscoulthart, ufobeliever1947
[2025-07-18 06:19:36] INFO: Community Community B (7 members): MiddleofMayhem, OSIRISUAP, ShipsSmall, cosmic_surplus, likeitmatters3, susangerbic, ufoskeptic1968
[2025-07-18 06:19:36] INFO: Community analysis written to community_analysis.txt
[2025-07-18 06:19:36] WARNING: Generating trust network visualization...
[2025-07-18 06:19:46] WARNING: Network visualization saved to visualization/trust_network.png
[2025-07-18 06:19:46] WARNING: Creating JSON data structure...
[2025-07-18 06:19:46] WARNING: Successfully generated js/data.js with:
[2025-07-18 06:19:46] WARNING: - 25 users
[2025-07-18 06:19:46] WARNING: - 31 trust relationships
[2025-07-18 06:19:46] WARNING: - 2 communities
[2025-07-18 06:19:46] WARNING: Trust calculation completed successfully.
[2025-07-18 06:29:21] WARNING: === Starting Trust Score Calculation ===
[2025-07-18 06:29:21] WARNING: Starting trust score calculation...
[2025-07-18 06:29:21] WARNING: Found 25 users in the trust network
[2025-07-18 06:29:21] WARNING: Building trust network graph...
[2025-07-18 06:29:21] WARNING: Calculating PageRank scores...
[2025-07-18 06:29:23] WARNING: Applying distrust penalties...
[2025-07-18 06:29:23] WARNING: Detecting communities...
[2025-07-18 06:29:23] WARNING: Found 8 isolated nodes to assign to communities
[2025-07-18 06:29:23] WARNING: Assigned isolated node Eyes_OnTheSkies to community 1 based on structural balance theory
[2025-07-18 06:29:23] WARNING: Assigned isolated node FettucineSplit to community 1 based on structural balance theory
[2025-07-18 06:29:23] WARNING: Assigned isolated node JonMajerowski to community 1 based on structural balance theory
[2025-07-18 06:29:23] WARNING: Assigned isolated node MiddleofMayhem to community 2 based on structural balance theory
[2025-07-18 06:29:23] WARNING: Assigned isolated node PTHellyer to community 1 based on structural balance theory
[2025-07-18 06:29:23] WARNING: Assigned isolated node SnakePo9 to community 1 based on structural balance theory
[2025-07-18 06:29:23] WARNING: Assigned isolated node jamescfox to community 1 based on structural balance theory
[2025-07-18 06:29:23] WARNING: Assigned isolated node likeitmatters3 to community 2 based on structural balance theory
[2025-07-18 06:29:23] INFO: Analyzing community composition...
[2025-07-18 06:29:23] INFO: Community Community A (18 members): AskaPol_UAPs, ChrisUKSharp, DanHaug6, Eyes_OnTheSkies, FettucineSplit, GoodTroubleShow, Halsrethink, JeremyCorbell, JonMajerowski, LueElizondo, PTHellyer, SnakePo9, TheOfficialQF, g_knapp, jamescfox, jayanderson, rosscoulthart, ufobeliever1947
[2025-07-18 06:29:23] INFO: Community Community B (7 members): MiddleofMayhem, OSIRISUAP, ShipsSmall, cosmic_surplus, likeitmatters3, susangerbic, ufoskeptic1968
[2025-07-18 06:29:23] INFO: Community analysis written to community_analysis.txt
[2025-07-18 06:29:23] WARNING: Generating trust network visualization...
[2025-07-18 06:29:44] WARNING: Network visualization saved to visualization/trust_network.png
[2025-07-18 06:29:44] WARNING: Creating JSON data structure...
[2025-07-18 06:29:44] WARNING: Successfully generated js/data.js with:
[2025-07-18 06:29:44] WARNING: - 25 users
[2025-07-18 06:29:44] WARNING: - 31 trust relationships
[2025-07-18 06:29:44] WARNING: - 2 communities
[2025-07-18 06:29:44] WARNING: Trust calculation completed successfully.
[2025-07-18 06:39:31] WARNING: === Starting Trust Score Calculation ===
[2025-07-18 06:39:31] WARNING: Starting trust score calculation...
[2025-07-18 06:39:31] WARNING: Found 25 users in the trust network
[2025-07-18 06:39:31] WARNING: Building trust network graph...
[2025-07-18 06:39:31] WARNING: Calculating PageRank scores...
[2025-07-18 06:39:31] WARNING: Applying distrust penalties...
[2025-07-18 06:39:31] WARNING: Detecting communities...
[2025-07-18 06:39:31] WARNING: Found 8 isolated nodes to assign to communities
[2025-07-18 06:39:31] WARNING: Assigned isolated node Eyes_OnTheSkies to community 1 based on structural balance theory
[2025-07-18 06:39:31] WARNING: Assigned isolated node FettucineSplit to community 1 based on structural balance theory
[2025-07-18 06:39:31] WARNING: Assigned isolated node JonMajerowski to community 1 based on structural balance theory
[2025-07-18 06:39:31] WARNING: Assigned isolated node MiddleofMayhem to community 2 based on structural balance theory
[2025-07-18 06:39:31] WARNING: Assigned isolated node PTHellyer to community 1 based on structural balance theory
[2025-07-18 06:39:31] WARNING: Assigned isolated node SnakePo9 to community 1 based on structural balance theory
[2025-07-18 06:39:31] WARNING: Assigned isolated node jamescfox to community 1 based on structural balance theory
[2025-07-18 06:39:31] WARNING: Assigned isolated node likeitmatters3 to community 2 based on structural balance theory
[2025-07-18 06:39:31] INFO: Analyzing community composition...
[2025-07-18 06:39:31] INFO: Community Community A (18 members): AskaPol_UAPs, ChrisUKSharp, DanHaug6, Eyes_OnTheSkies, FettucineSplit, GoodTroubleShow, Halsrethink, JeremyCorbell, JonMajerowski, LueElizondo, PTHellyer, SnakePo9, TheOfficialQF, g_knapp, jamescfox, jayanderson, rosscoulthart, ufobeliever1947
[2025-07-18 06:39:31] INFO: Community Community B (7 members): MiddleofMayhem, OSIRISUAP, ShipsSmall, cosmic_surplus, likeitmatters3, susangerbic, ufoskeptic1968
[2025-07-18 06:39:31] INFO: Community analysis written to community_analysis.txt
[2025-07-18 06:39:31] WARNING: Generating trust network visualization...
[2025-07-18 06:39:40] WARNING: Network visualization saved to visualization/trust_network.png
[2025-07-18 06:39:40] WARNING: Creating JSON data structure...
[2025-07-18 06:39:40] WARNING: Successfully generated js/data.js with:
[2025-07-18 06:39:40] WARNING: - 25 users
[2025-07-18 06:39:40] WARNING: - 31 trust relationships
[2025-07-18 06:39:40] WARNING: - 2 communities
[2025-07-18 06:39:40] WARNING: Trust calculation completed successfully.
[2025-07-18 06:47:39] WARNING: === Starting Trust Score Calculation ===
[2025-07-18 06:47:39] WARNING: Starting trust score calculation...
[2025-07-18 06:47:39] WARNING: Found 25 users in the trust network
[2025-07-18 06:47:39] WARNING: Building trust network graph...
[2025-07-18 06:47:39] WARNING: Calculating PageRank scores...
[2025-07-18 06:47:39] WARNING: Applying distrust penalties...
[2025-07-18 06:47:39] WARNING: Detecting communities...
[2025-07-18 06:47:39] WARNING: Found 8 isolated nodes to assign to communities
[2025-07-18 06:47:39] WARNING: Assigned isolated node Eyes_OnTheSkies to community 1 based on structural balance theory
[2025-07-18 06:47:39] WARNING: Assigned isolated node FettucineSplit to community 1 based on structural balance theory
[2025-07-18 06:47:39] WARNING: Assigned isolated node JonMajerowski to community 1 based on structural balance theory
[2025-07-18 06:47:39] WARNING: Assigned isolated node MiddleofMayhem to community 2 based on structural balance theory
[2025-07-18 06:47:39] WARNING: Assigned isolated node PTHellyer to community 1 based on structural balance theory
[2025-07-18 06:47:39] WARNING: Assigned isolated node SnakePo9 to community 1 based on structural balance theory
[2025-07-18 06:47:39] WARNING: Assigned isolated node jamescfox to community 1 based on structural balance theory
[2025-07-18 06:47:39] WARNING: Assigned isolated node likeitmatters3 to community 2 based on structural balance theory
[2025-07-18 06:47:39] INFO: Analyzing community composition...
[2025-07-18 06:47:39] INFO: Community Community A (18 members): AskaPol_UAPs, ChrisUKSharp, DanHaug6, Eyes_OnTheSkies, FettucineSplit, GoodTroubleShow, Halsrethink, JeremyCorbell, JonMajerowski, LueElizondo, PTHellyer, SnakePo9, TheOfficialQF, g_knapp, jamescfox, jayanderson, rosscoulthart, ufobeliever1947
[2025-07-18 06:47:39] INFO: Community Community B (7 members): MiddleofMayhem, OSIRISUAP, ShipsSmall, cosmic_surplus, likeitmatters3, susangerbic, ufoskeptic1968
[2025-07-18 06:47:39] INFO: Community analysis written to community_analysis.txt
[2025-07-18 06:47:39] WARNING: Generating trust network visualization...
[2025-07-18 06:47:40] WARNING: Network visualization saved to visualization/trust_network.png
[2025-07-18 06:47:40] WARNING: Creating JSON data structure...
[2025-07-18 06:47:40] WARNING: Successfully generated js/data.js with:
[2025-07-18 06:47:40] WARNING: - 25 users
[2025-07-18 06:47:40] WARNING: - 31 trust relationships
[2025-07-18 06:47:40] WARNING: - 2 communities
[2025-07-18 06:47:40] WARNING: Trust calculation completed successfully.
[2025-07-18 06:57:40] WARNING: === Starting Trust Score Calculation ===
[2025-07-18 06:57:40] WARNING: Starting trust score calculation...
[2025-07-18 06:57:40] WARNING: Found 25 users in the trust network
[2025-07-18 06:57:40] WARNING: Building trust network graph...
[2025-07-18 06:57:40] WARNING: Calculating PageRank scores...
[2025-07-18 06:57:40] WARNING: Applying distrust penalties...
[2025-07-18 06:57:40] WARNING: Detecting communities...
[2025-07-18 06:57:40] WARNING: Found 8 isolated nodes to assign to communities
[2025-07-18 06:57:40] WARNING: Assigned isolated node Eyes_OnTheSkies to community 1 based on structural balance theory
[2025-07-18 06:57:40] WARNING: Assigned isolated node FettucineSplit to community 1 based on structural balance theory
[2025-07-18 06:57:40] WARNING: Assigned isolated node JonMajerowski to community 1 based on structural balance theory
[2025-07-18 06:57:40] WARNING: Assigned isolated node MiddleofMayhem to community 2 based on structural balance theory
[2025-07-18 06:57:40] WARNING: Assigned isolated node PTHellyer to community 1 based on structural balance theory
[2025-07-18 06:57:40] WARNING: Assigned isolated node SnakePo9 to community 1 based on structural balance theory
[2025-07-18 06:57:40] WARNING: Assigned isolated node jamescfox to community 1 based on structural balance theory
[2025-07-18 06:57:40] WARNING: Assigned isolated node likeitmatters3 to community 2 based on structural balance theory
[2025-07-18 06:57:40] INFO: Analyzing community composition...
[2025-07-18 06:57:40] INFO: Community Community A (18 members): AskaPol_UAPs, ChrisUKSharp, DanHaug6, Eyes_OnTheSkies, FettucineSplit, GoodTroubleShow, Halsrethink, JeremyCorbell, JonMajerowski, LueElizondo, PTHellyer, SnakePo9, TheOfficialQF, g_knapp, jamescfox, jayanderson, rosscoulthart, ufobeliever1947
[2025-07-18 06:57:40] INFO: Community Community B (7 members): MiddleofMayhem, OSIRISUAP, ShipsSmall, cosmic_surplus, likeitmatters3, susangerbic, ufoskeptic1968
[2025-07-18 06:57:40] INFO: Community analysis written to community_analysis.txt
[2025-07-18 06:57:40] WARNING: Generating trust network visualization...
[2025-07-18 06:57:41] WARNING: Network visualization saved to visualization/trust_network.png
[2025-07-18 06:57:41] WARNING: Creating JSON data structure...
[2025-07-18 06:57:41] WARNING: Successfully generated js/data.js with:
[2025-07-18 06:57:41] WARNING: - 25 users
[2025-07-18 06:57:41] WARNING: - 31 trust relationships
[2025-07-18 06:57:41] WARNING: - 2 communities
[2025-07-18 06:57:41] WARNING: Trust calculation completed successfully.
[2025-07-18 07:07:40] WARNING: === Starting Trust Score Calculation ===
[2025-07-18 07:07:40] WARNING: Starting trust score calculation...
[2025-07-18 07:07:40] WARNING: Found 25 users in the trust network
[2025-07-18 07:07:40] WARNING: Building trust network graph...
[2025-07-18 07:07:40] WARNING: Calculating PageRank scores...
[2025-07-18 07:07:40] WARNING: Applying distrust penalties...
[2025-07-18 07:07:40] WARNING: Detecting communities...
[2025-07-18 07:07:40] WARNING: Found 8 isolated nodes to assign to communities
[2025-07-18 07:07:40] WARNING: Assigned isolated node Eyes_OnTheSkies to community 1 based on structural balance theory
[2025-07-18 07:07:40] WARNING: Assigned isolated node FettucineSplit to community 1 based on structural balance theory
[2025-07-18 07:07:40] WARNING: Assigned isolated node JonMajerowski to community 1 based on structural balance theory
[2025-07-18 07:07:40] WARNING: Assigned isolated node MiddleofMayhem to community 2 based on structural balance theory
[2025-07-18 07:07:40] WARNING: Assigned isolated node PTHellyer to community 1 based on structural balance theory
[2025-07-18 07:07:40] WARNING: Assigned isolated node SnakePo9 to community 1 based on structural balance theory
[2025-07-18 07:07:40] WARNING: Assigned isolated node jamescfox to community 1 based on structural balance theory
[2025-07-18 07:07:40] WARNING: Assigned isolated node likeitmatters3 to community 2 based on structural balance theory
[2025-07-18 07:07:40] INFO: Analyzing community composition...
[2025-07-18 07:07:40] INFO: Community Community A (18 members): AskaPol_UAPs, ChrisUKSharp, DanHaug6, Eyes_OnTheSkies, FettucineSplit, GoodTroubleShow, Halsrethink, JeremyCorbell, JonMajerowski, LueElizondo, PTHellyer, SnakePo9, TheOfficialQF, g_knapp, jamescfox, jayanderson, rosscoulthart, ufobeliever1947
[2025-07-18 07:07:40] INFO: Community Community B (7 members): MiddleofMayhem, OSIRISUAP, ShipsSmall, cosmic_surplus, likeitmatters3, susangerbic, ufoskeptic1968
[2025-07-18 07:07:40] INFO: Community analysis written to community_analysis.txt
[2025-07-18 07:07:40] WARNING: Generating trust network visualization...
[2025-07-18 07:07:41] WARNING: Network visualization saved to visualization/trust_network.png
[2025-07-18 07:07:41] WARNING: Creating JSON data structure...
[2025-07-18 07:07:41] WARNING: Successfully generated js/data.js with:
[2025-07-18 07:07:41] WARNING: - 25 users
[2025-07-18 07:07:41] WARNING: - 31 trust relationships
[2025-07-18 07:07:41] WARNING: - 2 communities
[2025-07-18 07:07:41] WARNING: Trust calculation completed successfully.
[2025-07-18 07:17:39] WARNING: === Starting Trust Score Calculation ===
[2025-07-18 07:17:39] WARNING: Starting trust score calculation...
[2025-07-18 07:17:39] WARNING: Found 25 users in the trust network
[2025-07-18 07:17:39] WARNING: Building trust network graph...
[2025-07-18 07:17:39] WARNING: Calculating PageRank scores...
[2025-07-18 07:17:39] WARNING: Applying distrust penalties...
[2025-07-18 07:17:39] WARNING: Detecting communities...
[2025-07-18 07:17:39] WARNING: Found 8 isolated nodes to assign to communities
[2025-07-18 07:17:39] WARNING: Assigned isolated node Eyes_OnTheSkies to community 1 based on structural balance theory
[2025-07-18 07:17:39] WARNING: Assigned isolated node FettucineSplit to community 1 based on structural balance theory
[2025-07-18 07:17:39] WARNING: Assigned isolated node JonMajerowski to community 1 based on structural balance theory
[2025-07-18 07:17:39] WARNING: Assigned isolated node MiddleofMayhem to community 2 based on structural balance theory
[2025-07-18 07:17:39] WARNING: Assigned isolated node PTHellyer to community 1 based on structural balance theory
[2025-07-18 07:17:39] WARNING: Assigned isolated node SnakePo9 to community 1 based on structural balance theory
[2025-07-18 07:17:39] WARNING: Assigned isolated node jamescfox to community 1 based on structural balance theory
[2025-07-18 07:17:39] WARNING: Assigned isolated node likeitmatters3 to community 2 based on structural balance theory
[2025-07-18 07:17:39] INFO: Analyzing community composition...
[2025-07-18 07:17:39] INFO: Community Community A (18 members): AskaPol_UAPs, ChrisUKSharp, DanHaug6, Eyes_OnTheSkies, FettucineSplit, GoodTroubleShow, Halsrethink, JeremyCorbell, JonMajerowski, LueElizondo, PTHellyer, SnakePo9, TheOfficialQF, g_knapp, jamescfox, jayanderson, rosscoulthart, ufobeliever1947
[2025-07-18 07:17:39] INFO: Community Community B (7 members): MiddleofMayhem, OSIRISUAP, ShipsSmall, cosmic_surplus, likeitmatters3, susangerbic, ufoskeptic1968
[2025-07-18 07:17:39] INFO: Community analysis written to community_analysis.txt
[2025-07-18 07:17:39] WARNING: Generating trust network visualization...
[2025-07-18 07:17:40] WARNING: Network visualization saved to visualization/trust_network.png
[2025-07-18 07:17:40] WARNING: Creating JSON data structure...
[2025-07-18 07:17:40] WARNING: Successfully generated js/data.js with:
[2025-07-18 07:17:40] WARNING: - 25 users
[2025-07-18 07:17:40] WARNING: - 31 trust relationships
[2025-07-18 07:17:40] WARNING: - 2 communities
[2025-07-18 07:17:40] WARNING: Trust calculation completed successfully.
