[2025-07-18 02:17:41] INFO: Community Community A (18 members): AskaPol_UAPs, ChrisUKSharp, DanHaug6, Eyes_OnTheSkies, FettucineSplit, GoodTroubleShow, Halsrethink, JeremyCorbell, JonMajerowski, LueElizondo, PTHellyer, SnakePo9, TheOfficialQF, g_knapp, jamescfox, jayanderson, rosscoulthart, ufobeliever1947
[2025-07-18 02:17:41] INFO: Community Community B (7 members): MiddleofMayhem, OSIRISUAP, ShipsSmall, cosmic_surplus, likeitmatters3, susangerbic, ufoskeptic1968
[2025-07-18 02:17:41] INFO: Community analysis written to community_analysis.txt
[2025-07-18 02:17:41] WARNING: Generating trust network visualization...
[2025-07-18 02:17:42] WARNING: Network visualization saved to visualization/trust_network.png
[2025-07-18 02:17:42] WARNING: Creating JSON data structure...
[2025-07-18 02:17:42] WARNING: Successfully generated js/data.js with:
[2025-07-18 02:17:42] WARNING: - 25 users
[2025-07-18 02:17:42] WARNING: - 31 trust relationships
[2025-07-18 02:17:42] WARNING: - 2 communities
[2025-07-18 02:17:42] WARNING: Trust calculation completed successfully.
[2025-07-18 02:27:38] WARNING: === Starting Trust Score Calculation ===
[2025-07-18 02:27:38] WARNING: Starting trust score calculation...
[2025-07-18 02:27:38] WARNING: Found 25 users in the trust network
[2025-07-18 02:27:38] WARNING: Building trust network graph...
[2025-07-18 02:27:38] WARNING: Calculating PageRank scores...
[2025-07-18 02:27:38] WARNING: Applying distrust penalties...
[2025-07-18 02:27:38] WARNING: Detecting communities...
[2025-07-18 02:27:38] WARNING: Found 8 isolated nodes to assign to communities
[2025-07-18 02:27:38] WARNING: Assigned isolated node Eyes_OnTheSkies to community 1 based on structural balance theory
[2025-07-18 02:27:38] WARNING: Assigned isolated node FettucineSplit to community 1 based on structural balance theory
[2025-07-18 02:27:38] WARNING: Assigned isolated node JonMajerowski to community 1 based on structural balance theory
[2025-07-18 02:27:38] WARNING: Assigned isolated node MiddleofMayhem to community 2 based on structural balance theory
[2025-07-18 02:27:38] WARNING: Assigned isolated node PTHellyer to community 1 based on structural balance theory
[2025-07-18 02:27:38] WARNING: Assigned isolated node SnakePo9 to community 1 based on structural balance theory
[2025-07-18 02:27:38] WARNING: Assigned isolated node jamescfox to community 1 based on structural balance theory
[2025-07-18 02:27:38] WARNING: Assigned isolated node likeitmatters3 to community 2 based on structural balance theory
[2025-07-18 02:27:38] INFO: Analyzing community composition...
[2025-07-18 02:27:38] INFO: Community Community A (18 members): AskaPol_UAPs, ChrisUKSharp, DanHaug6, Eyes_OnTheSkies, FettucineSplit, GoodTroubleShow, Halsrethink, JeremyCorbell, JonMajerowski, LueElizondo, PTHellyer, SnakePo9, TheOfficialQF, g_knapp, jamescfox, jayanderson, rosscoulthart, ufobeliever1947
[2025-07-18 02:27:38] INFO: Community Community B (7 members): MiddleofMayhem, OSIRISUAP, ShipsSmall, cosmic_surplus, likeitmatters3, susangerbic, ufoskeptic1968
[2025-07-18 02:27:38] INFO: Community analysis written to community_analysis.txt
[2025-07-18 02:27:38] WARNING: Generating trust network visualization...
[2025-07-18 02:27:39] WARNING: Network visualization saved to visualization/trust_network.png
[2025-07-18 02:27:39] WARNING: Creating JSON data structure...
[2025-07-18 02:27:39] WARNING: Successfully generated js/data.js with:
[2025-07-18 02:27:39] WARNING: - 25 users
[2025-07-18 02:27:39] WARNING: - 31 trust relationships
[2025-07-18 02:27:39] WARNING: - 2 communities
[2025-07-18 02:27:39] WARNING: Trust calculation completed successfully.
[2025-07-18 02:37:38] WARNING: === Starting Trust Score Calculation ===
[2025-07-18 02:37:38] WARNING: Starting trust score calculation...
[2025-07-18 02:37:38] WARNING: Found 25 users in the trust network
[2025-07-18 02:37:38] WARNING: Building trust network graph...
[2025-07-18 02:37:38] WARNING: Calculating PageRank scores...
[2025-07-18 02:37:38] WARNING: Applying distrust penalties...
[2025-07-18 02:37:38] WARNING: Detecting communities...
[2025-07-18 02:37:38] WARNING: Found 8 isolated nodes to assign to communities
[2025-07-18 02:37:38] WARNING: Assigned isolated node Eyes_OnTheSkies to community 1 based on structural balance theory
[2025-07-18 02:37:38] WARNING: Assigned isolated node FettucineSplit to community 1 based on structural balance theory
[2025-07-18 02:37:38] WARNING: Assigned isolated node JonMajerowski to community 1 based on structural balance theory
[2025-07-18 02:37:38] WARNING: Assigned isolated node MiddleofMayhem to community 2 based on structural balance theory
[2025-07-18 02:37:38] WARNING: Assigned isolated node PTHellyer to community 1 based on structural balance theory
[2025-07-18 02:37:38] WARNING: Assigned isolated node SnakePo9 to community 1 based on structural balance theory
[2025-07-18 02:37:38] WARNING: Assigned isolated node jamescfox to community 1 based on structural balance theory
[2025-07-18 02:37:38] WARNING: Assigned isolated node likeitmatters3 to community 2 based on structural balance theory
[2025-07-18 02:37:38] INFO: Analyzing community composition...
[2025-07-18 02:37:38] INFO: Community Community A (18 members): AskaPol_UAPs, ChrisUKSharp, DanHaug6, Eyes_OnTheSkies, FettucineSplit, GoodTroubleShow, Halsrethink, JeremyCorbell, JonMajerowski, LueElizondo, PTHellyer, SnakePo9, TheOfficialQF, g_knapp, jamescfox, jayanderson, rosscoulthart, ufobeliever1947
[2025-07-18 02:37:38] INFO: Community Community B (7 members): MiddleofMayhem, OSIRISUAP, ShipsSmall, cosmic_surplus, likeitmatters3, susangerbic, ufoskeptic1968
[2025-07-18 02:37:38] INFO: Community analysis written to community_analysis.txt
[2025-07-18 02:37:38] WARNING: Generating trust network visualization...
[2025-07-18 02:37:39] WARNING: Network visualization saved to visualization/trust_network.png
[2025-07-18 02:37:39] WARNING: Creating JSON data structure...
[2025-07-18 02:37:39] WARNING: Successfully generated js/data.js with:
[2025-07-18 02:37:39] WARNING: - 25 users
[2025-07-18 02:37:39] WARNING: - 31 trust relationships
[2025-07-18 02:37:39] WARNING: - 2 communities
[2025-07-18 02:37:39] WARNING: Trust calculation completed successfully.
[2025-07-18 02:47:39] WARNING: === Starting Trust Score Calculation ===
[2025-07-18 02:47:39] WARNING: Starting trust score calculation...
[2025-07-18 02:47:39] WARNING: Found 25 users in the trust network
[2025-07-18 02:47:39] WARNING: Building trust network graph...
[2025-07-18 02:47:39] WARNING: Calculating PageRank scores...
[2025-07-18 02:47:39] WARNING: Applying distrust penalties...
[2025-07-18 02:47:39] WARNING: Detecting communities...
[2025-07-18 02:47:39] WARNING: Found 8 isolated nodes to assign to communities
[2025-07-18 02:47:39] WARNING: Assigned isolated node Eyes_OnTheSkies to community 1 based on structural balance theory
[2025-07-18 02:47:39] WARNING: Assigned isolated node FettucineSplit to community 1 based on structural balance theory
[2025-07-18 02:47:39] WARNING: Assigned isolated node JonMajerowski to community 1 based on structural balance theory
[2025-07-18 02:47:39] WARNING: Assigned isolated node MiddleofMayhem to community 2 based on structural balance theory
[2025-07-18 02:47:39] WARNING: Assigned isolated node PTHellyer to community 1 based on structural balance theory
[2025-07-18 02:47:39] WARNING: Assigned isolated node SnakePo9 to community 1 based on structural balance theory
[2025-07-18 02:47:39] WARNING: Assigned isolated node jamescfox to community 1 based on structural balance theory
[2025-07-18 02:47:39] WARNING: Assigned isolated node likeitmatters3 to community 2 based on structural balance theory
[2025-07-18 02:47:39] INFO: Analyzing community composition...
[2025-07-18 02:47:39] INFO: Community Community A (18 members): AskaPol_UAPs, ChrisUKSharp, DanHaug6, Eyes_OnTheSkies, FettucineSplit, GoodTroubleShow, Halsrethink, JeremyCorbell, JonMajerowski, LueElizondo, PTHellyer, SnakePo9, TheOfficialQF, g_knapp, jamescfox, jayanderson, rosscoulthart, ufobeliever1947
[2025-07-18 02:47:39] INFO: Community Community B (7 members): MiddleofMayhem, OSIRISUAP, ShipsSmall, cosmic_surplus, likeitmatters3, susangerbic, ufoskeptic1968
[2025-07-18 02:47:39] INFO: Community analysis written to community_analysis.txt
[2025-07-18 02:47:39] WARNING: Generating trust network visualization...
[2025-07-18 02:47:39] WARNING: Network visualization saved to visualization/trust_network.png
[2025-07-18 02:47:39] WARNING: Creating JSON data structure...
[2025-07-18 02:47:40] WARNING: Successfully generated js/data.js with:
[2025-07-18 02:47:40] WARNING: - 25 users
[2025-07-18 02:47:40] WARNING: - 31 trust relationships
[2025-07-18 02:47:40] WARNING: - 2 communities
[2025-07-18 02:47:40] WARNING: Trust calculation completed successfully.
[2025-07-18 02:57:39] WARNING: === Starting Trust Score Calculation ===
[2025-07-18 02:57:39] WARNING: Starting trust score calculation...
[2025-07-18 02:57:39] WARNING: Found 25 users in the trust network
[2025-07-18 02:57:39] WARNING: Building trust network graph...
[2025-07-18 02:57:39] WARNING: Calculating PageRank scores...
[2025-07-18 02:57:39] WARNING: Applying distrust penalties...
[2025-07-18 02:57:39] WARNING: Detecting communities...
[2025-07-18 02:57:39] WARNING: Found 8 isolated nodes to assign to communities
[2025-07-18 02:57:39] WARNING: Assigned isolated node Eyes_OnTheSkies to community 1 based on structural balance theory
[2025-07-18 02:57:39] WARNING: Assigned isolated node FettucineSplit to community 1 based on structural balance theory
[2025-07-18 02:57:39] WARNING: Assigned isolated node JonMajerowski to community 1 based on structural balance theory
[2025-07-18 02:57:39] WARNING: Assigned isolated node MiddleofMayhem to community 2 based on structural balance theory
[2025-07-18 02:57:39] WARNING: Assigned isolated node PTHellyer to community 1 based on structural balance theory
[2025-07-18 02:57:39] WARNING: Assigned isolated node SnakePo9 to community 1 based on structural balance theory
[2025-07-18 02:57:39] WARNING: Assigned isolated node jamescfox to community 1 based on structural balance theory
[2025-07-18 02:57:39] WARNING: Assigned isolated node likeitmatters3 to community 2 based on structural balance theory
[2025-07-18 02:57:39] INFO: Analyzing community composition...
[2025-07-18 02:57:39] INFO: Community Community A (18 members): AskaPol_UAPs, ChrisUKSharp, DanHaug6, Eyes_OnTheSkies, FettucineSplit, GoodTroubleShow, Halsrethink, JeremyCorbell, JonMajerowski, LueElizondo, PTHellyer, SnakePo9, TheOfficialQF, g_knapp, jamescfox, jayanderson, rosscoulthart, ufobeliever1947
[2025-07-18 02:57:39] INFO: Community Community B (7 members): MiddleofMayhem, OSIRISUAP, ShipsSmall, cosmic_surplus, likeitmatters3, susangerbic, ufoskeptic1968
[2025-07-18 02:57:39] INFO: Community analysis written to community_analysis.txt
[2025-07-18 02:57:39] WARNING: Generating trust network visualization...
[2025-07-18 02:57:40] WARNING: Network visualization saved to visualization/trust_network.png
[2025-07-18 02:57:40] WARNING: Creating JSON data structure...
[2025-07-18 02:57:40] WARNING: Successfully generated js/data.js with:
[2025-07-18 02:57:40] WARNING: - 25 users
[2025-07-18 02:57:40] WARNING: - 31 trust relationships
[2025-07-18 02:57:40] WARNING: - 2 communities
[2025-07-18 02:57:40] WARNING: Trust calculation completed successfully.
[2025-07-18 03:07:38] WARNING: === Starting Trust Score Calculation ===
[2025-07-18 03:07:38] WARNING: Starting trust score calculation...
[2025-07-18 03:07:38] WARNING: Found 25 users in the trust network
[2025-07-18 03:07:38] WARNING: Building trust network graph...
[2025-07-18 03:07:38] WARNING: Calculating PageRank scores...
[2025-07-18 03:07:38] WARNING: Applying distrust penalties...
[2025-07-18 03:07:38] WARNING: Detecting communities...
[2025-07-18 03:07:38] WARNING: Found 8 isolated nodes to assign to communities
[2025-07-18 03:07:38] WARNING: Assigned isolated node Eyes_OnTheSkies to community 1 based on structural balance theory
[2025-07-18 03:07:38] WARNING: Assigned isolated node FettucineSplit to community 1 based on structural balance theory
[2025-07-18 03:07:38] WARNING: Assigned isolated node JonMajerowski to community 1 based on structural balance theory
[2025-07-18 03:07:38] WARNING: Assigned isolated node MiddleofMayhem to community 2 based on structural balance theory
[2025-07-18 03:07:38] WARNING: Assigned isolated node PTHellyer to community 1 based on structural balance theory
[2025-07-18 03:07:38] WARNING: Assigned isolated node SnakePo9 to community 1 based on structural balance theory
[2025-07-18 03:07:38] WARNING: Assigned isolated node jamescfox to community 1 based on structural balance theory
[2025-07-18 03:07:38] WARNING: Assigned isolated node likeitmatters3 to community 2 based on structural balance theory
[2025-07-18 03:07:38] INFO: Analyzing community composition...
[2025-07-18 03:07:38] INFO: Community Community A (18 members): AskaPol_UAPs, ChrisUKSharp, DanHaug6, Eyes_OnTheSkies, FettucineSplit, GoodTroubleShow, Halsrethink, JeremyCorbell, JonMajerowski, LueElizondo, PTHellyer, SnakePo9, TheOfficialQF, g_knapp, jamescfox, jayanderson, rosscoulthart, ufobeliever1947
[2025-07-18 03:07:38] INFO: Community Community B (7 members): MiddleofMayhem, OSIRISUAP, ShipsSmall, cosmic_surplus, likeitmatters3, susangerbic, ufoskeptic1968
[2025-07-18 03:07:38] INFO: Community analysis written to community_analysis.txt
[2025-07-18 03:07:38] WARNING: Generating trust network visualization...
[2025-07-18 03:07:39] WARNING: Network visualization saved to visualization/trust_network.png
[2025-07-18 03:07:39] WARNING: Creating JSON data structure...
[2025-07-18 03:07:39] WARNING: Successfully generated js/data.js with:
[2025-07-18 03:07:39] WARNING: - 25 users
[2025-07-18 03:07:39] WARNING: - 31 trust relationships
[2025-07-18 03:07:39] WARNING: - 2 communities
[2025-07-18 03:07:39] WARNING: Trust calculation completed successfully.
[2025-07-18 03:17:38] WARNING: === Starting Trust Score Calculation ===
[2025-07-18 03:17:38] WARNING: Starting trust score calculation...
[2025-07-18 03:17:38] WARNING: Found 25 users in the trust network
[2025-07-18 03:17:38] WARNING: Building trust network graph...
[2025-07-18 03:17:38] WARNING: Calculating PageRank scores...
[2025-07-18 03:17:38] WARNING: Applying distrust penalties...
[2025-07-18 03:17:38] WARNING: Detecting communities...
[2025-07-18 03:17:38] WARNING: Found 8 isolated nodes to assign to communities
[2025-07-18 03:17:38] WARNING: Assigned isolated node Eyes_OnTheSkies to community 1 based on structural balance theory
[2025-07-18 03:17:38] WARNING: Assigned isolated node FettucineSplit to community 1 based on structural balance theory
[2025-07-18 03:17:38] WARNING: Assigned isolated node JonMajerowski to community 1 based on structural balance theory
[2025-07-18 03:17:38] WARNING: Assigned isolated node MiddleofMayhem to community 2 based on structural balance theory
[2025-07-18 03:17:38] WARNING: Assigned isolated node PTHellyer to community 1 based on structural balance theory
[2025-07-18 03:17:38] WARNING: Assigned isolated node SnakePo9 to community 1 based on structural balance theory
[2025-07-18 03:17:38] WARNING: Assigned isolated node jamescfox to community 1 based on structural balance theory
[2025-07-18 03:17:38] WARNING: Assigned isolated node likeitmatters3 to community 2 based on structural balance theory
[2025-07-18 03:17:38] INFO: Analyzing community composition...
[2025-07-18 03:17:38] INFO: Community Community A (18 members): AskaPol_UAPs, ChrisUKSharp, DanHaug6, Eyes_OnTheSkies, FettucineSplit, GoodTroubleShow, Halsrethink, JeremyCorbell, JonMajerowski, LueElizondo, PTHellyer, SnakePo9, TheOfficialQF, g_knapp, jamescfox, jayanderson, rosscoulthart, ufobeliever1947
[2025-07-18 03:17:38] INFO: Community Community B (7 members): MiddleofMayhem, OSIRISUAP, ShipsSmall, cosmic_surplus, likeitmatters3, susangerbic, ufoskeptic1968
[2025-07-18 03:17:38] INFO: Community analysis written to community_analysis.txt
[2025-07-18 03:17:38] WARNING: Generating trust network visualization...
[2025-07-18 03:17:39] WARNING: Network visualization saved to visualization/trust_network.png
[2025-07-18 03:17:39] WARNING: Creating JSON data structure...
[2025-07-18 03:17:39] WARNING: Successfully generated js/data.js with:
[2025-07-18 03:17:39] WARNING: - 25 users
[2025-07-18 03:17:39] WARNING: - 31 trust relationships
[2025-07-18 03:17:39] WARNING: - 2 communities
[2025-07-18 03:17:39] WARNING: Trust calculation completed successfully.
[2025-07-18 03:27:38] WARNING: === Starting Trust Score Calculation ===
[2025-07-18 03:27:38] WARNING: Starting trust score calculation...
[2025-07-18 03:27:38] WARNING: Found 25 users in the trust network
[2025-07-18 03:27:38] WARNING: Building trust network graph...
[2025-07-18 03:27:38] WARNING: Calculating PageRank scores...
[2025-07-18 03:27:38] WARNING: Applying distrust penalties...
[2025-07-18 03:27:38] WARNING: Detecting communities...
[2025-07-18 03:27:38] WARNING: Found 8 isolated nodes to assign to communities
[2025-07-18 03:27:38] WARNING: Assigned isolated node Eyes_OnTheSkies to community 1 based on structural balance theory
[2025-07-18 03:27:38] WARNING: Assigned isolated node FettucineSplit to community 1 based on structural balance theory
[2025-07-18 03:27:38] WARNING: Assigned isolated node JonMajerowski to community 1 based on structural balance theory
[2025-07-18 03:27:38] WARNING: Assigned isolated node MiddleofMayhem to community 2 based on structural balance theory
[2025-07-18 03:27:38] WARNING: Assigned isolated node PTHellyer to community 1 based on structural balance theory
[2025-07-18 03:27:38] WARNING: Assigned isolated node SnakePo9 to community 1 based on structural balance theory
[2025-07-18 03:27:38] WARNING: Assigned isolated node jamescfox to community 1 based on structural balance theory
[2025-07-18 03:27:38] WARNING: Assigned isolated node likeitmatters3 to community 2 based on structural balance theory
[2025-07-18 03:27:38] INFO: Analyzing community composition...
[2025-07-18 03:27:38] INFO: Community Community A (18 members): AskaPol_UAPs, ChrisUKSharp, DanHaug6, Eyes_OnTheSkies, FettucineSplit, GoodTroubleShow, Halsrethink, JeremyCorbell, JonMajerowski, LueElizondo, PTHellyer, SnakePo9, TheOfficialQF, g_knapp, jamescfox, jayanderson, rosscoulthart, ufobeliever1947
[2025-07-18 03:27:38] INFO: Community Community B (7 members): MiddleofMayhem, OSIRISUAP, ShipsSmall, cosmic_surplus, likeitmatters3, susangerbic, ufoskeptic1968
[2025-07-18 03:27:38] INFO: Community analysis written to community_analysis.txt
[2025-07-18 03:27:38] WARNING: Generating trust network visualization...
[2025-07-18 03:27:38] WARNING: Network visualization saved to visualization/trust_network.png
[2025-07-18 03:27:38] WARNING: Creating JSON data structure...
[2025-07-18 03:27:38] WARNING: Successfully generated js/data.js with:
[2025-07-18 03:27:38] WARNING: - 25 users
[2025-07-18 03:27:38] WARNING: - 31 trust relationships
[2025-07-18 03:27:38] WARNING: - 2 communities
[2025-07-18 03:27:38] WARNING: Trust calculation completed successfully.
[2025-07-18 03:37:38] WARNING: === Starting Trust Score Calculation ===
[2025-07-18 03:37:38] WARNING: Starting trust score calculation...
[2025-07-18 03:37:38] WARNING: Found 25 users in the trust network
[2025-07-18 03:37:38] WARNING: Building trust network graph...
[2025-07-18 03:37:38] WARNING: Calculating PageRank scores...
[2025-07-18 03:37:38] WARNING: Applying distrust penalties...
[2025-07-18 03:37:38] WARNING: Detecting communities...
[2025-07-18 03:37:38] WARNING: Found 8 isolated nodes to assign to communities
[2025-07-18 03:37:38] WARNING: Assigned isolated node Eyes_OnTheSkies to community 1 based on structural balance theory
[2025-07-18 03:37:38] WARNING: Assigned isolated node FettucineSplit to community 1 based on structural balance theory
[2025-07-18 03:37:38] WARNING: Assigned isolated node JonMajerowski to community 1 based on structural balance theory
[2025-07-18 03:37:38] WARNING: Assigned isolated node MiddleofMayhem to community 2 based on structural balance theory
[2025-07-18 03:37:38] WARNING: Assigned isolated node PTHellyer to community 1 based on structural balance theory
[2025-07-18 03:37:38] WARNING: Assigned isolated node SnakePo9 to community 1 based on structural balance theory
[2025-07-18 03:37:38] WARNING: Assigned isolated node jamescfox to community 1 based on structural balance theory
[2025-07-18 03:37:38] WARNING: Assigned isolated node likeitmatters3 to community 2 based on structural balance theory
[2025-07-18 03:37:38] INFO: Analyzing community composition...
[2025-07-18 03:37:38] INFO: Community Community A (18 members): AskaPol_UAPs, ChrisUKSharp, DanHaug6, Eyes_OnTheSkies, FettucineSplit, GoodTroubleShow, Halsrethink, JeremyCorbell, JonMajerowski, LueElizondo, PTHellyer, SnakePo9, TheOfficialQF, g_knapp, jamescfox, jayanderson, rosscoulthart, ufobeliever1947
[2025-07-18 03:37:38] INFO: Community Community B (7 members): MiddleofMayhem, OSIRISUAP, ShipsSmall, cosmic_surplus, likeitmatters3, susangerbic, ufoskeptic1968
[2025-07-18 03:37:38] INFO: Community analysis written to community_analysis.txt
[2025-07-18 03:37:38] WARNING: Generating trust network visualization...
[2025-07-18 03:37:39] WARNING: Network visualization saved to visualization/trust_network.png
[2025-07-18 03:37:39] WARNING: Creating JSON data structure...
[2025-07-18 03:37:39] WARNING: Successfully generated js/data.js with:
[2025-07-18 03:37:39] WARNING: - 25 users
[2025-07-18 03:37:39] WARNING: - 31 trust relationships
[2025-07-18 03:37:39] WARNING: - 2 communities
[2025-07-18 03:37:39] WARNING: Trust calculation completed successfully.
[2025-07-18 03:47:38] WARNING: === Starting Trust Score Calculation ===
[2025-07-18 03:47:38] WARNING: Starting trust score calculation...
[2025-07-18 03:47:38] WARNING: Found 25 users in the trust network
[2025-07-18 03:47:38] WARNING: Building trust network graph...
[2025-07-18 03:47:38] WARNING: Calculating PageRank scores...
[2025-07-18 03:47:38] WARNING: Applying distrust penalties...
[2025-07-18 03:47:38] WARNING: Detecting communities...
[2025-07-18 03:47:38] WARNING: Found 8 isolated nodes to assign to communities
[2025-07-18 03:47:38] WARNING: Assigned isolated node Eyes_OnTheSkies to community 1 based on structural balance theory
[2025-07-18 03:47:38] WARNING: Assigned isolated node FettucineSplit to community 1 based on structural balance theory
[2025-07-18 03:47:38] WARNING: Assigned isolated node JonMajerowski to community 1 based on structural balance theory
[2025-07-18 03:47:38] WARNING: Assigned isolated node MiddleofMayhem to community 2 based on structural balance theory
[2025-07-18 03:47:38] WARNING: Assigned isolated node PTHellyer to community 1 based on structural balance theory
[2025-07-18 03:47:38] WARNING: Assigned isolated node SnakePo9 to community 1 based on structural balance theory
[2025-07-18 03:47:38] WARNING: Assigned isolated node jamescfox to community 1 based on structural balance theory
[2025-07-18 03:47:38] WARNING: Assigned isolated node likeitmatters3 to community 2 based on structural balance theory
[2025-07-18 03:47:38] INFO: Analyzing community composition...
[2025-07-18 03:47:38] INFO: Community Community A (18 members): AskaPol_UAPs, ChrisUKSharp, DanHaug6, Eyes_OnTheSkies, FettucineSplit, GoodTroubleShow, Halsrethink, JeremyCorbell, JonMajerowski, LueElizondo, PTHellyer, SnakePo9, TheOfficialQF, g_knapp, jamescfox, jayanderson, rosscoulthart, ufobeliever1947
[2025-07-18 03:47:38] INFO: Community Community B (7 members): MiddleofMayhem, OSIRISUAP, ShipsSmall, cosmic_surplus, likeitmatters3, susangerbic, ufoskeptic1968
[2025-07-18 03:47:38] INFO: Community analysis written to community_analysis.txt
[2025-07-18 03:47:38] WARNING: Generating trust network visualization...
[2025-07-18 03:47:39] WARNING: Network visualization saved to visualization/trust_network.png
[2025-07-18 03:47:39] WARNING: Creating JSON data structure...
[2025-07-18 03:47:39] WARNING: Successfully generated js/data.js with:
[2025-07-18 03:47:39] WARNING: - 25 users
[2025-07-18 03:47:39] WARNING: - 31 trust relationships
[2025-07-18 03:47:39] WARNING: - 2 communities
[2025-07-18 03:47:39] WARNING: Trust calculation completed successfully.
[2025-07-18 03:57:39] WARNING: === Starting Trust Score Calculation ===
[2025-07-18 03:57:39] WARNING: Starting trust score calculation...
[2025-07-18 03:57:39] WARNING: Found 25 users in the trust network
[2025-07-18 03:57:39] WARNING: Building trust network graph...
[2025-07-18 03:57:39] WARNING: Calculating PageRank scores...
[2025-07-18 03:57:39] WARNING: Applying distrust penalties...
[2025-07-18 03:57:39] WARNING: Detecting communities...
[2025-07-18 03:57:39] WARNING: Found 8 isolated nodes to assign to communities
[2025-07-18 03:57:39] WARNING: Assigned isolated node Eyes_OnTheSkies to community 1 based on structural balance theory
[2025-07-18 03:57:39] WARNING: Assigned isolated node FettucineSplit to community 1 based on structural balance theory
[2025-07-18 03:57:39] WARNING: Assigned isolated node JonMajerowski to community 1 based on structural balance theory
[2025-07-18 03:57:39] WARNING: Assigned isolated node MiddleofMayhem to community 2 based on structural balance theory
[2025-07-18 03:57:39] WARNING: Assigned isolated node PTHellyer to community 1 based on structural balance theory
[2025-07-18 03:57:39] WARNING: Assigned isolated node SnakePo9 to community 1 based on structural balance theory
[2025-07-18 03:57:39] WARNING: Assigned isolated node jamescfox to community 1 based on structural balance theory
[2025-07-18 03:57:39] WARNING: Assigned isolated node likeitmatters3 to community 2 based on structural balance theory
[2025-07-18 03:57:39] INFO: Analyzing community composition...
[2025-07-18 03:57:39] INFO: Community Community A (18 members): AskaPol_UAPs, ChrisUKSharp, DanHaug6, Eyes_OnTheSkies, FettucineSplit, GoodTroubleShow, Halsrethink, JeremyCorbell, JonMajerowski, LueElizondo, PTHellyer, SnakePo9, TheOfficialQF, g_knapp, jamescfox, jayanderson, rosscoulthart, ufobeliever1947
[2025-07-18 03:57:39] INFO: Community Community B (7 members): MiddleofMayhem, OSIRISUAP, ShipsSmall, cosmic_surplus, likeitmatters3, susangerbic, ufoskeptic1968
[2025-07-18 03:57:39] INFO: Community analysis written to community_analysis.txt
[2025-07-18 03:57:39] WARNING: Generating trust network visualization...
[2025-07-18 03:57:40] WARNING: Network visualization saved to visualization/trust_network.png
[2025-07-18 03:57:40] WARNING: Creating JSON data structure...
[2025-07-18 03:57:40] WARNING: Successfully generated js/data.js with:
[2025-07-18 03:57:40] WARNING: - 25 users
[2025-07-18 03:57:40] WARNING: - 31 trust relationships
[2025-07-18 03:57:40] WARNING: - 2 communities
[2025-07-18 03:57:40] WARNING: Trust calculation completed successfully.
[2025-07-18 04:07:40] WARNING: === Starting Trust Score Calculation ===
[2025-07-18 04:07:40] WARNING: Starting trust score calculation...
[2025-07-18 04:07:40] WARNING: Found 25 users in the trust network
[2025-07-18 04:07:40] WARNING: Building trust network graph...
[2025-07-18 04:07:40] WARNING: Calculating PageRank scores...
[2025-07-18 04:07:40] WARNING: Applying distrust penalties...
[2025-07-18 04:07:40] WARNING: Detecting communities...
[2025-07-18 04:07:40] WARNING: Found 8 isolated nodes to assign to communities
[2025-07-18 04:07:40] WARNING: Assigned isolated node Eyes_OnTheSkies to community 1 based on structural balance theory
[2025-07-18 04:07:40] WARNING: Assigned isolated node FettucineSplit to community 1 based on structural balance theory
[2025-07-18 04:07:40] WARNING: Assigned isolated node JonMajerowski to community 1 based on structural balance theory
[2025-07-18 04:07:40] WARNING: Assigned isolated node MiddleofMayhem to community 2 based on structural balance theory
[2025-07-18 04:07:40] WARNING: Assigned isolated node PTHellyer to community 1 based on structural balance theory
[2025-07-18 04:07:40] WARNING: Assigned isolated node SnakePo9 to community 1 based on structural balance theory
[2025-07-18 04:07:40] WARNING: Assigned isolated node jamescfox to community 1 based on structural balance theory
[2025-07-18 04:07:40] WARNING: Assigned isolated node likeitmatters3 to community 2 based on structural balance theory
[2025-07-18 04:07:40] INFO: Analyzing community composition...
[2025-07-18 04:07:40] INFO: Community Community A (18 members): AskaPol_UAPs, ChrisUKSharp, DanHaug6, Eyes_OnTheSkies, FettucineSplit, GoodTroubleShow, Halsrethink, JeremyCorbell, JonMajerowski, LueElizondo, PTHellyer, SnakePo9, TheOfficialQF, g_knapp, jamescfox, jayanderson, rosscoulthart, ufobeliever1947
[2025-07-18 04:07:40] INFO: Community Community B (7 members): MiddleofMayhem, OSIRISUAP, ShipsSmall, cosmic_surplus, likeitmatters3, susangerbic, ufoskeptic1968
[2025-07-18 04:07:40] INFO: Community analysis written to community_analysis.txt
[2025-07-18 04:07:40] WARNING: Generating trust network visualization...
[2025-07-18 04:07:44] WARNING: Network visualization saved to visualization/trust_network.png
[2025-07-18 04:07:44] WARNING: Creating JSON data structure...
[2025-07-18 04:07:44] WARNING: Successfully generated js/data.js with:
[2025-07-18 04:07:44] WARNING: - 25 users
[2025-07-18 04:07:44] WARNING: - 31 trust relationships
[2025-07-18 04:07:44] WARNING: - 2 communities
[2025-07-18 04:07:44] WARNING: Trust calculation completed successfully.
[2025-07-18 04:57:47] WARNING: === Starting Trust Score Calculation ===
[2025-07-18 04:57:47] WARNING: Starting trust score calculation...
[2025-07-18 04:57:47] WARNING: Found 25 users in the trust network
[2025-07-18 04:57:47] WARNING: Building trust network graph...
[2025-07-18 04:57:47] WARNING: Calculating PageRank scores...
[2025-07-18 04:57:47] WARNING: Applying distrust penalties...
[2025-07-18 04:57:47] WARNING: Detecting communities...
[2025-07-18 04:57:47] WARNING: Found 8 isolated nodes to assign to communities
[2025-07-18 04:57:47] WARNING: Assigned isolated node Eyes_OnTheSkies to community 1 based on structural balance theory
[2025-07-18 04:57:47] WARNING: Assigned isolated node FettucineSplit to community 1 based on structural balance theory
[2025-07-18 04:57:47] WARNING: Assigned isolated node JonMajerowski to community 1 based on structural balance theory
[2025-07-18 04:57:47] WARNING: Assigned isolated node MiddleofMayhem to community 2 based on structural balance theory
[2025-07-18 04:57:47] WARNING: Assigned isolated node PTHellyer to community 1 based on structural balance theory
[2025-07-18 04:57:47] WARNING: Assigned isolated node SnakePo9 to community 1 based on structural balance theory
[2025-07-18 04:57:47] WARNING: Assigned isolated node jamescfox to community 1 based on structural balance theory
[2025-07-18 04:57:47] WARNING: Assigned isolated node likeitmatters3 to community 2 based on structural balance theory
[2025-07-18 04:57:47] INFO: Analyzing community composition...
[2025-07-18 04:57:47] INFO: Community Community A (18 members): AskaPol_UAPs, ChrisUKSharp, DanHaug6, Eyes_OnTheSkies, FettucineSplit, GoodTroubleShow, Halsrethink, JeremyCorbell, JonMajerowski, LueElizondo, PTHellyer, SnakePo9, TheOfficialQF, g_knapp, jamescfox, jayanderson, rosscoulthart, ufobeliever1947
[2025-07-18 04:57:47] INFO: Community Community B (7 members): MiddleofMayhem, OSIRISUAP, ShipsSmall, cosmic_surplus, likeitmatters3, susangerbic, ufoskeptic1968
[2025-07-18 04:57:47] INFO: Community analysis written to community_analysis.txt
[2025-07-18 04:57:47] WARNING: Generating trust network visualization...
[2025-07-18 04:57:48] WARNING: Network visualization saved to visualization/trust_network.png
[2025-07-18 04:57:48] WARNING: Creating JSON data structure...
[2025-07-18 04:57:48] WARNING: Successfully generated js/data.js with:
[2025-07-18 04:57:48] WARNING: - 25 users
[2025-07-18 04:57:48] WARNING: - 31 trust relationships
[2025-07-18 04:57:48] WARNING: - 2 communities
[2025-07-18 04:57:48] WARNING: Trust calculation completed successfully.
[2025-07-18 05:07:59] WARNING: === Starting Trust Score Calculation ===
[2025-07-18 05:07:59] WARNING: Starting trust score calculation...
[2025-07-18 05:07:59] WARNING: Found 25 users in the trust network
[2025-07-18 05:07:59] WARNING: Building trust network graph...
[2025-07-18 05:07:59] WARNING: Calculating PageRank scores...
[2025-07-18 05:07:59] WARNING: Applying distrust penalties...
[2025-07-18 05:07:59] WARNING: Detecting communities...
[2025-07-18 05:07:59] WARNING: Found 8 isolated nodes to assign to communities
[2025-07-18 05:07:59] WARNING: Assigned isolated node Eyes_OnTheSkies to community 1 based on structural balance theory
[2025-07-18 05:07:59] WARNING: Assigned isolated node FettucineSplit to community 1 based on structural balance theory
[2025-07-18 05:07:59] WARNING: Assigned isolated node JonMajerowski to community 1 based on structural balance theory
[2025-07-18 05:07:59] WARNING: Assigned isolated node MiddleofMayhem to community 2 based on structural balance theory
[2025-07-18 05:07:59] WARNING: Assigned isolated node PTHellyer to community 1 based on structural balance theory
[2025-07-18 05:07:59] WARNING: Assigned isolated node SnakePo9 to community 1 based on structural balance theory
[2025-07-18 05:07:59] WARNING: Assigned isolated node jamescfox to community 1 based on structural balance theory
[2025-07-18 05:07:59] WARNING: Assigned isolated node likeitmatters3 to community 2 based on structural balance theory
[2025-07-18 05:07:59] INFO: Analyzing community composition...
[2025-07-18 05:07:59] INFO: Community Community A (18 members): AskaPol_UAPs, ChrisUKSharp, DanHaug6, Eyes_OnTheSkies, FettucineSplit, GoodTroubleShow, Halsrethink, JeremyCorbell, JonMajerowski, LueElizondo, PTHellyer, SnakePo9, TheOfficialQF, g_knapp, jamescfox, jayanderson, rosscoulthart, ufobeliever1947
[2025-07-18 05:07:59] INFO: Community Community B (7 members): MiddleofMayhem, OSIRISUAP, ShipsSmall, cosmic_surplus, likeitmatters3, susangerbic, ufoskeptic1968
[2025-07-18 05:07:59] INFO: Community analysis written to community_analysis.txt
[2025-07-18 05:07:59] WARNING: Generating trust network visualization...
[2025-07-18 05:08:01] WARNING: Network visualization saved to visualization/trust_network.png
[2025-07-18 05:08:01] WARNING: Creating JSON data structure...
[2025-07-18 05:08:01] WARNING: Successfully generated js/data.js with:
[2025-07-18 05:08:01] WARNING: - 25 users
[2025-07-18 05:08:01] WARNING: - 31 trust relationships
[2025-07-18 05:08:01] WARNING: - 2 communities
[2025-07-18 05:08:01] WARNING: Trust calculation completed successfully.
[2025-07-18 05:17:53] WARNING: === Starting Trust Score Calculation ===
[2025-07-18 05:17:53] WARNING: Starting trust score calculation...
[2025-07-18 05:17:53] WARNING: Found 25 users in the trust network
[2025-07-18 05:17:53] WARNING: Building trust network graph...
[2025-07-18 05:17:53] WARNING: Calculating PageRank scores...
[2025-07-18 05:17:53] WARNING: Applying distrust penalties...
[2025-07-18 05:17:53] WARNING: Detecting communities...
[2025-07-18 05:17:53] WARNING: Found 8 isolated nodes to assign to communities
[2025-07-18 05:17:53] WARNING: Assigned isolated node Eyes_OnTheSkies to community 1 based on structural balance theory
[2025-07-18 05:17:53] WARNING: Assigned isolated node FettucineSplit to community 1 based on structural balance theory
[2025-07-18 05:17:53] WARNING: Assigned isolated node JonMajerowski to community 1 based on structural balance theory
[2025-07-18 05:17:53] WARNING: Assigned isolated node MiddleofMayhem to community 2 based on structural balance theory
[2025-07-18 05:17:53] WARNING: Assigned isolated node PTHellyer to community 1 based on structural balance theory
[2025-07-18 05:17:53] WARNING: Assigned isolated node SnakePo9 to community 1 based on structural balance theory
[2025-07-18 05:17:53] WARNING: Assigned isolated node jamescfox to community 1 based on structural balance theory
[2025-07-18 05:17:53] WARNING: Assigned isolated node likeitmatters3 to community 2 based on structural balance theory
[2025-07-18 05:17:53] INFO: Analyzing community composition...
[2025-07-18 05:17:53] INFO: Community Community A (18 members): AskaPol_UAPs, ChrisUKSharp, DanHaug6, Eyes_OnTheSkies, FettucineSplit, GoodTroubleShow, Halsrethink, JeremyCorbell, JonMajerowski, LueElizondo, PTHellyer, SnakePo9, TheOfficialQF, g_knapp, jamescfox, jayanderson, rosscoulthart, ufobeliever1947
[2025-07-18 05:17:53] INFO: Community Community B (7 members): MiddleofMayhem, OSIRISUAP, ShipsSmall, cosmic_surplus, likeitmatters3, susangerbic, ufoskeptic1968
[2025-07-18 05:17:53] INFO: Community analysis written to community_analysis.txt
[2025-07-18 05:17:53] WARNING: Generating trust network visualization...
[2025-07-18 05:18:08] WARNING: Network visualization saved to visualization/trust_network.png
[2025-07-18 05:18:08] WARNING: Creating JSON data structure...
[2025-07-18 05:18:08] WARNING: Successfully generated js/data.js with:
[2025-07-18 05:18:08] WARNING: - 25 users
[2025-07-18 05:18:08] WARNING: - 31 trust relationships
[2025-07-18 05:18:08] WARNING: - 2 communities
[2025-07-18 05:18:08] WARNING: Trust calculation completed successfully.
[2025-07-18 05:28:11] WARNING: === Starting Trust Score Calculation ===
[2025-07-18 05:28:11] WARNING: Starting trust score calculation...
[2025-07-18 05:28:11] WARNING: Found 25 users in the trust network
[2025-07-18 05:28:11] WARNING: Building trust network graph...
[2025-07-18 05:28:11] WARNING: Calculating PageRank scores...
[2025-07-18 05:28:11] WARNING: Applying distrust penalties...
[2025-07-18 05:28:11] WARNING: Detecting communities...
[2025-07-18 05:28:11] WARNING: Found 8 isolated nodes to assign to communities
[2025-07-18 05:28:11] WARNING: Assigned isolated node Eyes_OnTheSkies to community 1 based on structural balance theory
[2025-07-18 05:28:11] WARNING: Assigned isolated node FettucineSplit to community 1 based on structural balance theory
[2025-07-18 05:28:11] WARNING: Assigned isolated node JonMajerowski to community 1 based on structural balance theory
[2025-07-18 05:28:11] WARNING: Assigned isolated node MiddleofMayhem to community 2 based on structural balance theory
[2025-07-18 05:28:11] WARNING: Assigned isolated node PTHellyer to community 1 based on structural balance theory
[2025-07-18 05:28:11] WARNING: Assigned isolated node SnakePo9 to community 1 based on structural balance theory
[2025-07-18 05:28:11] WARNING: Assigned isolated node jamescfox to community 1 based on structural balance theory
[2025-07-18 05:28:11] WARNING: Assigned isolated node likeitmatters3 to community 2 based on structural balance theory
[2025-07-18 05:28:11] INFO: Analyzing community composition...
[2025-07-18 05:28:11] INFO: Community Community A (18 members): AskaPol_UAPs, ChrisUKSharp, DanHaug6, Eyes_OnTheSkies, FettucineSplit, GoodTroubleShow, Halsrethink, JeremyCorbell, JonMajerowski, LueElizondo, PTHellyer, SnakePo9, TheOfficialQF, g_knapp, jamescfox, jayanderson, rosscoulthart, ufobeliever1947
[2025-07-18 05:28:11] INFO: Community Community B (7 members): MiddleofMayhem, OSIRISUAP, ShipsSmall, cosmic_surplus, likeitmatters3, susangerbic, ufoskeptic1968
[2025-07-18 05:28:11] INFO: Community analysis written to community_analysis.txt
[2025-07-18 05:28:11] WARNING: Generating trust network visualization...
[2025-07-18 05:28:14] WARNING: Network visualization saved to visualization/trust_network.png
[2025-07-18 05:28:14] WARNING: Creating JSON data structure...
[2025-07-18 05:28:14] WARNING: Successfully generated js/data.js with:
[2025-07-18 05:28:14] WARNING: - 25 users
[2025-07-18 05:28:14] WARNING: - 31 trust relationships
[2025-07-18 05:28:14] WARNING: - 2 communities
[2025-07-18 05:28:14] WARNING: Trust calculation completed successfully.
[2025-07-18 05:38:34] WARNING: === Starting Trust Score Calculation ===
[2025-07-18 05:38:34] WARNING: Starting trust score calculation...
[2025-07-18 05:38:34] WARNING: Found 25 users in the trust network
[2025-07-18 05:38:34] WARNING: Building trust network graph...
[2025-07-18 05:38:34] WARNING: Calculating PageRank scores...
[2025-07-18 05:38:34] WARNING: Applying distrust penalties...
[2025-07-18 05:38:34] WARNING: Detecting communities...
[2025-07-18 05:38:34] WARNING: Found 8 isolated nodes to assign to communities
[2025-07-18 05:38:34] WARNING: Assigned isolated node Eyes_OnTheSkies to community 1 based on structural balance theory
[2025-07-18 05:38:34] WARNING: Assigned isolated node FettucineSplit to community 1 based on structural balance theory
[2025-07-18 05:38:34] WARNING: Assigned isolated node JonMajerowski to community 1 based on structural balance theory
[2025-07-18 05:38:34] WARNING: Assigned isolated node MiddleofMayhem to community 2 based on structural balance theory
[2025-07-18 05:38:34] WARNING: Assigned isolated node PTHellyer to community 1 based on structural balance theory
[2025-07-18 05:38:34] WARNING: Assigned isolated node SnakePo9 to community 1 based on structural balance theory
[2025-07-18 05:38:34] WARNING: Assigned isolated node jamescfox to community 1 based on structural balance theory
[2025-07-18 05:38:34] WARNING: Assigned isolated node likeitmatters3 to community 2 based on structural balance theory
[2025-07-18 05:38:34] INFO: Analyzing community composition...
[2025-07-18 05:38:34] INFO: Community Community A (18 members): AskaPol_UAPs, ChrisUKSharp, DanHaug6, Eyes_OnTheSkies, FettucineSplit, GoodTroubleShow, Halsrethink, JeremyCorbell, JonMajerowski, LueElizondo, PTHellyer, SnakePo9, TheOfficialQF, g_knapp, jamescfox, jayanderson, rosscoulthart, ufobeliever1947
[2025-07-18 05:38:34] INFO: Community Community B (7 members): MiddleofMayhem, OSIRISUAP, ShipsSmall, cosmic_surplus, likeitmatters3, susangerbic, ufoskeptic1968
[2025-07-18 05:38:34] INFO: Community analysis written to community_analysis.txt
[2025-07-18 05:38:34] WARNING: Generating trust network visualization...
[2025-07-18 05:38:44] WARNING: Network visualization saved to visualization/trust_network.png
[2025-07-18 05:38:44] WARNING: Creating JSON data structure...
[2025-07-18 05:38:44] WARNING: Successfully generated js/data.js with:
[2025-07-18 05:38:44] WARNING: - 25 users
[2025-07-18 05:38:44] WARNING: - 31 trust relationships
[2025-07-18 05:38:44] WARNING: - 2 communities
[2025-07-18 05:38:44] WARNING: Trust calculation completed successfully.
[2025-07-18 05:48:30] WARNING: === Starting Trust Score Calculation ===
[2025-07-18 05:48:30] WARNING: Starting trust score calculation...
[2025-07-18 05:48:30] WARNING: Found 25 users in the trust network
[2025-07-18 05:48:30] WARNING: Building trust network graph...
[2025-07-18 05:48:30] WARNING: Calculating PageRank scores...
[2025-07-18 05:48:30] WARNING: Applying distrust penalties...
[2025-07-18 05:48:30] WARNING: Detecting communities...
[2025-07-18 05:48:30] WARNING: Found 8 isolated nodes to assign to communities
[2025-07-18 05:48:30] WARNING: Assigned isolated node Eyes_OnTheSkies to community 1 based on structural balance theory
[2025-07-18 05:48:30] WARNING: Assigned isolated node FettucineSplit to community 1 based on structural balance theory
[2025-07-18 05:48:30] WARNING: Assigned isolated node JonMajerowski to community 1 based on structural balance theory
[2025-07-18 05:48:30] WARNING: Assigned isolated node MiddleofMayhem to community 2 based on structural balance theory
[2025-07-18 05:48:30] WARNING: Assigned isolated node PTHellyer to community 1 based on structural balance theory
[2025-07-18 05:48:30] WARNING: Assigned isolated node SnakePo9 to community 1 based on structural balance theory
[2025-07-18 05:48:30] WARNING: Assigned isolated node jamescfox to community 1 based on structural balance theory
[2025-07-18 05:48:30] WARNING: Assigned isolated node likeitmatters3 to community 2 based on structural balance theory
[2025-07-18 05:48:30] INFO: Analyzing community composition...
[2025-07-18 05:48:30] INFO: Community Community A (18 members): AskaPol_UAPs, ChrisUKSharp, DanHaug6, Eyes_OnTheSkies, FettucineSplit, GoodTroubleShow, Halsrethink, JeremyCorbell, JonMajerowski, LueElizondo, PTHellyer, SnakePo9, TheOfficialQF, g_knapp, jamescfox, jayanderson, rosscoulthart, ufobeliever1947
[2025-07-18 05:48:30] INFO: Community Community B (7 members): MiddleofMayhem, OSIRISUAP, ShipsSmall, cosmic_surplus, likeitmatters3, susangerbic, ufoskeptic1968
[2025-07-18 05:48:30] INFO: Community analysis written to community_analysis.txt
[2025-07-18 05:48:30] WARNING: Generating trust network visualization...
[2025-07-18 05:48:33] WARNING: Network visualization saved to visualization/trust_network.png
[2025-07-18 05:48:33] WARNING: Creating JSON data structure...
[2025-07-18 05:48:33] WARNING: Successfully generated js/data.js with:
[2025-07-18 05:48:33] WARNING: - 25 users
[2025-07-18 05:48:33] WARNING: - 31 trust relationships
[2025-07-18 05:48:33] WARNING: - 2 communities
[2025-07-18 05:48:33] WARNING: Trust calculation completed successfully.
[2025-07-18 05:59:12] WARNING: === Starting Trust Score Calculation ===
[2025-07-18 05:59:12] WARNING: Starting trust score calculation...
[2025-07-18 05:59:12] WARNING: Found 25 users in the trust network
[2025-07-18 05:59:12] WARNING: Building trust network graph...
[2025-07-18 05:59:12] WARNING: Calculating PageRank scores...
[2025-07-18 05:59:13] WARNING: Applying distrust penalties...
[2025-07-18 05:59:13] WARNING: Detecting communities...
[2025-07-18 05:59:13] WARNING: Found 8 isolated nodes to assign to communities
[2025-07-18 05:59:13] WARNING: Assigned isolated node Eyes_OnTheSkies to community 1 based on structural balance theory
[2025-07-18 05:59:13] WARNING: Assigned isolated node FettucineSplit to community 1 based on structural balance theory
[2025-07-18 05:59:13] WARNING: Assigned isolated node JonMajerowski to community 1 based on structural balance theory
[2025-07-18 05:59:13] WARNING: Assigned isolated node MiddleofMayhem to community 2 based on structural balance theory
[2025-07-18 05:59:13] WARNING: Assigned isolated node PTHellyer to community 1 based on structural balance theory
[2025-07-18 05:59:13] WARNING: Assigned isolated node SnakePo9 to community 1 based on structural balance theory
[2025-07-18 05:59:13] WARNING: Assigned isolated node jamescfox to community 1 based on structural balance theory
[2025-07-18 05:59:13] WARNING: Assigned isolated node likeitmatters3 to community 2 based on structural balance theory
[2025-07-18 05:59:13] INFO: Analyzing community composition...
[2025-07-18 05:59:13] INFO: Community Community A (18 members): AskaPol_UAPs, ChrisUKSharp, DanHaug6, Eyes_OnTheSkies, FettucineSplit, GoodTroubleShow, Halsrethink, JeremyCorbell, JonMajerowski, LueElizondo, PTHellyer, SnakePo9, TheOfficialQF, g_knapp, jamescfox, jayanderson, rosscoulthart, ufobeliever1947
[2025-07-18 05:59:13] INFO: Community Community B (7 members): MiddleofMayhem, OSIRISUAP, ShipsSmall, cosmic_surplus, likeitmatters3, susangerbic, ufoskeptic1968
[2025-07-18 05:59:13] INFO: Community analysis written to community_analysis.txt
[2025-07-18 05:59:13] WARNING: Generating trust network visualization...
[2025-07-18 05:59:23] WARNING: Network visualization saved to visualization/trust_network.png
[2025-07-18 05:59:23] WARNING: Creating JSON data structure...
[2025-07-18 05:59:23] WARNING: Successfully generated js/data.js with:
[2025-07-18 05:59:23] WARNING: - 25 users
[2025-07-18 05:59:23] WARNING: - 31 trust relationships
[2025-07-18 05:59:23] WARNING: - 2 communities
[2025-07-18 05:59:23] WARNING: Trust calculation completed successfully.
