[2025-07-17 15:17:34] WARNING: Reached stop point at tweet from 2013-12-21 19:29:18+00:00
[2025-07-17 15:17:34] WARNING: Retrieved 0 new tweets on page 1
[2025-07-17 15:17:34] WARNING: Stopping pagination as we've reached the stop point
[2025-07-17 15:17:34] WARNING: Retrieved a total of 0 tweets across 1 pages
[2025-07-17 15:17:34] WARNING: No new tweets found with trust commands. Exiting without error.
[2025-07-17 15:17:34] WARNING: Collection complete!
[2025-07-17 15:17:34] WARNING: - 0 trust assignments processed
[2025-07-17 15:17:34] WARNING: - 2 users in trust network
[2025-07-17 15:17:34] WARNING: - 31 total trust relationships
[2025-07-17 15:27:33] WARNING: === Starting Twitter Trust System Collection ===
[2025-07-17 15:27:33] WARNING: Will collect tweets until reaching previous timestamp: 2025-05-12 06:54:05+00:00
[2025-07-17 15:27:33] WARNING: Retrieving page 1...
[2025-07-17 15:27:34] WARNING: Newest tweet is from: 2013-12-21 19:29:18+00:00
[2025-07-17 15:27:34] WARNING: Reached stop point at tweet from 2013-12-21 19:29:18+00:00
[2025-07-17 15:27:34] WARNING: Retrieved 0 new tweets on page 1
[2025-07-17 15:27:34] WARNING: Stopping pagination as we've reached the stop point
[2025-07-17 15:27:34] WARNING: Retrieved a total of 0 tweets across 1 pages
[2025-07-17 15:27:34] WARNING: No new tweets found with trust commands. Exiting without error.
[2025-07-17 15:27:34] WARNING: Collection complete!
[2025-07-17 15:27:34] WARNING: - 0 trust assignments processed
[2025-07-17 15:27:34] WARNING: - 2 users in trust network
[2025-07-17 15:27:34] WARNING: - 31 total trust relationships
[2025-07-17 15:37:33] WARNING: === Starting Twitter Trust System Collection ===
[2025-07-17 15:37:33] WARNING: Will collect tweets until reaching previous timestamp: 2025-05-12 06:54:05+00:00
[2025-07-17 15:37:33] WARNING: Retrieving page 1...
[2025-07-17 15:37:35] WARNING: Newest tweet is from: 2013-12-21 19:29:18+00:00
[2025-07-17 15:37:35] WARNING: Reached stop point at tweet from 2013-12-21 19:29:18+00:00
[2025-07-17 15:37:35] WARNING: Retrieved 0 new tweets on page 1
[2025-07-17 15:37:35] WARNING: Stopping pagination as we've reached the stop point
[2025-07-17 15:37:35] WARNING: Retrieved a total of 0 tweets across 1 pages
[2025-07-17 15:37:35] WARNING: No new tweets found with trust commands. Exiting without error.
[2025-07-17 15:37:35] WARNING: Collection complete!
[2025-07-17 15:37:35] WARNING: - 0 trust assignments processed
[2025-07-17 15:37:35] WARNING: - 2 users in trust network
[2025-07-17 15:37:35] WARNING: - 31 total trust relationships
[2025-07-17 15:47:33] WARNING: === Starting Twitter Trust System Collection ===
[2025-07-17 15:47:33] WARNING: Will collect tweets until reaching previous timestamp: 2025-05-12 06:54:05+00:00
[2025-07-17 15:47:33] WARNING: Retrieving page 1...
[2025-07-17 15:47:34] WARNING: Newest tweet is from: 2013-12-21 19:29:18+00:00
[2025-07-17 15:47:34] WARNING: Reached stop point at tweet from 2013-12-21 19:29:18+00:00
[2025-07-17 15:47:34] WARNING: Retrieved 0 new tweets on page 1
[2025-07-17 15:47:34] WARNING: Stopping pagination as we've reached the stop point
[2025-07-17 15:47:34] WARNING: Retrieved a total of 0 tweets across 1 pages
[2025-07-17 15:47:34] WARNING: No new tweets found with trust commands. Exiting without error.
[2025-07-17 15:47:34] WARNING: Collection complete!
[2025-07-17 15:47:34] WARNING: - 0 trust assignments processed
[2025-07-17 15:47:34] WARNING: - 2 users in trust network
[2025-07-17 15:47:34] WARNING: - 31 total trust relationships
[2025-07-17 15:57:33] WARNING: === Starting Twitter Trust System Collection ===
[2025-07-17 15:57:33] WARNING: Will collect tweets until reaching previous timestamp: 2025-05-12 06:54:05+00:00
[2025-07-17 15:57:33] WARNING: Retrieving page 1...
[2025-07-17 15:57:34] WARNING: Newest tweet is from: 2013-12-21 19:29:18+00:00
[2025-07-17 15:57:34] WARNING: Reached stop point at tweet from 2013-12-21 19:29:18+00:00
[2025-07-17 15:57:34] WARNING: Retrieved 0 new tweets on page 1
[2025-07-17 15:57:34] WARNING: Stopping pagination as we've reached the stop point
[2025-07-17 15:57:34] WARNING: Retrieved a total of 0 tweets across 1 pages
[2025-07-17 15:57:34] WARNING: No new tweets found with trust commands. Exiting without error.
[2025-07-17 15:57:34] WARNING: Collection complete!
[2025-07-17 15:57:34] WARNING: - 0 trust assignments processed
[2025-07-17 15:57:34] WARNING: - 2 users in trust network
[2025-07-17 15:57:34] WARNING: - 31 total trust relationships
[2025-07-17 16:07:33] WARNING: === Starting Twitter Trust System Collection ===
[2025-07-17 16:07:33] WARNING: Will collect tweets until reaching previous timestamp: 2025-05-12 06:54:05+00:00
[2025-07-17 16:07:33] WARNING: Retrieving page 1...
[2025-07-17 16:07:34] WARNING: Newest tweet is from: 2013-12-21 19:29:18+00:00
[2025-07-17 16:07:34] WARNING: Reached stop point at tweet from 2013-12-21 19:29:18+00:00
[2025-07-17 16:07:34] WARNING: Retrieved 0 new tweets on page 1
[2025-07-17 16:07:34] WARNING: Stopping pagination as we've reached the stop point
[2025-07-17 16:07:34] WARNING: Retrieved a total of 0 tweets across 1 pages
[2025-07-17 16:07:34] WARNING: No new tweets found with trust commands. Exiting without error.
[2025-07-17 16:07:34] WARNING: Collection complete!
[2025-07-17 16:07:34] WARNING: - 0 trust assignments processed
[2025-07-17 16:07:34] WARNING: - 2 users in trust network
[2025-07-17 16:07:34] WARNING: - 31 total trust relationships
[2025-07-17 16:17:33] WARNING: === Starting Twitter Trust System Collection ===
[2025-07-17 16:17:33] WARNING: Will collect tweets until reaching previous timestamp: 2025-05-12 06:54:05+00:00
[2025-07-17 16:17:33] WARNING: Retrieving page 1...
[2025-07-17 16:17:35] WARNING: Newest tweet is from: 2013-12-21 19:29:18+00:00
[2025-07-17 16:17:35] WARNING: Reached stop point at tweet from 2013-12-21 19:29:18+00:00
[2025-07-17 16:17:35] WARNING: Retrieved 0 new tweets on page 1
[2025-07-17 16:17:35] WARNING: Stopping pagination as we've reached the stop point
[2025-07-17 16:17:35] WARNING: Retrieved a total of 0 tweets across 1 pages
[2025-07-17 16:17:35] WARNING: No new tweets found with trust commands. Exiting without error.
[2025-07-17 16:17:35] WARNING: Collection complete!
[2025-07-17 16:17:35] WARNING: - 0 trust assignments processed
[2025-07-17 16:17:35] WARNING: - 2 users in trust network
[2025-07-17 16:17:35] WARNING: - 31 total trust relationships
[2025-07-17 16:27:33] WARNING: === Starting Twitter Trust System Collection ===
[2025-07-17 16:27:33] WARNING: Will collect tweets until reaching previous timestamp: 2025-05-12 06:54:05+00:00
[2025-07-17 16:27:33] WARNING: Retrieving page 1...
[2025-07-17 16:27:34] WARNING: Newest tweet is from: 2013-12-21 19:29:18+00:00
[2025-07-17 16:27:34] WARNING: Reached stop point at tweet from 2013-12-21 19:29:18+00:00
[2025-07-17 16:27:34] WARNING: Retrieved 0 new tweets on page 1
[2025-07-17 16:27:34] WARNING: Stopping pagination as we've reached the stop point
[2025-07-17 16:27:34] WARNING: Retrieved a total of 0 tweets across 1 pages
[2025-07-17 16:27:34] WARNING: No new tweets found with trust commands. Exiting without error.
[2025-07-17 16:27:34] WARNING: Collection complete!
[2025-07-17 16:27:34] WARNING: - 0 trust assignments processed
[2025-07-17 16:27:34] WARNING: - 2 users in trust network
[2025-07-17 16:27:34] WARNING: - 31 total trust relationships
[2025-07-17 16:37:33] WARNING: === Starting Twitter Trust System Collection ===
[2025-07-17 16:37:33] WARNING: Will collect tweets until reaching previous timestamp: 2025-05-12 06:54:05+00:00
[2025-07-17 16:37:33] WARNING: Retrieving page 1...
[2025-07-17 16:37:34] WARNING: Newest tweet is from: 2013-12-21 19:29:18+00:00
[2025-07-17 16:37:34] WARNING: Reached stop point at tweet from 2013-12-21 19:29:18+00:00
[2025-07-17 16:37:34] WARNING: Retrieved 0 new tweets on page 1
[2025-07-17 16:37:34] WARNING: Stopping pagination as we've reached the stop point
[2025-07-17 16:37:34] WARNING: Retrieved a total of 0 tweets across 1 pages
[2025-07-17 16:37:34] WARNING: No new tweets found with trust commands. Exiting without error.
[2025-07-17 16:37:34] WARNING: Collection complete!
[2025-07-17 16:37:34] WARNING: - 0 trust assignments processed
[2025-07-17 16:37:34] WARNING: - 2 users in trust network
[2025-07-17 16:37:34] WARNING: - 31 total trust relationships
[2025-07-17 16:47:33] WARNING: === Starting Twitter Trust System Collection ===
[2025-07-17 16:47:33] WARNING: Will collect tweets until reaching previous timestamp: 2025-05-12 06:54:05+00:00
[2025-07-17 16:47:33] WARNING: Retrieving page 1...
[2025-07-17 16:47:35] WARNING: Newest tweet is from: 2013-12-21 19:29:18+00:00
[2025-07-17 16:47:35] WARNING: Reached stop point at tweet from 2013-12-21 19:29:18+00:00
[2025-07-17 16:47:35] WARNING: Retrieved 0 new tweets on page 1
[2025-07-17 16:47:35] WARNING: Stopping pagination as we've reached the stop point
[2025-07-17 16:47:35] WARNING: Retrieved a total of 0 tweets across 1 pages
[2025-07-17 16:47:35] WARNING: No new tweets found with trust commands. Exiting without error.
[2025-07-17 16:47:35] WARNING: Collection complete!
[2025-07-17 16:47:35] WARNING: - 0 trust assignments processed
[2025-07-17 16:47:35] WARNING: - 2 users in trust network
[2025-07-17 16:47:35] WARNING: - 31 total trust relationships
[2025-07-17 16:57:33] WARNING: === Starting Twitter Trust System Collection ===
[2025-07-17 16:57:33] WARNING: Will collect tweets until reaching previous timestamp: 2025-05-12 06:54:05+00:00
[2025-07-17 16:57:33] WARNING: Retrieving page 1...
[2025-07-17 16:57:34] WARNING: Newest tweet is from: 2013-12-21 19:29:18+00:00
[2025-07-17 16:57:34] WARNING: Reached stop point at tweet from 2013-12-21 19:29:18+00:00
[2025-07-17 16:57:34] WARNING: Retrieved 0 new tweets on page 1
[2025-07-17 16:57:34] WARNING: Stopping pagination as we've reached the stop point
[2025-07-17 16:57:34] WARNING: Retrieved a total of 0 tweets across 1 pages
[2025-07-17 16:57:34] WARNING: No new tweets found with trust commands. Exiting without error.
[2025-07-17 16:57:34] WARNING: Collection complete!
[2025-07-17 16:57:34] WARNING: - 0 trust assignments processed
[2025-07-17 16:57:34] WARNING: - 2 users in trust network
[2025-07-17 16:57:34] WARNING: - 31 total trust relationships
[2025-07-17 17:07:33] WARNING: === Starting Twitter Trust System Collection ===
[2025-07-17 17:07:33] WARNING: Will collect tweets until reaching previous timestamp: 2025-05-12 06:54:05+00:00
[2025-07-17 17:07:33] WARNING: Retrieving page 1...
[2025-07-17 17:07:35] WARNING: Newest tweet is from: 2013-12-21 19:29:18+00:00
[2025-07-17 17:07:35] WARNING: Reached stop point at tweet from 2013-12-21 19:29:18+00:00
[2025-07-17 17:07:35] WARNING: Retrieved 0 new tweets on page 1
[2025-07-17 17:07:35] WARNING: Stopping pagination as we've reached the stop point
[2025-07-17 17:07:35] WARNING: Retrieved a total of 0 tweets across 1 pages
[2025-07-17 17:07:35] WARNING: No new tweets found with trust commands. Exiting without error.
[2025-07-17 17:07:35] WARNING: Collection complete!
[2025-07-17 17:07:35] WARNING: - 0 trust assignments processed
[2025-07-17 17:07:35] WARNING: - 2 users in trust network
[2025-07-17 17:07:35] WARNING: - 31 total trust relationships
[2025-07-17 17:17:33] WARNING: === Starting Twitter Trust System Collection ===
[2025-07-17 17:17:33] WARNING: Will collect tweets until reaching previous timestamp: 2025-05-12 06:54:05+00:00
[2025-07-17 17:17:33] WARNING: Retrieving page 1...
[2025-07-17 17:17:35] WARNING: Newest tweet is from: 2013-12-21 19:29:18+00:00
[2025-07-17 17:17:35] WARNING: Reached stop point at tweet from 2013-12-21 19:29:18+00:00
[2025-07-17 17:17:35] WARNING: Retrieved 0 new tweets on page 1
[2025-07-17 17:17:35] WARNING: Stopping pagination as we've reached the stop point
[2025-07-17 17:17:35] WARNING: Retrieved a total of 0 tweets across 1 pages
[2025-07-17 17:17:35] WARNING: No new tweets found with trust commands. Exiting without error.
[2025-07-17 17:17:35] WARNING: Collection complete!
[2025-07-17 17:17:35] WARNING: - 0 trust assignments processed
[2025-07-17 17:17:35] WARNING: - 2 users in trust network
[2025-07-17 17:17:35] WARNING: - 31 total trust relationships
[2025-07-17 17:27:33] WARNING: === Starting Twitter Trust System Collection ===
[2025-07-17 17:27:33] WARNING: Will collect tweets until reaching previous timestamp: 2025-05-12 06:54:05+00:00
[2025-07-17 17:27:33] WARNING: Retrieving page 1...
[2025-07-17 17:27:35] WARNING: Newest tweet is from: 2013-12-21 19:29:18+00:00
[2025-07-17 17:27:35] WARNING: Reached stop point at tweet from 2013-12-21 19:29:18+00:00
[2025-07-17 17:27:35] WARNING: Retrieved 0 new tweets on page 1
[2025-07-17 17:27:35] WARNING: Stopping pagination as we've reached the stop point
[2025-07-17 17:27:35] WARNING: Retrieved a total of 0 tweets across 1 pages
[2025-07-17 17:27:35] WARNING: No new tweets found with trust commands. Exiting without error.
[2025-07-17 17:27:35] WARNING: Collection complete!
[2025-07-17 17:27:35] WARNING: - 0 trust assignments processed
[2025-07-17 17:27:35] WARNING: - 2 users in trust network
[2025-07-17 17:27:35] WARNING: - 31 total trust relationships
[2025-07-17 17:37:33] WARNING: === Starting Twitter Trust System Collection ===
[2025-07-17 17:37:33] WARNING: Will collect tweets until reaching previous timestamp: 2025-05-12 06:54:05+00:00
[2025-07-17 17:37:33] WARNING: Retrieving page 1...
[2025-07-17 17:37:34] WARNING: Newest tweet is from: 2013-12-21 19:29:18+00:00
[2025-07-17 17:37:34] WARNING: Reached stop point at tweet from 2013-12-21 19:29:18+00:00
[2025-07-17 17:37:34] WARNING: Retrieved 0 new tweets on page 1
[2025-07-17 17:37:34] WARNING: Stopping pagination as we've reached the stop point
[2025-07-17 17:37:34] WARNING: Retrieved a total of 0 tweets across 1 pages
[2025-07-17 17:37:34] WARNING: No new tweets found with trust commands. Exiting without error.
[2025-07-17 17:37:34] WARNING: Collection complete!
[2025-07-17 17:37:34] WARNING: - 0 trust assignments processed
[2025-07-17 17:37:34] WARNING: - 2 users in trust network
[2025-07-17 17:37:34] WARNING: - 31 total trust relationships
