[2025-06-21 10:47:33] WARNING: === Starting Twitter Trust System Collection ===
[2025-06-21 10:47:33] WARNING: Will collect tweets until reaching previous timestamp: 2025-05-12 06:54:05+00:00
[2025-06-21 10:47:33] WARNING: Retrieving page 1...
[2025-06-21 10:47:35] WARNING: Newest tweet is from: 2025-05-12 06:54:05+00:00
[2025-06-21 10:47:35] WARNING: Reached stop point at tweet from 2025-05-12 06:54:05+00:00
[2025-06-21 10:47:35] WARNING: Retrieved 0 new tweets on page 1
[2025-06-21 10:47:35] WARNING: Stopping pagination as we've reached the stop point
[2025-06-21 10:47:35] WARNING: Retrieved a total of 0 tweets across 1 pages
[2025-06-21 10:47:35] WARNING: No new tweets found with trust commands. Exiting without error.
[2025-06-21 10:47:35] WARNING: Collection complete!
[2025-06-21 10:47:35] WARNING: - 0 trust assignments processed
[2025-06-21 10:47:35] WARNING: - 2 users in trust network
[2025-06-21 10:47:35] WARNING: - 31 total trust relationships
[2025-06-21 10:57:33] WARNING: === Starting Twitter Trust System Collection ===
[2025-06-21 10:57:33] WARNING: Will collect tweets until reaching previous timestamp: 2025-05-12 06:54:05+00:00
[2025-06-21 10:57:33] WARNING: Retrieving page 1...
[2025-06-21 10:57:36] WARNING: Newest tweet is from: 2025-05-12 06:54:05+00:00
[2025-06-21 10:57:36] WARNING: Reached stop point at tweet from 2025-05-12 06:54:05+00:00
[2025-06-21 10:57:36] WARNING: Retrieved 0 new tweets on page 1
[2025-06-21 10:57:36] WARNING: Stopping pagination as we've reached the stop point
[2025-06-21 10:57:36] WARNING: Retrieved a total of 0 tweets across 1 pages
[2025-06-21 10:57:36] WARNING: No new tweets found with trust commands. Exiting without error.
[2025-06-21 10:57:36] WARNING: Collection complete!
[2025-06-21 10:57:36] WARNING: - 0 trust assignments processed
[2025-06-21 10:57:36] WARNING: - 2 users in trust network
[2025-06-21 10:57:36] WARNING: - 31 total trust relationships
[2025-06-21 11:07:33] WARNING: === Starting Twitter Trust System Collection ===
[2025-06-21 11:07:33] WARNING: Will collect tweets until reaching previous timestamp: 2025-05-12 06:54:05+00:00
[2025-06-21 11:07:33] WARNING: Retrieving page 1...
[2025-06-21 11:07:35] WARNING: Newest tweet is from: 2025-05-12 06:54:05+00:00
[2025-06-21 11:07:35] WARNING: Reached stop point at tweet from 2025-05-12 06:54:05+00:00
[2025-06-21 11:07:35] WARNING: Retrieved 0 new tweets on page 1
[2025-06-21 11:07:35] WARNING: Stopping pagination as we've reached the stop point
[2025-06-21 11:07:35] WARNING: Retrieved a total of 0 tweets across 1 pages
[2025-06-21 11:07:35] WARNING: No new tweets found with trust commands. Exiting without error.
[2025-06-21 11:07:35] WARNING: Collection complete!
[2025-06-21 11:07:35] WARNING: - 0 trust assignments processed
[2025-06-21 11:07:35] WARNING: - 2 users in trust network
[2025-06-21 11:07:35] WARNING: - 31 total trust relationships
[2025-06-21 11:17:33] WARNING: === Starting Twitter Trust System Collection ===
[2025-06-21 11:17:33] WARNING: Will collect tweets until reaching previous timestamp: 2025-05-12 06:54:05+00:00
[2025-06-21 11:17:33] WARNING: Retrieving page 1...
[2025-06-21 11:17:35] WARNING: Newest tweet is from: 2025-05-12 06:54:05+00:00
[2025-06-21 11:17:35] WARNING: Reached stop point at tweet from 2025-05-12 06:54:05+00:00
[2025-06-21 11:17:35] WARNING: Retrieved 0 new tweets on page 1
[2025-06-21 11:17:35] WARNING: Stopping pagination as we've reached the stop point
[2025-06-21 11:17:35] WARNING: Retrieved a total of 0 tweets across 1 pages
[2025-06-21 11:17:35] WARNING: No new tweets found with trust commands. Exiting without error.
[2025-06-21 11:17:35] WARNING: Collection complete!
[2025-06-21 11:17:35] WARNING: - 0 trust assignments processed
[2025-06-21 11:17:35] WARNING: - 2 users in trust network
[2025-06-21 11:17:35] WARNING: - 31 total trust relationships
[2025-06-21 11:27:33] WARNING: === Starting Twitter Trust System Collection ===
[2025-06-21 11:27:33] WARNING: Will collect tweets until reaching previous timestamp: 2025-05-12 06:54:05+00:00
[2025-06-21 11:27:33] WARNING: Retrieving page 1...
[2025-06-21 11:27:35] WARNING: Newest tweet is from: 2025-05-12 06:54:05+00:00
[2025-06-21 11:27:35] WARNING: Reached stop point at tweet from 2025-05-12 06:54:05+00:00
[2025-06-21 11:27:35] WARNING: Retrieved 0 new tweets on page 1
[2025-06-21 11:27:35] WARNING: Stopping pagination as we've reached the stop point
[2025-06-21 11:27:35] WARNING: Retrieved a total of 0 tweets across 1 pages
[2025-06-21 11:27:35] WARNING: No new tweets found with trust commands. Exiting without error.
[2025-06-21 11:27:35] WARNING: Collection complete!
[2025-06-21 11:27:35] WARNING: - 0 trust assignments processed
[2025-06-21 11:27:35] WARNING: - 2 users in trust network
[2025-06-21 11:27:35] WARNING: - 31 total trust relationships
[2025-06-21 11:37:34] WARNING: === Starting Twitter Trust System Collection ===
[2025-06-21 11:37:34] WARNING: Will collect tweets until reaching previous timestamp: 2025-05-12 06:54:05+00:00
[2025-06-21 11:37:34] WARNING: Retrieving page 1...
[2025-06-21 11:37:38] WARNING: Newest tweet is from: 2025-05-12 06:54:05+00:00
[2025-06-21 11:37:38] WARNING: Reached stop point at tweet from 2025-05-12 06:54:05+00:00
[2025-06-21 11:37:38] WARNING: Retrieved 0 new tweets on page 1
[2025-06-21 11:37:38] WARNING: Stopping pagination as we've reached the stop point
[2025-06-21 11:37:38] WARNING: Retrieved a total of 0 tweets across 1 pages
[2025-06-21 11:37:38] WARNING: No new tweets found with trust commands. Exiting without error.
[2025-06-21 11:37:38] WARNING: Collection complete!
[2025-06-21 11:37:38] WARNING: - 0 trust assignments processed
[2025-06-21 11:37:38] WARNING: - 2 users in trust network
[2025-06-21 11:37:38] WARNING: - 31 total trust relationships
[2025-06-21 11:47:33] WARNING: === Starting Twitter Trust System Collection ===
[2025-06-21 11:47:33] WARNING: Will collect tweets until reaching previous timestamp: 2025-05-12 06:54:05+00:00
[2025-06-21 11:47:33] WARNING: Retrieving page 1...
[2025-06-21 11:47:36] WARNING: Newest tweet is from: 2025-05-12 06:54:05+00:00
[2025-06-21 11:47:36] WARNING: Reached stop point at tweet from 2025-05-12 06:54:05+00:00
[2025-06-21 11:47:36] WARNING: Retrieved 0 new tweets on page 1
[2025-06-21 11:47:36] WARNING: Stopping pagination as we've reached the stop point
[2025-06-21 11:47:36] WARNING: Retrieved a total of 0 tweets across 1 pages
[2025-06-21 11:47:36] WARNING: No new tweets found with trust commands. Exiting without error.
[2025-06-21 11:47:36] WARNING: Collection complete!
[2025-06-21 11:47:36] WARNING: - 0 trust assignments processed
[2025-06-21 11:47:36] WARNING: - 2 users in trust network
[2025-06-21 11:47:36] WARNING: - 31 total trust relationships
[2025-06-21 11:57:33] WARNING: === Starting Twitter Trust System Collection ===
[2025-06-21 11:57:33] WARNING: Will collect tweets until reaching previous timestamp: 2025-05-12 06:54:05+00:00
[2025-06-21 11:57:33] WARNING: Retrieving page 1...
[2025-06-21 11:57:35] WARNING: Newest tweet is from: 2025-05-12 06:54:05+00:00
[2025-06-21 11:57:35] WARNING: Reached stop point at tweet from 2025-05-12 06:54:05+00:00
[2025-06-21 11:57:35] WARNING: Retrieved 0 new tweets on page 1
[2025-06-21 11:57:35] WARNING: Stopping pagination as we've reached the stop point
[2025-06-21 11:57:35] WARNING: Retrieved a total of 0 tweets across 1 pages
[2025-06-21 11:57:35] WARNING: No new tweets found with trust commands. Exiting without error.
[2025-06-21 11:57:35] WARNING: Collection complete!
[2025-06-21 11:57:35] WARNING: - 0 trust assignments processed
[2025-06-21 11:57:35] WARNING: - 2 users in trust network
[2025-06-21 11:57:35] WARNING: - 31 total trust relationships
[2025-06-21 12:07:33] WARNING: === Starting Twitter Trust System Collection ===
[2025-06-21 12:07:33] WARNING: Will collect tweets until reaching previous timestamp: 2025-05-12 06:54:05+00:00
[2025-06-21 12:07:33] WARNING: Retrieving page 1...
[2025-06-21 12:07:35] WARNING: Newest tweet is from: 2025-05-12 06:54:05+00:00
[2025-06-21 12:07:35] WARNING: Reached stop point at tweet from 2025-05-12 06:54:05+00:00
[2025-06-21 12:07:35] WARNING: Retrieved 0 new tweets on page 1
[2025-06-21 12:07:35] WARNING: Stopping pagination as we've reached the stop point
[2025-06-21 12:07:35] WARNING: Retrieved a total of 0 tweets across 1 pages
[2025-06-21 12:07:35] WARNING: No new tweets found with trust commands. Exiting without error.
[2025-06-21 12:07:35] WARNING: Collection complete!
[2025-06-21 12:07:35] WARNING: - 0 trust assignments processed
[2025-06-21 12:07:35] WARNING: - 2 users in trust network
[2025-06-21 12:07:35] WARNING: - 31 total trust relationships
[2025-06-21 12:17:33] WARNING: === Starting Twitter Trust System Collection ===
[2025-06-21 12:17:33] WARNING: Will collect tweets until reaching previous timestamp: 2025-05-12 06:54:05+00:00
[2025-06-21 12:17:33] WARNING: Retrieving page 1...
[2025-06-21 12:17:35] WARNING: Newest tweet is from: 2025-05-12 06:54:05+00:00
[2025-06-21 12:17:35] WARNING: Reached stop point at tweet from 2025-05-12 06:54:05+00:00
[2025-06-21 12:17:35] WARNING: Retrieved 0 new tweets on page 1
[2025-06-21 12:17:35] WARNING: Stopping pagination as we've reached the stop point
[2025-06-21 12:17:35] WARNING: Retrieved a total of 0 tweets across 1 pages
[2025-06-21 12:17:35] WARNING: No new tweets found with trust commands. Exiting without error.
[2025-06-21 12:17:35] WARNING: Collection complete!
[2025-06-21 12:17:35] WARNING: - 0 trust assignments processed
[2025-06-21 12:17:35] WARNING: - 2 users in trust network
[2025-06-21 12:17:35] WARNING: - 31 total trust relationships
[2025-06-21 12:27:33] WARNING: === Starting Twitter Trust System Collection ===
[2025-06-21 12:27:33] WARNING: Will collect tweets until reaching previous timestamp: 2025-05-12 06:54:05+00:00
[2025-06-21 12:27:33] WARNING: Retrieving page 1...
[2025-06-21 12:27:35] WARNING: Newest tweet is from: 2025-05-12 06:54:05+00:00
[2025-06-21 12:27:35] WARNING: Reached stop point at tweet from 2025-05-12 06:54:05+00:00
[2025-06-21 12:27:35] WARNING: Retrieved 0 new tweets on page 1
[2025-06-21 12:27:35] WARNING: Stopping pagination as we've reached the stop point
[2025-06-21 12:27:35] WARNING: Retrieved a total of 0 tweets across 1 pages
[2025-06-21 12:27:35] WARNING: No new tweets found with trust commands. Exiting without error.
[2025-06-21 12:27:35] WARNING: Collection complete!
[2025-06-21 12:27:35] WARNING: - 0 trust assignments processed
[2025-06-21 12:27:35] WARNING: - 2 users in trust network
[2025-06-21 12:27:35] WARNING: - 31 total trust relationships
[2025-06-21 12:37:33] WARNING: === Starting Twitter Trust System Collection ===
[2025-06-21 12:37:33] WARNING: Will collect tweets until reaching previous timestamp: 2025-05-12 06:54:05+00:00
[2025-06-21 12:37:33] WARNING: Retrieving page 1...
[2025-06-21 12:37:35] WARNING: Newest tweet is from: 2025-05-12 06:54:05+00:00
[2025-06-21 12:37:35] WARNING: Reached stop point at tweet from 2025-05-12 06:54:05+00:00
[2025-06-21 12:37:35] WARNING: Retrieved 0 new tweets on page 1
[2025-06-21 12:37:35] WARNING: Stopping pagination as we've reached the stop point
[2025-06-21 12:37:35] WARNING: Retrieved a total of 0 tweets across 1 pages
[2025-06-21 12:37:35] WARNING: No new tweets found with trust commands. Exiting without error.
[2025-06-21 12:37:35] WARNING: Collection complete!
[2025-06-21 12:37:35] WARNING: - 0 trust assignments processed
[2025-06-21 12:37:35] WARNING: - 2 users in trust network
[2025-06-21 12:37:35] WARNING: - 31 total trust relationships
[2025-06-21 12:47:34] WARNING: === Starting Twitter Trust System Collection ===
[2025-06-21 12:47:34] WARNING: Will collect tweets until reaching previous timestamp: 2025-05-12 06:54:05+00:00
[2025-06-21 12:47:34] WARNING: Retrieving page 1...
[2025-06-21 12:47:35] WARNING: Newest tweet is from: 2025-05-12 06:54:05+00:00
[2025-06-21 12:47:35] WARNING: Reached stop point at tweet from 2025-05-12 06:54:05+00:00
[2025-06-21 12:47:35] WARNING: Retrieved 0 new tweets on page 1
[2025-06-21 12:47:35] WARNING: Stopping pagination as we've reached the stop point
[2025-06-21 12:47:35] WARNING: Retrieved a total of 0 tweets across 1 pages
[2025-06-21 12:47:35] WARNING: No new tweets found with trust commands. Exiting without error.
[2025-06-21 12:47:35] WARNING: Collection complete!
[2025-06-21 12:47:35] WARNING: - 0 trust assignments processed
[2025-06-21 12:47:35] WARNING: - 2 users in trust network
[2025-06-21 12:47:35] WARNING: - 31 total trust relationships
[2025-06-21 12:57:33] WARNING: === Starting Twitter Trust System Collection ===
[2025-06-21 12:57:33] WARNING: Will collect tweets until reaching previous timestamp: 2025-05-12 06:54:05+00:00
[2025-06-21 12:57:33] WARNING: Retrieving page 1...
[2025-06-21 12:57:35] WARNING: Newest tweet is from: 2025-05-12 06:54:05+00:00
[2025-06-21 12:57:35] WARNING: Reached stop point at tweet from 2025-05-12 06:54:05+00:00
[2025-06-21 12:57:35] WARNING: Retrieved 0 new tweets on page 1
[2025-06-21 12:57:35] WARNING: Stopping pagination as we've reached the stop point
[2025-06-21 12:57:35] WARNING: Retrieved a total of 0 tweets across 1 pages
[2025-06-21 12:57:35] WARNING: No new tweets found with trust commands. Exiting without error.
[2025-06-21 12:57:35] WARNING: Collection complete!
[2025-06-21 12:57:35] WARNING: - 0 trust assignments processed
[2025-06-21 12:57:35] WARNING: - 2 users in trust network
[2025-06-21 12:57:35] WARNING: - 31 total trust relationships
[2025-06-21 13:07:33] WARNING: === Starting Twitter Trust System Collection ===
[2025-06-21 13:07:33] WARNING: Will collect tweets until reaching previous timestamp: 2025-05-12 06:54:05+00:00
[2025-06-21 13:07:33] WARNING: Retrieving page 1...
[2025-06-21 13:07:35] WARNING: Newest tweet is from: 2025-05-12 06:54:05+00:00
[2025-06-21 13:07:35] WARNING: Reached stop point at tweet from 2025-05-12 06:54:05+00:00
[2025-06-21 13:07:35] WARNING: Retrieved 0 new tweets on page 1
[2025-06-21 13:07:35] WARNING: Stopping pagination as we've reached the stop point
[2025-06-21 13:07:35] WARNING: Retrieved a total of 0 tweets across 1 pages
[2025-06-21 13:07:35] WARNING: No new tweets found with trust commands. Exiting without error.
[2025-06-21 13:07:35] WARNING: Collection complete!
[2025-06-21 13:07:35] WARNING: - 0 trust assignments processed
[2025-06-21 13:07:35] WARNING: - 2 users in trust network
[2025-06-21 13:07:35] WARNING: - 31 total trust relationships
[2025-06-21 13:17:33] WARNING: === Starting Twitter Trust System Collection ===
[2025-06-21 13:17:33] WARNING: Will collect tweets until reaching previous timestamp: 2025-05-12 06:54:05+00:00
[2025-06-21 13:17:33] WARNING: Retrieving page 1...
[2025-06-21 13:17:35] WARNING: Newest tweet is from: 2025-05-12 06:54:05+00:00
[2025-06-21 13:17:35] WARNING: Reached stop point at tweet from 2025-05-12 06:54:05+00:00
[2025-06-21 13:17:35] WARNING: Retrieved 0 new tweets on page 1
[2025-06-21 13:17:35] WARNING: Stopping pagination as we've reached the stop point
[2025-06-21 13:17:35] WARNING: Retrieved a total of 0 tweets across 1 pages
[2025-06-21 13:17:35] WARNING: No new tweets found with trust commands. Exiting without error.
[2025-06-21 13:17:35] WARNING: Collection complete!
[2025-06-21 13:17:35] WARNING: - 0 trust assignments processed
[2025-06-21 13:17:35] WARNING: - 2 users in trust network
[2025-06-21 13:17:35] WARNING: - 31 total trust relationships
[2025-06-21 13:27:33] WARNING: === Starting Twitter Trust System Collection ===
[2025-06-21 13:27:33] WARNING: Will collect tweets until reaching previous timestamp: 2025-05-12 06:54:05+00:00
[2025-06-21 13:27:33] WARNING: Retrieving page 1...
[2025-06-21 13:27:35] WARNING: Newest tweet is from: 2025-05-12 06:54:05+00:00
[2025-06-21 13:27:35] WARNING: Reached stop point at tweet from 2025-05-12 06:54:05+00:00
[2025-06-21 13:27:35] WARNING: Retrieved 0 new tweets on page 1
[2025-06-21 13:27:35] WARNING: Stopping pagination as we've reached the stop point
[2025-06-21 13:27:35] WARNING: Retrieved a total of 0 tweets across 1 pages
[2025-06-21 13:27:35] WARNING: No new tweets found with trust commands. Exiting without error.
[2025-06-21 13:27:35] WARNING: Collection complete!
[2025-06-21 13:27:35] WARNING: - 0 trust assignments processed
[2025-06-21 13:27:35] WARNING: - 2 users in trust network
[2025-06-21 13:27:35] WARNING: - 31 total trust relationships
[2025-06-21 13:37:33] WARNING: === Starting Twitter Trust System Collection ===
[2025-06-21 13:37:33] WARNING: Will collect tweets until reaching previous timestamp: 2025-05-12 06:54:05+00:00
[2025-06-21 13:37:33] WARNING: Retrieving page 1...
[2025-06-21 13:37:45] WARNING: Newest tweet is from: 2025-05-12 06:54:05+00:00
[2025-06-21 13:37:45] WARNING: Reached stop point at tweet from 2025-05-12 06:54:05+00:00
[2025-06-21 13:37:45] WARNING: Retrieved 0 new tweets on page 1
[2025-06-21 13:37:45] WARNING: Stopping pagination as we've reached the stop point
[2025-06-21 13:37:45] WARNING: Retrieved a total of 0 tweets across 1 pages
[2025-06-21 13:37:45] WARNING: No new tweets found with trust commands. Exiting without error.
[2025-06-21 13:37:45] WARNING: Collection complete!
[2025-06-21 13:37:45] WARNING: - 0 trust assignments processed
[2025-06-21 13:37:45] WARNING: - 2 users in trust network
[2025-06-21 13:37:45] WARNING: - 31 total trust relationships
[2025-06-21 13:47:33] WARNING: === Starting Twitter Trust System Collection ===
[2025-06-21 13:47:33] WARNING: Will collect tweets until reaching previous timestamp: 2025-05-12 06:54:05+00:00
[2025-06-21 13:47:33] WARNING: Retrieving page 1...
[2025-06-21 13:47:37] WARNING: Newest tweet is from: 2025-05-12 06:54:05+00:00
[2025-06-21 13:47:37] WARNING: Reached stop point at tweet from 2025-05-12 06:54:05+00:00
[2025-06-21 13:47:37] WARNING: Retrieved 0 new tweets on page 1
[2025-06-21 13:47:37] WARNING: Stopping pagination as we've reached the stop point
[2025-06-21 13:47:37] WARNING: Retrieved a total of 0 tweets across 1 pages
[2025-06-21 13:47:37] WARNING: No new tweets found with trust commands. Exiting without error.
[2025-06-21 13:47:37] WARNING: Collection complete!
[2025-06-21 13:47:37] WARNING: - 0 trust assignments processed
[2025-06-21 13:47:37] WARNING: - 2 users in trust network
[2025-06-21 13:47:37] WARNING: - 31 total trust relationships
[2025-06-21 13:57:33] WARNING: === Starting Twitter Trust System Collection ===
[2025-06-21 13:57:33] WARNING: Will collect tweets until reaching previous timestamp: 2025-05-12 06:54:05+00:00
[2025-06-21 13:57:33] WARNING: Retrieving page 1...
[2025-06-21 13:57:36] WARNING: Newest tweet is from: 2025-05-12 06:54:05+00:00
[2025-06-21 13:57:36] WARNING: Reached stop point at tweet from 2025-05-12 06:54:05+00:00
[2025-06-21 13:57:36] WARNING: Retrieved 0 new tweets on page 1
[2025-06-21 13:57:36] WARNING: Stopping pagination as we've reached the stop point
[2025-06-21 13:57:36] WARNING: Retrieved a total of 0 tweets across 1 pages
[2025-06-21 13:57:36] WARNING: No new tweets found with trust commands. Exiting without error.
[2025-06-21 13:57:36] WARNING: Collection complete!
[2025-06-21 13:57:36] WARNING: - 0 trust assignments processed
[2025-06-21 13:57:36] WARNING: - 2 users in trust network
[2025-06-21 13:57:36] WARNING: - 31 total trust relationships
[2025-06-21 14:07:33] WARNING: === Starting Twitter Trust System Collection ===
[2025-06-21 14:07:33] WARNING: Will collect tweets until reaching previous timestamp: 2025-05-12 06:54:05+00:00
[2025-06-21 14:07:33] WARNING: Retrieving page 1...
[2025-06-21 14:07:35] WARNING: Newest tweet is from: 2025-05-12 06:54:05+00:00
[2025-06-21 14:07:35] WARNING: Reached stop point at tweet from 2025-05-12 06:54:05+00:00
[2025-06-21 14:07:35] WARNING: Retrieved 0 new tweets on page 1
[2025-06-21 14:07:35] WARNING: Stopping pagination as we've reached the stop point
[2025-06-21 14:07:35] WARNING: Retrieved a total of 0 tweets across 1 pages
[2025-06-21 14:07:35] WARNING: No new tweets found with trust commands. Exiting without error.
[2025-06-21 14:07:35] WARNING: Collection complete!
[2025-06-21 14:07:35] WARNING: - 0 trust assignments processed
[2025-06-21 14:07:35] WARNING: - 2 users in trust network
[2025-06-21 14:07:35] WARNING: - 31 total trust relationships
[2025-06-21 14:17:33] WARNING: === Starting Twitter Trust System Collection ===
[2025-06-21 14:17:33] WARNING: Will collect tweets until reaching previous timestamp: 2025-05-12 06:54:05+00:00
[2025-06-21 14:17:33] WARNING: Retrieving page 1...
[2025-06-21 14:17:36] WARNING: Newest tweet is from: 2025-05-12 06:54:05+00:00
[2025-06-21 14:17:36] WARNING: Reached stop point at tweet from 2025-05-12 06:54:05+00:00
[2025-06-21 14:17:36] WARNING: Retrieved 0 new tweets on page 1
[2025-06-21 14:17:36] WARNING: Stopping pagination as we've reached the stop point
[2025-06-21 14:17:36] WARNING: Retrieved a total of 0 tweets across 1 pages
[2025-06-21 14:17:36] WARNING: No new tweets found with trust commands. Exiting without error.
[2025-06-21 14:17:36] WARNING: Collection complete!
[2025-06-21 14:17:36] WARNING: - 0 trust assignments processed
[2025-06-21 14:17:36] WARNING: - 2 users in trust network
[2025-06-21 14:17:36] WARNING: - 31 total trust relationships
[2025-06-21 14:27:33] WARNING: === Starting Twitter Trust System Collection ===
[2025-06-21 14:27:33] WARNING: Will collect tweets until reaching previous timestamp: 2025-05-12 06:54:05+00:00
[2025-06-21 14:27:33] WARNING: Retrieving page 1...
[2025-06-21 14:27:35] WARNING: Newest tweet is from: 2025-05-12 06:54:05+00:00
[2025-06-21 14:27:35] WARNING: Reached stop point at tweet from 2025-05-12 06:54:05+00:00
[2025-06-21 14:27:35] WARNING: Retrieved 0 new tweets on page 1
[2025-06-21 14:27:35] WARNING: Stopping pagination as we've reached the stop point
[2025-06-21 14:27:35] WARNING: Retrieved a total of 0 tweets across 1 pages
[2025-06-21 14:27:35] WARNING: No new tweets found with trust commands. Exiting without error.
[2025-06-21 14:27:35] WARNING: Collection complete!
[2025-06-21 14:27:35] WARNING: - 0 trust assignments processed
[2025-06-21 14:27:35] WARNING: - 2 users in trust network
[2025-06-21 14:27:35] WARNING: - 31 total trust relationships
[2025-06-21 14:37:33] WARNING: === Starting Twitter Trust System Collection ===
[2025-06-21 14:37:33] WARNING: Will collect tweets until reaching previous timestamp: 2025-05-12 06:54:05+00:00
[2025-06-21 14:37:33] WARNING: Retrieving page 1...
[2025-06-21 14:37:35] WARNING: Newest tweet is from: 2025-05-12 06:54:05+00:00
[2025-06-21 14:37:35] WARNING: Reached stop point at tweet from 2025-05-12 06:54:05+00:00
[2025-06-21 14:37:35] WARNING: Retrieved 0 new tweets on page 1
[2025-06-21 14:37:35] WARNING: Stopping pagination as we've reached the stop point
[2025-06-21 14:37:35] WARNING: Retrieved a total of 0 tweets across 1 pages
[2025-06-21 14:37:35] WARNING: No new tweets found with trust commands. Exiting without error.
[2025-06-21 14:37:35] WARNING: Collection complete!
[2025-06-21 14:37:35] WARNING: - 0 trust assignments processed
[2025-06-21 14:37:35] WARNING: - 2 users in trust network
[2025-06-21 14:37:35] WARNING: - 31 total trust relationships
[2025-06-21 14:47:33] WARNING: === Starting Twitter Trust System Collection ===
[2025-06-21 14:47:33] WARNING: Will collect tweets until reaching previous timestamp: 2025-05-12 06:54:05+00:00
[2025-06-21 14:47:33] WARNING: Retrieving page 1...
[2025-06-21 14:47:36] WARNING: Newest tweet is from: 2025-05-12 06:54:05+00:00
[2025-06-21 14:47:36] WARNING: Reached stop point at tweet from 2025-05-12 06:54:05+00:00
[2025-06-21 14:47:36] WARNING: Retrieved 0 new tweets on page 1
[2025-06-21 14:47:36] WARNING: Stopping pagination as we've reached the stop point
[2025-06-21 14:47:36] WARNING: Retrieved a total of 0 tweets across 1 pages
[2025-06-21 14:47:36] WARNING: No new tweets found with trust commands. Exiting without error.
[2025-06-21 14:47:36] WARNING: Collection complete!
[2025-06-21 14:47:36] WARNING: - 0 trust assignments processed
[2025-06-21 14:47:36] WARNING: - 2 users in trust network
[2025-06-21 14:47:36] WARNING: - 31 total trust relationships
[2025-06-21 14:57:33] WARNING: === Starting Twitter Trust System Collection ===
[2025-06-21 14:57:33] WARNING: Will collect tweets until reaching previous timestamp: 2025-05-12 06:54:05+00:00
[2025-06-21 14:57:33] WARNING: Retrieving page 1...
[2025-06-21 14:57:35] WARNING: Newest tweet is from: 2025-05-12 06:54:05+00:00
[2025-06-21 14:57:35] WARNING: Reached stop point at tweet from 2025-05-12 06:54:05+00:00
[2025-06-21 14:57:35] WARNING: Retrieved 0 new tweets on page 1
[2025-06-21 14:57:35] WARNING: Stopping pagination as we've reached the stop point
[2025-06-21 14:57:35] WARNING: Retrieved a total of 0 tweets across 1 pages
[2025-06-21 14:57:35] WARNING: No new tweets found with trust commands. Exiting without error.
[2025-06-21 14:57:35] WARNING: Collection complete!
[2025-06-21 14:57:35] WARNING: - 0 trust assignments processed
[2025-06-21 14:57:35] WARNING: - 2 users in trust network
[2025-06-21 14:57:35] WARNING: - 31 total trust relationships
[2025-06-21 15:07:33] WARNING: === Starting Twitter Trust System Collection ===
[2025-06-21 15:07:33] WARNING: Will collect tweets until reaching previous timestamp: 2025-05-12 06:54:05+00:00
[2025-06-21 15:07:33] WARNING: Retrieving page 1...
[2025-06-21 15:07:37] WARNING: Newest tweet is from: 2025-05-12 06:54:05+00:00
[2025-06-21 15:07:37] WARNING: Reached stop point at tweet from 2025-05-12 06:54:05+00:00
[2025-06-21 15:07:37] WARNING: Retrieved 0 new tweets on page 1
[2025-06-21 15:07:37] WARNING: Stopping pagination as we've reached the stop point
[2025-06-21 15:07:37] WARNING: Retrieved a total of 0 tweets across 1 pages
[2025-06-21 15:07:37] WARNING: No new tweets found with trust commands. Exiting without error.
[2025-06-21 15:07:37] WARNING: Collection complete!
[2025-06-21 15:07:37] WARNING: - 0 trust assignments processed
[2025-06-21 15:07:37] WARNING: - 2 users in trust network
[2025-06-21 15:07:37] WARNING: - 31 total trust relationships
[2025-06-21 15:17:33] WARNING: === Starting Twitter Trust System Collection ===
[2025-06-21 15:17:33] WARNING: Will collect tweets until reaching previous timestamp: 2025-05-12 06:54:05+00:00
[2025-06-21 15:17:33] WARNING: Retrieving page 1...
[2025-06-21 15:17:35] WARNING: Newest tweet is from: 2025-05-12 06:54:05+00:00
[2025-06-21 15:17:35] WARNING: Reached stop point at tweet from 2025-05-12 06:54:05+00:00
[2025-06-21 15:17:35] WARNING: Retrieved 0 new tweets on page 1
[2025-06-21 15:17:35] WARNING: Stopping pagination as we've reached the stop point
[2025-06-21 15:17:35] WARNING: Retrieved a total of 0 tweets across 1 pages
[2025-06-21 15:17:35] WARNING: No new tweets found with trust commands. Exiting without error.
[2025-06-21 15:17:35] WARNING: Collection complete!
[2025-06-21 15:17:35] WARNING: - 0 trust assignments processed
[2025-06-21 15:17:35] WARNING: - 2 users in trust network
[2025-06-21 15:17:35] WARNING: - 31 total trust relationships
[2025-06-21 15:27:33] WARNING: === Starting Twitter Trust System Collection ===
[2025-06-21 15:27:33] WARNING: Will collect tweets until reaching previous timestamp: 2025-05-12 06:54:05+00:00
[2025-06-21 15:27:33] WARNING: Retrieving page 1...
[2025-06-21 15:27:35] WARNING: Newest tweet is from: 2025-05-12 06:54:05+00:00
[2025-06-21 15:27:35] WARNING: Reached stop point at tweet from 2025-05-12 06:54:05+00:00
[2025-06-21 15:27:35] WARNING: Retrieved 0 new tweets on page 1
[2025-06-21 15:27:35] WARNING: Stopping pagination as we've reached the stop point
[2025-06-21 15:27:35] WARNING: Retrieved a total of 0 tweets across 1 pages
[2025-06-21 15:27:35] WARNING: No new tweets found with trust commands. Exiting without error.
[2025-06-21 15:27:35] WARNING: Collection complete!
[2025-06-21 15:27:35] WARNING: - 0 trust assignments processed
[2025-06-21 15:27:35] WARNING: - 2 users in trust network
[2025-06-21 15:27:35] WARNING: - 31 total trust relationships
[2025-06-21 15:37:33] WARNING: === Starting Twitter Trust System Collection ===
[2025-06-21 15:37:33] WARNING: Will collect tweets until reaching previous timestamp: 2025-05-12 06:54:05+00:00
[2025-06-21 15:37:33] WARNING: Retrieving page 1...
[2025-06-21 15:37:36] WARNING: Newest tweet is from: 2025-05-12 06:54:05+00:00
[2025-06-21 15:37:36] WARNING: Reached stop point at tweet from 2025-05-12 06:54:05+00:00
[2025-06-21 15:37:36] WARNING: Retrieved 0 new tweets on page 1
[2025-06-21 15:37:36] WARNING: Stopping pagination as we've reached the stop point
[2025-06-21 15:37:36] WARNING: Retrieved a total of 0 tweets across 1 pages
[2025-06-21 15:37:36] WARNING: No new tweets found with trust commands. Exiting without error.
[2025-06-21 15:37:36] WARNING: Collection complete!
[2025-06-21 15:37:36] WARNING: - 0 trust assignments processed
[2025-06-21 15:37:36] WARNING: - 2 users in trust network
[2025-06-21 15:37:36] WARNING: - 31 total trust relationships
[2025-06-21 15:47:33] WARNING: === Starting Twitter Trust System Collection ===
[2025-06-21 15:47:33] WARNING: Will collect tweets until reaching previous timestamp: 2025-05-12 06:54:05+00:00
[2025-06-21 15:47:33] WARNING: Retrieving page 1...
[2025-06-21 15:47:37] WARNING: Newest tweet is from: 2025-05-12 06:54:05+00:00
[2025-06-21 15:47:37] WARNING: Reached stop point at tweet from 2025-05-12 06:54:05+00:00
[2025-06-21 15:47:37] WARNING: Retrieved 0 new tweets on page 1
[2025-06-21 15:47:37] WARNING: Stopping pagination as we've reached the stop point
[2025-06-21 15:47:37] WARNING: Retrieved a total of 0 tweets across 1 pages
[2025-06-21 15:47:37] WARNING: No new tweets found with trust commands. Exiting without error.
[2025-06-21 15:47:37] WARNING: Collection complete!
[2025-06-21 15:47:37] WARNING: - 0 trust assignments processed
[2025-06-21 15:47:37] WARNING: - 2 users in trust network
[2025-06-21 15:47:37] WARNING: - 31 total trust relationships
[2025-06-21 15:57:33] WARNING: === Starting Twitter Trust System Collection ===
[2025-06-21 15:57:33] WARNING: Will collect tweets until reaching previous timestamp: 2025-05-12 06:54:05+00:00
[2025-06-21 15:57:33] WARNING: Retrieving page 1...
[2025-06-21 15:57:35] WARNING: Newest tweet is from: 2025-05-12 06:54:05+00:00
[2025-06-21 15:57:35] WARNING: Reached stop point at tweet from 2025-05-12 06:54:05+00:00
[2025-06-21 15:57:35] WARNING: Retrieved 0 new tweets on page 1
[2025-06-21 15:57:35] WARNING: Stopping pagination as we've reached the stop point
[2025-06-21 15:57:35] WARNING: Retrieved a total of 0 tweets across 1 pages
[2025-06-21 15:57:35] WARNING: No new tweets found with trust commands. Exiting without error.
[2025-06-21 15:57:35] WARNING: Collection complete!
[2025-06-21 15:57:35] WARNING: - 0 trust assignments processed
[2025-06-21 15:57:35] WARNING: - 2 users in trust network
[2025-06-21 15:57:35] WARNING: - 31 total trust relationships
[2025-06-21 16:07:33] WARNING: === Starting Twitter Trust System Collection ===
[2025-06-21 16:07:33] WARNING: Will collect tweets until reaching previous timestamp: 2025-05-12 06:54:05+00:00
[2025-06-21 16:07:33] WARNING: Retrieving page 1...
[2025-06-21 16:07:36] WARNING: Newest tweet is from: 2025-05-12 06:54:05+00:00
[2025-06-21 16:07:36] WARNING: Reached stop point at tweet from 2025-05-12 06:54:05+00:00
[2025-06-21 16:07:36] WARNING: Retrieved 0 new tweets on page 1
[2025-06-21 16:07:36] WARNING: Stopping pagination as we've reached the stop point
[2025-06-21 16:07:36] WARNING: Retrieved a total of 0 tweets across 1 pages
[2025-06-21 16:07:36] WARNING: No new tweets found with trust commands. Exiting without error.
[2025-06-21 16:07:36] WARNING: Collection complete!
[2025-06-21 16:07:36] WARNING: - 0 trust assignments processed
[2025-06-21 16:07:36] WARNING: - 2 users in trust network
[2025-06-21 16:07:36] WARNING: - 31 total trust relationships
[2025-06-21 16:17:32] WARNING: === Starting Twitter Trust System Collection ===
[2025-06-21 16:17:32] WARNING: Will collect tweets until reaching previous timestamp: 2025-05-12 06:54:05+00:00
[2025-06-21 16:17:32] WARNING: Retrieving page 1...
[2025-06-21 16:17:42] WARNING: Newest tweet is from: 2025-05-12 06:54:05+00:00
[2025-06-21 16:17:42] WARNING: Reached stop point at tweet from 2025-05-12 06:54:05+00:00
[2025-06-21 16:17:42] WARNING: Retrieved 0 new tweets on page 1
[2025-06-21 16:17:42] WARNING: Stopping pagination as we've reached the stop point
[2025-06-21 16:17:42] WARNING: Retrieved a total of 0 tweets across 1 pages
[2025-06-21 16:17:42] WARNING: No new tweets found with trust commands. Exiting without error.
[2025-06-21 16:17:42] WARNING: Collection complete!
[2025-06-21 16:17:42] WARNING: - 0 trust assignments processed
[2025-06-21 16:17:42] WARNING: - 2 users in trust network
[2025-06-21 16:17:42] WARNING: - 31 total trust relationships
[2025-06-21 16:27:32] WARNING: === Starting Twitter Trust System Collection ===
[2025-06-21 16:27:32] WARNING: Will collect tweets until reaching previous timestamp: 2025-05-12 06:54:05+00:00
[2025-06-21 16:27:32] WARNING: Retrieving page 1...
[2025-06-21 16:27:34] WARNING: Newest tweet is from: 2025-05-12 06:54:05+00:00
[2025-06-21 16:27:34] WARNING: Reached stop point at tweet from 2025-05-12 06:54:05+00:00
[2025-06-21 16:27:34] WARNING: Retrieved 0 new tweets on page 1
[2025-06-21 16:27:34] WARNING: Stopping pagination as we've reached the stop point
[2025-06-21 16:27:34] WARNING: Retrieved a total of 0 tweets across 1 pages
[2025-06-21 16:27:34] WARNING: No new tweets found with trust commands. Exiting without error.
[2025-06-21 16:27:34] WARNING: Collection complete!
[2025-06-21 16:27:34] WARNING: - 0 trust assignments processed
[2025-06-21 16:27:34] WARNING: - 2 users in trust network
[2025-06-21 16:27:34] WARNING: - 31 total trust relationships
[2025-06-21 16:37:32] WARNING: === Starting Twitter Trust System Collection ===
[2025-06-21 16:37:32] WARNING: Will collect tweets until reaching previous timestamp: 2025-05-12 06:54:05+00:00
[2025-06-21 16:37:32] WARNING: Retrieving page 1...
[2025-06-21 16:37:38] WARNING: Newest tweet is from: 2025-05-12 06:54:05+00:00
[2025-06-21 16:37:38] WARNING: Reached stop point at tweet from 2025-05-12 06:54:05+00:00
[2025-06-21 16:37:38] WARNING: Retrieved 0 new tweets on page 1
[2025-06-21 16:37:38] WARNING: Stopping pagination as we've reached the stop point
[2025-06-21 16:37:38] WARNING: Retrieved a total of 0 tweets across 1 pages
[2025-06-21 16:37:38] WARNING: No new tweets found with trust commands. Exiting without error.
[2025-06-21 16:37:38] WARNING: Collection complete!
[2025-06-21 16:37:38] WARNING: - 0 trust assignments processed
[2025-06-21 16:37:38] WARNING: - 2 users in trust network
[2025-06-21 16:37:38] WARNING: - 31 total trust relationships
[2025-06-21 16:47:32] WARNING: === Starting Twitter Trust System Collection ===
[2025-06-21 16:47:32] WARNING: Will collect tweets until reaching previous timestamp: 2025-05-12 06:54:05+00:00
[2025-06-21 16:47:32] WARNING: Retrieving page 1...
[2025-06-21 16:47:34] WARNING: Newest tweet is from: 2025-05-12 06:54:05+00:00
[2025-06-21 16:47:34] WARNING: Reached stop point at tweet from 2025-05-12 06:54:05+00:00
[2025-06-21 16:47:34] WARNING: Retrieved 0 new tweets on page 1
[2025-06-21 16:47:34] WARNING: Stopping pagination as we've reached the stop point
[2025-06-21 16:47:34] WARNING: Retrieved a total of 0 tweets across 1 pages
[2025-06-21 16:47:34] WARNING: No new tweets found with trust commands. Exiting without error.
[2025-06-21 16:47:34] WARNING: Collection complete!
[2025-06-21 16:47:34] WARNING: - 0 trust assignments processed
[2025-06-21 16:47:34] WARNING: - 2 users in trust network
[2025-06-21 16:47:34] WARNING: - 31 total trust relationships
[2025-06-21 16:57:32] WARNING: === Starting Twitter Trust System Collection ===
[2025-06-21 16:57:32] WARNING: Will collect tweets until reaching previous timestamp: 2025-05-12 06:54:05+00:00
[2025-06-21 16:57:32] WARNING: Retrieving page 1...
[2025-06-21 16:57:35] WARNING: Newest tweet is from: 2025-05-12 06:54:05+00:00
[2025-06-21 16:57:35] WARNING: Reached stop point at tweet from 2025-05-12 06:54:05+00:00
[2025-06-21 16:57:35] WARNING: Retrieved 0 new tweets on page 1
[2025-06-21 16:57:35] WARNING: Stopping pagination as we've reached the stop point
[2025-06-21 16:57:35] WARNING: Retrieved a total of 0 tweets across 1 pages
[2025-06-21 16:57:35] WARNING: No new tweets found with trust commands. Exiting without error.
[2025-06-21 16:57:35] WARNING: Collection complete!
[2025-06-21 16:57:35] WARNING: - 0 trust assignments processed
[2025-06-21 16:57:35] WARNING: - 2 users in trust network
[2025-06-21 16:57:35] WARNING: - 31 total trust relationships
[2025-06-21 17:07:32] WARNING: === Starting Twitter Trust System Collection ===
[2025-06-21 17:07:32] WARNING: Will collect tweets until reaching previous timestamp: 2025-05-12 06:54:05+00:00
[2025-06-21 17:07:32] WARNING: Retrieving page 1...
[2025-06-21 17:07:34] WARNING: Newest tweet is from: 2025-05-12 06:54:05+00:00
[2025-06-21 17:07:34] WARNING: Reached stop point at tweet from 2025-05-12 06:54:05+00:00
[2025-06-21 17:07:34] WARNING: Retrieved 0 new tweets on page 1
[2025-06-21 17:07:34] WARNING: Stopping pagination as we've reached the stop point
[2025-06-21 17:07:34] WARNING: Retrieved a total of 0 tweets across 1 pages
[2025-06-21 17:07:34] WARNING: No new tweets found with trust commands. Exiting without error.
[2025-06-21 17:07:34] WARNING: Collection complete!
[2025-06-21 17:07:34] WARNING: - 0 trust assignments processed
[2025-06-21 17:07:34] WARNING: - 2 users in trust network
[2025-06-21 17:07:34] WARNING: - 31 total trust relationships
[2025-06-21 17:17:32] WARNING: === Starting Twitter Trust System Collection ===
[2025-06-21 17:17:32] WARNING: Will collect tweets until reaching previous timestamp: 2025-05-12 06:54:05+00:00
[2025-06-21 17:17:32] WARNING: Retrieving page 1...
[2025-06-21 17:17:35] WARNING: Newest tweet is from: 2025-05-12 06:54:05+00:00
[2025-06-21 17:17:35] WARNING: Reached stop point at tweet from 2025-05-12 06:54:05+00:00
[2025-06-21 17:17:35] WARNING: Retrieved 0 new tweets on page 1
[2025-06-21 17:17:35] WARNING: Stopping pagination as we've reached the stop point
[2025-06-21 17:17:35] WARNING: Retrieved a total of 0 tweets across 1 pages
[2025-06-21 17:17:35] WARNING: No new tweets found with trust commands. Exiting without error.
[2025-06-21 17:17:35] WARNING: Collection complete!
[2025-06-21 17:17:35] WARNING: - 0 trust assignments processed
[2025-06-21 17:17:35] WARNING: - 2 users in trust network
[2025-06-21 17:17:35] WARNING: - 31 total trust relationships
[2025-06-21 17:27:32] WARNING: === Starting Twitter Trust System Collection ===
[2025-06-21 17:27:32] WARNING: Will collect tweets until reaching previous timestamp: 2025-05-12 06:54:05+00:00
[2025-06-21 17:27:32] WARNING: Retrieving page 1...
[2025-06-21 17:27:34] WARNING: Newest tweet is from: 2025-05-12 06:54:05+00:00
[2025-06-21 17:27:34] WARNING: Reached stop point at tweet from 2025-05-12 06:54:05+00:00
[2025-06-21 17:27:34] WARNING: Retrieved 0 new tweets on page 1
[2025-06-21 17:27:34] WARNING: Stopping pagination as we've reached the stop point
[2025-06-21 17:27:34] WARNING: Retrieved a total of 0 tweets across 1 pages
[2025-06-21 17:27:34] WARNING: No new tweets found with trust commands. Exiting without error.
[2025-06-21 17:27:34] WARNING: Collection complete!
[2025-06-21 17:27:34] WARNING: - 0 trust assignments processed
[2025-06-21 17:27:34] WARNING: - 2 users in trust network
[2025-06-21 17:27:34] WARNING: - 31 total trust relationships
[2025-06-21 17:37:32] WARNING: === Starting Twitter Trust System Collection ===
[2025-06-21 17:37:32] WARNING: Will collect tweets until reaching previous timestamp: 2025-05-12 06:54:05+00:00
[2025-06-21 17:37:32] WARNING: Retrieving page 1...
[2025-06-21 17:37:35] WARNING: Newest tweet is from: 2025-05-12 06:54:05+00:00
[2025-06-21 17:37:35] WARNING: Reached stop point at tweet from 2025-05-12 06:54:05+00:00
[2025-06-21 17:37:35] WARNING: Retrieved 0 new tweets on page 1
[2025-06-21 17:37:35] WARNING: Stopping pagination as we've reached the stop point
[2025-06-21 17:37:35] WARNING: Retrieved a total of 0 tweets across 1 pages
[2025-06-21 17:37:35] WARNING: No new tweets found with trust commands. Exiting without error.
[2025-06-21 17:37:35] WARNING: Collection complete!
[2025-06-21 17:37:35] WARNING: - 0 trust assignments processed
[2025-06-21 17:37:35] WARNING: - 2 users in trust network
[2025-06-21 17:37:35] WARNING: - 31 total trust relationships
[2025-06-21 17:47:32] WARNING: === Starting Twitter Trust System Collection ===
[2025-06-21 17:47:32] WARNING: Will collect tweets until reaching previous timestamp: 2025-05-12 06:54:05+00:00
[2025-06-21 17:47:32] WARNING: Retrieving page 1...
[2025-06-21 17:47:34] WARNING: Newest tweet is from: 2025-05-12 06:54:05+00:00
[2025-06-21 17:47:34] WARNING: Reached stop point at tweet from 2025-05-12 06:54:05+00:00
[2025-06-21 17:47:34] WARNING: Retrieved 0 new tweets on page 1
[2025-06-21 17:47:34] WARNING: Stopping pagination as we've reached the stop point
[2025-06-21 17:47:34] WARNING: Retrieved a total of 0 tweets across 1 pages
[2025-06-21 17:47:34] WARNING: No new tweets found with trust commands. Exiting without error.
[2025-06-21 17:47:34] WARNING: Collection complete!
[2025-06-21 17:47:34] WARNING: - 0 trust assignments processed
[2025-06-21 17:47:34] WARNING: - 2 users in trust network
[2025-06-21 17:47:34] WARNING: - 31 total trust relationships
[2025-06-21 17:57:32] WARNING: === Starting Twitter Trust System Collection ===
[2025-06-21 17:57:32] WARNING: Will collect tweets until reaching previous timestamp: 2025-05-12 06:54:05+00:00
[2025-06-21 17:57:32] WARNING: Retrieving page 1...
[2025-06-21 17:57:34] WARNING: Newest tweet is from: 2025-05-12 06:54:05+00:00
[2025-06-21 17:57:34] WARNING: Reached stop point at tweet from 2025-05-12 06:54:05+00:00
[2025-06-21 17:57:34] WARNING: Retrieved 0 new tweets on page 1
[2025-06-21 17:57:34] WARNING: Stopping pagination as we've reached the stop point
[2025-06-21 17:57:34] WARNING: Retrieved a total of 0 tweets across 1 pages
[2025-06-21 17:57:34] WARNING: No new tweets found with trust commands. Exiting without error.
[2025-06-21 17:57:34] WARNING: Collection complete!
[2025-06-21 17:57:34] WARNING: - 0 trust assignments processed
[2025-06-21 17:57:34] WARNING: - 2 users in trust network
[2025-06-21 17:57:34] WARNING: - 31 total trust relationships
