[2025-06-15 22:47:35] WARNING: Reached stop point at tweet from 2025-05-12 06:54:05+00:00
[2025-06-15 22:47:35] WARNING: Retrieved 0 new tweets on page 1
[2025-06-15 22:47:35] WARNING: Stopping pagination as we've reached the stop point
[2025-06-15 22:47:35] WARNING: Retrieved a total of 0 tweets across 1 pages
[2025-06-15 22:47:35] WARNING: No new tweets found with trust commands. Exiting without error.
[2025-06-15 22:47:35] WARNING: Collection complete!
[2025-06-15 22:47:35] WARNING: - 0 trust assignments processed
[2025-06-15 22:47:35] WARNING: - 2 users in trust network
[2025-06-15 22:47:35] WARNING: - 31 total trust relationships
[2025-06-15 22:57:33] WARNING: === Starting Twitter Trust System Collection ===
[2025-06-15 22:57:33] WARNING: Will collect tweets until reaching previous timestamp: 2025-05-12 06:54:05+00:00
[2025-06-15 22:57:33] WARNING: Retrieving page 1...
[2025-06-15 22:57:36] WARNING: Newest tweet is from: 2025-05-12 06:54:05+00:00
[2025-06-15 22:57:36] WARNING: Reached stop point at tweet from 2025-05-12 06:54:05+00:00
[2025-06-15 22:57:36] WARNING: Retrieved 0 new tweets on page 1
[2025-06-15 22:57:36] WARNING: Stopping pagination as we've reached the stop point
[2025-06-15 22:57:36] WARNING: Retrieved a total of 0 tweets across 1 pages
[2025-06-15 22:57:36] WARNING: No new tweets found with trust commands. Exiting without error.
[2025-06-15 22:57:36] WARNING: Collection complete!
[2025-06-15 22:57:36] WARNING: - 0 trust assignments processed
[2025-06-15 22:57:36] WARNING: - 2 users in trust network
[2025-06-15 22:57:36] WARNING: - 31 total trust relationships
[2025-06-15 23:07:33] WARNING: === Starting Twitter Trust System Collection ===
[2025-06-15 23:07:33] WARNING: Will collect tweets until reaching previous timestamp: 2025-05-12 06:54:05+00:00
[2025-06-15 23:07:33] WARNING: Retrieving page 1...
[2025-06-15 23:07:35] WARNING: Newest tweet is from: 2025-05-12 06:54:05+00:00
[2025-06-15 23:07:35] WARNING: Reached stop point at tweet from 2025-05-12 06:54:05+00:00
[2025-06-15 23:07:35] WARNING: Retrieved 0 new tweets on page 1
[2025-06-15 23:07:35] WARNING: Stopping pagination as we've reached the stop point
[2025-06-15 23:07:35] WARNING: Retrieved a total of 0 tweets across 1 pages
[2025-06-15 23:07:35] WARNING: No new tweets found with trust commands. Exiting without error.
[2025-06-15 23:07:35] WARNING: Collection complete!
[2025-06-15 23:07:35] WARNING: - 0 trust assignments processed
[2025-06-15 23:07:35] WARNING: - 2 users in trust network
[2025-06-15 23:07:35] WARNING: - 31 total trust relationships
[2025-06-15 23:17:33] WARNING: === Starting Twitter Trust System Collection ===
[2025-06-15 23:17:33] WARNING: Will collect tweets until reaching previous timestamp: 2025-05-12 06:54:05+00:00
[2025-06-15 23:17:33] WARNING: Retrieving page 1...
[2025-06-15 23:17:35] WARNING: Newest tweet is from: 2025-05-12 06:54:05+00:00
[2025-06-15 23:17:35] WARNING: Reached stop point at tweet from 2025-05-12 06:54:05+00:00
[2025-06-15 23:17:35] WARNING: Retrieved 0 new tweets on page 1
[2025-06-15 23:17:35] WARNING: Stopping pagination as we've reached the stop point
[2025-06-15 23:17:35] WARNING: Retrieved a total of 0 tweets across 1 pages
[2025-06-15 23:17:35] WARNING: No new tweets found with trust commands. Exiting without error.
[2025-06-15 23:17:35] WARNING: Collection complete!
[2025-06-15 23:17:35] WARNING: - 0 trust assignments processed
[2025-06-15 23:17:35] WARNING: - 2 users in trust network
[2025-06-15 23:17:35] WARNING: - 31 total trust relationships
[2025-06-15 23:27:33] WARNING: === Starting Twitter Trust System Collection ===
[2025-06-15 23:27:33] WARNING: Will collect tweets until reaching previous timestamp: 2025-05-12 06:54:05+00:00
[2025-06-15 23:27:33] WARNING: Retrieving page 1...
[2025-06-15 23:27:35] WARNING: Newest tweet is from: 2025-05-12 06:54:05+00:00
[2025-06-15 23:27:35] WARNING: Reached stop point at tweet from 2025-05-12 06:54:05+00:00
[2025-06-15 23:27:35] WARNING: Retrieved 0 new tweets on page 1
[2025-06-15 23:27:35] WARNING: Stopping pagination as we've reached the stop point
[2025-06-15 23:27:35] WARNING: Retrieved a total of 0 tweets across 1 pages
[2025-06-15 23:27:35] WARNING: No new tweets found with trust commands. Exiting without error.
[2025-06-15 23:27:35] WARNING: Collection complete!
[2025-06-15 23:27:35] WARNING: - 0 trust assignments processed
[2025-06-15 23:27:35] WARNING: - 2 users in trust network
[2025-06-15 23:27:35] WARNING: - 31 total trust relationships
[2025-06-15 23:37:33] WARNING: === Starting Twitter Trust System Collection ===
[2025-06-15 23:37:33] WARNING: Will collect tweets until reaching previous timestamp: 2025-05-12 06:54:05+00:00
[2025-06-15 23:37:33] WARNING: Retrieving page 1...
[2025-06-15 23:37:35] WARNING: Newest tweet is from: 2025-05-12 06:54:05+00:00
[2025-06-15 23:37:35] WARNING: Reached stop point at tweet from 2025-05-12 06:54:05+00:00
[2025-06-15 23:37:35] WARNING: Retrieved 0 new tweets on page 1
[2025-06-15 23:37:35] WARNING: Stopping pagination as we've reached the stop point
[2025-06-15 23:37:35] WARNING: Retrieved a total of 0 tweets across 1 pages
[2025-06-15 23:37:35] WARNING: No new tweets found with trust commands. Exiting without error.
[2025-06-15 23:37:35] WARNING: Collection complete!
[2025-06-15 23:37:35] WARNING: - 0 trust assignments processed
[2025-06-15 23:37:35] WARNING: - 2 users in trust network
[2025-06-15 23:37:35] WARNING: - 31 total trust relationships
[2025-06-15 23:47:35] WARNING: === Starting Twitter Trust System Collection ===
[2025-06-15 23:47:35] WARNING: Will collect tweets until reaching previous timestamp: 2025-05-12 06:54:05+00:00
[2025-06-15 23:47:35] WARNING: Retrieving page 1...
[2025-06-15 23:47:47] WARNING: Newest tweet is from: 2025-05-12 06:54:05+00:00
[2025-06-15 23:47:47] WARNING: Reached stop point at tweet from 2025-05-12 06:54:05+00:00
[2025-06-15 23:47:47] WARNING: Retrieved 0 new tweets on page 1
[2025-06-15 23:47:47] WARNING: Stopping pagination as we've reached the stop point
[2025-06-15 23:47:47] WARNING: Retrieved a total of 0 tweets across 1 pages
[2025-06-15 23:47:47] WARNING: No new tweets found with trust commands. Exiting without error.
[2025-06-15 23:47:47] WARNING: Collection complete!
[2025-06-15 23:47:47] WARNING: - 0 trust assignments processed
[2025-06-15 23:47:47] WARNING: - 2 users in trust network
[2025-06-15 23:47:47] WARNING: - 31 total trust relationships
[2025-06-15 23:57:33] WARNING: === Starting Twitter Trust System Collection ===
[2025-06-15 23:57:33] WARNING: Will collect tweets until reaching previous timestamp: 2025-05-12 06:54:05+00:00
[2025-06-15 23:57:33] WARNING: Retrieving page 1...
[2025-06-15 23:57:36] WARNING: Newest tweet is from: 2025-05-12 06:54:05+00:00
[2025-06-15 23:57:36] WARNING: Reached stop point at tweet from 2025-05-12 06:54:05+00:00
[2025-06-15 23:57:36] WARNING: Retrieved 0 new tweets on page 1
[2025-06-15 23:57:36] WARNING: Stopping pagination as we've reached the stop point
[2025-06-15 23:57:36] WARNING: Retrieved a total of 0 tweets across 1 pages
[2025-06-15 23:57:36] WARNING: No new tweets found with trust commands. Exiting without error.
[2025-06-15 23:57:36] WARNING: Collection complete!
[2025-06-15 23:57:36] WARNING: - 0 trust assignments processed
[2025-06-15 23:57:36] WARNING: - 2 users in trust network
[2025-06-15 23:57:36] WARNING: - 31 total trust relationships
[2025-06-16 00:07:33] WARNING: === Starting Twitter Trust System Collection ===
[2025-06-16 00:07:33] WARNING: Will collect tweets until reaching previous timestamp: 2025-05-12 06:54:05+00:00
[2025-06-16 00:07:33] WARNING: Retrieving page 1...
[2025-06-16 00:07:35] WARNING: Newest tweet is from: 2025-05-12 06:54:05+00:00
[2025-06-16 00:07:35] WARNING: Reached stop point at tweet from 2025-05-12 06:54:05+00:00
[2025-06-16 00:07:35] WARNING: Retrieved 0 new tweets on page 1
[2025-06-16 00:07:35] WARNING: Stopping pagination as we've reached the stop point
[2025-06-16 00:07:35] WARNING: Retrieved a total of 0 tweets across 1 pages
[2025-06-16 00:07:35] WARNING: No new tweets found with trust commands. Exiting without error.
[2025-06-16 00:07:35] WARNING: Collection complete!
[2025-06-16 00:07:35] WARNING: - 0 trust assignments processed
[2025-06-16 00:07:35] WARNING: - 2 users in trust network
[2025-06-16 00:07:35] WARNING: - 31 total trust relationships
[2025-06-16 00:17:33] WARNING: === Starting Twitter Trust System Collection ===
[2025-06-16 00:17:33] WARNING: Will collect tweets until reaching previous timestamp: 2025-05-12 06:54:05+00:00
[2025-06-16 00:17:33] WARNING: Retrieving page 1...
[2025-06-16 00:17:36] WARNING: Newest tweet is from: 2025-05-12 06:54:05+00:00
[2025-06-16 00:17:36] WARNING: Reached stop point at tweet from 2025-05-12 06:54:05+00:00
[2025-06-16 00:17:36] WARNING: Retrieved 0 new tweets on page 1
[2025-06-16 00:17:36] WARNING: Stopping pagination as we've reached the stop point
[2025-06-16 00:17:36] WARNING: Retrieved a total of 0 tweets across 1 pages
[2025-06-16 00:17:36] WARNING: No new tweets found with trust commands. Exiting without error.
[2025-06-16 00:17:36] WARNING: Collection complete!
[2025-06-16 00:17:36] WARNING: - 0 trust assignments processed
[2025-06-16 00:17:36] WARNING: - 2 users in trust network
[2025-06-16 00:17:36] WARNING: - 31 total trust relationships
[2025-06-16 00:27:33] WARNING: === Starting Twitter Trust System Collection ===
[2025-06-16 00:27:33] WARNING: Will collect tweets until reaching previous timestamp: 2025-05-12 06:54:05+00:00
[2025-06-16 00:27:33] WARNING: Retrieving page 1...
[2025-06-16 00:27:35] WARNING: Newest tweet is from: 2025-05-12 06:54:05+00:00
[2025-06-16 00:27:35] WARNING: Reached stop point at tweet from 2025-05-12 06:54:05+00:00
[2025-06-16 00:27:35] WARNING: Retrieved 0 new tweets on page 1
[2025-06-16 00:27:35] WARNING: Stopping pagination as we've reached the stop point
[2025-06-16 00:27:35] WARNING: Retrieved a total of 0 tweets across 1 pages
[2025-06-16 00:27:35] WARNING: No new tweets found with trust commands. Exiting without error.
[2025-06-16 00:27:35] WARNING: Collection complete!
[2025-06-16 00:27:35] WARNING: - 0 trust assignments processed
[2025-06-16 00:27:35] WARNING: - 2 users in trust network
[2025-06-16 00:27:35] WARNING: - 31 total trust relationships
[2025-06-16 00:37:33] WARNING: === Starting Twitter Trust System Collection ===
[2025-06-16 00:37:33] WARNING: Will collect tweets until reaching previous timestamp: 2025-05-12 06:54:05+00:00
[2025-06-16 00:37:33] WARNING: Retrieving page 1...
[2025-06-16 00:37:35] WARNING: Newest tweet is from: 2025-05-12 06:54:05+00:00
[2025-06-16 00:37:35] WARNING: Reached stop point at tweet from 2025-05-12 06:54:05+00:00
[2025-06-16 00:37:35] WARNING: Retrieved 0 new tweets on page 1
[2025-06-16 00:37:35] WARNING: Stopping pagination as we've reached the stop point
[2025-06-16 00:37:35] WARNING: Retrieved a total of 0 tweets across 1 pages
[2025-06-16 00:37:35] WARNING: No new tweets found with trust commands. Exiting without error.
[2025-06-16 00:37:35] WARNING: Collection complete!
[2025-06-16 00:37:35] WARNING: - 0 trust assignments processed
[2025-06-16 00:37:35] WARNING: - 2 users in trust network
[2025-06-16 00:37:35] WARNING: - 31 total trust relationships
[2025-06-16 00:47:33] WARNING: === Starting Twitter Trust System Collection ===
[2025-06-16 00:47:33] WARNING: Will collect tweets until reaching previous timestamp: 2025-05-12 06:54:05+00:00
[2025-06-16 00:47:33] WARNING: Retrieving page 1...
[2025-06-16 00:47:36] WARNING: Newest tweet is from: 2025-05-12 06:54:05+00:00
[2025-06-16 00:47:36] WARNING: Reached stop point at tweet from 2025-05-12 06:54:05+00:00
[2025-06-16 00:47:36] WARNING: Retrieved 0 new tweets on page 1
[2025-06-16 00:47:36] WARNING: Stopping pagination as we've reached the stop point
[2025-06-16 00:47:36] WARNING: Retrieved a total of 0 tweets across 1 pages
[2025-06-16 00:47:36] WARNING: No new tweets found with trust commands. Exiting without error.
[2025-06-16 00:47:36] WARNING: Collection complete!
[2025-06-16 00:47:36] WARNING: - 0 trust assignments processed
[2025-06-16 00:47:36] WARNING: - 2 users in trust network
[2025-06-16 00:47:36] WARNING: - 31 total trust relationships
[2025-06-16 00:57:33] WARNING: === Starting Twitter Trust System Collection ===
[2025-06-16 00:57:33] WARNING: Will collect tweets until reaching previous timestamp: 2025-05-12 06:54:05+00:00
[2025-06-16 00:57:33] WARNING: Retrieving page 1...
[2025-06-16 00:57:35] WARNING: Newest tweet is from: 2025-05-12 06:54:05+00:00
[2025-06-16 00:57:35] WARNING: Reached stop point at tweet from 2025-05-12 06:54:05+00:00
[2025-06-16 00:57:35] WARNING: Retrieved 0 new tweets on page 1
[2025-06-16 00:57:35] WARNING: Stopping pagination as we've reached the stop point
[2025-06-16 00:57:35] WARNING: Retrieved a total of 0 tweets across 1 pages
[2025-06-16 00:57:35] WARNING: No new tweets found with trust commands. Exiting without error.
[2025-06-16 00:57:35] WARNING: Collection complete!
[2025-06-16 00:57:35] WARNING: - 0 trust assignments processed
[2025-06-16 00:57:35] WARNING: - 2 users in trust network
[2025-06-16 00:57:35] WARNING: - 31 total trust relationships
[2025-06-16 01:07:33] WARNING: === Starting Twitter Trust System Collection ===
[2025-06-16 01:07:33] WARNING: Will collect tweets until reaching previous timestamp: 2025-05-12 06:54:05+00:00
[2025-06-16 01:07:33] WARNING: Retrieving page 1...
[2025-06-16 01:07:35] WARNING: Newest tweet is from: 2025-05-12 06:54:05+00:00
[2025-06-16 01:07:35] WARNING: Reached stop point at tweet from 2025-05-12 06:54:05+00:00
[2025-06-16 01:07:35] WARNING: Retrieved 0 new tweets on page 1
[2025-06-16 01:07:35] WARNING: Stopping pagination as we've reached the stop point
[2025-06-16 01:07:35] WARNING: Retrieved a total of 0 tweets across 1 pages
[2025-06-16 01:07:35] WARNING: No new tweets found with trust commands. Exiting without error.
[2025-06-16 01:07:35] WARNING: Collection complete!
[2025-06-16 01:07:35] WARNING: - 0 trust assignments processed
[2025-06-16 01:07:35] WARNING: - 2 users in trust network
[2025-06-16 01:07:35] WARNING: - 31 total trust relationships
[2025-06-16 01:17:33] WARNING: === Starting Twitter Trust System Collection ===
[2025-06-16 01:17:33] WARNING: Will collect tweets until reaching previous timestamp: 2025-05-12 06:54:05+00:00
[2025-06-16 01:17:33] WARNING: Retrieving page 1...
[2025-06-16 01:17:35] WARNING: Newest tweet is from: 2025-05-12 06:54:05+00:00
[2025-06-16 01:17:35] WARNING: Reached stop point at tweet from 2025-05-12 06:54:05+00:00
[2025-06-16 01:17:35] WARNING: Retrieved 0 new tweets on page 1
[2025-06-16 01:17:35] WARNING: Stopping pagination as we've reached the stop point
[2025-06-16 01:17:35] WARNING: Retrieved a total of 0 tweets across 1 pages
[2025-06-16 01:17:35] WARNING: No new tweets found with trust commands. Exiting without error.
[2025-06-16 01:17:35] WARNING: Collection complete!
[2025-06-16 01:17:35] WARNING: - 0 trust assignments processed
[2025-06-16 01:17:35] WARNING: - 2 users in trust network
[2025-06-16 01:17:35] WARNING: - 31 total trust relationships
[2025-06-16 01:27:33] WARNING: === Starting Twitter Trust System Collection ===
[2025-06-16 01:27:33] WARNING: Will collect tweets until reaching previous timestamp: 2025-05-12 06:54:05+00:00
[2025-06-16 01:27:33] WARNING: Retrieving page 1...
[2025-06-16 01:27:35] WARNING: Newest tweet is from: 2025-05-12 06:54:05+00:00
[2025-06-16 01:27:35] WARNING: Reached stop point at tweet from 2025-05-12 06:54:05+00:00
[2025-06-16 01:27:35] WARNING: Retrieved 0 new tweets on page 1
[2025-06-16 01:27:35] WARNING: Stopping pagination as we've reached the stop point
[2025-06-16 01:27:35] WARNING: Retrieved a total of 0 tweets across 1 pages
[2025-06-16 01:27:35] WARNING: No new tweets found with trust commands. Exiting without error.
[2025-06-16 01:27:35] WARNING: Collection complete!
[2025-06-16 01:27:35] WARNING: - 0 trust assignments processed
[2025-06-16 01:27:35] WARNING: - 2 users in trust network
[2025-06-16 01:27:35] WARNING: - 31 total trust relationships
[2025-06-16 01:37:33] WARNING: === Starting Twitter Trust System Collection ===
[2025-06-16 01:37:33] WARNING: Will collect tweets until reaching previous timestamp: 2025-05-12 06:54:05+00:00
[2025-06-16 01:37:33] WARNING: Retrieving page 1...
[2025-06-16 01:37:35] WARNING: Newest tweet is from: 2025-05-12 06:54:05+00:00
[2025-06-16 01:37:35] WARNING: Reached stop point at tweet from 2025-05-12 06:54:05+00:00
[2025-06-16 01:37:35] WARNING: Retrieved 0 new tweets on page 1
[2025-06-16 01:37:35] WARNING: Stopping pagination as we've reached the stop point
[2025-06-16 01:37:35] WARNING: Retrieved a total of 0 tweets across 1 pages
[2025-06-16 01:37:35] WARNING: No new tweets found with trust commands. Exiting without error.
[2025-06-16 01:37:35] WARNING: Collection complete!
[2025-06-16 01:37:35] WARNING: - 0 trust assignments processed
[2025-06-16 01:37:35] WARNING: - 2 users in trust network
[2025-06-16 01:37:35] WARNING: - 31 total trust relationships
[2025-06-16 01:47:33] WARNING: === Starting Twitter Trust System Collection ===
[2025-06-16 01:47:33] WARNING: Will collect tweets until reaching previous timestamp: 2025-05-12 06:54:05+00:00
[2025-06-16 01:47:33] WARNING: Retrieving page 1...
[2025-06-16 01:47:35] WARNING: Newest tweet is from: 2025-05-12 06:54:05+00:00
[2025-06-16 01:47:35] WARNING: Reached stop point at tweet from 2025-05-12 06:54:05+00:00
[2025-06-16 01:47:35] WARNING: Retrieved 0 new tweets on page 1
[2025-06-16 01:47:35] WARNING: Stopping pagination as we've reached the stop point
[2025-06-16 01:47:35] WARNING: Retrieved a total of 0 tweets across 1 pages
[2025-06-16 01:47:35] WARNING: No new tweets found with trust commands. Exiting without error.
[2025-06-16 01:47:35] WARNING: Collection complete!
[2025-06-16 01:47:35] WARNING: - 0 trust assignments processed
[2025-06-16 01:47:35] WARNING: - 2 users in trust network
[2025-06-16 01:47:35] WARNING: - 31 total trust relationships
[2025-06-16 01:57:33] WARNING: === Starting Twitter Trust System Collection ===
[2025-06-16 01:57:33] WARNING: Will collect tweets until reaching previous timestamp: 2025-05-12 06:54:05+00:00
[2025-06-16 01:57:33] WARNING: Retrieving page 1...
[2025-06-16 01:57:35] WARNING: Newest tweet is from: 2025-05-12 06:54:05+00:00
[2025-06-16 01:57:35] WARNING: Reached stop point at tweet from 2025-05-12 06:54:05+00:00
[2025-06-16 01:57:35] WARNING: Retrieved 0 new tweets on page 1
[2025-06-16 01:57:35] WARNING: Stopping pagination as we've reached the stop point
[2025-06-16 01:57:35] WARNING: Retrieved a total of 0 tweets across 1 pages
[2025-06-16 01:57:35] WARNING: No new tweets found with trust commands. Exiting without error.
[2025-06-16 01:57:35] WARNING: Collection complete!
[2025-06-16 01:57:35] WARNING: - 0 trust assignments processed
[2025-06-16 01:57:35] WARNING: - 2 users in trust network
[2025-06-16 01:57:35] WARNING: - 31 total trust relationships
[2025-06-16 02:07:34] WARNING: === Starting Twitter Trust System Collection ===
[2025-06-16 02:07:34] WARNING: Will collect tweets until reaching previous timestamp: 2025-05-12 06:54:05+00:00
[2025-06-16 02:07:34] WARNING: Retrieving page 1...
[2025-06-16 02:07:35] WARNING: Newest tweet is from: 2025-05-12 06:54:05+00:00
[2025-06-16 02:07:35] WARNING: Reached stop point at tweet from 2025-05-12 06:54:05+00:00
[2025-06-16 02:07:35] WARNING: Retrieved 0 new tweets on page 1
[2025-06-16 02:07:35] WARNING: Stopping pagination as we've reached the stop point
[2025-06-16 02:07:35] WARNING: Retrieved a total of 0 tweets across 1 pages
[2025-06-16 02:07:35] WARNING: No new tweets found with trust commands. Exiting without error.
[2025-06-16 02:07:35] WARNING: Collection complete!
[2025-06-16 02:07:35] WARNING: - 0 trust assignments processed
[2025-06-16 02:07:35] WARNING: - 2 users in trust network
[2025-06-16 02:07:35] WARNING: - 31 total trust relationships
[2025-06-16 02:17:34] WARNING: === Starting Twitter Trust System Collection ===
[2025-06-16 02:17:34] WARNING: Will collect tweets until reaching previous timestamp: 2025-05-12 06:54:05+00:00
[2025-06-16 02:17:34] WARNING: Retrieving page 1...
[2025-06-16 02:17:36] WARNING: Newest tweet is from: 2025-05-12 06:54:05+00:00
[2025-06-16 02:17:36] WARNING: Reached stop point at tweet from 2025-05-12 06:54:05+00:00
[2025-06-16 02:17:36] WARNING: Retrieved 0 new tweets on page 1
[2025-06-16 02:17:36] WARNING: Stopping pagination as we've reached the stop point
[2025-06-16 02:17:36] WARNING: Retrieved a total of 0 tweets across 1 pages
[2025-06-16 02:17:36] WARNING: No new tweets found with trust commands. Exiting without error.
[2025-06-16 02:17:36] WARNING: Collection complete!
[2025-06-16 02:17:36] WARNING: - 0 trust assignments processed
[2025-06-16 02:17:36] WARNING: - 2 users in trust network
[2025-06-16 02:17:36] WARNING: - 31 total trust relationships
[2025-06-16 02:27:33] WARNING: === Starting Twitter Trust System Collection ===
[2025-06-16 02:27:33] WARNING: Will collect tweets until reaching previous timestamp: 2025-05-12 06:54:05+00:00
[2025-06-16 02:27:33] WARNING: Retrieving page 1...
[2025-06-16 02:27:35] WARNING: Newest tweet is from: 2025-05-12 06:54:05+00:00
[2025-06-16 02:27:35] WARNING: Reached stop point at tweet from 2025-05-12 06:54:05+00:00
[2025-06-16 02:27:35] WARNING: Retrieved 0 new tweets on page 1
[2025-06-16 02:27:35] WARNING: Stopping pagination as we've reached the stop point
[2025-06-16 02:27:35] WARNING: Retrieved a total of 0 tweets across 1 pages
[2025-06-16 02:27:35] WARNING: No new tweets found with trust commands. Exiting without error.
[2025-06-16 02:27:35] WARNING: Collection complete!
[2025-06-16 02:27:35] WARNING: - 0 trust assignments processed
[2025-06-16 02:27:35] WARNING: - 2 users in trust network
[2025-06-16 02:27:35] WARNING: - 31 total trust relationships
[2025-06-16 02:37:33] WARNING: === Starting Twitter Trust System Collection ===
[2025-06-16 02:37:33] WARNING: Will collect tweets until reaching previous timestamp: 2025-05-12 06:54:05+00:00
[2025-06-16 02:37:33] WARNING: Retrieving page 1...
[2025-06-16 02:37:35] WARNING: Newest tweet is from: 2025-05-12 06:54:05+00:00
[2025-06-16 02:37:35] WARNING: Reached stop point at tweet from 2025-05-12 06:54:05+00:00
[2025-06-16 02:37:35] WARNING: Retrieved 0 new tweets on page 1
[2025-06-16 02:37:35] WARNING: Stopping pagination as we've reached the stop point
[2025-06-16 02:37:35] WARNING: Retrieved a total of 0 tweets across 1 pages
[2025-06-16 02:37:35] WARNING: No new tweets found with trust commands. Exiting without error.
[2025-06-16 02:37:35] WARNING: Collection complete!
[2025-06-16 02:37:35] WARNING: - 0 trust assignments processed
[2025-06-16 02:37:35] WARNING: - 2 users in trust network
[2025-06-16 02:37:35] WARNING: - 31 total trust relationships
[2025-06-16 02:47:35] WARNING: === Starting Twitter Trust System Collection ===
[2025-06-16 02:47:35] WARNING: Will collect tweets until reaching previous timestamp: 2025-05-12 06:54:05+00:00
[2025-06-16 02:47:35] WARNING: Retrieving page 1...
[2025-06-16 02:47:36] WARNING: Newest tweet is from: 2025-05-12 06:54:05+00:00
[2025-06-16 02:47:36] WARNING: Reached stop point at tweet from 2025-05-12 06:54:05+00:00
[2025-06-16 02:47:36] WARNING: Retrieved 0 new tweets on page 1
[2025-06-16 02:47:36] WARNING: Stopping pagination as we've reached the stop point
[2025-06-16 02:47:36] WARNING: Retrieved a total of 0 tweets across 1 pages
[2025-06-16 02:47:36] WARNING: No new tweets found with trust commands. Exiting without error.
[2025-06-16 02:47:36] WARNING: Collection complete!
[2025-06-16 02:47:36] WARNING: - 0 trust assignments processed
[2025-06-16 02:47:36] WARNING: - 2 users in trust network
[2025-06-16 02:47:36] WARNING: - 31 total trust relationships
[2025-06-16 02:57:34] WARNING: === Starting Twitter Trust System Collection ===
[2025-06-16 02:57:34] WARNING: Will collect tweets until reaching previous timestamp: 2025-05-12 06:54:05+00:00
[2025-06-16 02:57:34] WARNING: Retrieving page 1...
[2025-06-16 02:57:35] WARNING: Newest tweet is from: 2025-05-12 06:54:05+00:00
[2025-06-16 02:57:35] WARNING: Reached stop point at tweet from 2025-05-12 06:54:05+00:00
[2025-06-16 02:57:35] WARNING: Retrieved 0 new tweets on page 1
[2025-06-16 02:57:35] WARNING: Stopping pagination as we've reached the stop point
[2025-06-16 02:57:35] WARNING: Retrieved a total of 0 tweets across 1 pages
[2025-06-16 02:57:35] WARNING: No new tweets found with trust commands. Exiting without error.
[2025-06-16 02:57:35] WARNING: Collection complete!
[2025-06-16 02:57:35] WARNING: - 0 trust assignments processed
[2025-06-16 02:57:35] WARNING: - 2 users in trust network
[2025-06-16 02:57:35] WARNING: - 31 total trust relationships
[2025-06-16 03:07:33] WARNING: === Starting Twitter Trust System Collection ===
[2025-06-16 03:07:33] WARNING: Will collect tweets until reaching previous timestamp: 2025-05-12 06:54:05+00:00
[2025-06-16 03:07:33] WARNING: Retrieving page 1...
[2025-06-16 03:07:35] WARNING: Newest tweet is from: 2025-05-12 06:54:05+00:00
[2025-06-16 03:07:35] WARNING: Reached stop point at tweet from 2025-05-12 06:54:05+00:00
[2025-06-16 03:07:35] WARNING: Retrieved 0 new tweets on page 1
[2025-06-16 03:07:35] WARNING: Stopping pagination as we've reached the stop point
[2025-06-16 03:07:35] WARNING: Retrieved a total of 0 tweets across 1 pages
[2025-06-16 03:07:35] WARNING: No new tweets found with trust commands. Exiting without error.
[2025-06-16 03:07:35] WARNING: Collection complete!
[2025-06-16 03:07:35] WARNING: - 0 trust assignments processed
[2025-06-16 03:07:35] WARNING: - 2 users in trust network
[2025-06-16 03:07:35] WARNING: - 31 total trust relationships
[2025-06-16 03:17:34] WARNING: === Starting Twitter Trust System Collection ===
[2025-06-16 03:17:34] WARNING: Will collect tweets until reaching previous timestamp: 2025-05-12 06:54:05+00:00
[2025-06-16 03:17:34] WARNING: Retrieving page 1...
[2025-06-16 03:17:36] WARNING: Newest tweet is from: 2025-05-12 06:54:05+00:00
[2025-06-16 03:17:36] WARNING: Reached stop point at tweet from 2025-05-12 06:54:05+00:00
[2025-06-16 03:17:36] WARNING: Retrieved 0 new tweets on page 1
[2025-06-16 03:17:36] WARNING: Stopping pagination as we've reached the stop point
[2025-06-16 03:17:36] WARNING: Retrieved a total of 0 tweets across 1 pages
[2025-06-16 03:17:36] WARNING: No new tweets found with trust commands. Exiting without error.
[2025-06-16 03:17:36] WARNING: Collection complete!
[2025-06-16 03:17:36] WARNING: - 0 trust assignments processed
[2025-06-16 03:17:36] WARNING: - 2 users in trust network
[2025-06-16 03:17:36] WARNING: - 31 total trust relationships
[2025-06-16 03:27:33] WARNING: === Starting Twitter Trust System Collection ===
[2025-06-16 03:27:33] WARNING: Will collect tweets until reaching previous timestamp: 2025-05-12 06:54:05+00:00
[2025-06-16 03:27:33] WARNING: Retrieving page 1...
[2025-06-16 03:27:34] WARNING: Newest tweet is from: 2025-05-12 06:54:05+00:00
[2025-06-16 03:27:34] WARNING: Reached stop point at tweet from 2025-05-12 06:54:05+00:00
[2025-06-16 03:27:34] WARNING: Retrieved 0 new tweets on page 1
[2025-06-16 03:27:34] WARNING: Stopping pagination as we've reached the stop point
[2025-06-16 03:27:34] WARNING: Retrieved a total of 0 tweets across 1 pages
[2025-06-16 03:27:34] WARNING: No new tweets found with trust commands. Exiting without error.
[2025-06-16 03:27:34] WARNING: Collection complete!
[2025-06-16 03:27:34] WARNING: - 0 trust assignments processed
[2025-06-16 03:27:34] WARNING: - 2 users in trust network
[2025-06-16 03:27:34] WARNING: - 31 total trust relationships
[2025-06-16 03:37:32] WARNING: === Starting Twitter Trust System Collection ===
[2025-06-16 03:37:32] WARNING: Will collect tweets until reaching previous timestamp: 2025-05-12 06:54:05+00:00
[2025-06-16 03:37:32] WARNING: Retrieving page 1...
[2025-06-16 03:37:34] WARNING: Newest tweet is from: 2025-05-12 06:54:05+00:00
[2025-06-16 03:37:34] WARNING: Reached stop point at tweet from 2025-05-12 06:54:05+00:00
[2025-06-16 03:37:34] WARNING: Retrieved 0 new tweets on page 1
[2025-06-16 03:37:34] WARNING: Stopping pagination as we've reached the stop point
[2025-06-16 03:37:34] WARNING: Retrieved a total of 0 tweets across 1 pages
[2025-06-16 03:37:34] WARNING: No new tweets found with trust commands. Exiting without error.
[2025-06-16 03:37:34] WARNING: Collection complete!
[2025-06-16 03:37:34] WARNING: - 0 trust assignments processed
[2025-06-16 03:37:34] WARNING: - 2 users in trust network
[2025-06-16 03:37:34] WARNING: - 31 total trust relationships
[2025-06-16 03:47:32] WARNING: === Starting Twitter Trust System Collection ===
[2025-06-16 03:47:32] WARNING: Will collect tweets until reaching previous timestamp: 2025-05-12 06:54:05+00:00
[2025-06-16 03:47:32] WARNING: Retrieving page 1...
[2025-06-16 03:47:35] WARNING: Newest tweet is from: 2025-05-12 06:54:05+00:00
[2025-06-16 03:47:35] WARNING: Reached stop point at tweet from 2025-05-12 06:54:05+00:00
[2025-06-16 03:47:35] WARNING: Retrieved 0 new tweets on page 1
[2025-06-16 03:47:35] WARNING: Stopping pagination as we've reached the stop point
[2025-06-16 03:47:35] WARNING: Retrieved a total of 0 tweets across 1 pages
[2025-06-16 03:47:35] WARNING: No new tweets found with trust commands. Exiting without error.
[2025-06-16 03:47:35] WARNING: Collection complete!
[2025-06-16 03:47:35] WARNING: - 0 trust assignments processed
[2025-06-16 03:47:35] WARNING: - 2 users in trust network
[2025-06-16 03:47:35] WARNING: - 31 total trust relationships
[2025-06-16 03:57:32] WARNING: === Starting Twitter Trust System Collection ===
[2025-06-16 03:57:32] WARNING: Will collect tweets until reaching previous timestamp: 2025-05-12 06:54:05+00:00
[2025-06-16 03:57:32] WARNING: Retrieving page 1...
[2025-06-16 03:57:34] WARNING: Newest tweet is from: 2025-05-12 06:54:05+00:00
[2025-06-16 03:57:34] WARNING: Reached stop point at tweet from 2025-05-12 06:54:05+00:00
[2025-06-16 03:57:34] WARNING: Retrieved 0 new tweets on page 1
[2025-06-16 03:57:34] WARNING: Stopping pagination as we've reached the stop point
[2025-06-16 03:57:34] WARNING: Retrieved a total of 0 tweets across 1 pages
[2025-06-16 03:57:34] WARNING: No new tweets found with trust commands. Exiting without error.
[2025-06-16 03:57:34] WARNING: Collection complete!
[2025-06-16 03:57:34] WARNING: - 0 trust assignments processed
[2025-06-16 03:57:34] WARNING: - 2 users in trust network
[2025-06-16 03:57:34] WARNING: - 31 total trust relationships
[2025-06-16 04:07:32] WARNING: === Starting Twitter Trust System Collection ===
[2025-06-16 04:07:32] WARNING: Will collect tweets until reaching previous timestamp: 2025-05-12 06:54:05+00:00
[2025-06-16 04:07:32] WARNING: Retrieving page 1...
[2025-06-16 04:07:36] WARNING: Newest tweet is from: 2025-05-12 06:54:05+00:00
[2025-06-16 04:07:36] WARNING: Reached stop point at tweet from 2025-05-12 06:54:05+00:00
[2025-06-16 04:07:36] WARNING: Retrieved 0 new tweets on page 1
[2025-06-16 04:07:36] WARNING: Stopping pagination as we've reached the stop point
[2025-06-16 04:07:36] WARNING: Retrieved a total of 0 tweets across 1 pages
[2025-06-16 04:07:36] WARNING: No new tweets found with trust commands. Exiting without error.
[2025-06-16 04:07:36] WARNING: Collection complete!
[2025-06-16 04:07:36] WARNING: - 0 trust assignments processed
[2025-06-16 04:07:36] WARNING: - 2 users in trust network
[2025-06-16 04:07:36] WARNING: - 31 total trust relationships
[2025-06-16 04:17:33] WARNING: === Starting Twitter Trust System Collection ===
[2025-06-16 04:17:33] WARNING: Will collect tweets until reaching previous timestamp: 2025-05-12 06:54:05+00:00
[2025-06-16 04:17:33] WARNING: Retrieving page 1...
[2025-06-16 04:17:35] WARNING: Newest tweet is from: 2025-05-12 06:54:05+00:00
[2025-06-16 04:17:35] WARNING: Reached stop point at tweet from 2025-05-12 06:54:05+00:00
[2025-06-16 04:17:35] WARNING: Retrieved 0 new tweets on page 1
[2025-06-16 04:17:35] WARNING: Stopping pagination as we've reached the stop point
[2025-06-16 04:17:35] WARNING: Retrieved a total of 0 tweets across 1 pages
[2025-06-16 04:17:35] WARNING: No new tweets found with trust commands. Exiting without error.
[2025-06-16 04:17:35] WARNING: Collection complete!
[2025-06-16 04:17:35] WARNING: - 0 trust assignments processed
[2025-06-16 04:17:35] WARNING: - 2 users in trust network
[2025-06-16 04:17:35] WARNING: - 31 total trust relationships
[2025-06-16 04:27:33] WARNING: === Starting Twitter Trust System Collection ===
[2025-06-16 04:27:33] WARNING: Will collect tweets until reaching previous timestamp: 2025-05-12 06:54:05+00:00
[2025-06-16 04:27:33] WARNING: Retrieving page 1...
[2025-06-16 04:27:36] WARNING: Newest tweet is from: 2025-05-12 06:54:05+00:00
[2025-06-16 04:27:36] WARNING: Reached stop point at tweet from 2025-05-12 06:54:05+00:00
[2025-06-16 04:27:36] WARNING: Retrieved 0 new tweets on page 1
[2025-06-16 04:27:36] WARNING: Stopping pagination as we've reached the stop point
[2025-06-16 04:27:36] WARNING: Retrieved a total of 0 tweets across 1 pages
[2025-06-16 04:27:36] WARNING: No new tweets found with trust commands. Exiting without error.
[2025-06-16 04:27:36] WARNING: Collection complete!
[2025-06-16 04:27:36] WARNING: - 0 trust assignments processed
[2025-06-16 04:27:36] WARNING: - 2 users in trust network
[2025-06-16 04:27:36] WARNING: - 31 total trust relationships
[2025-06-16 04:37:32] WARNING: === Starting Twitter Trust System Collection ===
[2025-06-16 04:37:32] WARNING: Will collect tweets until reaching previous timestamp: 2025-05-12 06:54:05+00:00
[2025-06-16 04:37:32] WARNING: Retrieving page 1...
[2025-06-16 04:37:34] WARNING: Newest tweet is from: 2025-05-12 06:54:05+00:00
[2025-06-16 04:37:34] WARNING: Reached stop point at tweet from 2025-05-12 06:54:05+00:00
[2025-06-16 04:37:34] WARNING: Retrieved 0 new tweets on page 1
[2025-06-16 04:37:34] WARNING: Stopping pagination as we've reached the stop point
[2025-06-16 04:37:34] WARNING: Retrieved a total of 0 tweets across 1 pages
[2025-06-16 04:37:34] WARNING: No new tweets found with trust commands. Exiting without error.
[2025-06-16 04:37:34] WARNING: Collection complete!
[2025-06-16 04:37:34] WARNING: - 0 trust assignments processed
[2025-06-16 04:37:34] WARNING: - 2 users in trust network
[2025-06-16 04:37:34] WARNING: - 31 total trust relationships
[2025-06-16 04:47:33] WARNING: === Starting Twitter Trust System Collection ===
[2025-06-16 04:47:33] WARNING: Will collect tweets until reaching previous timestamp: 2025-05-12 06:54:05+00:00
[2025-06-16 04:47:33] WARNING: Retrieving page 1...
[2025-06-16 04:47:34] WARNING: Newest tweet is from: 2025-05-12 06:54:05+00:00
[2025-06-16 04:47:34] WARNING: Reached stop point at tweet from 2025-05-12 06:54:05+00:00
[2025-06-16 04:47:34] WARNING: Retrieved 0 new tweets on page 1
[2025-06-16 04:47:34] WARNING: Stopping pagination as we've reached the stop point
[2025-06-16 04:47:34] WARNING: Retrieved a total of 0 tweets across 1 pages
[2025-06-16 04:47:34] WARNING: No new tweets found with trust commands. Exiting without error.
[2025-06-16 04:47:34] WARNING: Collection complete!
[2025-06-16 04:47:34] WARNING: - 0 trust assignments processed
[2025-06-16 04:47:34] WARNING: - 2 users in trust network
[2025-06-16 04:47:34] WARNING: - 31 total trust relationships
[2025-06-16 04:57:33] WARNING: === Starting Twitter Trust System Collection ===
[2025-06-16 04:57:33] WARNING: Will collect tweets until reaching previous timestamp: 2025-05-12 06:54:05+00:00
[2025-06-16 04:57:33] WARNING: Retrieving page 1...
[2025-06-16 04:57:35] WARNING: Newest tweet is from: 2025-05-12 06:54:05+00:00
[2025-06-16 04:57:35] WARNING: Reached stop point at tweet from 2025-05-12 06:54:05+00:00
[2025-06-16 04:57:35] WARNING: Retrieved 0 new tweets on page 1
[2025-06-16 04:57:35] WARNING: Stopping pagination as we've reached the stop point
[2025-06-16 04:57:35] WARNING: Retrieved a total of 0 tweets across 1 pages
[2025-06-16 04:57:35] WARNING: No new tweets found with trust commands. Exiting without error.
[2025-06-16 04:57:35] WARNING: Collection complete!
[2025-06-16 04:57:35] WARNING: - 0 trust assignments processed
[2025-06-16 04:57:35] WARNING: - 2 users in trust network
[2025-06-16 04:57:35] WARNING: - 31 total trust relationships
[2025-06-16 05:07:33] WARNING: === Starting Twitter Trust System Collection ===
[2025-06-16 05:07:33] WARNING: Will collect tweets until reaching previous timestamp: 2025-05-12 06:54:05+00:00
[2025-06-16 05:07:33] WARNING: Retrieving page 1...
[2025-06-16 05:07:35] WARNING: Newest tweet is from: 2025-05-12 06:54:05+00:00
[2025-06-16 05:07:35] WARNING: Reached stop point at tweet from 2025-05-12 06:54:05+00:00
[2025-06-16 05:07:35] WARNING: Retrieved 0 new tweets on page 1
[2025-06-16 05:07:35] WARNING: Stopping pagination as we've reached the stop point
[2025-06-16 05:07:35] WARNING: Retrieved a total of 0 tweets across 1 pages
[2025-06-16 05:07:35] WARNING: No new tweets found with trust commands. Exiting without error.
[2025-06-16 05:07:35] WARNING: Collection complete!
[2025-06-16 05:07:35] WARNING: - 0 trust assignments processed
[2025-06-16 05:07:35] WARNING: - 2 users in trust network
[2025-06-16 05:07:35] WARNING: - 31 total trust relationships
[2025-06-16 05:17:33] WARNING: === Starting Twitter Trust System Collection ===
[2025-06-16 05:17:33] WARNING: Will collect tweets until reaching previous timestamp: 2025-05-12 06:54:05+00:00
[2025-06-16 05:17:33] WARNING: Retrieving page 1...
[2025-06-16 05:17:35] WARNING: Newest tweet is from: 2025-05-12 06:54:05+00:00
[2025-06-16 05:17:35] WARNING: Reached stop point at tweet from 2025-05-12 06:54:05+00:00
[2025-06-16 05:17:35] WARNING: Retrieved 0 new tweets on page 1
[2025-06-16 05:17:35] WARNING: Stopping pagination as we've reached the stop point
[2025-06-16 05:17:35] WARNING: Retrieved a total of 0 tweets across 1 pages
[2025-06-16 05:17:35] WARNING: No new tweets found with trust commands. Exiting without error.
[2025-06-16 05:17:35] WARNING: Collection complete!
[2025-06-16 05:17:35] WARNING: - 0 trust assignments processed
[2025-06-16 05:17:35] WARNING: - 2 users in trust network
[2025-06-16 05:17:35] WARNING: - 31 total trust relationships
[2025-06-16 05:27:32] WARNING: === Starting Twitter Trust System Collection ===
[2025-06-16 05:27:32] WARNING: Will collect tweets until reaching previous timestamp: 2025-05-12 06:54:05+00:00
[2025-06-16 05:27:32] WARNING: Retrieving page 1...
[2025-06-16 05:27:35] WARNING: Newest tweet is from: 2025-05-12 06:54:05+00:00
[2025-06-16 05:27:35] WARNING: Reached stop point at tweet from 2025-05-12 06:54:05+00:00
[2025-06-16 05:27:35] WARNING: Retrieved 0 new tweets on page 1
[2025-06-16 05:27:35] WARNING: Stopping pagination as we've reached the stop point
[2025-06-16 05:27:35] WARNING: Retrieved a total of 0 tweets across 1 pages
[2025-06-16 05:27:35] WARNING: No new tweets found with trust commands. Exiting without error.
[2025-06-16 05:27:35] WARNING: Collection complete!
[2025-06-16 05:27:35] WARNING: - 0 trust assignments processed
[2025-06-16 05:27:35] WARNING: - 2 users in trust network
[2025-06-16 05:27:35] WARNING: - 31 total trust relationships
[2025-06-16 05:37:32] WARNING: === Starting Twitter Trust System Collection ===
[2025-06-16 05:37:32] WARNING: Will collect tweets until reaching previous timestamp: 2025-05-12 06:54:05+00:00
[2025-06-16 05:37:32] WARNING: Retrieving page 1...
[2025-06-16 05:37:35] WARNING: Newest tweet is from: 2025-05-12 06:54:05+00:00
[2025-06-16 05:37:35] WARNING: Reached stop point at tweet from 2025-05-12 06:54:05+00:00
[2025-06-16 05:37:35] WARNING: Retrieved 0 new tweets on page 1
[2025-06-16 05:37:35] WARNING: Stopping pagination as we've reached the stop point
[2025-06-16 05:37:35] WARNING: Retrieved a total of 0 tweets across 1 pages
[2025-06-16 05:37:35] WARNING: No new tweets found with trust commands. Exiting without error.
[2025-06-16 05:37:35] WARNING: Collection complete!
[2025-06-16 05:37:35] WARNING: - 0 trust assignments processed
[2025-06-16 05:37:35] WARNING: - 2 users in trust network
[2025-06-16 05:37:35] WARNING: - 31 total trust relationships
[2025-06-16 05:47:33] WARNING: === Starting Twitter Trust System Collection ===
[2025-06-16 05:47:33] WARNING: Will collect tweets until reaching previous timestamp: 2025-05-12 06:54:05+00:00
[2025-06-16 05:47:33] WARNING: Retrieving page 1...
[2025-06-16 05:47:36] WARNING: Newest tweet is from: 2025-05-12 06:54:05+00:00
[2025-06-16 05:47:36] WARNING: Reached stop point at tweet from 2025-05-12 06:54:05+00:00
[2025-06-16 05:47:36] WARNING: Retrieved 0 new tweets on page 1
[2025-06-16 05:47:36] WARNING: Stopping pagination as we've reached the stop point
[2025-06-16 05:47:36] WARNING: Retrieved a total of 0 tweets across 1 pages
[2025-06-16 05:47:36] WARNING: No new tweets found with trust commands. Exiting without error.
[2025-06-16 05:47:36] WARNING: Collection complete!
[2025-06-16 05:47:36] WARNING: - 0 trust assignments processed
[2025-06-16 05:47:36] WARNING: - 2 users in trust network
[2025-06-16 05:47:36] WARNING: - 31 total trust relationships
[2025-06-16 05:57:33] WARNING: === Starting Twitter Trust System Collection ===
[2025-06-16 05:57:33] WARNING: Will collect tweets until reaching previous timestamp: 2025-05-12 06:54:05+00:00
[2025-06-16 05:57:33] WARNING: Retrieving page 1...
[2025-06-16 05:57:34] WARNING: Newest tweet is from: 2025-05-12 06:54:05+00:00
[2025-06-16 05:57:34] WARNING: Reached stop point at tweet from 2025-05-12 06:54:05+00:00
[2025-06-16 05:57:34] WARNING: Retrieved 0 new tweets on page 1
[2025-06-16 05:57:34] WARNING: Stopping pagination as we've reached the stop point
[2025-06-16 05:57:34] WARNING: Retrieved a total of 0 tweets across 1 pages
[2025-06-16 05:57:34] WARNING: No new tweets found with trust commands. Exiting without error.
[2025-06-16 05:57:34] WARNING: Collection complete!
[2025-06-16 05:57:34] WARNING: - 0 trust assignments processed
[2025-06-16 05:57:34] WARNING: - 2 users in trust network
[2025-06-16 05:57:34] WARNING: - 31 total trust relationships
[2025-06-16 06:07:34] WARNING: === Starting Twitter Trust System Collection ===
[2025-06-16 06:07:34] WARNING: Will collect tweets until reaching previous timestamp: 2025-05-12 06:54:05+00:00
[2025-06-16 06:07:34] WARNING: Retrieving page 1...
[2025-06-16 06:07:35] WARNING: Newest tweet is from: 2025-05-12 06:54:05+00:00
[2025-06-16 06:07:35] WARNING: Reached stop point at tweet from 2025-05-12 06:54:05+00:00
[2025-06-16 06:07:35] WARNING: Retrieved 0 new tweets on page 1
[2025-06-16 06:07:35] WARNING: Stopping pagination as we've reached the stop point
[2025-06-16 06:07:35] WARNING: Retrieved a total of 0 tweets across 1 pages
[2025-06-16 06:07:35] WARNING: No new tweets found with trust commands. Exiting without error.
[2025-06-16 06:07:35] WARNING: Collection complete!
[2025-06-16 06:07:35] WARNING: - 0 trust assignments processed
[2025-06-16 06:07:35] WARNING: - 2 users in trust network
[2025-06-16 06:07:35] WARNING: - 31 total trust relationships
[2025-06-16 06:17:34] WARNING: === Starting Twitter Trust System Collection ===
[2025-06-16 06:17:34] WARNING: Will collect tweets until reaching previous timestamp: 2025-05-12 06:54:05+00:00
[2025-06-16 06:17:34] WARNING: Retrieving page 1...
[2025-06-16 06:17:36] WARNING: Newest tweet is from: 2025-05-12 06:54:05+00:00
[2025-06-16 06:17:36] WARNING: Reached stop point at tweet from 2025-05-12 06:54:05+00:00
[2025-06-16 06:17:36] WARNING: Retrieved 0 new tweets on page 1
[2025-06-16 06:17:36] WARNING: Stopping pagination as we've reached the stop point
[2025-06-16 06:17:36] WARNING: Retrieved a total of 0 tweets across 1 pages
[2025-06-16 06:17:36] WARNING: No new tweets found with trust commands. Exiting without error.
[2025-06-16 06:17:36] WARNING: Collection complete!
[2025-06-16 06:17:36] WARNING: - 0 trust assignments processed
[2025-06-16 06:17:36] WARNING: - 2 users in trust network
[2025-06-16 06:17:36] WARNING: - 31 total trust relationships
[2025-06-16 06:27:34] WARNING: === Starting Twitter Trust System Collection ===
[2025-06-16 06:27:34] WARNING: Will collect tweets until reaching previous timestamp: 2025-05-12 06:54:05+00:00
[2025-06-16 06:27:34] WARNING: Retrieving page 1...
[2025-06-16 06:27:35] WARNING: Newest tweet is from: 2025-05-12 06:54:05+00:00
[2025-06-16 06:27:35] WARNING: Reached stop point at tweet from 2025-05-12 06:54:05+00:00
[2025-06-16 06:27:35] WARNING: Retrieved 0 new tweets on page 1
[2025-06-16 06:27:35] WARNING: Stopping pagination as we've reached the stop point
[2025-06-16 06:27:35] WARNING: Retrieved a total of 0 tweets across 1 pages
[2025-06-16 06:27:35] WARNING: No new tweets found with trust commands. Exiting without error.
[2025-06-16 06:27:35] WARNING: Collection complete!
[2025-06-16 06:27:35] WARNING: - 0 trust assignments processed
[2025-06-16 06:27:35] WARNING: - 2 users in trust network
[2025-06-16 06:27:35] WARNING: - 31 total trust relationships
