[2025-07-17 23:47:35] WARNING: Reached stop point at tweet from 2013-12-21 19:29:18+00:00
[2025-07-17 23:47:35] WARNING: Retrieved 0 new tweets on page 1
[2025-07-17 23:47:35] WARNING: Stopping pagination as we've reached the stop point
[2025-07-17 23:47:35] WARNING: Retrieved a total of 0 tweets across 1 pages
[2025-07-17 23:47:35] WARNING: No new tweets found with trust commands. Exiting without error.
[2025-07-17 23:47:35] WARNING: Collection complete!
[2025-07-17 23:47:35] WARNING: - 0 trust assignments processed
[2025-07-17 23:47:35] WARNING: - 2 users in trust network
[2025-07-17 23:47:35] WARNING: - 31 total trust relationships
[2025-07-17 23:57:33] WARNING: === Starting Twitter Trust System Collection ===
[2025-07-17 23:57:33] WARNING: Will collect tweets until reaching previous timestamp: 2025-05-12 06:54:05+00:00
[2025-07-17 23:57:33] WARNING: Retrieving page 1...
[2025-07-17 23:57:35] WARNING: Newest tweet is from: 2013-12-21 19:29:18+00:00
[2025-07-17 23:57:35] WARNING: Reached stop point at tweet from 2013-12-21 19:29:18+00:00
[2025-07-17 23:57:35] WARNING: Retrieved 0 new tweets on page 1
[2025-07-17 23:57:35] WARNING: Stopping pagination as we've reached the stop point
[2025-07-17 23:57:35] WARNING: Retrieved a total of 0 tweets across 1 pages
[2025-07-17 23:57:35] WARNING: No new tweets found with trust commands. Exiting without error.
[2025-07-17 23:57:35] WARNING: Collection complete!
[2025-07-17 23:57:35] WARNING: - 0 trust assignments processed
[2025-07-17 23:57:35] WARNING: - 2 users in trust network
[2025-07-17 23:57:35] WARNING: - 31 total trust relationships
[2025-07-18 00:07:33] WARNING: === Starting Twitter Trust System Collection ===
[2025-07-18 00:07:33] WARNING: Will collect tweets until reaching previous timestamp: 2025-05-12 06:54:05+00:00
[2025-07-18 00:07:33] WARNING: Retrieving page 1...
[2025-07-18 00:07:35] WARNING: Newest tweet is from: 2013-12-21 19:29:18+00:00
[2025-07-18 00:07:35] WARNING: Reached stop point at tweet from 2013-12-21 19:29:18+00:00
[2025-07-18 00:07:35] WARNING: Retrieved 0 new tweets on page 1
[2025-07-18 00:07:35] WARNING: Stopping pagination as we've reached the stop point
[2025-07-18 00:07:35] WARNING: Retrieved a total of 0 tweets across 1 pages
[2025-07-18 00:07:35] WARNING: No new tweets found with trust commands. Exiting without error.
[2025-07-18 00:07:35] WARNING: Collection complete!
[2025-07-18 00:07:35] WARNING: - 0 trust assignments processed
[2025-07-18 00:07:35] WARNING: - 2 users in trust network
[2025-07-18 00:07:35] WARNING: - 31 total trust relationships
[2025-07-18 00:17:33] WARNING: === Starting Twitter Trust System Collection ===
[2025-07-18 00:17:33] WARNING: Will collect tweets until reaching previous timestamp: 2025-05-12 06:54:05+00:00
[2025-07-18 00:17:33] WARNING: Retrieving page 1...
[2025-07-18 00:17:35] WARNING: Newest tweet is from: 2013-12-21 19:29:18+00:00
[2025-07-18 00:17:35] WARNING: Reached stop point at tweet from 2013-12-21 19:29:18+00:00
[2025-07-18 00:17:35] WARNING: Retrieved 0 new tweets on page 1
[2025-07-18 00:17:35] WARNING: Stopping pagination as we've reached the stop point
[2025-07-18 00:17:35] WARNING: Retrieved a total of 0 tweets across 1 pages
[2025-07-18 00:17:35] WARNING: No new tweets found with trust commands. Exiting without error.
[2025-07-18 00:17:35] WARNING: Collection complete!
[2025-07-18 00:17:35] WARNING: - 0 trust assignments processed
[2025-07-18 00:17:35] WARNING: - 2 users in trust network
[2025-07-18 00:17:35] WARNING: - 31 total trust relationships
[2025-07-18 00:27:33] WARNING: === Starting Twitter Trust System Collection ===
[2025-07-18 00:27:33] WARNING: Will collect tweets until reaching previous timestamp: 2025-05-12 06:54:05+00:00
[2025-07-18 00:27:33] WARNING: Retrieving page 1...
[2025-07-18 00:27:36] WARNING: Newest tweet is from: 2013-12-21 19:29:18+00:00
[2025-07-18 00:27:36] WARNING: Reached stop point at tweet from 2013-12-21 19:29:18+00:00
[2025-07-18 00:27:36] WARNING: Retrieved 0 new tweets on page 1
[2025-07-18 00:27:36] WARNING: Stopping pagination as we've reached the stop point
[2025-07-18 00:27:36] WARNING: Retrieved a total of 0 tweets across 1 pages
[2025-07-18 00:27:36] WARNING: No new tweets found with trust commands. Exiting without error.
[2025-07-18 00:27:36] WARNING: Collection complete!
[2025-07-18 00:27:36] WARNING: - 0 trust assignments processed
[2025-07-18 00:27:36] WARNING: - 2 users in trust network
[2025-07-18 00:27:36] WARNING: - 31 total trust relationships
[2025-07-18 00:37:33] WARNING: === Starting Twitter Trust System Collection ===
[2025-07-18 00:37:33] WARNING: Will collect tweets until reaching previous timestamp: 2025-05-12 06:54:05+00:00
[2025-07-18 00:37:33] WARNING: Retrieving page 1...
[2025-07-18 00:37:36] WARNING: Newest tweet is from: 2013-12-21 19:29:18+00:00
[2025-07-18 00:37:36] WARNING: Reached stop point at tweet from 2013-12-21 19:29:18+00:00
[2025-07-18 00:37:36] WARNING: Retrieved 0 new tweets on page 1
[2025-07-18 00:37:36] WARNING: Stopping pagination as we've reached the stop point
[2025-07-18 00:37:36] WARNING: Retrieved a total of 0 tweets across 1 pages
[2025-07-18 00:37:36] WARNING: No new tweets found with trust commands. Exiting without error.
[2025-07-18 00:37:36] WARNING: Collection complete!
[2025-07-18 00:37:36] WARNING: - 0 trust assignments processed
[2025-07-18 00:37:36] WARNING: - 2 users in trust network
[2025-07-18 00:37:36] WARNING: - 31 total trust relationships
[2025-07-18 00:47:33] WARNING: === Starting Twitter Trust System Collection ===
[2025-07-18 00:47:33] WARNING: Will collect tweets until reaching previous timestamp: 2025-05-12 06:54:05+00:00
[2025-07-18 00:47:33] WARNING: Retrieving page 1...
[2025-07-18 00:47:36] WARNING: Newest tweet is from: 2013-12-21 19:29:18+00:00
[2025-07-18 00:47:36] WARNING: Reached stop point at tweet from 2013-12-21 19:29:18+00:00
[2025-07-18 00:47:36] WARNING: Retrieved 0 new tweets on page 1
[2025-07-18 00:47:36] WARNING: Stopping pagination as we've reached the stop point
[2025-07-18 00:47:36] WARNING: Retrieved a total of 0 tweets across 1 pages
[2025-07-18 00:47:36] WARNING: No new tweets found with trust commands. Exiting without error.
[2025-07-18 00:47:36] WARNING: Collection complete!
[2025-07-18 00:47:36] WARNING: - 0 trust assignments processed
[2025-07-18 00:47:36] WARNING: - 2 users in trust network
[2025-07-18 00:47:36] WARNING: - 31 total trust relationships
[2025-07-18 00:57:35] WARNING: === Starting Twitter Trust System Collection ===
[2025-07-18 00:57:35] WARNING: Will collect tweets until reaching previous timestamp: 2025-05-12 06:54:05+00:00
[2025-07-18 00:57:35] WARNING: Retrieving page 1...
[2025-07-18 00:57:39] WARNING: Newest tweet is from: 2013-12-21 19:29:18+00:00
[2025-07-18 00:57:39] WARNING: Reached stop point at tweet from 2013-12-21 19:29:18+00:00
[2025-07-18 00:57:39] WARNING: Retrieved 0 new tweets on page 1
[2025-07-18 00:57:39] WARNING: Stopping pagination as we've reached the stop point
[2025-07-18 00:57:39] WARNING: Retrieved a total of 0 tweets across 1 pages
[2025-07-18 00:57:39] WARNING: No new tweets found with trust commands. Exiting without error.
[2025-07-18 00:57:39] WARNING: Collection complete!
[2025-07-18 00:57:39] WARNING: - 0 trust assignments processed
[2025-07-18 00:57:39] WARNING: - 2 users in trust network
[2025-07-18 00:57:39] WARNING: - 31 total trust relationships
[2025-07-18 01:07:33] WARNING: === Starting Twitter Trust System Collection ===
[2025-07-18 01:07:33] WARNING: Will collect tweets until reaching previous timestamp: 2025-05-12 06:54:05+00:00
[2025-07-18 01:07:33] WARNING: Retrieving page 1...
[2025-07-18 01:07:35] WARNING: Newest tweet is from: 2013-12-21 19:29:18+00:00
[2025-07-18 01:07:35] WARNING: Reached stop point at tweet from 2013-12-21 19:29:18+00:00
[2025-07-18 01:07:35] WARNING: Retrieved 0 new tweets on page 1
[2025-07-18 01:07:35] WARNING: Stopping pagination as we've reached the stop point
[2025-07-18 01:07:35] WARNING: Retrieved a total of 0 tweets across 1 pages
[2025-07-18 01:07:35] WARNING: No new tweets found with trust commands. Exiting without error.
[2025-07-18 01:07:35] WARNING: Collection complete!
[2025-07-18 01:07:35] WARNING: - 0 trust assignments processed
[2025-07-18 01:07:35] WARNING: - 2 users in trust network
[2025-07-18 01:07:35] WARNING: - 31 total trust relationships
[2025-07-18 01:17:33] WARNING: === Starting Twitter Trust System Collection ===
[2025-07-18 01:17:33] WARNING: Will collect tweets until reaching previous timestamp: 2025-05-12 06:54:05+00:00
[2025-07-18 01:17:33] WARNING: Retrieving page 1...
[2025-07-18 01:17:35] WARNING: Newest tweet is from: 2013-12-21 19:29:18+00:00
[2025-07-18 01:17:35] WARNING: Reached stop point at tweet from 2013-12-21 19:29:18+00:00
[2025-07-18 01:17:35] WARNING: Retrieved 0 new tweets on page 1
[2025-07-18 01:17:35] WARNING: Stopping pagination as we've reached the stop point
[2025-07-18 01:17:35] WARNING: Retrieved a total of 0 tweets across 1 pages
[2025-07-18 01:17:35] WARNING: No new tweets found with trust commands. Exiting without error.
[2025-07-18 01:17:35] WARNING: Collection complete!
[2025-07-18 01:17:35] WARNING: - 0 trust assignments processed
[2025-07-18 01:17:35] WARNING: - 2 users in trust network
[2025-07-18 01:17:35] WARNING: - 31 total trust relationships
[2025-07-18 01:27:33] WARNING: === Starting Twitter Trust System Collection ===
[2025-07-18 01:27:33] WARNING: Will collect tweets until reaching previous timestamp: 2025-05-12 06:54:05+00:00
[2025-07-18 01:27:33] WARNING: Retrieving page 1...
[2025-07-18 01:27:34] WARNING: Newest tweet is from: 2013-12-21 19:29:18+00:00
[2025-07-18 01:27:34] WARNING: Reached stop point at tweet from 2013-12-21 19:29:18+00:00
[2025-07-18 01:27:34] WARNING: Retrieved 0 new tweets on page 1
[2025-07-18 01:27:34] WARNING: Stopping pagination as we've reached the stop point
[2025-07-18 01:27:34] WARNING: Retrieved a total of 0 tweets across 1 pages
[2025-07-18 01:27:34] WARNING: No new tweets found with trust commands. Exiting without error.
[2025-07-18 01:27:34] WARNING: Collection complete!
[2025-07-18 01:27:34] WARNING: - 0 trust assignments processed
[2025-07-18 01:27:34] WARNING: - 2 users in trust network
[2025-07-18 01:27:34] WARNING: - 31 total trust relationships
[2025-07-18 01:37:33] WARNING: === Starting Twitter Trust System Collection ===
[2025-07-18 01:37:33] WARNING: Will collect tweets until reaching previous timestamp: 2025-05-12 06:54:05+00:00
[2025-07-18 01:37:33] WARNING: Retrieving page 1...
[2025-07-18 01:37:37] WARNING: Newest tweet is from: 2013-12-21 19:29:18+00:00
[2025-07-18 01:37:37] WARNING: Reached stop point at tweet from 2013-12-21 19:29:18+00:00
[2025-07-18 01:37:37] WARNING: Retrieved 0 new tweets on page 1
[2025-07-18 01:37:37] WARNING: Stopping pagination as we've reached the stop point
[2025-07-18 01:37:37] WARNING: Retrieved a total of 0 tweets across 1 pages
[2025-07-18 01:37:37] WARNING: No new tweets found with trust commands. Exiting without error.
[2025-07-18 01:37:37] WARNING: Collection complete!
[2025-07-18 01:37:37] WARNING: - 0 trust assignments processed
[2025-07-18 01:37:37] WARNING: - 2 users in trust network
[2025-07-18 01:37:37] WARNING: - 31 total trust relationships
[2025-07-18 01:47:33] WARNING: === Starting Twitter Trust System Collection ===
[2025-07-18 01:47:33] WARNING: Will collect tweets until reaching previous timestamp: 2025-05-12 06:54:05+00:00
[2025-07-18 01:47:33] WARNING: Retrieving page 1...
[2025-07-18 01:47:34] WARNING: Newest tweet is from: 2013-12-21 19:29:18+00:00
[2025-07-18 01:47:34] WARNING: Reached stop point at tweet from 2013-12-21 19:29:18+00:00
[2025-07-18 01:47:34] WARNING: Retrieved 0 new tweets on page 1
[2025-07-18 01:47:34] WARNING: Stopping pagination as we've reached the stop point
[2025-07-18 01:47:34] WARNING: Retrieved a total of 0 tweets across 1 pages
[2025-07-18 01:47:34] WARNING: No new tweets found with trust commands. Exiting without error.
[2025-07-18 01:47:34] WARNING: Collection complete!
[2025-07-18 01:47:34] WARNING: - 0 trust assignments processed
[2025-07-18 01:47:34] WARNING: - 2 users in trust network
[2025-07-18 01:47:34] WARNING: - 31 total trust relationships
[2025-07-18 01:57:33] WARNING: === Starting Twitter Trust System Collection ===
[2025-07-18 01:57:33] WARNING: Will collect tweets until reaching previous timestamp: 2025-05-12 06:54:05+00:00
[2025-07-18 01:57:33] WARNING: Retrieving page 1...
[2025-07-18 01:57:35] WARNING: Newest tweet is from: 2013-12-21 19:29:18+00:00
[2025-07-18 01:57:35] WARNING: Reached stop point at tweet from 2013-12-21 19:29:18+00:00
[2025-07-18 01:57:35] WARNING: Retrieved 0 new tweets on page 1
[2025-07-18 01:57:35] WARNING: Stopping pagination as we've reached the stop point
[2025-07-18 01:57:35] WARNING: Retrieved a total of 0 tweets across 1 pages
[2025-07-18 01:57:35] WARNING: No new tweets found with trust commands. Exiting without error.
[2025-07-18 01:57:35] WARNING: Collection complete!
[2025-07-18 01:57:35] WARNING: - 0 trust assignments processed
[2025-07-18 01:57:35] WARNING: - 2 users in trust network
[2025-07-18 01:57:35] WARNING: - 31 total trust relationships
[2025-07-18 02:07:33] WARNING: === Starting Twitter Trust System Collection ===
[2025-07-18 02:07:33] WARNING: Will collect tweets until reaching previous timestamp: 2025-05-12 06:54:05+00:00
[2025-07-18 02:07:33] WARNING: Retrieving page 1...
[2025-07-18 02:07:35] WARNING: Newest tweet is from: 2013-12-21 19:29:18+00:00
[2025-07-18 02:07:35] WARNING: Reached stop point at tweet from 2013-12-21 19:29:18+00:00
[2025-07-18 02:07:35] WARNING: Retrieved 0 new tweets on page 1
[2025-07-18 02:07:35] WARNING: Stopping pagination as we've reached the stop point
[2025-07-18 02:07:35] WARNING: Retrieved a total of 0 tweets across 1 pages
[2025-07-18 02:07:35] WARNING: No new tweets found with trust commands. Exiting without error.
[2025-07-18 02:07:35] WARNING: Collection complete!
[2025-07-18 02:07:35] WARNING: - 0 trust assignments processed
[2025-07-18 02:07:35] WARNING: - 2 users in trust network
[2025-07-18 02:07:35] WARNING: - 31 total trust relationships
[2025-07-18 02:17:33] WARNING: === Starting Twitter Trust System Collection ===
[2025-07-18 02:17:33] WARNING: Will collect tweets until reaching previous timestamp: 2025-05-12 06:54:05+00:00
[2025-07-18 02:17:33] WARNING: Retrieving page 1...
[2025-07-18 02:17:35] WARNING: Newest tweet is from: 2013-12-21 19:29:18+00:00
[2025-07-18 02:17:35] WARNING: Reached stop point at tweet from 2013-12-21 19:29:18+00:00
[2025-07-18 02:17:35] WARNING: Retrieved 0 new tweets on page 1
[2025-07-18 02:17:35] WARNING: Stopping pagination as we've reached the stop point
[2025-07-18 02:17:35] WARNING: Retrieved a total of 0 tweets across 1 pages
[2025-07-18 02:17:35] WARNING: No new tweets found with trust commands. Exiting without error.
[2025-07-18 02:17:35] WARNING: Collection complete!
[2025-07-18 02:17:35] WARNING: - 0 trust assignments processed
[2025-07-18 02:17:35] WARNING: - 2 users in trust network
[2025-07-18 02:17:35] WARNING: - 31 total trust relationships
[2025-07-18 02:27:33] WARNING: === Starting Twitter Trust System Collection ===
[2025-07-18 02:27:33] WARNING: Will collect tweets until reaching previous timestamp: 2025-05-12 06:54:05+00:00
[2025-07-18 02:27:33] WARNING: Retrieving page 1...
[2025-07-18 02:27:35] WARNING: Newest tweet is from: 2013-12-21 19:29:18+00:00
[2025-07-18 02:27:35] WARNING: Reached stop point at tweet from 2013-12-21 19:29:18+00:00
[2025-07-18 02:27:35] WARNING: Retrieved 0 new tweets on page 1
[2025-07-18 02:27:35] WARNING: Stopping pagination as we've reached the stop point
[2025-07-18 02:27:35] WARNING: Retrieved a total of 0 tweets across 1 pages
[2025-07-18 02:27:35] WARNING: No new tweets found with trust commands. Exiting without error.
[2025-07-18 02:27:35] WARNING: Collection complete!
[2025-07-18 02:27:35] WARNING: - 0 trust assignments processed
[2025-07-18 02:27:35] WARNING: - 2 users in trust network
[2025-07-18 02:27:35] WARNING: - 31 total trust relationships
[2025-07-18 02:37:33] WARNING: === Starting Twitter Trust System Collection ===
[2025-07-18 02:37:33] WARNING: Will collect tweets until reaching previous timestamp: 2025-05-12 06:54:05+00:00
[2025-07-18 02:37:33] WARNING: Retrieving page 1...
[2025-07-18 02:37:35] WARNING: Newest tweet is from: 2013-12-21 19:29:18+00:00
[2025-07-18 02:37:35] WARNING: Reached stop point at tweet from 2013-12-21 19:29:18+00:00
[2025-07-18 02:37:35] WARNING: Retrieved 0 new tweets on page 1
[2025-07-18 02:37:35] WARNING: Stopping pagination as we've reached the stop point
[2025-07-18 02:37:35] WARNING: Retrieved a total of 0 tweets across 1 pages
[2025-07-18 02:37:35] WARNING: No new tweets found with trust commands. Exiting without error.
[2025-07-18 02:37:35] WARNING: Collection complete!
[2025-07-18 02:37:35] WARNING: - 0 trust assignments processed
[2025-07-18 02:37:35] WARNING: - 2 users in trust network
[2025-07-18 02:37:35] WARNING: - 31 total trust relationships
[2025-07-18 02:47:33] WARNING: === Starting Twitter Trust System Collection ===
[2025-07-18 02:47:33] WARNING: Will collect tweets until reaching previous timestamp: 2025-05-12 06:54:05+00:00
[2025-07-18 02:47:33] WARNING: Retrieving page 1...
[2025-07-18 02:47:35] WARNING: Newest tweet is from: 2013-12-21 19:29:18+00:00
[2025-07-18 02:47:35] WARNING: Reached stop point at tweet from 2013-12-21 19:29:18+00:00
[2025-07-18 02:47:35] WARNING: Retrieved 0 new tweets on page 1
[2025-07-18 02:47:35] WARNING: Stopping pagination as we've reached the stop point
[2025-07-18 02:47:35] WARNING: Retrieved a total of 0 tweets across 1 pages
[2025-07-18 02:47:35] WARNING: No new tweets found with trust commands. Exiting without error.
[2025-07-18 02:47:35] WARNING: Collection complete!
[2025-07-18 02:47:35] WARNING: - 0 trust assignments processed
[2025-07-18 02:47:35] WARNING: - 2 users in trust network
[2025-07-18 02:47:35] WARNING: - 31 total trust relationships
[2025-07-18 02:57:33] WARNING: === Starting Twitter Trust System Collection ===
[2025-07-18 02:57:33] WARNING: Will collect tweets until reaching previous timestamp: 2025-05-12 06:54:05+00:00
[2025-07-18 02:57:33] WARNING: Retrieving page 1...
[2025-07-18 02:57:35] WARNING: Newest tweet is from: 2013-12-21 19:29:18+00:00
[2025-07-18 02:57:35] WARNING: Reached stop point at tweet from 2013-12-21 19:29:18+00:00
[2025-07-18 02:57:35] WARNING: Retrieved 0 new tweets on page 1
[2025-07-18 02:57:35] WARNING: Stopping pagination as we've reached the stop point
[2025-07-18 02:57:35] WARNING: Retrieved a total of 0 tweets across 1 pages
[2025-07-18 02:57:35] WARNING: No new tweets found with trust commands. Exiting without error.
[2025-07-18 02:57:35] WARNING: Collection complete!
[2025-07-18 02:57:35] WARNING: - 0 trust assignments processed
[2025-07-18 02:57:35] WARNING: - 2 users in trust network
[2025-07-18 02:57:35] WARNING: - 31 total trust relationships
[2025-07-18 03:07:33] WARNING: === Starting Twitter Trust System Collection ===
[2025-07-18 03:07:33] WARNING: Will collect tweets until reaching previous timestamp: 2025-05-12 06:54:05+00:00
[2025-07-18 03:07:33] WARNING: Retrieving page 1...
[2025-07-18 03:07:35] WARNING: Newest tweet is from: 2013-12-21 19:29:18+00:00
[2025-07-18 03:07:35] WARNING: Reached stop point at tweet from 2013-12-21 19:29:18+00:00
[2025-07-18 03:07:35] WARNING: Retrieved 0 new tweets on page 1
[2025-07-18 03:07:35] WARNING: Stopping pagination as we've reached the stop point
[2025-07-18 03:07:35] WARNING: Retrieved a total of 0 tweets across 1 pages
[2025-07-18 03:07:35] WARNING: No new tweets found with trust commands. Exiting without error.
[2025-07-18 03:07:35] WARNING: Collection complete!
[2025-07-18 03:07:35] WARNING: - 0 trust assignments processed
[2025-07-18 03:07:35] WARNING: - 2 users in trust network
[2025-07-18 03:07:35] WARNING: - 31 total trust relationships
[2025-07-18 03:17:33] WARNING: === Starting Twitter Trust System Collection ===
[2025-07-18 03:17:33] WARNING: Will collect tweets until reaching previous timestamp: 2025-05-12 06:54:05+00:00
[2025-07-18 03:17:33] WARNING: Retrieving page 1...
[2025-07-18 03:17:35] WARNING: Newest tweet is from: 2013-12-21 19:29:18+00:00
[2025-07-18 03:17:35] WARNING: Reached stop point at tweet from 2013-12-21 19:29:18+00:00
[2025-07-18 03:17:35] WARNING: Retrieved 0 new tweets on page 1
[2025-07-18 03:17:35] WARNING: Stopping pagination as we've reached the stop point
[2025-07-18 03:17:35] WARNING: Retrieved a total of 0 tweets across 1 pages
[2025-07-18 03:17:35] WARNING: No new tweets found with trust commands. Exiting without error.
[2025-07-18 03:17:35] WARNING: Collection complete!
[2025-07-18 03:17:35] WARNING: - 0 trust assignments processed
[2025-07-18 03:17:35] WARNING: - 2 users in trust network
[2025-07-18 03:17:35] WARNING: - 31 total trust relationships
[2025-07-18 03:27:33] WARNING: === Starting Twitter Trust System Collection ===
[2025-07-18 03:27:33] WARNING: Will collect tweets until reaching previous timestamp: 2025-05-12 06:54:05+00:00
[2025-07-18 03:27:33] WARNING: Retrieving page 1...
[2025-07-18 03:27:34] WARNING: Newest tweet is from: 2013-12-21 19:29:18+00:00
[2025-07-18 03:27:34] WARNING: Reached stop point at tweet from 2013-12-21 19:29:18+00:00
[2025-07-18 03:27:34] WARNING: Retrieved 0 new tweets on page 1
[2025-07-18 03:27:34] WARNING: Stopping pagination as we've reached the stop point
[2025-07-18 03:27:34] WARNING: Retrieved a total of 0 tweets across 1 pages
[2025-07-18 03:27:34] WARNING: No new tweets found with trust commands. Exiting without error.
[2025-07-18 03:27:34] WARNING: Collection complete!
[2025-07-18 03:27:34] WARNING: - 0 trust assignments processed
[2025-07-18 03:27:34] WARNING: - 2 users in trust network
[2025-07-18 03:27:34] WARNING: - 31 total trust relationships
[2025-07-18 03:37:33] WARNING: === Starting Twitter Trust System Collection ===
[2025-07-18 03:37:33] WARNING: Will collect tweets until reaching previous timestamp: 2025-05-12 06:54:05+00:00
[2025-07-18 03:37:33] WARNING: Retrieving page 1...
[2025-07-18 03:37:35] WARNING: Newest tweet is from: 2013-12-21 19:29:18+00:00
[2025-07-18 03:37:35] WARNING: Reached stop point at tweet from 2013-12-21 19:29:18+00:00
[2025-07-18 03:37:35] WARNING: Retrieved 0 new tweets on page 1
[2025-07-18 03:37:35] WARNING: Stopping pagination as we've reached the stop point
[2025-07-18 03:37:35] WARNING: Retrieved a total of 0 tweets across 1 pages
[2025-07-18 03:37:35] WARNING: No new tweets found with trust commands. Exiting without error.
[2025-07-18 03:37:35] WARNING: Collection complete!
[2025-07-18 03:37:35] WARNING: - 0 trust assignments processed
[2025-07-18 03:37:35] WARNING: - 2 users in trust network
[2025-07-18 03:37:35] WARNING: - 31 total trust relationships
[2025-07-18 03:47:33] WARNING: === Starting Twitter Trust System Collection ===
[2025-07-18 03:47:33] WARNING: Will collect tweets until reaching previous timestamp: 2025-05-12 06:54:05+00:00
[2025-07-18 03:47:33] WARNING: Retrieving page 1...
[2025-07-18 03:47:35] WARNING: Newest tweet is from: 2013-12-21 19:29:18+00:00
[2025-07-18 03:47:35] WARNING: Reached stop point at tweet from 2013-12-21 19:29:18+00:00
[2025-07-18 03:47:35] WARNING: Retrieved 0 new tweets on page 1
[2025-07-18 03:47:35] WARNING: Stopping pagination as we've reached the stop point
[2025-07-18 03:47:35] WARNING: Retrieved a total of 0 tweets across 1 pages
[2025-07-18 03:47:35] WARNING: No new tweets found with trust commands. Exiting without error.
[2025-07-18 03:47:35] WARNING: Collection complete!
[2025-07-18 03:47:35] WARNING: - 0 trust assignments processed
[2025-07-18 03:47:35] WARNING: - 2 users in trust network
[2025-07-18 03:47:35] WARNING: - 31 total trust relationships
[2025-07-18 03:57:33] WARNING: === Starting Twitter Trust System Collection ===
[2025-07-18 03:57:33] WARNING: Will collect tweets until reaching previous timestamp: 2025-05-12 06:54:05+00:00
[2025-07-18 03:57:33] WARNING: Retrieving page 1...
[2025-07-18 03:57:35] WARNING: Newest tweet is from: 2013-12-21 19:29:18+00:00
[2025-07-18 03:57:35] WARNING: Reached stop point at tweet from 2013-12-21 19:29:18+00:00
[2025-07-18 03:57:35] WARNING: Retrieved 0 new tweets on page 1
[2025-07-18 03:57:35] WARNING: Stopping pagination as we've reached the stop point
[2025-07-18 03:57:35] WARNING: Retrieved a total of 0 tweets across 1 pages
[2025-07-18 03:57:35] WARNING: No new tweets found with trust commands. Exiting without error.
[2025-07-18 03:57:35] WARNING: Collection complete!
[2025-07-18 03:57:35] WARNING: - 0 trust assignments processed
[2025-07-18 03:57:35] WARNING: - 2 users in trust network
[2025-07-18 03:57:35] WARNING: - 31 total trust relationships
[2025-07-18 04:07:34] WARNING: === Starting Twitter Trust System Collection ===
[2025-07-18 04:07:34] WARNING: Will collect tweets until reaching previous timestamp: 2025-05-12 06:54:05+00:00
[2025-07-18 04:07:34] WARNING: Retrieving page 1...
[2025-07-18 04:07:36] WARNING: Newest tweet is from: 2013-12-21 19:29:18+00:00
[2025-07-18 04:07:36] WARNING: Reached stop point at tweet from 2013-12-21 19:29:18+00:00
[2025-07-18 04:07:36] WARNING: Retrieved 0 new tweets on page 1
[2025-07-18 04:07:36] WARNING: Stopping pagination as we've reached the stop point
[2025-07-18 04:07:36] WARNING: Retrieved a total of 0 tweets across 1 pages
[2025-07-18 04:07:36] WARNING: No new tweets found with trust commands. Exiting without error.
[2025-07-18 04:07:36] WARNING: Collection complete!
[2025-07-18 04:07:36] WARNING: - 0 trust assignments processed
[2025-07-18 04:07:36] WARNING: - 2 users in trust network
[2025-07-18 04:07:36] WARNING: - 31 total trust relationships
[2025-07-18 04:57:38] WARNING: === Starting Twitter Trust System Collection ===
[2025-07-18 04:57:38] WARNING: Will collect tweets until reaching previous timestamp: 2025-05-12 06:54:05+00:00
[2025-07-18 04:57:38] WARNING: Retrieving page 1...
[2025-07-18 04:57:39] WARNING: Newest tweet is from: 2013-12-21 19:29:18+00:00
[2025-07-18 04:57:39] WARNING: Reached stop point at tweet from 2013-12-21 19:29:18+00:00
[2025-07-18 04:57:39] WARNING: Retrieved 0 new tweets on page 1
[2025-07-18 04:57:39] WARNING: Stopping pagination as we've reached the stop point
[2025-07-18 04:57:39] WARNING: Retrieved a total of 0 tweets across 1 pages
[2025-07-18 04:57:39] WARNING: No new tweets found with trust commands. Exiting without error.
[2025-07-18 04:57:39] WARNING: Collection complete!
[2025-07-18 04:57:39] WARNING: - 0 trust assignments processed
[2025-07-18 04:57:39] WARNING: - 2 users in trust network
[2025-07-18 04:57:39] WARNING: - 31 total trust relationships
[2025-07-18 05:07:45] WARNING: === Starting Twitter Trust System Collection ===
[2025-07-18 05:07:45] WARNING: Will collect tweets until reaching previous timestamp: 2025-05-12 06:54:05+00:00
[2025-07-18 05:07:45] WARNING: Retrieving page 1...
[2025-07-18 05:07:47] WARNING: Newest tweet is from: 2013-12-21 19:29:18+00:00
[2025-07-18 05:07:47] WARNING: Reached stop point at tweet from 2013-12-21 19:29:18+00:00
[2025-07-18 05:07:47] WARNING: Retrieved 0 new tweets on page 1
[2025-07-18 05:07:47] WARNING: Stopping pagination as we've reached the stop point
[2025-07-18 05:07:47] WARNING: Retrieved a total of 0 tweets across 1 pages
[2025-07-18 05:07:47] WARNING: No new tweets found with trust commands. Exiting without error.
[2025-07-18 05:07:47] WARNING: Collection complete!
[2025-07-18 05:07:47] WARNING: - 0 trust assignments processed
[2025-07-18 05:07:47] WARNING: - 2 users in trust network
[2025-07-18 05:07:47] WARNING: - 31 total trust relationships
[2025-07-18 05:17:38] WARNING: === Starting Twitter Trust System Collection ===
[2025-07-18 05:17:38] WARNING: Will collect tweets until reaching previous timestamp: 2025-05-12 06:54:05+00:00
[2025-07-18 05:17:38] WARNING: Retrieving page 1...
[2025-07-18 05:17:39] WARNING: No tweets found on this page
[2025-07-18 05:17:39] WARNING: Retrieved a total of 0 tweets across 1 pages
[2025-07-18 05:17:39] WARNING: No new tweets found with trust commands. Exiting without error.
[2025-07-18 05:17:39] WARNING: Collection complete!
[2025-07-18 05:17:39] WARNING: - 0 trust assignments processed
[2025-07-18 05:17:39] WARNING: - 2 users in trust network
[2025-07-18 05:17:39] WARNING: - 31 total trust relationships
[2025-07-18 05:27:55] WARNING: === Starting Twitter Trust System Collection ===
[2025-07-18 05:27:55] WARNING: Will collect tweets until reaching previous timestamp: 2025-05-12 06:54:05+00:00
[2025-07-18 05:27:55] WARNING: Retrieving page 1...
[2025-07-18 05:27:57] WARNING: Newest tweet is from: 2013-12-21 19:29:18+00:00
[2025-07-18 05:27:57] WARNING: Reached stop point at tweet from 2013-12-21 19:29:18+00:00
[2025-07-18 05:27:57] WARNING: Retrieved 0 new tweets on page 1
[2025-07-18 05:27:57] WARNING: Stopping pagination as we've reached the stop point
[2025-07-18 05:27:57] WARNING: Retrieved a total of 0 tweets across 1 pages
[2025-07-18 05:27:57] WARNING: No new tweets found with trust commands. Exiting without error.
[2025-07-18 05:27:57] WARNING: Collection complete!
[2025-07-18 05:27:57] WARNING: - 0 trust assignments processed
[2025-07-18 05:27:57] WARNING: - 2 users in trust network
[2025-07-18 05:27:57] WARNING: - 31 total trust relationships
