[2025-07-19 09:17:34] WARNING: - 31 total trust relationships
[2025-07-19 09:27:33] WARNING: === Starting Twitter Trust System Collection ===
[2025-07-19 09:27:33] WARNING: Will collect tweets until reaching previous timestamp: 2025-05-12 06:54:05+00:00
[2025-07-19 09:27:33] WARNING: Retrieving page 1...
[2025-07-19 09:27:35] WARNING: Newest tweet is from: 2013-12-21 19:29:18+00:00
[2025-07-19 09:27:35] WARNING: Reached stop point at tweet from 2013-12-21 19:29:18+00:00
[2025-07-19 09:27:35] WARNING: Retrieved 0 new tweets on page 1
[2025-07-19 09:27:35] WARNING: Stopping pagination as we've reached the stop point
[2025-07-19 09:27:35] WARNING: Retrieved a total of 0 tweets across 1 pages
[2025-07-19 09:27:35] WARNING: No new tweets found with trust commands. Exiting without error.
[2025-07-19 09:27:35] WARNING: Collection complete!
[2025-07-19 09:27:35] WARNING: - 0 trust assignments processed
[2025-07-19 09:27:35] WARNING: - 2 users in trust network
[2025-07-19 09:27:35] WARNING: - 31 total trust relationships
[2025-07-19 09:37:33] WARNING: === Starting Twitter Trust System Collection ===
[2025-07-19 09:37:33] WARNING: Will collect tweets until reaching previous timestamp: 2025-05-12 06:54:05+00:00
[2025-07-19 09:37:33] WARNING: Retrieving page 1...
[2025-07-19 09:37:34] WARNING: Newest tweet is from: 2013-12-21 19:29:18+00:00
[2025-07-19 09:37:34] WARNING: Reached stop point at tweet from 2013-12-21 19:29:18+00:00
[2025-07-19 09:37:34] WARNING: Retrieved 0 new tweets on page 1
[2025-07-19 09:37:34] WARNING: Stopping pagination as we've reached the stop point
[2025-07-19 09:37:34] WARNING: Retrieved a total of 0 tweets across 1 pages
[2025-07-19 09:37:34] WARNING: No new tweets found with trust commands. Exiting without error.
[2025-07-19 09:37:34] WARNING: Collection complete!
[2025-07-19 09:37:34] WARNING: - 0 trust assignments processed
[2025-07-19 09:37:34] WARNING: - 2 users in trust network
[2025-07-19 09:37:34] WARNING: - 31 total trust relationships
[2025-07-19 09:47:33] WARNING: === Starting Twitter Trust System Collection ===
[2025-07-19 09:47:33] WARNING: Will collect tweets until reaching previous timestamp: 2025-05-12 06:54:05+00:00
[2025-07-19 09:47:33] WARNING: Retrieving page 1...
[2025-07-19 09:47:35] WARNING: Newest tweet is from: 2013-12-21 19:29:18+00:00
[2025-07-19 09:47:35] WARNING: Reached stop point at tweet from 2013-12-21 19:29:18+00:00
[2025-07-19 09:47:35] WARNING: Retrieved 0 new tweets on page 1
[2025-07-19 09:47:35] WARNING: Stopping pagination as we've reached the stop point
[2025-07-19 09:47:35] WARNING: Retrieved a total of 0 tweets across 1 pages
[2025-07-19 09:47:35] WARNING: No new tweets found with trust commands. Exiting without error.
[2025-07-19 09:47:35] WARNING: Collection complete!
[2025-07-19 09:47:35] WARNING: - 0 trust assignments processed
[2025-07-19 09:47:35] WARNING: - 2 users in trust network
[2025-07-19 09:47:35] WARNING: - 31 total trust relationships
[2025-07-19 09:57:34] WARNING: === Starting Twitter Trust System Collection ===
[2025-07-19 09:57:34] WARNING: Will collect tweets until reaching previous timestamp: 2025-05-12 06:54:05+00:00
[2025-07-19 09:57:34] WARNING: Retrieving page 1...
[2025-07-19 09:57:35] WARNING: Newest tweet is from: 2013-12-21 19:29:18+00:00
[2025-07-19 09:57:35] WARNING: Reached stop point at tweet from 2013-12-21 19:29:18+00:00
[2025-07-19 09:57:35] WARNING: Retrieved 0 new tweets on page 1
[2025-07-19 09:57:35] WARNING: Stopping pagination as we've reached the stop point
[2025-07-19 09:57:35] WARNING: Retrieved a total of 0 tweets across 1 pages
[2025-07-19 09:57:35] WARNING: No new tweets found with trust commands. Exiting without error.
[2025-07-19 09:57:35] WARNING: Collection complete!
[2025-07-19 09:57:35] WARNING: - 0 trust assignments processed
[2025-07-19 09:57:35] WARNING: - 2 users in trust network
[2025-07-19 09:57:35] WARNING: - 31 total trust relationships
[2025-07-19 10:07:33] WARNING: === Starting Twitter Trust System Collection ===
[2025-07-19 10:07:33] WARNING: Will collect tweets until reaching previous timestamp: 2025-05-12 06:54:05+00:00
[2025-07-19 10:07:33] WARNING: Retrieving page 1...
[2025-07-19 10:07:35] WARNING: Newest tweet is from: 2013-12-21 19:29:18+00:00
[2025-07-19 10:07:35] WARNING: Reached stop point at tweet from 2013-12-21 19:29:18+00:00
[2025-07-19 10:07:35] WARNING: Retrieved 0 new tweets on page 1
[2025-07-19 10:07:35] WARNING: Stopping pagination as we've reached the stop point
[2025-07-19 10:07:35] WARNING: Retrieved a total of 0 tweets across 1 pages
[2025-07-19 10:07:35] WARNING: No new tweets found with trust commands. Exiting without error.
[2025-07-19 10:07:35] WARNING: Collection complete!
[2025-07-19 10:07:35] WARNING: - 0 trust assignments processed
[2025-07-19 10:07:35] WARNING: - 2 users in trust network
[2025-07-19 10:07:35] WARNING: - 31 total trust relationships
[2025-07-19 10:17:33] WARNING: === Starting Twitter Trust System Collection ===
[2025-07-19 10:17:33] WARNING: Will collect tweets until reaching previous timestamp: 2025-05-12 06:54:05+00:00
[2025-07-19 10:17:33] WARNING: Retrieving page 1...
[2025-07-19 10:17:34] WARNING: Newest tweet is from: 2013-12-21 19:29:18+00:00
[2025-07-19 10:17:34] WARNING: Reached stop point at tweet from 2013-12-21 19:29:18+00:00
[2025-07-19 10:17:34] WARNING: Retrieved 0 new tweets on page 1
[2025-07-19 10:17:34] WARNING: Stopping pagination as we've reached the stop point
[2025-07-19 10:17:34] WARNING: Retrieved a total of 0 tweets across 1 pages
[2025-07-19 10:17:34] WARNING: No new tweets found with trust commands. Exiting without error.
[2025-07-19 10:17:34] WARNING: Collection complete!
[2025-07-19 10:17:34] WARNING: - 0 trust assignments processed
[2025-07-19 10:17:34] WARNING: - 2 users in trust network
[2025-07-19 10:17:34] WARNING: - 31 total trust relationships
[2025-07-19 10:27:33] WARNING: === Starting Twitter Trust System Collection ===
[2025-07-19 10:27:33] WARNING: Will collect tweets until reaching previous timestamp: 2025-05-12 06:54:05+00:00
[2025-07-19 10:27:33] WARNING: Retrieving page 1...
[2025-07-19 10:27:35] WARNING: Newest tweet is from: 2013-12-21 19:29:18+00:00
[2025-07-19 10:27:35] WARNING: Reached stop point at tweet from 2013-12-21 19:29:18+00:00
[2025-07-19 10:27:35] WARNING: Retrieved 0 new tweets on page 1
[2025-07-19 10:27:35] WARNING: Stopping pagination as we've reached the stop point
[2025-07-19 10:27:35] WARNING: Retrieved a total of 0 tweets across 1 pages
[2025-07-19 10:27:35] WARNING: No new tweets found with trust commands. Exiting without error.
[2025-07-19 10:27:35] WARNING: Collection complete!
[2025-07-19 10:27:35] WARNING: - 0 trust assignments processed
[2025-07-19 10:27:35] WARNING: - 2 users in trust network
[2025-07-19 10:27:35] WARNING: - 31 total trust relationships
[2025-07-19 10:37:33] WARNING: === Starting Twitter Trust System Collection ===
[2025-07-19 10:37:33] WARNING: Will collect tweets until reaching previous timestamp: 2025-05-12 06:54:05+00:00
[2025-07-19 10:37:33] WARNING: Retrieving page 1...
[2025-07-19 10:37:34] WARNING: Newest tweet is from: 2013-12-21 19:29:18+00:00
[2025-07-19 10:37:34] WARNING: Reached stop point at tweet from 2013-12-21 19:29:18+00:00
[2025-07-19 10:37:34] WARNING: Retrieved 0 new tweets on page 1
[2025-07-19 10:37:34] WARNING: Stopping pagination as we've reached the stop point
[2025-07-19 10:37:34] WARNING: Retrieved a total of 0 tweets across 1 pages
[2025-07-19 10:37:34] WARNING: No new tweets found with trust commands. Exiting without error.
[2025-07-19 10:37:34] WARNING: Collection complete!
[2025-07-19 10:37:34] WARNING: - 0 trust assignments processed
[2025-07-19 10:37:34] WARNING: - 2 users in trust network
[2025-07-19 10:37:34] WARNING: - 31 total trust relationships
[2025-07-19 10:47:33] WARNING: === Starting Twitter Trust System Collection ===
[2025-07-19 10:47:33] WARNING: Will collect tweets until reaching previous timestamp: 2025-05-12 06:54:05+00:00
[2025-07-19 10:47:33] WARNING: Retrieving page 1...
[2025-07-19 10:47:34] WARNING: Newest tweet is from: 2013-12-21 19:29:18+00:00
[2025-07-19 10:47:34] WARNING: Reached stop point at tweet from 2013-12-21 19:29:18+00:00
[2025-07-19 10:47:34] WARNING: Retrieved 0 new tweets on page 1
[2025-07-19 10:47:34] WARNING: Stopping pagination as we've reached the stop point
[2025-07-19 10:47:34] WARNING: Retrieved a total of 0 tweets across 1 pages
[2025-07-19 10:47:34] WARNING: No new tweets found with trust commands. Exiting without error.
[2025-07-19 10:47:34] WARNING: Collection complete!
[2025-07-19 10:47:34] WARNING: - 0 trust assignments processed
[2025-07-19 10:47:34] WARNING: - 2 users in trust network
[2025-07-19 10:47:34] WARNING: - 31 total trust relationships
[2025-07-19 10:57:33] WARNING: === Starting Twitter Trust System Collection ===
[2025-07-19 10:57:33] WARNING: Will collect tweets until reaching previous timestamp: 2025-05-12 06:54:05+00:00
[2025-07-19 10:57:33] WARNING: Retrieving page 1...
[2025-07-19 10:57:35] WARNING: Newest tweet is from: 2013-12-21 19:29:18+00:00
[2025-07-19 10:57:35] WARNING: Reached stop point at tweet from 2013-12-21 19:29:18+00:00
[2025-07-19 10:57:35] WARNING: Retrieved 0 new tweets on page 1
[2025-07-19 10:57:35] WARNING: Stopping pagination as we've reached the stop point
[2025-07-19 10:57:35] WARNING: Retrieved a total of 0 tweets across 1 pages
[2025-07-19 10:57:35] WARNING: No new tweets found with trust commands. Exiting without error.
[2025-07-19 10:57:35] WARNING: Collection complete!
[2025-07-19 10:57:35] WARNING: - 0 trust assignments processed
[2025-07-19 10:57:35] WARNING: - 2 users in trust network
[2025-07-19 10:57:35] WARNING: - 31 total trust relationships
[2025-07-19 11:07:33] WARNING: === Starting Twitter Trust System Collection ===
[2025-07-19 11:07:33] WARNING: Will collect tweets until reaching previous timestamp: 2025-05-12 06:54:05+00:00
[2025-07-19 11:07:33] WARNING: Retrieving page 1...
[2025-07-19 11:07:35] WARNING: Newest tweet is from: 2013-12-21 19:29:18+00:00
[2025-07-19 11:07:35] WARNING: Reached stop point at tweet from 2013-12-21 19:29:18+00:00
[2025-07-19 11:07:35] WARNING: Retrieved 0 new tweets on page 1
[2025-07-19 11:07:35] WARNING: Stopping pagination as we've reached the stop point
[2025-07-19 11:07:35] WARNING: Retrieved a total of 0 tweets across 1 pages
[2025-07-19 11:07:35] WARNING: No new tweets found with trust commands. Exiting without error.
[2025-07-19 11:07:35] WARNING: Collection complete!
[2025-07-19 11:07:35] WARNING: - 0 trust assignments processed
[2025-07-19 11:07:35] WARNING: - 2 users in trust network
[2025-07-19 11:07:35] WARNING: - 31 total trust relationships
[2025-07-19 11:17:33] WARNING: === Starting Twitter Trust System Collection ===
[2025-07-19 11:17:33] WARNING: Will collect tweets until reaching previous timestamp: 2025-05-12 06:54:05+00:00
[2025-07-19 11:17:33] WARNING: Retrieving page 1...
[2025-07-19 11:17:35] WARNING: Newest tweet is from: 2013-12-21 19:29:18+00:00
[2025-07-19 11:17:35] WARNING: Reached stop point at tweet from 2013-12-21 19:29:18+00:00
[2025-07-19 11:17:35] WARNING: Retrieved 0 new tweets on page 1
[2025-07-19 11:17:35] WARNING: Stopping pagination as we've reached the stop point
[2025-07-19 11:17:35] WARNING: Retrieved a total of 0 tweets across 1 pages
[2025-07-19 11:17:35] WARNING: No new tweets found with trust commands. Exiting without error.
[2025-07-19 11:17:35] WARNING: Collection complete!
[2025-07-19 11:17:35] WARNING: - 0 trust assignments processed
[2025-07-19 11:17:35] WARNING: - 2 users in trust network
[2025-07-19 11:17:35] WARNING: - 31 total trust relationships
[2025-07-19 11:27:33] WARNING: === Starting Twitter Trust System Collection ===
[2025-07-19 11:27:33] WARNING: Will collect tweets until reaching previous timestamp: 2025-05-12 06:54:05+00:00
[2025-07-19 11:27:33] WARNING: Retrieving page 1...
[2025-07-19 11:27:35] WARNING: Newest tweet is from: 2013-12-21 19:29:18+00:00
[2025-07-19 11:27:35] WARNING: Reached stop point at tweet from 2013-12-21 19:29:18+00:00
[2025-07-19 11:27:35] WARNING: Retrieved 0 new tweets on page 1
[2025-07-19 11:27:35] WARNING: Stopping pagination as we've reached the stop point
[2025-07-19 11:27:35] WARNING: Retrieved a total of 0 tweets across 1 pages
[2025-07-19 11:27:35] WARNING: No new tweets found with trust commands. Exiting without error.
[2025-07-19 11:27:35] WARNING: Collection complete!
[2025-07-19 11:27:35] WARNING: - 0 trust assignments processed
[2025-07-19 11:27:35] WARNING: - 2 users in trust network
[2025-07-19 11:27:35] WARNING: - 31 total trust relationships
[2025-07-19 11:37:33] WARNING: === Starting Twitter Trust System Collection ===
[2025-07-19 11:37:33] WARNING: Will collect tweets until reaching previous timestamp: 2025-05-12 06:54:05+00:00
[2025-07-19 11:37:33] WARNING: Retrieving page 1...
[2025-07-19 11:37:36] WARNING: Newest tweet is from: 2013-12-21 19:29:18+00:00
[2025-07-19 11:37:36] WARNING: Reached stop point at tweet from 2013-12-21 19:29:18+00:00
[2025-07-19 11:37:36] WARNING: Retrieved 0 new tweets on page 1
[2025-07-19 11:37:36] WARNING: Stopping pagination as we've reached the stop point
[2025-07-19 11:37:36] WARNING: Retrieved a total of 0 tweets across 1 pages
[2025-07-19 11:37:36] WARNING: No new tweets found with trust commands. Exiting without error.
[2025-07-19 11:37:36] WARNING: Collection complete!
[2025-07-19 11:37:36] WARNING: - 0 trust assignments processed
[2025-07-19 11:37:36] WARNING: - 2 users in trust network
[2025-07-19 11:37:36] WARNING: - 31 total trust relationships
[2025-07-19 11:47:34] WARNING: === Starting Twitter Trust System Collection ===
[2025-07-19 11:47:34] WARNING: Will collect tweets until reaching previous timestamp: 2025-05-12 06:54:05+00:00
[2025-07-19 11:47:34] WARNING: Retrieving page 1...
[2025-07-19 11:47:35] WARNING: Newest tweet is from: 2013-12-21 19:29:18+00:00
[2025-07-19 11:47:35] WARNING: Reached stop point at tweet from 2013-12-21 19:29:18+00:00
[2025-07-19 11:47:35] WARNING: Retrieved 0 new tweets on page 1
[2025-07-19 11:47:35] WARNING: Stopping pagination as we've reached the stop point
[2025-07-19 11:47:35] WARNING: Retrieved a total of 0 tweets across 1 pages
[2025-07-19 11:47:35] WARNING: No new tweets found with trust commands. Exiting without error.
[2025-07-19 11:47:35] WARNING: Collection complete!
[2025-07-19 11:47:35] WARNING: - 0 trust assignments processed
[2025-07-19 11:47:35] WARNING: - 2 users in trust network
[2025-07-19 11:47:35] WARNING: - 31 total trust relationships
[2025-07-19 11:57:33] WARNING: === Starting Twitter Trust System Collection ===
[2025-07-19 11:57:33] WARNING: Will collect tweets until reaching previous timestamp: 2025-05-12 06:54:05+00:00
[2025-07-19 11:57:33] WARNING: Retrieving page 1...
[2025-07-19 11:57:35] WARNING: Newest tweet is from: 2013-12-21 19:29:18+00:00
[2025-07-19 11:57:35] WARNING: Reached stop point at tweet from 2013-12-21 19:29:18+00:00
[2025-07-19 11:57:35] WARNING: Retrieved 0 new tweets on page 1
[2025-07-19 11:57:35] WARNING: Stopping pagination as we've reached the stop point
[2025-07-19 11:57:35] WARNING: Retrieved a total of 0 tweets across 1 pages
[2025-07-19 11:57:35] WARNING: No new tweets found with trust commands. Exiting without error.
[2025-07-19 11:57:35] WARNING: Collection complete!
[2025-07-19 11:57:35] WARNING: - 0 trust assignments processed
[2025-07-19 11:57:35] WARNING: - 2 users in trust network
[2025-07-19 11:57:35] WARNING: - 31 total trust relationships
[2025-07-19 12:07:33] WARNING: === Starting Twitter Trust System Collection ===
[2025-07-19 12:07:33] WARNING: Will collect tweets until reaching previous timestamp: 2025-05-12 06:54:05+00:00
[2025-07-19 12:07:33] WARNING: Retrieving page 1...
[2025-07-19 12:07:36] WARNING: Newest tweet is from: 2013-12-21 19:29:18+00:00
[2025-07-19 12:07:36] WARNING: Reached stop point at tweet from 2013-12-21 19:29:18+00:00
[2025-07-19 12:07:36] WARNING: Retrieved 0 new tweets on page 1
[2025-07-19 12:07:36] WARNING: Stopping pagination as we've reached the stop point
[2025-07-19 12:07:36] WARNING: Retrieved a total of 0 tweets across 1 pages
[2025-07-19 12:07:36] WARNING: No new tweets found with trust commands. Exiting without error.
[2025-07-19 12:07:36] WARNING: Collection complete!
[2025-07-19 12:07:36] WARNING: - 0 trust assignments processed
[2025-07-19 12:07:36] WARNING: - 2 users in trust network
[2025-07-19 12:07:36] WARNING: - 31 total trust relationships
[2025-07-19 12:17:33] WARNING: === Starting Twitter Trust System Collection ===
[2025-07-19 12:17:33] WARNING: Will collect tweets until reaching previous timestamp: 2025-05-12 06:54:05+00:00
[2025-07-19 12:17:33] WARNING: Retrieving page 1...
[2025-07-19 12:17:35] WARNING: Newest tweet is from: 2013-12-21 19:29:18+00:00
[2025-07-19 12:17:35] WARNING: Reached stop point at tweet from 2013-12-21 19:29:18+00:00
[2025-07-19 12:17:35] WARNING: Retrieved 0 new tweets on page 1
[2025-07-19 12:17:35] WARNING: Stopping pagination as we've reached the stop point
[2025-07-19 12:17:35] WARNING: Retrieved a total of 0 tweets across 1 pages
[2025-07-19 12:17:35] WARNING: No new tweets found with trust commands. Exiting without error.
[2025-07-19 12:17:35] WARNING: Collection complete!
[2025-07-19 12:17:35] WARNING: - 0 trust assignments processed
[2025-07-19 12:17:35] WARNING: - 2 users in trust network
[2025-07-19 12:17:35] WARNING: - 31 total trust relationships
[2025-07-19 12:27:34] WARNING: === Starting Twitter Trust System Collection ===
[2025-07-19 12:27:34] WARNING: Will collect tweets until reaching previous timestamp: 2025-05-12 06:54:05+00:00
[2025-07-19 12:27:34] WARNING: Retrieving page 1...
[2025-07-19 12:27:35] WARNING: Newest tweet is from: 2013-12-21 19:29:18+00:00
[2025-07-19 12:27:35] WARNING: Reached stop point at tweet from 2013-12-21 19:29:18+00:00
[2025-07-19 12:27:35] WARNING: Retrieved 0 new tweets on page 1
[2025-07-19 12:27:35] WARNING: Stopping pagination as we've reached the stop point
[2025-07-19 12:27:35] WARNING: Retrieved a total of 0 tweets across 1 pages
[2025-07-19 12:27:35] WARNING: No new tweets found with trust commands. Exiting without error.
[2025-07-19 12:27:35] WARNING: Collection complete!
[2025-07-19 12:27:35] WARNING: - 0 trust assignments processed
[2025-07-19 12:27:35] WARNING: - 2 users in trust network
[2025-07-19 12:27:35] WARNING: - 31 total trust relationships
[2025-07-19 12:37:33] WARNING: === Starting Twitter Trust System Collection ===
[2025-07-19 12:37:33] WARNING: Will collect tweets until reaching previous timestamp: 2025-05-12 06:54:05+00:00
[2025-07-19 12:37:33] WARNING: Retrieving page 1...
[2025-07-19 12:37:35] WARNING: Newest tweet is from: 2013-12-21 19:29:18+00:00
[2025-07-19 12:37:35] WARNING: Reached stop point at tweet from 2013-12-21 19:29:18+00:00
[2025-07-19 12:37:35] WARNING: Retrieved 0 new tweets on page 1
[2025-07-19 12:37:35] WARNING: Stopping pagination as we've reached the stop point
[2025-07-19 12:37:35] WARNING: Retrieved a total of 0 tweets across 1 pages
[2025-07-19 12:37:35] WARNING: No new tweets found with trust commands. Exiting without error.
[2025-07-19 12:37:35] WARNING: Collection complete!
[2025-07-19 12:37:35] WARNING: - 0 trust assignments processed
[2025-07-19 12:37:35] WARNING: - 2 users in trust network
[2025-07-19 12:37:35] WARNING: - 31 total trust relationships
[2025-07-19 12:47:33] WARNING: === Starting Twitter Trust System Collection ===
[2025-07-19 12:47:33] WARNING: Will collect tweets until reaching previous timestamp: 2025-05-12 06:54:05+00:00
[2025-07-19 12:47:33] WARNING: Retrieving page 1...
[2025-07-19 12:47:35] WARNING: Newest tweet is from: 2013-12-21 19:29:18+00:00
[2025-07-19 12:47:35] WARNING: Reached stop point at tweet from 2013-12-21 19:29:18+00:00
[2025-07-19 12:47:35] WARNING: Retrieved 0 new tweets on page 1
[2025-07-19 12:47:35] WARNING: Stopping pagination as we've reached the stop point
[2025-07-19 12:47:35] WARNING: Retrieved a total of 0 tweets across 1 pages
[2025-07-19 12:47:35] WARNING: No new tweets found with trust commands. Exiting without error.
[2025-07-19 12:47:35] WARNING: Collection complete!
[2025-07-19 12:47:35] WARNING: - 0 trust assignments processed
[2025-07-19 12:47:35] WARNING: - 2 users in trust network
[2025-07-19 12:47:35] WARNING: - 31 total trust relationships
[2025-07-19 12:57:33] WARNING: === Starting Twitter Trust System Collection ===
[2025-07-19 12:57:33] WARNING: Will collect tweets until reaching previous timestamp: 2025-05-12 06:54:05+00:00
[2025-07-19 12:57:33] WARNING: Retrieving page 1...
[2025-07-19 12:57:35] WARNING: Newest tweet is from: 2013-12-21 19:29:18+00:00
[2025-07-19 12:57:35] WARNING: Reached stop point at tweet from 2013-12-21 19:29:18+00:00
[2025-07-19 12:57:35] WARNING: Retrieved 0 new tweets on page 1
[2025-07-19 12:57:35] WARNING: Stopping pagination as we've reached the stop point
[2025-07-19 12:57:35] WARNING: Retrieved a total of 0 tweets across 1 pages
[2025-07-19 12:57:35] WARNING: No new tweets found with trust commands. Exiting without error.
[2025-07-19 12:57:35] WARNING: Collection complete!
[2025-07-19 12:57:35] WARNING: - 0 trust assignments processed
[2025-07-19 12:57:35] WARNING: - 2 users in trust network
[2025-07-19 12:57:35] WARNING: - 31 total trust relationships
[2025-07-19 13:07:33] WARNING: === Starting Twitter Trust System Collection ===
[2025-07-19 13:07:33] WARNING: Will collect tweets until reaching previous timestamp: 2025-05-12 06:54:05+00:00
[2025-07-19 13:07:33] WARNING: Retrieving page 1...
[2025-07-19 13:07:35] WARNING: Newest tweet is from: 2013-12-21 19:29:18+00:00
[2025-07-19 13:07:35] WARNING: Reached stop point at tweet from 2013-12-21 19:29:18+00:00
[2025-07-19 13:07:35] WARNING: Retrieved 0 new tweets on page 1
[2025-07-19 13:07:35] WARNING: Stopping pagination as we've reached the stop point
[2025-07-19 13:07:35] WARNING: Retrieved a total of 0 tweets across 1 pages
[2025-07-19 13:07:35] WARNING: No new tweets found with trust commands. Exiting without error.
[2025-07-19 13:07:35] WARNING: Collection complete!
[2025-07-19 13:07:35] WARNING: - 0 trust assignments processed
[2025-07-19 13:07:35] WARNING: - 2 users in trust network
[2025-07-19 13:07:35] WARNING: - 31 total trust relationships
[2025-07-19 13:17:33] WARNING: === Starting Twitter Trust System Collection ===
[2025-07-19 13:17:33] WARNING: Will collect tweets until reaching previous timestamp: 2025-05-12 06:54:05+00:00
[2025-07-19 13:17:33] WARNING: Retrieving page 1...
[2025-07-19 13:17:37] WARNING: Newest tweet is from: 2013-12-21 19:29:18+00:00
[2025-07-19 13:17:37] WARNING: Reached stop point at tweet from 2013-12-21 19:29:18+00:00
[2025-07-19 13:17:37] WARNING: Retrieved 0 new tweets on page 1
[2025-07-19 13:17:37] WARNING: Stopping pagination as we've reached the stop point
[2025-07-19 13:17:37] WARNING: Retrieved a total of 0 tweets across 1 pages
[2025-07-19 13:17:37] WARNING: No new tweets found with trust commands. Exiting without error.
[2025-07-19 13:17:37] WARNING: Collection complete!
[2025-07-19 13:17:37] WARNING: - 0 trust assignments processed
[2025-07-19 13:17:37] WARNING: - 2 users in trust network
[2025-07-19 13:17:37] WARNING: - 31 total trust relationships
[2025-07-19 13:27:33] WARNING: === Starting Twitter Trust System Collection ===
[2025-07-19 13:27:33] WARNING: Will collect tweets until reaching previous timestamp: 2025-05-12 06:54:05+00:00
[2025-07-19 13:27:33] WARNING: Retrieving page 1...
[2025-07-19 13:27:35] WARNING: Newest tweet is from: 2013-12-21 19:29:18+00:00
[2025-07-19 13:27:35] WARNING: Reached stop point at tweet from 2013-12-21 19:29:18+00:00
[2025-07-19 13:27:35] WARNING: Retrieved 0 new tweets on page 1
[2025-07-19 13:27:35] WARNING: Stopping pagination as we've reached the stop point
[2025-07-19 13:27:35] WARNING: Retrieved a total of 0 tweets across 1 pages
[2025-07-19 13:27:35] WARNING: No new tweets found with trust commands. Exiting without error.
[2025-07-19 13:27:35] WARNING: Collection complete!
[2025-07-19 13:27:35] WARNING: - 0 trust assignments processed
[2025-07-19 13:27:35] WARNING: - 2 users in trust network
[2025-07-19 13:27:35] WARNING: - 31 total trust relationships
[2025-07-19 13:37:33] WARNING: === Starting Twitter Trust System Collection ===
[2025-07-19 13:37:33] WARNING: Will collect tweets until reaching previous timestamp: 2025-05-12 06:54:05+00:00
[2025-07-19 13:37:33] WARNING: Retrieving page 1...
[2025-07-19 13:37:35] WARNING: Newest tweet is from: 2013-12-21 19:29:18+00:00
[2025-07-19 13:37:35] WARNING: Reached stop point at tweet from 2013-12-21 19:29:18+00:00
[2025-07-19 13:37:35] WARNING: Retrieved 0 new tweets on page 1
[2025-07-19 13:37:35] WARNING: Stopping pagination as we've reached the stop point
[2025-07-19 13:37:35] WARNING: Retrieved a total of 0 tweets across 1 pages
[2025-07-19 13:37:35] WARNING: No new tweets found with trust commands. Exiting without error.
[2025-07-19 13:37:35] WARNING: Collection complete!
[2025-07-19 13:37:35] WARNING: - 0 trust assignments processed
[2025-07-19 13:37:35] WARNING: - 2 users in trust network
[2025-07-19 13:37:35] WARNING: - 31 total trust relationships
[2025-07-19 13:47:33] WARNING: === Starting Twitter Trust System Collection ===
[2025-07-19 13:47:33] WARNING: Will collect tweets until reaching previous timestamp: 2025-05-12 06:54:05+00:00
[2025-07-19 13:47:33] WARNING: Retrieving page 1...
[2025-07-19 13:47:35] WARNING: Newest tweet is from: 2013-12-21 19:29:18+00:00
[2025-07-19 13:47:35] WARNING: Reached stop point at tweet from 2013-12-21 19:29:18+00:00
[2025-07-19 13:47:35] WARNING: Retrieved 0 new tweets on page 1
[2025-07-19 13:47:35] WARNING: Stopping pagination as we've reached the stop point
[2025-07-19 13:47:35] WARNING: Retrieved a total of 0 tweets across 1 pages
[2025-07-19 13:47:35] WARNING: No new tweets found with trust commands. Exiting without error.
[2025-07-19 13:47:35] WARNING: Collection complete!
[2025-07-19 13:47:35] WARNING: - 0 trust assignments processed
[2025-07-19 13:47:35] WARNING: - 2 users in trust network
[2025-07-19 13:47:35] WARNING: - 31 total trust relationships
[2025-07-19 13:57:33] WARNING: === Starting Twitter Trust System Collection ===
[2025-07-19 13:57:33] WARNING: Will collect tweets until reaching previous timestamp: 2025-05-12 06:54:05+00:00
[2025-07-19 13:57:33] WARNING: Retrieving page 1...
[2025-07-19 13:57:35] WARNING: Newest tweet is from: 2013-12-21 19:29:18+00:00
[2025-07-19 13:57:35] WARNING: Reached stop point at tweet from 2013-12-21 19:29:18+00:00
[2025-07-19 13:57:35] WARNING: Retrieved 0 new tweets on page 1
[2025-07-19 13:57:35] WARNING: Stopping pagination as we've reached the stop point
[2025-07-19 13:57:35] WARNING: Retrieved a total of 0 tweets across 1 pages
[2025-07-19 13:57:35] WARNING: No new tweets found with trust commands. Exiting without error.
[2025-07-19 13:57:35] WARNING: Collection complete!
[2025-07-19 13:57:35] WARNING: - 0 trust assignments processed
[2025-07-19 13:57:35] WARNING: - 2 users in trust network
[2025-07-19 13:57:35] WARNING: - 31 total trust relationships
[2025-07-19 14:07:33] WARNING: === Starting Twitter Trust System Collection ===
[2025-07-19 14:07:33] WARNING: Will collect tweets until reaching previous timestamp: 2025-05-12 06:54:05+00:00
[2025-07-19 14:07:33] WARNING: Retrieving page 1...
[2025-07-19 14:07:35] WARNING: Newest tweet is from: 2013-12-21 19:29:18+00:00
[2025-07-19 14:07:35] WARNING: Reached stop point at tweet from 2013-12-21 19:29:18+00:00
[2025-07-19 14:07:35] WARNING: Retrieved 0 new tweets on page 1
[2025-07-19 14:07:35] WARNING: Stopping pagination as we've reached the stop point
[2025-07-19 14:07:35] WARNING: Retrieved a total of 0 tweets across 1 pages
[2025-07-19 14:07:35] WARNING: No new tweets found with trust commands. Exiting without error.
[2025-07-19 14:07:35] WARNING: Collection complete!
[2025-07-19 14:07:35] WARNING: - 0 trust assignments processed
[2025-07-19 14:07:35] WARNING: - 2 users in trust network
[2025-07-19 14:07:35] WARNING: - 31 total trust relationships
[2025-07-19 14:17:34] WARNING: === Starting Twitter Trust System Collection ===
[2025-07-19 14:17:34] WARNING: Will collect tweets until reaching previous timestamp: 2025-05-12 06:54:05+00:00
[2025-07-19 14:17:34] WARNING: Retrieving page 1...
[2025-07-19 14:17:36] WARNING: Newest tweet is from: 2013-12-21 19:29:18+00:00
[2025-07-19 14:17:36] WARNING: Reached stop point at tweet from 2013-12-21 19:29:18+00:00
[2025-07-19 14:17:36] WARNING: Retrieved 0 new tweets on page 1
[2025-07-19 14:17:36] WARNING: Stopping pagination as we've reached the stop point
[2025-07-19 14:17:36] WARNING: Retrieved a total of 0 tweets across 1 pages
[2025-07-19 14:17:36] WARNING: No new tweets found with trust commands. Exiting without error.
[2025-07-19 14:17:36] WARNING: Collection complete!
[2025-07-19 14:17:36] WARNING: - 0 trust assignments processed
[2025-07-19 14:17:36] WARNING: - 2 users in trust network
[2025-07-19 14:17:36] WARNING: - 31 total trust relationships
[2025-07-19 14:27:33] WARNING: === Starting Twitter Trust System Collection ===
[2025-07-19 14:27:33] WARNING: Will collect tweets until reaching previous timestamp: 2025-05-12 06:54:05+00:00
[2025-07-19 14:27:33] WARNING: Retrieving page 1...
[2025-07-19 14:27:36] WARNING: Newest tweet is from: 2013-12-21 19:29:18+00:00
[2025-07-19 14:27:36] WARNING: Reached stop point at tweet from 2013-12-21 19:29:18+00:00
[2025-07-19 14:27:36] WARNING: Retrieved 0 new tweets on page 1
[2025-07-19 14:27:36] WARNING: Stopping pagination as we've reached the stop point
[2025-07-19 14:27:36] WARNING: Retrieved a total of 0 tweets across 1 pages
[2025-07-19 14:27:36] WARNING: No new tweets found with trust commands. Exiting without error.
[2025-07-19 14:27:36] WARNING: Collection complete!
[2025-07-19 14:27:36] WARNING: - 0 trust assignments processed
[2025-07-19 14:27:36] WARNING: - 2 users in trust network
[2025-07-19 14:27:36] WARNING: - 31 total trust relationships
[2025-07-19 14:37:33] WARNING: === Starting Twitter Trust System Collection ===
[2025-07-19 14:37:33] WARNING: Will collect tweets until reaching previous timestamp: 2025-05-12 06:54:05+00:00
[2025-07-19 14:37:33] WARNING: Retrieving page 1...
[2025-07-19 14:37:35] WARNING: Newest tweet is from: 2013-12-21 19:29:18+00:00
[2025-07-19 14:37:35] WARNING: Reached stop point at tweet from 2013-12-21 19:29:18+00:00
[2025-07-19 14:37:35] WARNING: Retrieved 0 new tweets on page 1
[2025-07-19 14:37:35] WARNING: Stopping pagination as we've reached the stop point
[2025-07-19 14:37:35] WARNING: Retrieved a total of 0 tweets across 1 pages
[2025-07-19 14:37:35] WARNING: No new tweets found with trust commands. Exiting without error.
[2025-07-19 14:37:35] WARNING: Collection complete!
[2025-07-19 14:37:35] WARNING: - 0 trust assignments processed
[2025-07-19 14:37:35] WARNING: - 2 users in trust network
[2025-07-19 14:37:35] WARNING: - 31 total trust relationships
[2025-07-19 14:47:33] WARNING: === Starting Twitter Trust System Collection ===
[2025-07-19 14:47:33] WARNING: Will collect tweets until reaching previous timestamp: 2025-05-12 06:54:05+00:00
[2025-07-19 14:47:33] WARNING: Retrieving page 1...
[2025-07-19 14:47:35] WARNING: Newest tweet is from: 2013-12-21 19:29:18+00:00
[2025-07-19 14:47:35] WARNING: Reached stop point at tweet from 2013-12-21 19:29:18+00:00
[2025-07-19 14:47:35] WARNING: Retrieved 0 new tweets on page 1
[2025-07-19 14:47:35] WARNING: Stopping pagination as we've reached the stop point
[2025-07-19 14:47:35] WARNING: Retrieved a total of 0 tweets across 1 pages
[2025-07-19 14:47:35] WARNING: No new tweets found with trust commands. Exiting without error.
[2025-07-19 14:47:35] WARNING: Collection complete!
[2025-07-19 14:47:35] WARNING: - 0 trust assignments processed
[2025-07-19 14:47:35] WARNING: - 2 users in trust network
[2025-07-19 14:47:35] WARNING: - 31 total trust relationships
[2025-07-19 14:57:33] WARNING: === Starting Twitter Trust System Collection ===
[2025-07-19 14:57:33] WARNING: Will collect tweets until reaching previous timestamp: 2025-05-12 06:54:05+00:00
[2025-07-19 14:57:33] WARNING: Retrieving page 1...
[2025-07-19 14:57:34] WARNING: Newest tweet is from: 2013-12-21 19:29:18+00:00
[2025-07-19 14:57:34] WARNING: Reached stop point at tweet from 2013-12-21 19:29:18+00:00
[2025-07-19 14:57:34] WARNING: Retrieved 0 new tweets on page 1
[2025-07-19 14:57:34] WARNING: Stopping pagination as we've reached the stop point
[2025-07-19 14:57:34] WARNING: Retrieved a total of 0 tweets across 1 pages
[2025-07-19 14:57:34] WARNING: No new tweets found with trust commands. Exiting without error.
[2025-07-19 14:57:34] WARNING: Collection complete!
[2025-07-19 14:57:34] WARNING: - 0 trust assignments processed
[2025-07-19 14:57:34] WARNING: - 2 users in trust network
[2025-07-19 14:57:34] WARNING: - 31 total trust relationships
[2025-07-19 15:07:33] WARNING: === Starting Twitter Trust System Collection ===
[2025-07-19 15:07:33] WARNING: Will collect tweets until reaching previous timestamp: 2025-05-12 06:54:05+00:00
[2025-07-19 15:07:33] WARNING: Retrieving page 1...
[2025-07-19 15:07:35] WARNING: Newest tweet is from: 2013-12-21 19:29:18+00:00
[2025-07-19 15:07:35] WARNING: Reached stop point at tweet from 2013-12-21 19:29:18+00:00
[2025-07-19 15:07:35] WARNING: Retrieved 0 new tweets on page 1
[2025-07-19 15:07:35] WARNING: Stopping pagination as we've reached the stop point
[2025-07-19 15:07:35] WARNING: Retrieved a total of 0 tweets across 1 pages
[2025-07-19 15:07:35] WARNING: No new tweets found with trust commands. Exiting without error.
[2025-07-19 15:07:35] WARNING: Collection complete!
[2025-07-19 15:07:35] WARNING: - 0 trust assignments processed
[2025-07-19 15:07:35] WARNING: - 2 users in trust network
[2025-07-19 15:07:35] WARNING: - 31 total trust relationships
[2025-07-19 15:17:33] WARNING: === Starting Twitter Trust System Collection ===
[2025-07-19 15:17:33] WARNING: Will collect tweets until reaching previous timestamp: 2025-05-12 06:54:05+00:00
[2025-07-19 15:17:33] WARNING: Retrieving page 1...
[2025-07-19 15:17:34] WARNING: Newest tweet is from: 2013-12-21 19:29:18+00:00
[2025-07-19 15:17:34] WARNING: Reached stop point at tweet from 2013-12-21 19:29:18+00:00
[2025-07-19 15:17:34] WARNING: Retrieved 0 new tweets on page 1
[2025-07-19 15:17:34] WARNING: Stopping pagination as we've reached the stop point
[2025-07-19 15:17:34] WARNING: Retrieved a total of 0 tweets across 1 pages
[2025-07-19 15:17:34] WARNING: No new tweets found with trust commands. Exiting without error.
[2025-07-19 15:17:34] WARNING: Collection complete!
[2025-07-19 15:17:34] WARNING: - 0 trust assignments processed
[2025-07-19 15:17:34] WARNING: - 2 users in trust network
[2025-07-19 15:17:34] WARNING: - 31 total trust relationships
[2025-07-19 15:27:32] WARNING: === Starting Twitter Trust System Collection ===
[2025-07-19 15:27:32] WARNING: Will collect tweets until reaching previous timestamp: 2025-05-12 06:54:05+00:00
[2025-07-19 15:27:32] WARNING: Retrieving page 1...
[2025-07-19 15:27:34] WARNING: Newest tweet is from: 2013-12-21 19:29:18+00:00
[2025-07-19 15:27:34] WARNING: Reached stop point at tweet from 2013-12-21 19:29:18+00:00
[2025-07-19 15:27:34] WARNING: Retrieved 0 new tweets on page 1
[2025-07-19 15:27:34] WARNING: Stopping pagination as we've reached the stop point
[2025-07-19 15:27:34] WARNING: Retrieved a total of 0 tweets across 1 pages
[2025-07-19 15:27:34] WARNING: No new tweets found with trust commands. Exiting without error.
[2025-07-19 15:27:34] WARNING: Collection complete!
[2025-07-19 15:27:34] WARNING: - 0 trust assignments processed
[2025-07-19 15:27:34] WARNING: - 2 users in trust network
[2025-07-19 15:27:34] WARNING: - 31 total trust relationships
[2025-07-19 15:37:32] WARNING: === Starting Twitter Trust System Collection ===
[2025-07-19 15:37:32] WARNING: Will collect tweets until reaching previous timestamp: 2025-05-12 06:54:05+00:00
[2025-07-19 15:37:32] WARNING: Retrieving page 1...
[2025-07-19 15:37:34] WARNING: Newest tweet is from: 2013-12-21 19:29:18+00:00
[2025-07-19 15:37:34] WARNING: Reached stop point at tweet from 2013-12-21 19:29:18+00:00
[2025-07-19 15:37:34] WARNING: Retrieved 0 new tweets on page 1
[2025-07-19 15:37:34] WARNING: Stopping pagination as we've reached the stop point
[2025-07-19 15:37:34] WARNING: Retrieved a total of 0 tweets across 1 pages
[2025-07-19 15:37:34] WARNING: No new tweets found with trust commands. Exiting without error.
[2025-07-19 15:37:34] WARNING: Collection complete!
[2025-07-19 15:37:34] WARNING: - 0 trust assignments processed
[2025-07-19 15:37:34] WARNING: - 2 users in trust network
[2025-07-19 15:37:34] WARNING: - 31 total trust relationships
[2025-07-19 15:47:32] WARNING: === Starting Twitter Trust System Collection ===
[2025-07-19 15:47:32] WARNING: Will collect tweets until reaching previous timestamp: 2025-05-12 06:54:05+00:00
[2025-07-19 15:47:32] WARNING: Retrieving page 1...
[2025-07-19 15:47:33] WARNING: Newest tweet is from: 2013-12-21 19:29:18+00:00
[2025-07-19 15:47:33] WARNING: Reached stop point at tweet from 2013-12-21 19:29:18+00:00
[2025-07-19 15:47:33] WARNING: Retrieved 0 new tweets on page 1
[2025-07-19 15:47:33] WARNING: Stopping pagination as we've reached the stop point
[2025-07-19 15:47:33] WARNING: Retrieved a total of 0 tweets across 1 pages
[2025-07-19 15:47:33] WARNING: No new tweets found with trust commands. Exiting without error.
[2025-07-19 15:47:33] WARNING: Collection complete!
[2025-07-19 15:47:33] WARNING: - 0 trust assignments processed
[2025-07-19 15:47:33] WARNING: - 2 users in trust network
[2025-07-19 15:47:33] WARNING: - 31 total trust relationships
[2025-07-19 15:57:32] WARNING: === Starting Twitter Trust System Collection ===
[2025-07-19 15:57:32] WARNING: Will collect tweets until reaching previous timestamp: 2025-05-12 06:54:05+00:00
[2025-07-19 15:57:32] WARNING: Retrieving page 1...
[2025-07-19 15:57:34] WARNING: Newest tweet is from: 2025-05-12 06:54:05+00:00
[2025-07-19 15:57:34] WARNING: Reached stop point at tweet from 2025-05-12 06:54:05+00:00
[2025-07-19 15:57:34] WARNING: Retrieved 0 new tweets on page 1
[2025-07-19 15:57:34] WARNING: Stopping pagination as we've reached the stop point
[2025-07-19 15:57:34] WARNING: Retrieved a total of 0 tweets across 1 pages
[2025-07-19 15:57:34] WARNING: No new tweets found with trust commands. Exiting without error.
[2025-07-19 15:57:34] WARNING: Collection complete!
[2025-07-19 15:57:34] WARNING: - 0 trust assignments processed
[2025-07-19 15:57:34] WARNING: - 2 users in trust network
[2025-07-19 15:57:34] WARNING: - 31 total trust relationships
[2025-07-19 16:07:32] WARNING: === Starting Twitter Trust System Collection ===
[2025-07-19 16:07:32] WARNING: Will collect tweets until reaching previous timestamp: 2025-05-12 06:54:05+00:00
[2025-07-19 16:07:32] WARNING: Retrieving page 1...
[2025-07-19 16:07:35] WARNING: Newest tweet is from: 2013-12-21 19:29:18+00:00
[2025-07-19 16:07:35] WARNING: Reached stop point at tweet from 2013-12-21 19:29:18+00:00
[2025-07-19 16:07:35] WARNING: Retrieved 0 new tweets on page 1
[2025-07-19 16:07:35] WARNING: Stopping pagination as we've reached the stop point
[2025-07-19 16:07:35] WARNING: Retrieved a total of 0 tweets across 1 pages
[2025-07-19 16:07:35] WARNING: No new tweets found with trust commands. Exiting without error.
[2025-07-19 16:07:35] WARNING: Collection complete!
[2025-07-19 16:07:35] WARNING: - 0 trust assignments processed
[2025-07-19 16:07:35] WARNING: - 2 users in trust network
[2025-07-19 16:07:35] WARNING: - 31 total trust relationships
[2025-07-19 16:17:32] WARNING: === Starting Twitter Trust System Collection ===
[2025-07-19 16:17:32] WARNING: Will collect tweets until reaching previous timestamp: 2025-05-12 06:54:05+00:00
[2025-07-19 16:17:32] WARNING: Retrieving page 1...
[2025-07-19 16:17:34] WARNING: Newest tweet is from: 2013-12-21 19:29:18+00:00
[2025-07-19 16:17:34] WARNING: Reached stop point at tweet from 2013-12-21 19:29:18+00:00
[2025-07-19 16:17:34] WARNING: Retrieved 0 new tweets on page 1
[2025-07-19 16:17:34] WARNING: Stopping pagination as we've reached the stop point
[2025-07-19 16:17:34] WARNING: Retrieved a total of 0 tweets across 1 pages
[2025-07-19 16:17:34] WARNING: No new tweets found with trust commands. Exiting without error.
[2025-07-19 16:17:34] WARNING: Collection complete!
[2025-07-19 16:17:34] WARNING: - 0 trust assignments processed
[2025-07-19 16:17:34] WARNING: - 2 users in trust network
[2025-07-19 16:17:34] WARNING: - 31 total trust relationships
[2025-07-19 16:27:32] WARNING: === Starting Twitter Trust System Collection ===
[2025-07-19 16:27:32] WARNING: Will collect tweets until reaching previous timestamp: 2025-05-12 06:54:05+00:00
[2025-07-19 16:27:32] WARNING: Retrieving page 1...
[2025-07-19 16:27:34] WARNING: Newest tweet is from: 2013-12-21 19:29:18+00:00
[2025-07-19 16:27:34] WARNING: Reached stop point at tweet from 2013-12-21 19:29:18+00:00
[2025-07-19 16:27:34] WARNING: Retrieved 0 new tweets on page 1
[2025-07-19 16:27:34] WARNING: Stopping pagination as we've reached the stop point
[2025-07-19 16:27:34] WARNING: Retrieved a total of 0 tweets across 1 pages
[2025-07-19 16:27:34] WARNING: No new tweets found with trust commands. Exiting without error.
[2025-07-19 16:27:34] WARNING: Collection complete!
[2025-07-19 16:27:34] WARNING: - 0 trust assignments processed
[2025-07-19 16:27:34] WARNING: - 2 users in trust network
[2025-07-19 16:27:34] WARNING: - 31 total trust relationships
[2025-07-19 16:37:32] WARNING: === Starting Twitter Trust System Collection ===
[2025-07-19 16:37:32] WARNING: Will collect tweets until reaching previous timestamp: 2025-05-12 06:54:05+00:00
[2025-07-19 16:37:32] WARNING: Retrieving page 1...
[2025-07-19 16:37:35] WARNING: Newest tweet is from: 2013-12-21 19:29:18+00:00
[2025-07-19 16:37:35] WARNING: Reached stop point at tweet from 2013-12-21 19:29:18+00:00
[2025-07-19 16:37:35] WARNING: Retrieved 0 new tweets on page 1
[2025-07-19 16:37:35] WARNING: Stopping pagination as we've reached the stop point
[2025-07-19 16:37:35] WARNING: Retrieved a total of 0 tweets across 1 pages
[2025-07-19 16:37:35] WARNING: No new tweets found with trust commands. Exiting without error.
[2025-07-19 16:37:35] WARNING: Collection complete!
[2025-07-19 16:37:35] WARNING: - 0 trust assignments processed
[2025-07-19 16:37:35] WARNING: - 2 users in trust network
[2025-07-19 16:37:35] WARNING: - 31 total trust relationships
