[2025-07-17 06:47:36] WARNING: Reached stop point at tweet from 2013-12-21 19:29:18+00:00
[2025-07-17 06:47:36] WARNING: Retrieved 0 new tweets on page 1
[2025-07-17 06:47:36] WARNING: Stopping pagination as we've reached the stop point
[2025-07-17 06:47:36] WARNING: Retrieved a total of 0 tweets across 1 pages
[2025-07-17 06:47:36] WARNING: No new tweets found with trust commands. Exiting without error.
[2025-07-17 06:47:36] WARNING: Collection complete!
[2025-07-17 06:47:36] WARNING: - 0 trust assignments processed
[2025-07-17 06:47:36] WARNING: - 2 users in trust network
[2025-07-17 06:47:36] WARNING: - 31 total trust relationships
[2025-07-17 06:57:33] WARNING: === Starting Twitter Trust System Collection ===
[2025-07-17 06:57:33] WARNING: Will collect tweets until reaching previous timestamp: 2025-05-12 06:54:05+00:00
[2025-07-17 06:57:33] WARNING: Retrieving page 1...
[2025-07-17 06:57:35] WARNING: Newest tweet is from: 2013-12-21 19:29:18+00:00
[2025-07-17 06:57:35] WARNING: Reached stop point at tweet from 2013-12-21 19:29:18+00:00
[2025-07-17 06:57:35] WARNING: Retrieved 0 new tweets on page 1
[2025-07-17 06:57:35] WARNING: Stopping pagination as we've reached the stop point
[2025-07-17 06:57:35] WARNING: Retrieved a total of 0 tweets across 1 pages
[2025-07-17 06:57:35] WARNING: No new tweets found with trust commands. Exiting without error.
[2025-07-17 06:57:35] WARNING: Collection complete!
[2025-07-17 06:57:35] WARNING: - 0 trust assignments processed
[2025-07-17 06:57:35] WARNING: - 2 users in trust network
[2025-07-17 06:57:35] WARNING: - 31 total trust relationships
[2025-07-17 07:07:33] WARNING: === Starting Twitter Trust System Collection ===
[2025-07-17 07:07:33] WARNING: Will collect tweets until reaching previous timestamp: 2025-05-12 06:54:05+00:00
[2025-07-17 07:07:33] WARNING: Retrieving page 1...
[2025-07-17 07:07:35] WARNING: Newest tweet is from: 2013-12-21 19:29:18+00:00
[2025-07-17 07:07:35] WARNING: Reached stop point at tweet from 2013-12-21 19:29:18+00:00
[2025-07-17 07:07:35] WARNING: Retrieved 0 new tweets on page 1
[2025-07-17 07:07:35] WARNING: Stopping pagination as we've reached the stop point
[2025-07-17 07:07:35] WARNING: Retrieved a total of 0 tweets across 1 pages
[2025-07-17 07:07:35] WARNING: No new tweets found with trust commands. Exiting without error.
[2025-07-17 07:07:35] WARNING: Collection complete!
[2025-07-17 07:07:35] WARNING: - 0 trust assignments processed
[2025-07-17 07:07:35] WARNING: - 2 users in trust network
[2025-07-17 07:07:35] WARNING: - 31 total trust relationships
[2025-07-17 07:17:33] WARNING: === Starting Twitter Trust System Collection ===
[2025-07-17 07:17:33] WARNING: Will collect tweets until reaching previous timestamp: 2025-05-12 06:54:05+00:00
[2025-07-17 07:17:33] WARNING: Retrieving page 1...
[2025-07-17 07:17:37] WARNING: Newest tweet is from: 2013-12-21 19:29:18+00:00
[2025-07-17 07:17:37] WARNING: Reached stop point at tweet from 2013-12-21 19:29:18+00:00
[2025-07-17 07:17:37] WARNING: Retrieved 0 new tweets on page 1
[2025-07-17 07:17:37] WARNING: Stopping pagination as we've reached the stop point
[2025-07-17 07:17:37] WARNING: Retrieved a total of 0 tweets across 1 pages
[2025-07-17 07:17:37] WARNING: No new tweets found with trust commands. Exiting without error.
[2025-07-17 07:17:37] WARNING: Collection complete!
[2025-07-17 07:17:37] WARNING: - 0 trust assignments processed
[2025-07-17 07:17:37] WARNING: - 2 users in trust network
[2025-07-17 07:17:37] WARNING: - 31 total trust relationships
[2025-07-17 07:27:33] WARNING: === Starting Twitter Trust System Collection ===
[2025-07-17 07:27:33] WARNING: Will collect tweets until reaching previous timestamp: 2025-05-12 06:54:05+00:00
[2025-07-17 07:27:33] WARNING: Retrieving page 1...
[2025-07-17 07:27:35] WARNING: Newest tweet is from: 2013-12-21 19:29:18+00:00
[2025-07-17 07:27:35] WARNING: Reached stop point at tweet from 2013-12-21 19:29:18+00:00
[2025-07-17 07:27:35] WARNING: Retrieved 0 new tweets on page 1
[2025-07-17 07:27:35] WARNING: Stopping pagination as we've reached the stop point
[2025-07-17 07:27:35] WARNING: Retrieved a total of 0 tweets across 1 pages
[2025-07-17 07:27:35] WARNING: No new tweets found with trust commands. Exiting without error.
[2025-07-17 07:27:35] WARNING: Collection complete!
[2025-07-17 07:27:35] WARNING: - 0 trust assignments processed
[2025-07-17 07:27:35] WARNING: - 2 users in trust network
[2025-07-17 07:27:35] WARNING: - 31 total trust relationships
[2025-07-17 07:37:33] WARNING: === Starting Twitter Trust System Collection ===
[2025-07-17 07:37:33] WARNING: Will collect tweets until reaching previous timestamp: 2025-05-12 06:54:05+00:00
[2025-07-17 07:37:33] WARNING: Retrieving page 1...
[2025-07-17 07:37:35] WARNING: Newest tweet is from: 2013-12-21 19:29:18+00:00
[2025-07-17 07:37:35] WARNING: Reached stop point at tweet from 2013-12-21 19:29:18+00:00
[2025-07-17 07:37:35] WARNING: Retrieved 0 new tweets on page 1
[2025-07-17 07:37:35] WARNING: Stopping pagination as we've reached the stop point
[2025-07-17 07:37:35] WARNING: Retrieved a total of 0 tweets across 1 pages
[2025-07-17 07:37:35] WARNING: No new tweets found with trust commands. Exiting without error.
[2025-07-17 07:37:35] WARNING: Collection complete!
[2025-07-17 07:37:35] WARNING: - 0 trust assignments processed
[2025-07-17 07:37:35] WARNING: - 2 users in trust network
[2025-07-17 07:37:35] WARNING: - 31 total trust relationships
[2025-07-17 07:47:33] WARNING: === Starting Twitter Trust System Collection ===
[2025-07-17 07:47:33] WARNING: Will collect tweets until reaching previous timestamp: 2025-05-12 06:54:05+00:00
[2025-07-17 07:47:33] WARNING: Retrieving page 1...
[2025-07-17 07:47:35] WARNING: Newest tweet is from: 2013-12-21 19:29:18+00:00
[2025-07-17 07:47:35] WARNING: Reached stop point at tweet from 2013-12-21 19:29:18+00:00
[2025-07-17 07:47:35] WARNING: Retrieved 0 new tweets on page 1
[2025-07-17 07:47:35] WARNING: Stopping pagination as we've reached the stop point
[2025-07-17 07:47:35] WARNING: Retrieved a total of 0 tweets across 1 pages
[2025-07-17 07:47:35] WARNING: No new tweets found with trust commands. Exiting without error.
[2025-07-17 07:47:35] WARNING: Collection complete!
[2025-07-17 07:47:35] WARNING: - 0 trust assignments processed
[2025-07-17 07:47:35] WARNING: - 2 users in trust network
[2025-07-17 07:47:35] WARNING: - 31 total trust relationships
[2025-07-17 07:57:33] WARNING: === Starting Twitter Trust System Collection ===
[2025-07-17 07:57:33] WARNING: Will collect tweets until reaching previous timestamp: 2025-05-12 06:54:05+00:00
[2025-07-17 07:57:33] WARNING: Retrieving page 1...
[2025-07-17 07:57:35] WARNING: Newest tweet is from: 2013-12-21 19:29:18+00:00
[2025-07-17 07:57:35] WARNING: Reached stop point at tweet from 2013-12-21 19:29:18+00:00
[2025-07-17 07:57:35] WARNING: Retrieved 0 new tweets on page 1
[2025-07-17 07:57:35] WARNING: Stopping pagination as we've reached the stop point
[2025-07-17 07:57:35] WARNING: Retrieved a total of 0 tweets across 1 pages
[2025-07-17 07:57:35] WARNING: No new tweets found with trust commands. Exiting without error.
[2025-07-17 07:57:35] WARNING: Collection complete!
[2025-07-17 07:57:35] WARNING: - 0 trust assignments processed
[2025-07-17 07:57:35] WARNING: - 2 users in trust network
[2025-07-17 07:57:35] WARNING: - 31 total trust relationships
[2025-07-17 08:07:33] WARNING: === Starting Twitter Trust System Collection ===
[2025-07-17 08:07:33] WARNING: Will collect tweets until reaching previous timestamp: 2025-05-12 06:54:05+00:00
[2025-07-17 08:07:33] WARNING: Retrieving page 1...
[2025-07-17 08:07:35] WARNING: Newest tweet is from: 2013-12-21 19:29:18+00:00
[2025-07-17 08:07:35] WARNING: Reached stop point at tweet from 2013-12-21 19:29:18+00:00
[2025-07-17 08:07:35] WARNING: Retrieved 0 new tweets on page 1
[2025-07-17 08:07:35] WARNING: Stopping pagination as we've reached the stop point
[2025-07-17 08:07:35] WARNING: Retrieved a total of 0 tweets across 1 pages
[2025-07-17 08:07:35] WARNING: No new tweets found with trust commands. Exiting without error.
[2025-07-17 08:07:35] WARNING: Collection complete!
[2025-07-17 08:07:35] WARNING: - 0 trust assignments processed
[2025-07-17 08:07:35] WARNING: - 2 users in trust network
[2025-07-17 08:07:35] WARNING: - 31 total trust relationships
[2025-07-17 08:17:33] WARNING: === Starting Twitter Trust System Collection ===
[2025-07-17 08:17:33] WARNING: Will collect tweets until reaching previous timestamp: 2025-05-12 06:54:05+00:00
[2025-07-17 08:17:33] WARNING: Retrieving page 1...
[2025-07-17 08:17:35] WARNING: Newest tweet is from: 2013-12-21 19:29:18+00:00
[2025-07-17 08:17:35] WARNING: Reached stop point at tweet from 2013-12-21 19:29:18+00:00
[2025-07-17 08:17:35] WARNING: Retrieved 0 new tweets on page 1
[2025-07-17 08:17:35] WARNING: Stopping pagination as we've reached the stop point
[2025-07-17 08:17:35] WARNING: Retrieved a total of 0 tweets across 1 pages
[2025-07-17 08:17:35] WARNING: No new tweets found with trust commands. Exiting without error.
[2025-07-17 08:17:35] WARNING: Collection complete!
[2025-07-17 08:17:35] WARNING: - 0 trust assignments processed
[2025-07-17 08:17:35] WARNING: - 2 users in trust network
[2025-07-17 08:17:35] WARNING: - 31 total trust relationships
[2025-07-17 08:27:33] WARNING: === Starting Twitter Trust System Collection ===
[2025-07-17 08:27:33] WARNING: Will collect tweets until reaching previous timestamp: 2025-05-12 06:54:05+00:00
[2025-07-17 08:27:33] WARNING: Retrieving page 1...
[2025-07-17 08:27:35] WARNING: Newest tweet is from: 2013-12-21 19:29:18+00:00
[2025-07-17 08:27:35] WARNING: Reached stop point at tweet from 2013-12-21 19:29:18+00:00
[2025-07-17 08:27:35] WARNING: Retrieved 0 new tweets on page 1
[2025-07-17 08:27:35] WARNING: Stopping pagination as we've reached the stop point
[2025-07-17 08:27:35] WARNING: Retrieved a total of 0 tweets across 1 pages
[2025-07-17 08:27:35] WARNING: No new tweets found with trust commands. Exiting without error.
[2025-07-17 08:27:35] WARNING: Collection complete!
[2025-07-17 08:27:35] WARNING: - 0 trust assignments processed
[2025-07-17 08:27:35] WARNING: - 2 users in trust network
[2025-07-17 08:27:35] WARNING: - 31 total trust relationships
[2025-07-17 08:37:33] WARNING: === Starting Twitter Trust System Collection ===
[2025-07-17 08:37:33] WARNING: Will collect tweets until reaching previous timestamp: 2025-05-12 06:54:05+00:00
[2025-07-17 08:37:33] WARNING: Retrieving page 1...
[2025-07-17 08:37:35] WARNING: Newest tweet is from: 2013-12-21 19:29:18+00:00
[2025-07-17 08:37:35] WARNING: Reached stop point at tweet from 2013-12-21 19:29:18+00:00
[2025-07-17 08:37:35] WARNING: Retrieved 0 new tweets on page 1
[2025-07-17 08:37:35] WARNING: Stopping pagination as we've reached the stop point
[2025-07-17 08:37:35] WARNING: Retrieved a total of 0 tweets across 1 pages
[2025-07-17 08:37:35] WARNING: No new tweets found with trust commands. Exiting without error.
[2025-07-17 08:37:35] WARNING: Collection complete!
[2025-07-17 08:37:35] WARNING: - 0 trust assignments processed
[2025-07-17 08:37:35] WARNING: - 2 users in trust network
[2025-07-17 08:37:35] WARNING: - 31 total trust relationships
[2025-07-17 08:47:33] WARNING: === Starting Twitter Trust System Collection ===
[2025-07-17 08:47:33] WARNING: Will collect tweets until reaching previous timestamp: 2025-05-12 06:54:05+00:00
[2025-07-17 08:47:33] WARNING: Retrieving page 1...
[2025-07-17 08:47:36] WARNING: Newest tweet is from: 2013-12-21 19:29:18+00:00
[2025-07-17 08:47:36] WARNING: Reached stop point at tweet from 2013-12-21 19:29:18+00:00
[2025-07-17 08:47:36] WARNING: Retrieved 0 new tweets on page 1
[2025-07-17 08:47:36] WARNING: Stopping pagination as we've reached the stop point
[2025-07-17 08:47:36] WARNING: Retrieved a total of 0 tweets across 1 pages
[2025-07-17 08:47:36] WARNING: No new tweets found with trust commands. Exiting without error.
[2025-07-17 08:47:36] WARNING: Collection complete!
[2025-07-17 08:47:36] WARNING: - 0 trust assignments processed
[2025-07-17 08:47:36] WARNING: - 2 users in trust network
[2025-07-17 08:47:36] WARNING: - 31 total trust relationships
[2025-07-17 08:57:33] WARNING: === Starting Twitter Trust System Collection ===
[2025-07-17 08:57:33] WARNING: Will collect tweets until reaching previous timestamp: 2025-05-12 06:54:05+00:00
[2025-07-17 08:57:33] WARNING: Retrieving page 1...
[2025-07-17 08:57:35] WARNING: Newest tweet is from: 2013-12-21 19:29:18+00:00
[2025-07-17 08:57:35] WARNING: Reached stop point at tweet from 2013-12-21 19:29:18+00:00
[2025-07-17 08:57:35] WARNING: Retrieved 0 new tweets on page 1
[2025-07-17 08:57:35] WARNING: Stopping pagination as we've reached the stop point
[2025-07-17 08:57:35] WARNING: Retrieved a total of 0 tweets across 1 pages
[2025-07-17 08:57:35] WARNING: No new tweets found with trust commands. Exiting without error.
[2025-07-17 08:57:35] WARNING: Collection complete!
[2025-07-17 08:57:35] WARNING: - 0 trust assignments processed
[2025-07-17 08:57:35] WARNING: - 2 users in trust network
[2025-07-17 08:57:35] WARNING: - 31 total trust relationships
[2025-07-17 09:07:33] WARNING: === Starting Twitter Trust System Collection ===
[2025-07-17 09:07:33] WARNING: Will collect tweets until reaching previous timestamp: 2025-05-12 06:54:05+00:00
[2025-07-17 09:07:33] WARNING: Retrieving page 1...
[2025-07-17 09:07:34] WARNING: Newest tweet is from: 2013-12-21 19:29:18+00:00
[2025-07-17 09:07:34] WARNING: Reached stop point at tweet from 2013-12-21 19:29:18+00:00
[2025-07-17 09:07:34] WARNING: Retrieved 0 new tweets on page 1
[2025-07-17 09:07:34] WARNING: Stopping pagination as we've reached the stop point
[2025-07-17 09:07:34] WARNING: Retrieved a total of 0 tweets across 1 pages
[2025-07-17 09:07:34] WARNING: No new tweets found with trust commands. Exiting without error.
[2025-07-17 09:07:34] WARNING: Collection complete!
[2025-07-17 09:07:34] WARNING: - 0 trust assignments processed
[2025-07-17 09:07:34] WARNING: - 2 users in trust network
[2025-07-17 09:07:34] WARNING: - 31 total trust relationships
[2025-07-17 09:17:35] WARNING: === Starting Twitter Trust System Collection ===
[2025-07-17 09:17:35] WARNING: Will collect tweets until reaching previous timestamp: 2025-05-12 06:54:05+00:00
[2025-07-17 09:17:35] WARNING: Retrieving page 1...
[2025-07-17 09:17:36] WARNING: Newest tweet is from: 2013-12-21 19:29:18+00:00
[2025-07-17 09:17:36] WARNING: Reached stop point at tweet from 2013-12-21 19:29:18+00:00
[2025-07-17 09:17:36] WARNING: Retrieved 0 new tweets on page 1
[2025-07-17 09:17:36] WARNING: Stopping pagination as we've reached the stop point
[2025-07-17 09:17:36] WARNING: Retrieved a total of 0 tweets across 1 pages
[2025-07-17 09:17:36] WARNING: No new tweets found with trust commands. Exiting without error.
[2025-07-17 09:17:36] WARNING: Collection complete!
[2025-07-17 09:17:36] WARNING: - 0 trust assignments processed
[2025-07-17 09:17:36] WARNING: - 2 users in trust network
[2025-07-17 09:17:36] WARNING: - 31 total trust relationships
[2025-07-17 09:27:33] WARNING: === Starting Twitter Trust System Collection ===
[2025-07-17 09:27:33] WARNING: Will collect tweets until reaching previous timestamp: 2025-05-12 06:54:05+00:00
[2025-07-17 09:27:33] WARNING: Retrieving page 1...
[2025-07-17 09:27:35] WARNING: Newest tweet is from: 2013-12-21 19:29:18+00:00
[2025-07-17 09:27:35] WARNING: Reached stop point at tweet from 2013-12-21 19:29:18+00:00
[2025-07-17 09:27:35] WARNING: Retrieved 0 new tweets on page 1
[2025-07-17 09:27:35] WARNING: Stopping pagination as we've reached the stop point
[2025-07-17 09:27:35] WARNING: Retrieved a total of 0 tweets across 1 pages
[2025-07-17 09:27:35] WARNING: No new tweets found with trust commands. Exiting without error.
[2025-07-17 09:27:35] WARNING: Collection complete!
[2025-07-17 09:27:35] WARNING: - 0 trust assignments processed
[2025-07-17 09:27:35] WARNING: - 2 users in trust network
[2025-07-17 09:27:35] WARNING: - 31 total trust relationships
[2025-07-17 09:37:33] WARNING: === Starting Twitter Trust System Collection ===
[2025-07-17 09:37:33] WARNING: Will collect tweets until reaching previous timestamp: 2025-05-12 06:54:05+00:00
[2025-07-17 09:37:33] WARNING: Retrieving page 1...
[2025-07-17 09:37:35] WARNING: Newest tweet is from: 2013-12-21 19:29:18+00:00
[2025-07-17 09:37:35] WARNING: Reached stop point at tweet from 2013-12-21 19:29:18+00:00
[2025-07-17 09:37:35] WARNING: Retrieved 0 new tweets on page 1
[2025-07-17 09:37:35] WARNING: Stopping pagination as we've reached the stop point
[2025-07-17 09:37:35] WARNING: Retrieved a total of 0 tweets across 1 pages
[2025-07-17 09:37:35] WARNING: No new tweets found with trust commands. Exiting without error.
[2025-07-17 09:37:35] WARNING: Collection complete!
[2025-07-17 09:37:35] WARNING: - 0 trust assignments processed
[2025-07-17 09:37:35] WARNING: - 2 users in trust network
[2025-07-17 09:37:35] WARNING: - 31 total trust relationships
[2025-07-17 09:47:33] WARNING: === Starting Twitter Trust System Collection ===
[2025-07-17 09:47:33] WARNING: Will collect tweets until reaching previous timestamp: 2025-05-12 06:54:05+00:00
[2025-07-17 09:47:33] WARNING: Retrieving page 1...
[2025-07-17 09:47:35] WARNING: Newest tweet is from: 2013-12-21 19:29:18+00:00
[2025-07-17 09:47:35] WARNING: Reached stop point at tweet from 2013-12-21 19:29:18+00:00
[2025-07-17 09:47:35] WARNING: Retrieved 0 new tweets on page 1
[2025-07-17 09:47:35] WARNING: Stopping pagination as we've reached the stop point
[2025-07-17 09:47:35] WARNING: Retrieved a total of 0 tweets across 1 pages
[2025-07-17 09:47:35] WARNING: No new tweets found with trust commands. Exiting without error.
[2025-07-17 09:47:35] WARNING: Collection complete!
[2025-07-17 09:47:35] WARNING: - 0 trust assignments processed
[2025-07-17 09:47:35] WARNING: - 2 users in trust network
[2025-07-17 09:47:35] WARNING: - 31 total trust relationships
[2025-07-17 09:57:33] WARNING: === Starting Twitter Trust System Collection ===
[2025-07-17 09:57:33] WARNING: Will collect tweets until reaching previous timestamp: 2025-05-12 06:54:05+00:00
[2025-07-17 09:57:33] WARNING: Retrieving page 1...
[2025-07-17 09:57:35] WARNING: Newest tweet is from: 2013-12-21 19:29:18+00:00
[2025-07-17 09:57:35] WARNING: Reached stop point at tweet from 2013-12-21 19:29:18+00:00
[2025-07-17 09:57:35] WARNING: Retrieved 0 new tweets on page 1
[2025-07-17 09:57:35] WARNING: Stopping pagination as we've reached the stop point
[2025-07-17 09:57:35] WARNING: Retrieved a total of 0 tweets across 1 pages
[2025-07-17 09:57:35] WARNING: No new tweets found with trust commands. Exiting without error.
[2025-07-17 09:57:35] WARNING: Collection complete!
[2025-07-17 09:57:35] WARNING: - 0 trust assignments processed
[2025-07-17 09:57:35] WARNING: - 2 users in trust network
[2025-07-17 09:57:35] WARNING: - 31 total trust relationships
[2025-07-17 10:07:33] WARNING: === Starting Twitter Trust System Collection ===
[2025-07-17 10:07:33] WARNING: Will collect tweets until reaching previous timestamp: 2025-05-12 06:54:05+00:00
[2025-07-17 10:07:33] WARNING: Retrieving page 1...
[2025-07-17 10:07:35] WARNING: Newest tweet is from: 2013-12-21 19:29:18+00:00
[2025-07-17 10:07:35] WARNING: Reached stop point at tweet from 2013-12-21 19:29:18+00:00
[2025-07-17 10:07:35] WARNING: Retrieved 0 new tweets on page 1
[2025-07-17 10:07:35] WARNING: Stopping pagination as we've reached the stop point
[2025-07-17 10:07:35] WARNING: Retrieved a total of 0 tweets across 1 pages
[2025-07-17 10:07:35] WARNING: No new tweets found with trust commands. Exiting without error.
[2025-07-17 10:07:35] WARNING: Collection complete!
[2025-07-17 10:07:35] WARNING: - 0 trust assignments processed
[2025-07-17 10:07:35] WARNING: - 2 users in trust network
[2025-07-17 10:07:35] WARNING: - 31 total trust relationships
[2025-07-17 10:17:33] WARNING: === Starting Twitter Trust System Collection ===
[2025-07-17 10:17:33] WARNING: Will collect tweets until reaching previous timestamp: 2025-05-12 06:54:05+00:00
[2025-07-17 10:17:33] WARNING: Retrieving page 1...
[2025-07-17 10:17:34] WARNING: Newest tweet is from: 2013-12-21 19:29:18+00:00
[2025-07-17 10:17:34] WARNING: Reached stop point at tweet from 2013-12-21 19:29:18+00:00
[2025-07-17 10:17:34] WARNING: Retrieved 0 new tweets on page 1
[2025-07-17 10:17:34] WARNING: Stopping pagination as we've reached the stop point
[2025-07-17 10:17:34] WARNING: Retrieved a total of 0 tweets across 1 pages
[2025-07-17 10:17:34] WARNING: No new tweets found with trust commands. Exiting without error.
[2025-07-17 10:17:34] WARNING: Collection complete!
[2025-07-17 10:17:34] WARNING: - 0 trust assignments processed
[2025-07-17 10:17:34] WARNING: - 2 users in trust network
[2025-07-17 10:17:34] WARNING: - 31 total trust relationships
[2025-07-17 10:27:33] WARNING: === Starting Twitter Trust System Collection ===
[2025-07-17 10:27:33] WARNING: Will collect tweets until reaching previous timestamp: 2025-05-12 06:54:05+00:00
[2025-07-17 10:27:33] WARNING: Retrieving page 1...
[2025-07-17 10:27:35] WARNING: Newest tweet is from: 2013-12-21 19:29:18+00:00
[2025-07-17 10:27:35] WARNING: Reached stop point at tweet from 2013-12-21 19:29:18+00:00
[2025-07-17 10:27:35] WARNING: Retrieved 0 new tweets on page 1
[2025-07-17 10:27:35] WARNING: Stopping pagination as we've reached the stop point
[2025-07-17 10:27:35] WARNING: Retrieved a total of 0 tweets across 1 pages
[2025-07-17 10:27:35] WARNING: No new tweets found with trust commands. Exiting without error.
[2025-07-17 10:27:35] WARNING: Collection complete!
[2025-07-17 10:27:35] WARNING: - 0 trust assignments processed
[2025-07-17 10:27:35] WARNING: - 2 users in trust network
[2025-07-17 10:27:35] WARNING: - 31 total trust relationships
[2025-07-17 10:37:33] WARNING: === Starting Twitter Trust System Collection ===
[2025-07-17 10:37:33] WARNING: Will collect tweets until reaching previous timestamp: 2025-05-12 06:54:05+00:00
[2025-07-17 10:37:33] WARNING: Retrieving page 1...
[2025-07-17 10:37:39] WARNING: Newest tweet is from: 2013-12-21 19:29:18+00:00
[2025-07-17 10:37:39] WARNING: Reached stop point at tweet from 2013-12-21 19:29:18+00:00
[2025-07-17 10:37:39] WARNING: Retrieved 0 new tweets on page 1
[2025-07-17 10:37:39] WARNING: Stopping pagination as we've reached the stop point
[2025-07-17 10:37:39] WARNING: Retrieved a total of 0 tweets across 1 pages
[2025-07-17 10:37:39] WARNING: No new tweets found with trust commands. Exiting without error.
[2025-07-17 10:37:39] WARNING: Collection complete!
[2025-07-17 10:37:39] WARNING: - 0 trust assignments processed
[2025-07-17 10:37:39] WARNING: - 2 users in trust network
[2025-07-17 10:37:39] WARNING: - 31 total trust relationships
[2025-07-17 10:47:33] WARNING: === Starting Twitter Trust System Collection ===
[2025-07-17 10:47:33] WARNING: Will collect tweets until reaching previous timestamp: 2025-05-12 06:54:05+00:00
[2025-07-17 10:47:33] WARNING: Retrieving page 1...
[2025-07-17 10:47:35] WARNING: Newest tweet is from: 2013-12-21 19:29:18+00:00
[2025-07-17 10:47:35] WARNING: Reached stop point at tweet from 2013-12-21 19:29:18+00:00
[2025-07-17 10:47:35] WARNING: Retrieved 0 new tweets on page 1
[2025-07-17 10:47:35] WARNING: Stopping pagination as we've reached the stop point
[2025-07-17 10:47:35] WARNING: Retrieved a total of 0 tweets across 1 pages
[2025-07-17 10:47:35] WARNING: No new tweets found with trust commands. Exiting without error.
[2025-07-17 10:47:35] WARNING: Collection complete!
[2025-07-17 10:47:35] WARNING: - 0 trust assignments processed
[2025-07-17 10:47:35] WARNING: - 2 users in trust network
[2025-07-17 10:47:35] WARNING: - 31 total trust relationships
[2025-07-17 10:57:33] WARNING: === Starting Twitter Trust System Collection ===
[2025-07-17 10:57:33] WARNING: Will collect tweets until reaching previous timestamp: 2025-05-12 06:54:05+00:00
[2025-07-17 10:57:33] WARNING: Retrieving page 1...
[2025-07-17 10:57:35] WARNING: Newest tweet is from: 2013-12-21 19:29:18+00:00
[2025-07-17 10:57:35] WARNING: Reached stop point at tweet from 2013-12-21 19:29:18+00:00
[2025-07-17 10:57:35] WARNING: Retrieved 0 new tweets on page 1
[2025-07-17 10:57:35] WARNING: Stopping pagination as we've reached the stop point
[2025-07-17 10:57:35] WARNING: Retrieved a total of 0 tweets across 1 pages
[2025-07-17 10:57:35] WARNING: No new tweets found with trust commands. Exiting without error.
[2025-07-17 10:57:35] WARNING: Collection complete!
[2025-07-17 10:57:35] WARNING: - 0 trust assignments processed
[2025-07-17 10:57:35] WARNING: - 2 users in trust network
[2025-07-17 10:57:35] WARNING: - 31 total trust relationships
[2025-07-17 11:07:33] WARNING: === Starting Twitter Trust System Collection ===
[2025-07-17 11:07:33] WARNING: Will collect tweets until reaching previous timestamp: 2025-05-12 06:54:05+00:00
[2025-07-17 11:07:33] WARNING: Retrieving page 1...
[2025-07-17 11:07:35] WARNING: Newest tweet is from: 2013-12-21 19:29:18+00:00
[2025-07-17 11:07:35] WARNING: Reached stop point at tweet from 2013-12-21 19:29:18+00:00
[2025-07-17 11:07:35] WARNING: Retrieved 0 new tweets on page 1
[2025-07-17 11:07:35] WARNING: Stopping pagination as we've reached the stop point
[2025-07-17 11:07:35] WARNING: Retrieved a total of 0 tweets across 1 pages
[2025-07-17 11:07:35] WARNING: No new tweets found with trust commands. Exiting without error.
[2025-07-17 11:07:35] WARNING: Collection complete!
[2025-07-17 11:07:35] WARNING: - 0 trust assignments processed
[2025-07-17 11:07:35] WARNING: - 2 users in trust network
[2025-07-17 11:07:35] WARNING: - 31 total trust relationships
[2025-07-17 11:17:33] WARNING: === Starting Twitter Trust System Collection ===
[2025-07-17 11:17:33] WARNING: Will collect tweets until reaching previous timestamp: 2025-05-12 06:54:05+00:00
[2025-07-17 11:17:33] WARNING: Retrieving page 1...
[2025-07-17 11:17:35] WARNING: Newest tweet is from: 2013-12-21 19:29:18+00:00
[2025-07-17 11:17:35] WARNING: Reached stop point at tweet from 2013-12-21 19:29:18+00:00
[2025-07-17 11:17:35] WARNING: Retrieved 0 new tweets on page 1
[2025-07-17 11:17:35] WARNING: Stopping pagination as we've reached the stop point
[2025-07-17 11:17:35] WARNING: Retrieved a total of 0 tweets across 1 pages
[2025-07-17 11:17:35] WARNING: No new tweets found with trust commands. Exiting without error.
[2025-07-17 11:17:35] WARNING: Collection complete!
[2025-07-17 11:17:35] WARNING: - 0 trust assignments processed
[2025-07-17 11:17:35] WARNING: - 2 users in trust network
[2025-07-17 11:17:35] WARNING: - 31 total trust relationships
[2025-07-17 11:27:33] WARNING: === Starting Twitter Trust System Collection ===
[2025-07-17 11:27:33] WARNING: Will collect tweets until reaching previous timestamp: 2025-05-12 06:54:05+00:00
[2025-07-17 11:27:33] WARNING: Retrieving page 1...
[2025-07-17 11:27:35] WARNING: Newest tweet is from: 2013-12-21 19:29:18+00:00
[2025-07-17 11:27:35] WARNING: Reached stop point at tweet from 2013-12-21 19:29:18+00:00
[2025-07-17 11:27:35] WARNING: Retrieved 0 new tweets on page 1
[2025-07-17 11:27:35] WARNING: Stopping pagination as we've reached the stop point
[2025-07-17 11:27:35] WARNING: Retrieved a total of 0 tweets across 1 pages
[2025-07-17 11:27:35] WARNING: No new tweets found with trust commands. Exiting without error.
[2025-07-17 11:27:35] WARNING: Collection complete!
[2025-07-17 11:27:35] WARNING: - 0 trust assignments processed
[2025-07-17 11:27:35] WARNING: - 2 users in trust network
[2025-07-17 11:27:35] WARNING: - 31 total trust relationships
[2025-07-17 11:37:32] WARNING: === Starting Twitter Trust System Collection ===
[2025-07-17 11:37:32] WARNING: Will collect tweets until reaching previous timestamp: 2025-05-12 06:54:05+00:00
[2025-07-17 11:37:32] WARNING: Retrieving page 1...
[2025-07-17 11:37:34] WARNING: Newest tweet is from: 2013-12-21 19:29:18+00:00
[2025-07-17 11:37:34] WARNING: Reached stop point at tweet from 2013-12-21 19:29:18+00:00
[2025-07-17 11:37:34] WARNING: Retrieved 0 new tweets on page 1
[2025-07-17 11:37:34] WARNING: Stopping pagination as we've reached the stop point
[2025-07-17 11:37:34] WARNING: Retrieved a total of 0 tweets across 1 pages
[2025-07-17 11:37:34] WARNING: No new tweets found with trust commands. Exiting without error.
[2025-07-17 11:37:34] WARNING: Collection complete!
[2025-07-17 11:37:34] WARNING: - 0 trust assignments processed
[2025-07-17 11:37:34] WARNING: - 2 users in trust network
[2025-07-17 11:37:34] WARNING: - 31 total trust relationships
[2025-07-17 11:47:32] WARNING: === Starting Twitter Trust System Collection ===
[2025-07-17 11:47:32] WARNING: Will collect tweets until reaching previous timestamp: 2025-05-12 06:54:05+00:00
[2025-07-17 11:47:32] WARNING: Retrieving page 1...
[2025-07-17 11:47:34] WARNING: Newest tweet is from: 2013-12-21 19:29:18+00:00
[2025-07-17 11:47:34] WARNING: Reached stop point at tweet from 2013-12-21 19:29:18+00:00
[2025-07-17 11:47:34] WARNING: Retrieved 0 new tweets on page 1
[2025-07-17 11:47:34] WARNING: Stopping pagination as we've reached the stop point
[2025-07-17 11:47:34] WARNING: Retrieved a total of 0 tweets across 1 pages
[2025-07-17 11:47:34] WARNING: No new tweets found with trust commands. Exiting without error.
[2025-07-17 11:47:34] WARNING: Collection complete!
[2025-07-17 11:47:34] WARNING: - 0 trust assignments processed
[2025-07-17 11:47:34] WARNING: - 2 users in trust network
[2025-07-17 11:47:34] WARNING: - 31 total trust relationships
[2025-07-17 11:57:32] WARNING: === Starting Twitter Trust System Collection ===
[2025-07-17 11:57:32] WARNING: Will collect tweets until reaching previous timestamp: 2025-05-12 06:54:05+00:00
[2025-07-17 11:57:32] WARNING: Retrieving page 1...
[2025-07-17 11:57:34] WARNING: Newest tweet is from: 2013-12-21 19:29:18+00:00
[2025-07-17 11:57:34] WARNING: Reached stop point at tweet from 2013-12-21 19:29:18+00:00
[2025-07-17 11:57:34] WARNING: Retrieved 0 new tweets on page 1
[2025-07-17 11:57:34] WARNING: Stopping pagination as we've reached the stop point
[2025-07-17 11:57:34] WARNING: Retrieved a total of 0 tweets across 1 pages
[2025-07-17 11:57:34] WARNING: No new tweets found with trust commands. Exiting without error.
[2025-07-17 11:57:34] WARNING: Collection complete!
[2025-07-17 11:57:34] WARNING: - 0 trust assignments processed
[2025-07-17 11:57:34] WARNING: - 2 users in trust network
[2025-07-17 11:57:34] WARNING: - 31 total trust relationships
