[2025-06-18 05:47:34] WARNING: - 31 total trust relationships
[2025-06-18 05:57:33] WARNING: === Starting Twitter Trust System Collection ===
[2025-06-18 05:57:33] WARNING: Will collect tweets until reaching previous timestamp: 2025-05-12 06:54:05+00:00
[2025-06-18 05:57:33] WARNING: Retrieving page 1...
[2025-06-18 05:57:34] WARNING: Newest tweet is from: 2025-05-12 06:54:05+00:00
[2025-06-18 05:57:34] WARNING: Reached stop point at tweet from 2025-05-12 06:54:05+00:00
[2025-06-18 05:57:34] WARNING: Retrieved 0 new tweets on page 1
[2025-06-18 05:57:34] WARNING: Stopping pagination as we've reached the stop point
[2025-06-18 05:57:34] WARNING: Retrieved a total of 0 tweets across 1 pages
[2025-06-18 05:57:34] WARNING: No new tweets found with trust commands. Exiting without error.
[2025-06-18 05:57:34] WARNING: Collection complete!
[2025-06-18 05:57:34] WARNING: - 0 trust assignments processed
[2025-06-18 05:57:34] WARNING: - 2 users in trust network
[2025-06-18 05:57:34] WARNING: - 31 total trust relationships
[2025-06-18 06:07:33] WARNING: === Starting Twitter Trust System Collection ===
[2025-06-18 06:07:33] WARNING: Will collect tweets until reaching previous timestamp: 2025-05-12 06:54:05+00:00
[2025-06-18 06:07:33] WARNING: Retrieving page 1...
[2025-06-18 06:07:34] WARNING: Newest tweet is from: 2025-05-12 06:54:05+00:00
[2025-06-18 06:07:34] WARNING: Reached stop point at tweet from 2025-05-12 06:54:05+00:00
[2025-06-18 06:07:34] WARNING: Retrieved 0 new tweets on page 1
[2025-06-18 06:07:34] WARNING: Stopping pagination as we've reached the stop point
[2025-06-18 06:07:34] WARNING: Retrieved a total of 0 tweets across 1 pages
[2025-06-18 06:07:34] WARNING: No new tweets found with trust commands. Exiting without error.
[2025-06-18 06:07:34] WARNING: Collection complete!
[2025-06-18 06:07:34] WARNING: - 0 trust assignments processed
[2025-06-18 06:07:34] WARNING: - 2 users in trust network
[2025-06-18 06:07:34] WARNING: - 31 total trust relationships
[2025-06-18 06:17:33] WARNING: === Starting Twitter Trust System Collection ===
[2025-06-18 06:17:33] WARNING: Will collect tweets until reaching previous timestamp: 2025-05-12 06:54:05+00:00
[2025-06-18 06:17:33] WARNING: Retrieving page 1...
[2025-06-18 06:17:34] WARNING: Newest tweet is from: 2025-05-12 06:54:05+00:00
[2025-06-18 06:17:34] WARNING: Reached stop point at tweet from 2025-05-12 06:54:05+00:00
[2025-06-18 06:17:34] WARNING: Retrieved 0 new tweets on page 1
[2025-06-18 06:17:34] WARNING: Stopping pagination as we've reached the stop point
[2025-06-18 06:17:34] WARNING: Retrieved a total of 0 tweets across 1 pages
[2025-06-18 06:17:34] WARNING: No new tweets found with trust commands. Exiting without error.
[2025-06-18 06:17:34] WARNING: Collection complete!
[2025-06-18 06:17:34] WARNING: - 0 trust assignments processed
[2025-06-18 06:17:34] WARNING: - 2 users in trust network
[2025-06-18 06:17:34] WARNING: - 31 total trust relationships
[2025-06-18 06:27:33] WARNING: === Starting Twitter Trust System Collection ===
[2025-06-18 06:27:33] WARNING: Will collect tweets until reaching previous timestamp: 2025-05-12 06:54:05+00:00
[2025-06-18 06:27:33] WARNING: Retrieving page 1...
[2025-06-18 06:27:34] WARNING: Newest tweet is from: 2025-05-12 06:54:05+00:00
[2025-06-18 06:27:34] WARNING: Reached stop point at tweet from 2025-05-12 06:54:05+00:00
[2025-06-18 06:27:34] WARNING: Retrieved 0 new tweets on page 1
[2025-06-18 06:27:34] WARNING: Stopping pagination as we've reached the stop point
[2025-06-18 06:27:34] WARNING: Retrieved a total of 0 tweets across 1 pages
[2025-06-18 06:27:34] WARNING: No new tweets found with trust commands. Exiting without error.
[2025-06-18 06:27:34] WARNING: Collection complete!
[2025-06-18 06:27:34] WARNING: - 0 trust assignments processed
[2025-06-18 06:27:34] WARNING: - 2 users in trust network
[2025-06-18 06:27:34] WARNING: - 31 total trust relationships
[2025-06-18 06:37:33] WARNING: === Starting Twitter Trust System Collection ===
[2025-06-18 06:37:33] WARNING: Will collect tweets until reaching previous timestamp: 2025-05-12 06:54:05+00:00
[2025-06-18 06:37:33] WARNING: Retrieving page 1...
[2025-06-18 06:37:35] WARNING: Newest tweet is from: 2025-05-12 06:54:05+00:00
[2025-06-18 06:37:35] WARNING: Reached stop point at tweet from 2025-05-12 06:54:05+00:00
[2025-06-18 06:37:35] WARNING: Retrieved 0 new tweets on page 1
[2025-06-18 06:37:35] WARNING: Stopping pagination as we've reached the stop point
[2025-06-18 06:37:35] WARNING: Retrieved a total of 0 tweets across 1 pages
[2025-06-18 06:37:35] WARNING: No new tweets found with trust commands. Exiting without error.
[2025-06-18 06:37:35] WARNING: Collection complete!
[2025-06-18 06:37:35] WARNING: - 0 trust assignments processed
[2025-06-18 06:37:35] WARNING: - 2 users in trust network
[2025-06-18 06:37:35] WARNING: - 31 total trust relationships
[2025-06-18 06:47:33] WARNING: === Starting Twitter Trust System Collection ===
[2025-06-18 06:47:33] WARNING: Will collect tweets until reaching previous timestamp: 2025-05-12 06:54:05+00:00
[2025-06-18 06:47:33] WARNING: Retrieving page 1...
[2025-06-18 06:47:46] WARNING: Newest tweet is from: 2025-05-12 06:54:05+00:00
[2025-06-18 06:47:46] WARNING: Reached stop point at tweet from 2025-05-12 06:54:05+00:00
[2025-06-18 06:47:46] WARNING: Retrieved 0 new tweets on page 1
[2025-06-18 06:47:46] WARNING: Stopping pagination as we've reached the stop point
[2025-06-18 06:47:46] WARNING: Retrieved a total of 0 tweets across 1 pages
[2025-06-18 06:47:46] WARNING: No new tweets found with trust commands. Exiting without error.
[2025-06-18 06:47:46] WARNING: Collection complete!
[2025-06-18 06:47:46] WARNING: - 0 trust assignments processed
[2025-06-18 06:47:46] WARNING: - 2 users in trust network
[2025-06-18 06:47:46] WARNING: - 31 total trust relationships
[2025-06-18 06:57:33] WARNING: === Starting Twitter Trust System Collection ===
[2025-06-18 06:57:33] WARNING: Will collect tweets until reaching previous timestamp: 2025-05-12 06:54:05+00:00
[2025-06-18 06:57:33] WARNING: Retrieving page 1...
[2025-06-18 06:57:35] WARNING: Newest tweet is from: 2025-05-12 06:54:05+00:00
[2025-06-18 06:57:35] WARNING: Reached stop point at tweet from 2025-05-12 06:54:05+00:00
[2025-06-18 06:57:35] WARNING: Retrieved 0 new tweets on page 1
[2025-06-18 06:57:35] WARNING: Stopping pagination as we've reached the stop point
[2025-06-18 06:57:35] WARNING: Retrieved a total of 0 tweets across 1 pages
[2025-06-18 06:57:35] WARNING: No new tweets found with trust commands. Exiting without error.
[2025-06-18 06:57:35] WARNING: Collection complete!
[2025-06-18 06:57:35] WARNING: - 0 trust assignments processed
[2025-06-18 06:57:35] WARNING: - 2 users in trust network
[2025-06-18 06:57:35] WARNING: - 31 total trust relationships
[2025-06-18 07:07:33] WARNING: === Starting Twitter Trust System Collection ===
[2025-06-18 07:07:33] WARNING: Will collect tweets until reaching previous timestamp: 2025-05-12 06:54:05+00:00
[2025-06-18 07:07:33] WARNING: Retrieving page 1...
[2025-06-18 07:07:36] WARNING: Newest tweet is from: 2025-05-12 06:54:05+00:00
[2025-06-18 07:07:36] WARNING: Reached stop point at tweet from 2025-05-12 06:54:05+00:00
[2025-06-18 07:07:36] WARNING: Retrieved 0 new tweets on page 1
[2025-06-18 07:07:36] WARNING: Stopping pagination as we've reached the stop point
[2025-06-18 07:07:36] WARNING: Retrieved a total of 0 tweets across 1 pages
[2025-06-18 07:07:36] WARNING: No new tweets found with trust commands. Exiting without error.
[2025-06-18 07:07:36] WARNING: Collection complete!
[2025-06-18 07:07:36] WARNING: - 0 trust assignments processed
[2025-06-18 07:07:36] WARNING: - 2 users in trust network
[2025-06-18 07:07:36] WARNING: - 31 total trust relationships
[2025-06-18 07:17:33] WARNING: === Starting Twitter Trust System Collection ===
[2025-06-18 07:17:33] WARNING: Will collect tweets until reaching previous timestamp: 2025-05-12 06:54:05+00:00
[2025-06-18 07:17:33] WARNING: Retrieving page 1...
[2025-06-18 07:17:54] WARNING: Error retrieving page 1: Expecting value: line 1 column 1 (char 0)
[2025-06-18 07:17:54] WARNING: Retrieved a total of 0 tweets across 1 pages
[2025-06-18 07:17:54] WARNING: No new tweets found with trust commands. Exiting without error.
[2025-06-18 07:17:54] WARNING: Collection complete!
[2025-06-18 07:17:54] WARNING: - 0 trust assignments processed
[2025-06-18 07:17:54] WARNING: - 2 users in trust network
[2025-06-18 07:17:54] WARNING: - 31 total trust relationships
[2025-06-18 07:27:33] WARNING: === Starting Twitter Trust System Collection ===
[2025-06-18 07:27:33] WARNING: Will collect tweets until reaching previous timestamp: 2025-05-12 06:54:05+00:00
[2025-06-18 07:27:33] WARNING: Retrieving page 1...
[2025-06-18 07:27:41] WARNING: Newest tweet is from: 2025-05-12 06:54:05+00:00
[2025-06-18 07:27:41] WARNING: Reached stop point at tweet from 2025-05-12 06:54:05+00:00
[2025-06-18 07:27:41] WARNING: Retrieved 0 new tweets on page 1
[2025-06-18 07:27:41] WARNING: Stopping pagination as we've reached the stop point
[2025-06-18 07:27:41] WARNING: Retrieved a total of 0 tweets across 1 pages
[2025-06-18 07:27:41] WARNING: No new tweets found with trust commands. Exiting without error.
[2025-06-18 07:27:41] WARNING: Collection complete!
[2025-06-18 07:27:41] WARNING: - 0 trust assignments processed
[2025-06-18 07:27:41] WARNING: - 2 users in trust network
[2025-06-18 07:27:41] WARNING: - 31 total trust relationships
[2025-06-18 07:37:33] WARNING: === Starting Twitter Trust System Collection ===
[2025-06-18 07:37:33] WARNING: Will collect tweets until reaching previous timestamp: 2025-05-12 06:54:05+00:00
[2025-06-18 07:37:33] WARNING: Retrieving page 1...
[2025-06-18 07:37:36] WARNING: Newest tweet is from: 2025-05-12 06:54:05+00:00
[2025-06-18 07:37:36] WARNING: Reached stop point at tweet from 2025-05-12 06:54:05+00:00
[2025-06-18 07:37:36] WARNING: Retrieved 0 new tweets on page 1
[2025-06-18 07:37:36] WARNING: Stopping pagination as we've reached the stop point
[2025-06-18 07:37:36] WARNING: Retrieved a total of 0 tweets across 1 pages
[2025-06-18 07:37:36] WARNING: No new tweets found with trust commands. Exiting without error.
[2025-06-18 07:37:36] WARNING: Collection complete!
[2025-06-18 07:37:36] WARNING: - 0 trust assignments processed
[2025-06-18 07:37:36] WARNING: - 2 users in trust network
[2025-06-18 07:37:36] WARNING: - 31 total trust relationships
[2025-06-18 07:47:33] WARNING: === Starting Twitter Trust System Collection ===
[2025-06-18 07:47:33] WARNING: Will collect tweets until reaching previous timestamp: 2025-05-12 06:54:05+00:00
[2025-06-18 07:47:33] WARNING: Retrieving page 1...
[2025-06-18 07:47:35] WARNING: Newest tweet is from: 2025-05-12 06:54:05+00:00
[2025-06-18 07:47:35] WARNING: Reached stop point at tweet from 2025-05-12 06:54:05+00:00
[2025-06-18 07:47:35] WARNING: Retrieved 0 new tweets on page 1
[2025-06-18 07:47:35] WARNING: Stopping pagination as we've reached the stop point
[2025-06-18 07:47:35] WARNING: Retrieved a total of 0 tweets across 1 pages
[2025-06-18 07:47:35] WARNING: No new tweets found with trust commands. Exiting without error.
[2025-06-18 07:47:35] WARNING: Collection complete!
[2025-06-18 07:47:35] WARNING: - 0 trust assignments processed
[2025-06-18 07:47:35] WARNING: - 2 users in trust network
[2025-06-18 07:47:35] WARNING: - 31 total trust relationships
[2025-06-18 07:57:33] WARNING: === Starting Twitter Trust System Collection ===
[2025-06-18 07:57:33] WARNING: Will collect tweets until reaching previous timestamp: 2025-05-12 06:54:05+00:00
[2025-06-18 07:57:33] WARNING: Retrieving page 1...
[2025-06-18 07:57:35] WARNING: Newest tweet is from: 2025-05-12 06:54:05+00:00
[2025-06-18 07:57:35] WARNING: Reached stop point at tweet from 2025-05-12 06:54:05+00:00
[2025-06-18 07:57:35] WARNING: Retrieved 0 new tweets on page 1
[2025-06-18 07:57:35] WARNING: Stopping pagination as we've reached the stop point
[2025-06-18 07:57:35] WARNING: Retrieved a total of 0 tweets across 1 pages
[2025-06-18 07:57:35] WARNING: No new tweets found with trust commands. Exiting without error.
[2025-06-18 07:57:35] WARNING: Collection complete!
[2025-06-18 07:57:35] WARNING: - 0 trust assignments processed
[2025-06-18 07:57:35] WARNING: - 2 users in trust network
[2025-06-18 07:57:35] WARNING: - 31 total trust relationships
[2025-06-18 08:07:33] WARNING: === Starting Twitter Trust System Collection ===
[2025-06-18 08:07:33] WARNING: Will collect tweets until reaching previous timestamp: 2025-05-12 06:54:05+00:00
[2025-06-18 08:07:33] WARNING: Retrieving page 1...
[2025-06-18 08:07:54] WARNING: Error retrieving page 1: Expecting value: line 1 column 1 (char 0)
[2025-06-18 08:07:54] WARNING: Retrieved a total of 0 tweets across 1 pages
[2025-06-18 08:07:54] WARNING: No new tweets found with trust commands. Exiting without error.
[2025-06-18 08:07:54] WARNING: Collection complete!
[2025-06-18 08:07:54] WARNING: - 0 trust assignments processed
[2025-06-18 08:07:54] WARNING: - 2 users in trust network
[2025-06-18 08:07:54] WARNING: - 31 total trust relationships
[2025-06-18 08:17:33] WARNING: === Starting Twitter Trust System Collection ===
[2025-06-18 08:17:33] WARNING: Will collect tweets until reaching previous timestamp: 2025-05-12 06:54:05+00:00
[2025-06-18 08:17:33] WARNING: Retrieving page 1...
[2025-06-18 08:17:34] WARNING: Newest tweet is from: 2025-05-12 06:54:05+00:00
[2025-06-18 08:17:34] WARNING: Reached stop point at tweet from 2025-05-12 06:54:05+00:00
[2025-06-18 08:17:34] WARNING: Retrieved 0 new tweets on page 1
[2025-06-18 08:17:34] WARNING: Stopping pagination as we've reached the stop point
[2025-06-18 08:17:34] WARNING: Retrieved a total of 0 tweets across 1 pages
[2025-06-18 08:17:34] WARNING: No new tweets found with trust commands. Exiting without error.
[2025-06-18 08:17:34] WARNING: Collection complete!
[2025-06-18 08:17:34] WARNING: - 0 trust assignments processed
[2025-06-18 08:17:34] WARNING: - 2 users in trust network
[2025-06-18 08:17:34] WARNING: - 31 total trust relationships
[2025-06-18 08:27:33] WARNING: === Starting Twitter Trust System Collection ===
[2025-06-18 08:27:33] WARNING: Will collect tweets until reaching previous timestamp: 2025-05-12 06:54:05+00:00
[2025-06-18 08:27:33] WARNING: Retrieving page 1...
[2025-06-18 08:27:34] WARNING: Newest tweet is from: 2025-05-12 06:54:05+00:00
[2025-06-18 08:27:34] WARNING: Reached stop point at tweet from 2025-05-12 06:54:05+00:00
[2025-06-18 08:27:34] WARNING: Retrieved 0 new tweets on page 1
[2025-06-18 08:27:34] WARNING: Stopping pagination as we've reached the stop point
[2025-06-18 08:27:34] WARNING: Retrieved a total of 0 tweets across 1 pages
[2025-06-18 08:27:34] WARNING: No new tweets found with trust commands. Exiting without error.
[2025-06-18 08:27:34] WARNING: Collection complete!
[2025-06-18 08:27:34] WARNING: - 0 trust assignments processed
[2025-06-18 08:27:34] WARNING: - 2 users in trust network
[2025-06-18 08:27:34] WARNING: - 31 total trust relationships
[2025-06-18 08:37:33] WARNING: === Starting Twitter Trust System Collection ===
[2025-06-18 08:37:33] WARNING: Will collect tweets until reaching previous timestamp: 2025-05-12 06:54:05+00:00
[2025-06-18 08:37:33] WARNING: Retrieving page 1...
[2025-06-18 08:37:34] WARNING: Newest tweet is from: 2025-05-12 06:54:05+00:00
[2025-06-18 08:37:34] WARNING: Reached stop point at tweet from 2025-05-12 06:54:05+00:00
[2025-06-18 08:37:34] WARNING: Retrieved 0 new tweets on page 1
[2025-06-18 08:37:34] WARNING: Stopping pagination as we've reached the stop point
[2025-06-18 08:37:34] WARNING: Retrieved a total of 0 tweets across 1 pages
[2025-06-18 08:37:34] WARNING: No new tweets found with trust commands. Exiting without error.
[2025-06-18 08:37:34] WARNING: Collection complete!
[2025-06-18 08:37:34] WARNING: - 0 trust assignments processed
[2025-06-18 08:37:34] WARNING: - 2 users in trust network
[2025-06-18 08:37:34] WARNING: - 31 total trust relationships
[2025-06-18 08:47:33] WARNING: === Starting Twitter Trust System Collection ===
[2025-06-18 08:47:33] WARNING: Will collect tweets until reaching previous timestamp: 2025-05-12 06:54:05+00:00
[2025-06-18 08:47:33] WARNING: Retrieving page 1...
[2025-06-18 08:47:34] WARNING: Newest tweet is from: 2025-05-12 06:54:05+00:00
[2025-06-18 08:47:34] WARNING: Reached stop point at tweet from 2025-05-12 06:54:05+00:00
[2025-06-18 08:47:34] WARNING: Retrieved 0 new tweets on page 1
[2025-06-18 08:47:34] WARNING: Stopping pagination as we've reached the stop point
[2025-06-18 08:47:34] WARNING: Retrieved a total of 0 tweets across 1 pages
[2025-06-18 08:47:34] WARNING: No new tweets found with trust commands. Exiting without error.
[2025-06-18 08:47:34] WARNING: Collection complete!
[2025-06-18 08:47:34] WARNING: - 0 trust assignments processed
[2025-06-18 08:47:34] WARNING: - 2 users in trust network
[2025-06-18 08:47:34] WARNING: - 31 total trust relationships
[2025-06-18 08:57:33] WARNING: === Starting Twitter Trust System Collection ===
[2025-06-18 08:57:33] WARNING: Will collect tweets until reaching previous timestamp: 2025-05-12 06:54:05+00:00
[2025-06-18 08:57:33] WARNING: Retrieving page 1...
[2025-06-18 08:57:35] WARNING: Newest tweet is from: 2025-05-12 06:54:05+00:00
[2025-06-18 08:57:35] WARNING: Reached stop point at tweet from 2025-05-12 06:54:05+00:00
[2025-06-18 08:57:35] WARNING: Retrieved 0 new tweets on page 1
[2025-06-18 08:57:35] WARNING: Stopping pagination as we've reached the stop point
[2025-06-18 08:57:35] WARNING: Retrieved a total of 0 tweets across 1 pages
[2025-06-18 08:57:35] WARNING: No new tweets found with trust commands. Exiting without error.
[2025-06-18 08:57:35] WARNING: Collection complete!
[2025-06-18 08:57:35] WARNING: - 0 trust assignments processed
[2025-06-18 08:57:35] WARNING: - 2 users in trust network
[2025-06-18 08:57:35] WARNING: - 31 total trust relationships
[2025-06-18 09:07:33] WARNING: === Starting Twitter Trust System Collection ===
[2025-06-18 09:07:33] WARNING: Will collect tweets until reaching previous timestamp: 2025-05-12 06:54:05+00:00
[2025-06-18 09:07:33] WARNING: Retrieving page 1...
[2025-06-18 09:07:35] WARNING: Newest tweet is from: 2025-05-12 06:54:05+00:00
[2025-06-18 09:07:35] WARNING: Reached stop point at tweet from 2025-05-12 06:54:05+00:00
[2025-06-18 09:07:35] WARNING: Retrieved 0 new tweets on page 1
[2025-06-18 09:07:35] WARNING: Stopping pagination as we've reached the stop point
[2025-06-18 09:07:35] WARNING: Retrieved a total of 0 tweets across 1 pages
[2025-06-18 09:07:35] WARNING: No new tweets found with trust commands. Exiting without error.
[2025-06-18 09:07:35] WARNING: Collection complete!
[2025-06-18 09:07:35] WARNING: - 0 trust assignments processed
[2025-06-18 09:07:35] WARNING: - 2 users in trust network
[2025-06-18 09:07:35] WARNING: - 31 total trust relationships
[2025-06-18 09:17:33] WARNING: === Starting Twitter Trust System Collection ===
[2025-06-18 09:17:33] WARNING: Will collect tweets until reaching previous timestamp: 2025-05-12 06:54:05+00:00
[2025-06-18 09:17:33] WARNING: Retrieving page 1...
[2025-06-18 09:17:34] WARNING: Newest tweet is from: 2025-05-12 06:54:05+00:00
[2025-06-18 09:17:34] WARNING: Reached stop point at tweet from 2025-05-12 06:54:05+00:00
[2025-06-18 09:17:34] WARNING: Retrieved 0 new tweets on page 1
[2025-06-18 09:17:34] WARNING: Stopping pagination as we've reached the stop point
[2025-06-18 09:17:34] WARNING: Retrieved a total of 0 tweets across 1 pages
[2025-06-18 09:17:34] WARNING: No new tweets found with trust commands. Exiting without error.
[2025-06-18 09:17:34] WARNING: Collection complete!
[2025-06-18 09:17:34] WARNING: - 0 trust assignments processed
[2025-06-18 09:17:34] WARNING: - 2 users in trust network
[2025-06-18 09:17:34] WARNING: - 31 total trust relationships
[2025-06-18 09:27:33] WARNING: === Starting Twitter Trust System Collection ===
[2025-06-18 09:27:33] WARNING: Will collect tweets until reaching previous timestamp: 2025-05-12 06:54:05+00:00
[2025-06-18 09:27:33] WARNING: Retrieving page 1...
[2025-06-18 09:27:39] WARNING: Newest tweet is from: 2025-05-12 06:54:05+00:00
[2025-06-18 09:27:39] WARNING: Reached stop point at tweet from 2025-05-12 06:54:05+00:00
[2025-06-18 09:27:39] WARNING: Retrieved 0 new tweets on page 1
[2025-06-18 09:27:39] WARNING: Stopping pagination as we've reached the stop point
[2025-06-18 09:27:39] WARNING: Retrieved a total of 0 tweets across 1 pages
[2025-06-18 09:27:39] WARNING: No new tweets found with trust commands. Exiting without error.
[2025-06-18 09:27:39] WARNING: Collection complete!
[2025-06-18 09:27:39] WARNING: - 0 trust assignments processed
[2025-06-18 09:27:39] WARNING: - 2 users in trust network
[2025-06-18 09:27:39] WARNING: - 31 total trust relationships
[2025-06-18 09:37:33] WARNING: === Starting Twitter Trust System Collection ===
[2025-06-18 09:37:33] WARNING: Will collect tweets until reaching previous timestamp: 2025-05-12 06:54:05+00:00
[2025-06-18 09:37:33] WARNING: Retrieving page 1...
[2025-06-18 09:37:34] WARNING: Newest tweet is from: 2025-05-12 06:54:05+00:00
[2025-06-18 09:37:34] WARNING: Reached stop point at tweet from 2025-05-12 06:54:05+00:00
[2025-06-18 09:37:34] WARNING: Retrieved 0 new tweets on page 1
[2025-06-18 09:37:34] WARNING: Stopping pagination as we've reached the stop point
[2025-06-18 09:37:34] WARNING: Retrieved a total of 0 tweets across 1 pages
[2025-06-18 09:37:34] WARNING: No new tweets found with trust commands. Exiting without error.
[2025-06-18 09:37:34] WARNING: Collection complete!
[2025-06-18 09:37:34] WARNING: - 0 trust assignments processed
[2025-06-18 09:37:34] WARNING: - 2 users in trust network
[2025-06-18 09:37:34] WARNING: - 31 total trust relationships
[2025-06-18 09:47:34] WARNING: === Starting Twitter Trust System Collection ===
[2025-06-18 09:47:34] WARNING: Will collect tweets until reaching previous timestamp: 2025-05-12 06:54:05+00:00
[2025-06-18 09:47:34] WARNING: Retrieving page 1...
[2025-06-18 09:47:35] WARNING: Newest tweet is from: 2025-05-12 06:54:05+00:00
[2025-06-18 09:47:35] WARNING: Reached stop point at tweet from 2025-05-12 06:54:05+00:00
[2025-06-18 09:47:35] WARNING: Retrieved 0 new tweets on page 1
[2025-06-18 09:47:35] WARNING: Stopping pagination as we've reached the stop point
[2025-06-18 09:47:35] WARNING: Retrieved a total of 0 tweets across 1 pages
[2025-06-18 09:47:35] WARNING: No new tweets found with trust commands. Exiting without error.
[2025-06-18 09:47:35] WARNING: Collection complete!
[2025-06-18 09:47:35] WARNING: - 0 trust assignments processed
[2025-06-18 09:47:35] WARNING: - 2 users in trust network
[2025-06-18 09:47:35] WARNING: - 31 total trust relationships
[2025-06-18 09:57:33] WARNING: === Starting Twitter Trust System Collection ===
[2025-06-18 09:57:33] WARNING: Will collect tweets until reaching previous timestamp: 2025-05-12 06:54:05+00:00
[2025-06-18 09:57:33] WARNING: Retrieving page 1...
[2025-06-18 09:57:35] WARNING: Newest tweet is from: 2025-05-12 06:54:05+00:00
[2025-06-18 09:57:35] WARNING: Reached stop point at tweet from 2025-05-12 06:54:05+00:00
[2025-06-18 09:57:35] WARNING: Retrieved 0 new tweets on page 1
[2025-06-18 09:57:35] WARNING: Stopping pagination as we've reached the stop point
[2025-06-18 09:57:35] WARNING: Retrieved a total of 0 tweets across 1 pages
[2025-06-18 09:57:35] WARNING: No new tweets found with trust commands. Exiting without error.
[2025-06-18 09:57:35] WARNING: Collection complete!
[2025-06-18 09:57:35] WARNING: - 0 trust assignments processed
[2025-06-18 09:57:35] WARNING: - 2 users in trust network
[2025-06-18 09:57:35] WARNING: - 31 total trust relationships
[2025-06-18 10:07:33] WARNING: === Starting Twitter Trust System Collection ===
[2025-06-18 10:07:33] WARNING: Will collect tweets until reaching previous timestamp: 2025-05-12 06:54:05+00:00
[2025-06-18 10:07:33] WARNING: Retrieving page 1...
[2025-06-18 10:07:35] WARNING: Newest tweet is from: 2025-05-12 06:54:05+00:00
[2025-06-18 10:07:35] WARNING: Reached stop point at tweet from 2025-05-12 06:54:05+00:00
[2025-06-18 10:07:35] WARNING: Retrieved 0 new tweets on page 1
[2025-06-18 10:07:35] WARNING: Stopping pagination as we've reached the stop point
[2025-06-18 10:07:35] WARNING: Retrieved a total of 0 tweets across 1 pages
[2025-06-18 10:07:35] WARNING: No new tweets found with trust commands. Exiting without error.
[2025-06-18 10:07:35] WARNING: Collection complete!
[2025-06-18 10:07:35] WARNING: - 0 trust assignments processed
[2025-06-18 10:07:35] WARNING: - 2 users in trust network
[2025-06-18 10:07:35] WARNING: - 31 total trust relationships
[2025-06-18 10:17:33] WARNING: === Starting Twitter Trust System Collection ===
[2025-06-18 10:17:33] WARNING: Will collect tweets until reaching previous timestamp: 2025-05-12 06:54:05+00:00
[2025-06-18 10:17:33] WARNING: Retrieving page 1...
[2025-06-18 10:17:34] WARNING: Newest tweet is from: 2025-05-12 06:54:05+00:00
[2025-06-18 10:17:34] WARNING: Reached stop point at tweet from 2025-05-12 06:54:05+00:00
[2025-06-18 10:17:34] WARNING: Retrieved 0 new tweets on page 1
[2025-06-18 10:17:34] WARNING: Stopping pagination as we've reached the stop point
[2025-06-18 10:17:34] WARNING: Retrieved a total of 0 tweets across 1 pages
[2025-06-18 10:17:34] WARNING: No new tweets found with trust commands. Exiting without error.
[2025-06-18 10:17:34] WARNING: Collection complete!
[2025-06-18 10:17:34] WARNING: - 0 trust assignments processed
[2025-06-18 10:17:34] WARNING: - 2 users in trust network
[2025-06-18 10:17:34] WARNING: - 31 total trust relationships
[2025-06-18 10:27:33] WARNING: === Starting Twitter Trust System Collection ===
[2025-06-18 10:27:33] WARNING: Will collect tweets until reaching previous timestamp: 2025-05-12 06:54:05+00:00
[2025-06-18 10:27:33] WARNING: Retrieving page 1...
[2025-06-18 10:27:44] WARNING: Newest tweet is from: 2025-05-12 06:54:05+00:00
[2025-06-18 10:27:44] WARNING: Reached stop point at tweet from 2025-05-12 06:54:05+00:00
[2025-06-18 10:27:44] WARNING: Retrieved 0 new tweets on page 1
[2025-06-18 10:27:44] WARNING: Stopping pagination as we've reached the stop point
[2025-06-18 10:27:44] WARNING: Retrieved a total of 0 tweets across 1 pages
[2025-06-18 10:27:44] WARNING: No new tweets found with trust commands. Exiting without error.
[2025-06-18 10:27:44] WARNING: Collection complete!
[2025-06-18 10:27:44] WARNING: - 0 trust assignments processed
[2025-06-18 10:27:44] WARNING: - 2 users in trust network
[2025-06-18 10:27:44] WARNING: - 31 total trust relationships
[2025-06-18 10:37:34] WARNING: === Starting Twitter Trust System Collection ===
[2025-06-18 10:37:34] WARNING: Will collect tweets until reaching previous timestamp: 2025-05-12 06:54:05+00:00
[2025-06-18 10:37:34] WARNING: Retrieving page 1...
[2025-06-18 10:37:35] WARNING: Newest tweet is from: 2025-05-12 06:54:05+00:00
[2025-06-18 10:37:35] WARNING: Reached stop point at tweet from 2025-05-12 06:54:05+00:00
[2025-06-18 10:37:35] WARNING: Retrieved 0 new tweets on page 1
[2025-06-18 10:37:35] WARNING: Stopping pagination as we've reached the stop point
[2025-06-18 10:37:35] WARNING: Retrieved a total of 0 tweets across 1 pages
[2025-06-18 10:37:35] WARNING: No new tweets found with trust commands. Exiting without error.
[2025-06-18 10:37:35] WARNING: Collection complete!
[2025-06-18 10:37:35] WARNING: - 0 trust assignments processed
[2025-06-18 10:37:35] WARNING: - 2 users in trust network
[2025-06-18 10:37:35] WARNING: - 31 total trust relationships
[2025-06-18 10:47:34] WARNING: === Starting Twitter Trust System Collection ===
[2025-06-18 10:47:34] WARNING: Will collect tweets until reaching previous timestamp: 2025-05-12 06:54:05+00:00
[2025-06-18 10:47:34] WARNING: Retrieving page 1...
[2025-06-18 10:47:36] WARNING: Newest tweet is from: 2025-05-12 06:54:05+00:00
[2025-06-18 10:47:36] WARNING: Reached stop point at tweet from 2025-05-12 06:54:05+00:00
[2025-06-18 10:47:36] WARNING: Retrieved 0 new tweets on page 1
[2025-06-18 10:47:36] WARNING: Stopping pagination as we've reached the stop point
[2025-06-18 10:47:36] WARNING: Retrieved a total of 0 tweets across 1 pages
[2025-06-18 10:47:36] WARNING: No new tweets found with trust commands. Exiting without error.
[2025-06-18 10:47:36] WARNING: Collection complete!
[2025-06-18 10:47:36] WARNING: - 0 trust assignments processed
[2025-06-18 10:47:36] WARNING: - 2 users in trust network
[2025-06-18 10:47:36] WARNING: - 31 total trust relationships
[2025-06-18 10:57:33] WARNING: === Starting Twitter Trust System Collection ===
[2025-06-18 10:57:33] WARNING: Will collect tweets until reaching previous timestamp: 2025-05-12 06:54:05+00:00
[2025-06-18 10:57:33] WARNING: Retrieving page 1...
[2025-06-18 10:57:38] WARNING: Newest tweet is from: 2025-05-12 06:54:05+00:00
[2025-06-18 10:57:38] WARNING: Reached stop point at tweet from 2025-05-12 06:54:05+00:00
[2025-06-18 10:57:38] WARNING: Retrieved 0 new tweets on page 1
[2025-06-18 10:57:38] WARNING: Stopping pagination as we've reached the stop point
[2025-06-18 10:57:38] WARNING: Retrieved a total of 0 tweets across 1 pages
[2025-06-18 10:57:38] WARNING: No new tweets found with trust commands. Exiting without error.
[2025-06-18 10:57:38] WARNING: Collection complete!
[2025-06-18 10:57:38] WARNING: - 0 trust assignments processed
[2025-06-18 10:57:38] WARNING: - 2 users in trust network
[2025-06-18 10:57:38] WARNING: - 31 total trust relationships
[2025-06-18 11:07:33] WARNING: === Starting Twitter Trust System Collection ===
[2025-06-18 11:07:33] WARNING: Will collect tweets until reaching previous timestamp: 2025-05-12 06:54:05+00:00
[2025-06-18 11:07:33] WARNING: Retrieving page 1...
[2025-06-18 11:07:34] WARNING: Newest tweet is from: 2025-05-12 06:54:05+00:00
[2025-06-18 11:07:34] WARNING: Reached stop point at tweet from 2025-05-12 06:54:05+00:00
[2025-06-18 11:07:34] WARNING: Retrieved 0 new tweets on page 1
[2025-06-18 11:07:34] WARNING: Stopping pagination as we've reached the stop point
[2025-06-18 11:07:34] WARNING: Retrieved a total of 0 tweets across 1 pages
[2025-06-18 11:07:34] WARNING: No new tweets found with trust commands. Exiting without error.
[2025-06-18 11:07:34] WARNING: Collection complete!
[2025-06-18 11:07:34] WARNING: - 0 trust assignments processed
[2025-06-18 11:07:34] WARNING: - 2 users in trust network
[2025-06-18 11:07:34] WARNING: - 31 total trust relationships
[2025-06-18 11:17:33] WARNING: === Starting Twitter Trust System Collection ===
[2025-06-18 11:17:33] WARNING: Will collect tweets until reaching previous timestamp: 2025-05-12 06:54:05+00:00
[2025-06-18 11:17:33] WARNING: Retrieving page 1...
[2025-06-18 11:17:34] WARNING: Newest tweet is from: 2025-05-12 06:54:05+00:00
[2025-06-18 11:17:35] WARNING: Reached stop point at tweet from 2025-05-12 06:54:05+00:00
[2025-06-18 11:17:35] WARNING: Retrieved 0 new tweets on page 1
[2025-06-18 11:17:35] WARNING: Stopping pagination as we've reached the stop point
[2025-06-18 11:17:35] WARNING: Retrieved a total of 0 tweets across 1 pages
[2025-06-18 11:17:35] WARNING: No new tweets found with trust commands. Exiting without error.
[2025-06-18 11:17:35] WARNING: Collection complete!
[2025-06-18 11:17:35] WARNING: - 0 trust assignments processed
[2025-06-18 11:17:35] WARNING: - 2 users in trust network
[2025-06-18 11:17:35] WARNING: - 31 total trust relationships
[2025-06-18 11:27:34] WARNING: === Starting Twitter Trust System Collection ===
[2025-06-18 11:27:34] WARNING: Will collect tweets until reaching previous timestamp: 2025-05-12 06:54:05+00:00
[2025-06-18 11:27:34] WARNING: Retrieving page 1...
[2025-06-18 11:27:36] WARNING: Newest tweet is from: 2025-05-12 06:54:05+00:00
[2025-06-18 11:27:36] WARNING: Reached stop point at tweet from 2025-05-12 06:54:05+00:00
[2025-06-18 11:27:36] WARNING: Retrieved 0 new tweets on page 1
[2025-06-18 11:27:36] WARNING: Stopping pagination as we've reached the stop point
[2025-06-18 11:27:36] WARNING: Retrieved a total of 0 tweets across 1 pages
[2025-06-18 11:27:36] WARNING: No new tweets found with trust commands. Exiting without error.
[2025-06-18 11:27:36] WARNING: Collection complete!
[2025-06-18 11:27:36] WARNING: - 0 trust assignments processed
[2025-06-18 11:27:36] WARNING: - 2 users in trust network
[2025-06-18 11:27:36] WARNING: - 31 total trust relationships
[2025-06-18 11:37:34] WARNING: === Starting Twitter Trust System Collection ===
[2025-06-18 11:37:34] WARNING: Will collect tweets until reaching previous timestamp: 2025-05-12 06:54:05+00:00
[2025-06-18 11:37:34] WARNING: Retrieving page 1...
[2025-06-18 11:37:35] WARNING: Newest tweet is from: 2025-05-12 06:54:05+00:00
[2025-06-18 11:37:35] WARNING: Reached stop point at tweet from 2025-05-12 06:54:05+00:00
[2025-06-18 11:37:35] WARNING: Retrieved 0 new tweets on page 1
[2025-06-18 11:37:35] WARNING: Stopping pagination as we've reached the stop point
[2025-06-18 11:37:35] WARNING: Retrieved a total of 0 tweets across 1 pages
[2025-06-18 11:37:35] WARNING: No new tweets found with trust commands. Exiting without error.
[2025-06-18 11:37:35] WARNING: Collection complete!
[2025-06-18 11:37:35] WARNING: - 0 trust assignments processed
[2025-06-18 11:37:35] WARNING: - 2 users in trust network
[2025-06-18 11:37:35] WARNING: - 31 total trust relationships
[2025-06-18 11:47:34] WARNING: === Starting Twitter Trust System Collection ===
[2025-06-18 11:47:34] WARNING: Will collect tweets until reaching previous timestamp: 2025-05-12 06:54:05+00:00
[2025-06-18 11:47:34] WARNING: Retrieving page 1...
[2025-06-18 11:47:36] WARNING: Newest tweet is from: 2025-05-12 06:54:05+00:00
[2025-06-18 11:47:36] WARNING: Reached stop point at tweet from 2025-05-12 06:54:05+00:00
[2025-06-18 11:47:36] WARNING: Retrieved 0 new tweets on page 1
[2025-06-18 11:47:36] WARNING: Stopping pagination as we've reached the stop point
[2025-06-18 11:47:36] WARNING: Retrieved a total of 0 tweets across 1 pages
[2025-06-18 11:47:36] WARNING: No new tweets found with trust commands. Exiting without error.
[2025-06-18 11:47:36] WARNING: Collection complete!
[2025-06-18 11:47:36] WARNING: - 0 trust assignments processed
[2025-06-18 11:47:36] WARNING: - 2 users in trust network
[2025-06-18 11:47:36] WARNING: - 31 total trust relationships
