[2025-07-14 19:17:34] WARNING: Reached stop point at tweet from 2013-12-21 19:29:18+00:00
[2025-07-14 19:17:34] WARNING: Retrieved 0 new tweets on page 1
[2025-07-14 19:17:34] WARNING: Stopping pagination as we've reached the stop point
[2025-07-14 19:17:34] WARNING: Retrieved a total of 0 tweets across 1 pages
[2025-07-14 19:17:34] WARNING: No new tweets found with trust commands. Exiting without error.
[2025-07-14 19:17:34] WARNING: Collection complete!
[2025-07-14 19:17:34] WARNING: - 0 trust assignments processed
[2025-07-14 19:17:34] WARNING: - 2 users in trust network
[2025-07-14 19:17:34] WARNING: - 31 total trust relationships
[2025-07-14 19:27:32] WARNING: === Starting Twitter Trust System Collection ===
[2025-07-14 19:27:32] WARNING: Will collect tweets until reaching previous timestamp: 2025-05-12 06:54:05+00:00
[2025-07-14 19:27:32] WARNING: Retrieving page 1...
[2025-07-14 19:27:34] WARNING: Newest tweet is from: 2013-12-21 19:29:18+00:00
[2025-07-14 19:27:34] WARNING: Reached stop point at tweet from 2013-12-21 19:29:18+00:00
[2025-07-14 19:27:34] WARNING: Retrieved 0 new tweets on page 1
[2025-07-14 19:27:34] WARNING: Stopping pagination as we've reached the stop point
[2025-07-14 19:27:34] WARNING: Retrieved a total of 0 tweets across 1 pages
[2025-07-14 19:27:34] WARNING: No new tweets found with trust commands. Exiting without error.
[2025-07-14 19:27:34] WARNING: Collection complete!
[2025-07-14 19:27:34] WARNING: - 0 trust assignments processed
[2025-07-14 19:27:34] WARNING: - 2 users in trust network
[2025-07-14 19:27:34] WARNING: - 31 total trust relationships
[2025-07-14 19:37:32] WARNING: === Starting Twitter Trust System Collection ===
[2025-07-14 19:37:32] WARNING: Will collect tweets until reaching previous timestamp: 2025-05-12 06:54:05+00:00
[2025-07-14 19:37:32] WARNING: Retrieving page 1...
[2025-07-14 19:37:34] WARNING: Newest tweet is from: 2013-12-21 19:29:18+00:00
[2025-07-14 19:37:34] WARNING: Reached stop point at tweet from 2013-12-21 19:29:18+00:00
[2025-07-14 19:37:34] WARNING: Retrieved 0 new tweets on page 1
[2025-07-14 19:37:34] WARNING: Stopping pagination as we've reached the stop point
[2025-07-14 19:37:34] WARNING: Retrieved a total of 0 tweets across 1 pages
[2025-07-14 19:37:34] WARNING: No new tweets found with trust commands. Exiting without error.
[2025-07-14 19:37:34] WARNING: Collection complete!
[2025-07-14 19:37:34] WARNING: - 0 trust assignments processed
[2025-07-14 19:37:34] WARNING: - 2 users in trust network
[2025-07-14 19:37:34] WARNING: - 31 total trust relationships
[2025-07-14 19:47:32] WARNING: === Starting Twitter Trust System Collection ===
[2025-07-14 19:47:32] WARNING: Will collect tweets until reaching previous timestamp: 2025-05-12 06:54:05+00:00
[2025-07-14 19:47:32] WARNING: Retrieving page 1...
[2025-07-14 19:47:34] WARNING: Newest tweet is from: 2013-12-21 19:29:18+00:00
[2025-07-14 19:47:34] WARNING: Reached stop point at tweet from 2013-12-21 19:29:18+00:00
[2025-07-14 19:47:34] WARNING: Retrieved 0 new tweets on page 1
[2025-07-14 19:47:34] WARNING: Stopping pagination as we've reached the stop point
[2025-07-14 19:47:34] WARNING: Retrieved a total of 0 tweets across 1 pages
[2025-07-14 19:47:34] WARNING: No new tweets found with trust commands. Exiting without error.
[2025-07-14 19:47:34] WARNING: Collection complete!
[2025-07-14 19:47:34] WARNING: - 0 trust assignments processed
[2025-07-14 19:47:34] WARNING: - 2 users in trust network
[2025-07-14 19:47:34] WARNING: - 31 total trust relationships
[2025-07-14 19:57:32] WARNING: === Starting Twitter Trust System Collection ===
[2025-07-14 19:57:32] WARNING: Will collect tweets until reaching previous timestamp: 2025-05-12 06:54:05+00:00
[2025-07-14 19:57:32] WARNING: Retrieving page 1...
[2025-07-14 19:57:34] WARNING: Newest tweet is from: 2013-12-21 19:29:18+00:00
[2025-07-14 19:57:34] WARNING: Reached stop point at tweet from 2013-12-21 19:29:18+00:00
[2025-07-14 19:57:34] WARNING: Retrieved 0 new tweets on page 1
[2025-07-14 19:57:34] WARNING: Stopping pagination as we've reached the stop point
[2025-07-14 19:57:34] WARNING: Retrieved a total of 0 tweets across 1 pages
[2025-07-14 19:57:34] WARNING: No new tweets found with trust commands. Exiting without error.
[2025-07-14 19:57:34] WARNING: Collection complete!
[2025-07-14 19:57:34] WARNING: - 0 trust assignments processed
[2025-07-14 19:57:34] WARNING: - 2 users in trust network
[2025-07-14 19:57:34] WARNING: - 31 total trust relationships
[2025-07-14 20:07:33] WARNING: === Starting Twitter Trust System Collection ===
[2025-07-14 20:07:33] WARNING: Will collect tweets until reaching previous timestamp: 2025-05-12 06:54:05+00:00
[2025-07-14 20:07:33] WARNING: Retrieving page 1...
[2025-07-14 20:07:36] WARNING: Newest tweet is from: 2013-12-21 19:29:18+00:00
[2025-07-14 20:07:36] WARNING: Reached stop point at tweet from 2013-12-21 19:29:18+00:00
[2025-07-14 20:07:36] WARNING: Retrieved 0 new tweets on page 1
[2025-07-14 20:07:36] WARNING: Stopping pagination as we've reached the stop point
[2025-07-14 20:07:36] WARNING: Retrieved a total of 0 tweets across 1 pages
[2025-07-14 20:07:36] WARNING: No new tweets found with trust commands. Exiting without error.
[2025-07-14 20:07:36] WARNING: Collection complete!
[2025-07-14 20:07:36] WARNING: - 0 trust assignments processed
[2025-07-14 20:07:36] WARNING: - 2 users in trust network
[2025-07-14 20:07:36] WARNING: - 31 total trust relationships
[2025-07-14 20:17:35] WARNING: === Starting Twitter Trust System Collection ===
[2025-07-14 20:17:35] WARNING: Will collect tweets until reaching previous timestamp: 2025-05-12 06:54:05+00:00
[2025-07-14 20:17:35] WARNING: Retrieving page 1...
[2025-07-14 20:17:36] WARNING: Newest tweet is from: 2013-12-21 19:29:18+00:00
[2025-07-14 20:17:36] WARNING: Reached stop point at tweet from 2013-12-21 19:29:18+00:00
[2025-07-14 20:17:36] WARNING: Retrieved 0 new tweets on page 1
[2025-07-14 20:17:36] WARNING: Stopping pagination as we've reached the stop point
[2025-07-14 20:17:36] WARNING: Retrieved a total of 0 tweets across 1 pages
[2025-07-14 20:17:36] WARNING: No new tweets found with trust commands. Exiting without error.
[2025-07-14 20:17:36] WARNING: Collection complete!
[2025-07-14 20:17:36] WARNING: - 0 trust assignments processed
[2025-07-14 20:17:36] WARNING: - 2 users in trust network
[2025-07-14 20:17:36] WARNING: - 31 total trust relationships
[2025-07-14 20:27:33] WARNING: === Starting Twitter Trust System Collection ===
[2025-07-14 20:27:33] WARNING: Will collect tweets until reaching previous timestamp: 2025-05-12 06:54:05+00:00
[2025-07-14 20:27:33] WARNING: Retrieving page 1...
[2025-07-14 20:27:34] WARNING: Newest tweet is from: 2013-12-21 19:29:18+00:00
[2025-07-14 20:27:34] WARNING: Reached stop point at tweet from 2013-12-21 19:29:18+00:00
[2025-07-14 20:27:34] WARNING: Retrieved 0 new tweets on page 1
[2025-07-14 20:27:34] WARNING: Stopping pagination as we've reached the stop point
[2025-07-14 20:27:34] WARNING: Retrieved a total of 0 tweets across 1 pages
[2025-07-14 20:27:34] WARNING: No new tweets found with trust commands. Exiting without error.
[2025-07-14 20:27:34] WARNING: Collection complete!
[2025-07-14 20:27:34] WARNING: - 0 trust assignments processed
[2025-07-14 20:27:34] WARNING: - 2 users in trust network
[2025-07-14 20:27:34] WARNING: - 31 total trust relationships
[2025-07-14 20:37:33] WARNING: === Starting Twitter Trust System Collection ===
[2025-07-14 20:37:33] WARNING: Will collect tweets until reaching previous timestamp: 2025-05-12 06:54:05+00:00
[2025-07-14 20:37:33] WARNING: Retrieving page 1...
[2025-07-14 20:37:34] WARNING: Newest tweet is from: 2013-12-21 19:29:18+00:00
[2025-07-14 20:37:34] WARNING: Reached stop point at tweet from 2013-12-21 19:29:18+00:00
[2025-07-14 20:37:34] WARNING: Retrieved 0 new tweets on page 1
[2025-07-14 20:37:34] WARNING: Stopping pagination as we've reached the stop point
[2025-07-14 20:37:34] WARNING: Retrieved a total of 0 tweets across 1 pages
[2025-07-14 20:37:34] WARNING: No new tweets found with trust commands. Exiting without error.
[2025-07-14 20:37:34] WARNING: Collection complete!
[2025-07-14 20:37:34] WARNING: - 0 trust assignments processed
[2025-07-14 20:37:34] WARNING: - 2 users in trust network
[2025-07-14 20:37:34] WARNING: - 31 total trust relationships
[2025-07-14 20:47:33] WARNING: === Starting Twitter Trust System Collection ===
[2025-07-14 20:47:33] WARNING: Will collect tweets until reaching previous timestamp: 2025-05-12 06:54:05+00:00
[2025-07-14 20:47:33] WARNING: Retrieving page 1...
[2025-07-14 20:47:34] WARNING: Newest tweet is from: 2013-12-21 19:29:18+00:00
[2025-07-14 20:47:34] WARNING: Reached stop point at tweet from 2013-12-21 19:29:18+00:00
[2025-07-14 20:47:34] WARNING: Retrieved 0 new tweets on page 1
[2025-07-14 20:47:34] WARNING: Stopping pagination as we've reached the stop point
[2025-07-14 20:47:34] WARNING: Retrieved a total of 0 tweets across 1 pages
[2025-07-14 20:47:34] WARNING: No new tweets found with trust commands. Exiting without error.
[2025-07-14 20:47:34] WARNING: Collection complete!
[2025-07-14 20:47:34] WARNING: - 0 trust assignments processed
[2025-07-14 20:47:34] WARNING: - 2 users in trust network
[2025-07-14 20:47:34] WARNING: - 31 total trust relationships
[2025-07-14 20:57:32] WARNING: === Starting Twitter Trust System Collection ===
[2025-07-14 20:57:32] WARNING: Will collect tweets until reaching previous timestamp: 2025-05-12 06:54:05+00:00
[2025-07-14 20:57:32] WARNING: Retrieving page 1...
[2025-07-14 20:57:34] WARNING: Newest tweet is from: 2013-12-21 19:29:18+00:00
[2025-07-14 20:57:34] WARNING: Reached stop point at tweet from 2013-12-21 19:29:18+00:00
[2025-07-14 20:57:34] WARNING: Retrieved 0 new tweets on page 1
[2025-07-14 20:57:34] WARNING: Stopping pagination as we've reached the stop point
[2025-07-14 20:57:34] WARNING: Retrieved a total of 0 tweets across 1 pages
[2025-07-14 20:57:34] WARNING: No new tweets found with trust commands. Exiting without error.
[2025-07-14 20:57:34] WARNING: Collection complete!
[2025-07-14 20:57:34] WARNING: - 0 trust assignments processed
[2025-07-14 20:57:34] WARNING: - 2 users in trust network
[2025-07-14 20:57:34] WARNING: - 31 total trust relationships
[2025-07-14 21:07:33] WARNING: === Starting Twitter Trust System Collection ===
[2025-07-14 21:07:33] WARNING: Will collect tweets until reaching previous timestamp: 2025-05-12 06:54:05+00:00
[2025-07-14 21:07:33] WARNING: Retrieving page 1...
[2025-07-14 21:07:35] WARNING: Newest tweet is from: 2013-12-21 19:29:18+00:00
[2025-07-14 21:07:35] WARNING: Reached stop point at tweet from 2013-12-21 19:29:18+00:00
[2025-07-14 21:07:35] WARNING: Retrieved 0 new tweets on page 1
[2025-07-14 21:07:35] WARNING: Stopping pagination as we've reached the stop point
[2025-07-14 21:07:35] WARNING: Retrieved a total of 0 tweets across 1 pages
[2025-07-14 21:07:35] WARNING: No new tweets found with trust commands. Exiting without error.
[2025-07-14 21:07:35] WARNING: Collection complete!
[2025-07-14 21:07:35] WARNING: - 0 trust assignments processed
[2025-07-14 21:07:35] WARNING: - 2 users in trust network
[2025-07-14 21:07:35] WARNING: - 31 total trust relationships
[2025-07-14 21:17:33] WARNING: === Starting Twitter Trust System Collection ===
[2025-07-14 21:17:33] WARNING: Will collect tweets until reaching previous timestamp: 2025-05-12 06:54:05+00:00
[2025-07-14 21:17:33] WARNING: Retrieving page 1...
[2025-07-14 21:17:34] WARNING: Newest tweet is from: 2013-12-21 19:29:18+00:00
[2025-07-14 21:17:34] WARNING: Reached stop point at tweet from 2013-12-21 19:29:18+00:00
[2025-07-14 21:17:34] WARNING: Retrieved 0 new tweets on page 1
[2025-07-14 21:17:34] WARNING: Stopping pagination as we've reached the stop point
[2025-07-14 21:17:34] WARNING: Retrieved a total of 0 tweets across 1 pages
[2025-07-14 21:17:34] WARNING: No new tweets found with trust commands. Exiting without error.
[2025-07-14 21:17:34] WARNING: Collection complete!
[2025-07-14 21:17:34] WARNING: - 0 trust assignments processed
[2025-07-14 21:17:34] WARNING: - 2 users in trust network
[2025-07-14 21:17:34] WARNING: - 31 total trust relationships
[2025-07-14 21:27:33] WARNING: === Starting Twitter Trust System Collection ===
[2025-07-14 21:27:33] WARNING: Will collect tweets until reaching previous timestamp: 2025-05-12 06:54:05+00:00
[2025-07-14 21:27:33] WARNING: Retrieving page 1...
[2025-07-14 21:27:35] WARNING: Newest tweet is from: 2013-12-21 19:29:18+00:00
[2025-07-14 21:27:35] WARNING: Reached stop point at tweet from 2013-12-21 19:29:18+00:00
[2025-07-14 21:27:35] WARNING: Retrieved 0 new tweets on page 1
[2025-07-14 21:27:35] WARNING: Stopping pagination as we've reached the stop point
[2025-07-14 21:27:35] WARNING: Retrieved a total of 0 tweets across 1 pages
[2025-07-14 21:27:35] WARNING: No new tweets found with trust commands. Exiting without error.
[2025-07-14 21:27:35] WARNING: Collection complete!
[2025-07-14 21:27:35] WARNING: - 0 trust assignments processed
[2025-07-14 21:27:35] WARNING: - 2 users in trust network
[2025-07-14 21:27:35] WARNING: - 31 total trust relationships
[2025-07-14 21:37:33] WARNING: === Starting Twitter Trust System Collection ===
[2025-07-14 21:37:33] WARNING: Will collect tweets until reaching previous timestamp: 2025-05-12 06:54:05+00:00
[2025-07-14 21:37:33] WARNING: Retrieving page 1...
[2025-07-14 21:37:34] WARNING: Newest tweet is from: 2013-12-21 19:29:18+00:00
[2025-07-14 21:37:34] WARNING: Reached stop point at tweet from 2013-12-21 19:29:18+00:00
[2025-07-14 21:37:34] WARNING: Retrieved 0 new tweets on page 1
[2025-07-14 21:37:34] WARNING: Stopping pagination as we've reached the stop point
[2025-07-14 21:37:34] WARNING: Retrieved a total of 0 tweets across 1 pages
[2025-07-14 21:37:34] WARNING: No new tweets found with trust commands. Exiting without error.
[2025-07-14 21:37:34] WARNING: Collection complete!
[2025-07-14 21:37:34] WARNING: - 0 trust assignments processed
[2025-07-14 21:37:34] WARNING: - 2 users in trust network
[2025-07-14 21:37:34] WARNING: - 31 total trust relationships
[2025-07-14 21:47:33] WARNING: === Starting Twitter Trust System Collection ===
[2025-07-14 21:47:33] WARNING: Will collect tweets until reaching previous timestamp: 2025-05-12 06:54:05+00:00
[2025-07-14 21:47:33] WARNING: Retrieving page 1...
[2025-07-14 21:47:34] WARNING: Newest tweet is from: 2013-12-21 19:29:18+00:00
[2025-07-14 21:47:34] WARNING: Reached stop point at tweet from 2013-12-21 19:29:18+00:00
[2025-07-14 21:47:34] WARNING: Retrieved 0 new tweets on page 1
[2025-07-14 21:47:34] WARNING: Stopping pagination as we've reached the stop point
[2025-07-14 21:47:34] WARNING: Retrieved a total of 0 tweets across 1 pages
[2025-07-14 21:47:34] WARNING: No new tweets found with trust commands. Exiting without error.
[2025-07-14 21:47:34] WARNING: Collection complete!
[2025-07-14 21:47:34] WARNING: - 0 trust assignments processed
[2025-07-14 21:47:34] WARNING: - 2 users in trust network
[2025-07-14 21:47:34] WARNING: - 31 total trust relationships
[2025-07-14 21:57:33] WARNING: === Starting Twitter Trust System Collection ===
[2025-07-14 21:57:33] WARNING: Will collect tweets until reaching previous timestamp: 2025-05-12 06:54:05+00:00
[2025-07-14 21:57:33] WARNING: Retrieving page 1...
[2025-07-14 21:57:34] WARNING: Newest tweet is from: 2013-12-21 19:29:18+00:00
[2025-07-14 21:57:34] WARNING: Reached stop point at tweet from 2013-12-21 19:29:18+00:00
[2025-07-14 21:57:34] WARNING: Retrieved 0 new tweets on page 1
[2025-07-14 21:57:34] WARNING: Stopping pagination as we've reached the stop point
[2025-07-14 21:57:34] WARNING: Retrieved a total of 0 tweets across 1 pages
[2025-07-14 21:57:34] WARNING: No new tweets found with trust commands. Exiting without error.
[2025-07-14 21:57:34] WARNING: Collection complete!
[2025-07-14 21:57:34] WARNING: - 0 trust assignments processed
[2025-07-14 21:57:34] WARNING: - 2 users in trust network
[2025-07-14 21:57:34] WARNING: - 31 total trust relationships
[2025-07-14 22:07:33] WARNING: === Starting Twitter Trust System Collection ===
[2025-07-14 22:07:33] WARNING: Will collect tweets until reaching previous timestamp: 2025-05-12 06:54:05+00:00
[2025-07-14 22:07:33] WARNING: Retrieving page 1...
[2025-07-14 22:07:34] WARNING: Newest tweet is from: 2013-12-21 19:29:18+00:00
[2025-07-14 22:07:34] WARNING: Reached stop point at tweet from 2013-12-21 19:29:18+00:00
[2025-07-14 22:07:34] WARNING: Retrieved 0 new tweets on page 1
[2025-07-14 22:07:34] WARNING: Stopping pagination as we've reached the stop point
[2025-07-14 22:07:34] WARNING: Retrieved a total of 0 tweets across 1 pages
[2025-07-14 22:07:34] WARNING: No new tweets found with trust commands. Exiting without error.
[2025-07-14 22:07:34] WARNING: Collection complete!
[2025-07-14 22:07:34] WARNING: - 0 trust assignments processed
[2025-07-14 22:07:34] WARNING: - 2 users in trust network
[2025-07-14 22:07:34] WARNING: - 31 total trust relationships
[2025-07-14 22:17:33] WARNING: === Starting Twitter Trust System Collection ===
[2025-07-14 22:17:33] WARNING: Will collect tweets until reaching previous timestamp: 2025-05-12 06:54:05+00:00
[2025-07-14 22:17:33] WARNING: Retrieving page 1...
[2025-07-14 22:17:34] WARNING: Newest tweet is from: 2013-12-21 19:29:18+00:00
[2025-07-14 22:17:34] WARNING: Reached stop point at tweet from 2013-12-21 19:29:18+00:00
[2025-07-14 22:17:34] WARNING: Retrieved 0 new tweets on page 1
[2025-07-14 22:17:34] WARNING: Stopping pagination as we've reached the stop point
[2025-07-14 22:17:34] WARNING: Retrieved a total of 0 tweets across 1 pages
[2025-07-14 22:17:34] WARNING: No new tweets found with trust commands. Exiting without error.
[2025-07-14 22:17:34] WARNING: Collection complete!
[2025-07-14 22:17:34] WARNING: - 0 trust assignments processed
[2025-07-14 22:17:34] WARNING: - 2 users in trust network
[2025-07-14 22:17:34] WARNING: - 31 total trust relationships
[2025-07-14 22:27:33] WARNING: === Starting Twitter Trust System Collection ===
[2025-07-14 22:27:33] WARNING: Will collect tweets until reaching previous timestamp: 2025-05-12 06:54:05+00:00
[2025-07-14 22:27:33] WARNING: Retrieving page 1...
[2025-07-14 22:27:35] WARNING: Newest tweet is from: 2013-12-21 19:29:18+00:00
[2025-07-14 22:27:35] WARNING: Reached stop point at tweet from 2013-12-21 19:29:18+00:00
[2025-07-14 22:27:35] WARNING: Retrieved 0 new tweets on page 1
[2025-07-14 22:27:35] WARNING: Stopping pagination as we've reached the stop point
[2025-07-14 22:27:35] WARNING: Retrieved a total of 0 tweets across 1 pages
[2025-07-14 22:27:35] WARNING: No new tweets found with trust commands. Exiting without error.
[2025-07-14 22:27:35] WARNING: Collection complete!
[2025-07-14 22:27:35] WARNING: - 0 trust assignments processed
[2025-07-14 22:27:35] WARNING: - 2 users in trust network
[2025-07-14 22:27:35] WARNING: - 31 total trust relationships
[2025-07-14 22:37:36] WARNING: === Starting Twitter Trust System Collection ===
[2025-07-14 22:37:36] WARNING: Will collect tweets until reaching previous timestamp: 2025-05-12 06:54:05+00:00
[2025-07-14 22:37:36] WARNING: Retrieving page 1...
[2025-07-14 22:37:38] WARNING: Newest tweet is from: 2013-12-21 19:29:18+00:00
[2025-07-14 22:37:38] WARNING: Reached stop point at tweet from 2013-12-21 19:29:18+00:00
[2025-07-14 22:37:38] WARNING: Retrieved 0 new tweets on page 1
[2025-07-14 22:37:38] WARNING: Stopping pagination as we've reached the stop point
[2025-07-14 22:37:38] WARNING: Retrieved a total of 0 tweets across 1 pages
[2025-07-14 22:37:38] WARNING: No new tweets found with trust commands. Exiting without error.
[2025-07-14 22:37:38] WARNING: Collection complete!
[2025-07-14 22:37:38] WARNING: - 0 trust assignments processed
[2025-07-14 22:37:38] WARNING: - 2 users in trust network
[2025-07-14 22:37:38] WARNING: - 31 total trust relationships
[2025-07-14 22:47:35] WARNING: === Starting Twitter Trust System Collection ===
[2025-07-14 22:47:35] WARNING: Will collect tweets until reaching previous timestamp: 2025-05-12 06:54:05+00:00
[2025-07-14 22:47:35] WARNING: Retrieving page 1...
[2025-07-14 22:47:36] WARNING: Newest tweet is from: 2013-12-21 19:29:18+00:00
[2025-07-14 22:47:36] WARNING: Reached stop point at tweet from 2013-12-21 19:29:18+00:00
[2025-07-14 22:47:36] WARNING: Retrieved 0 new tweets on page 1
[2025-07-14 22:47:36] WARNING: Stopping pagination as we've reached the stop point
[2025-07-14 22:47:36] WARNING: Retrieved a total of 0 tweets across 1 pages
[2025-07-14 22:47:36] WARNING: No new tweets found with trust commands. Exiting without error.
[2025-07-14 22:47:36] WARNING: Collection complete!
[2025-07-14 22:47:36] WARNING: - 0 trust assignments processed
[2025-07-14 22:47:36] WARNING: - 2 users in trust network
[2025-07-14 22:47:36] WARNING: - 31 total trust relationships
[2025-07-14 22:57:35] WARNING: === Starting Twitter Trust System Collection ===
[2025-07-14 22:57:35] WARNING: Will collect tweets until reaching previous timestamp: 2025-05-12 06:54:05+00:00
[2025-07-14 22:57:35] WARNING: Retrieving page 1...
[2025-07-14 22:57:37] WARNING: Newest tweet is from: 2013-12-21 19:29:18+00:00
[2025-07-14 22:57:37] WARNING: Reached stop point at tweet from 2013-12-21 19:29:18+00:00
[2025-07-14 22:57:37] WARNING: Retrieved 0 new tweets on page 1
[2025-07-14 22:57:37] WARNING: Stopping pagination as we've reached the stop point
[2025-07-14 22:57:37] WARNING: Retrieved a total of 0 tweets across 1 pages
[2025-07-14 22:57:37] WARNING: No new tweets found with trust commands. Exiting without error.
[2025-07-14 22:57:37] WARNING: Collection complete!
[2025-07-14 22:57:37] WARNING: - 0 trust assignments processed
[2025-07-14 22:57:37] WARNING: - 2 users in trust network
[2025-07-14 22:57:37] WARNING: - 31 total trust relationships
[2025-07-14 23:07:36] WARNING: === Starting Twitter Trust System Collection ===
[2025-07-14 23:07:36] WARNING: Will collect tweets until reaching previous timestamp: 2025-05-12 06:54:05+00:00
[2025-07-14 23:07:36] WARNING: Retrieving page 1...
[2025-07-14 23:07:39] WARNING: Newest tweet is from: 2013-12-21 19:29:18+00:00
[2025-07-14 23:07:39] WARNING: Reached stop point at tweet from 2013-12-21 19:29:18+00:00
[2025-07-14 23:07:39] WARNING: Retrieved 0 new tweets on page 1
[2025-07-14 23:07:39] WARNING: Stopping pagination as we've reached the stop point
[2025-07-14 23:07:39] WARNING: Retrieved a total of 0 tweets across 1 pages
[2025-07-14 23:07:39] WARNING: No new tweets found with trust commands. Exiting without error.
[2025-07-14 23:07:39] WARNING: Collection complete!
[2025-07-14 23:07:39] WARNING: - 0 trust assignments processed
[2025-07-14 23:07:39] WARNING: - 2 users in trust network
[2025-07-14 23:07:39] WARNING: - 31 total trust relationships
[2025-07-14 23:17:33] WARNING: === Starting Twitter Trust System Collection ===
[2025-07-14 23:17:33] WARNING: Will collect tweets until reaching previous timestamp: 2025-05-12 06:54:05+00:00
[2025-07-14 23:17:33] WARNING: Retrieving page 1...
[2025-07-14 23:17:36] WARNING: Newest tweet is from: 2013-12-21 19:29:18+00:00
[2025-07-14 23:17:36] WARNING: Reached stop point at tweet from 2013-12-21 19:29:18+00:00
[2025-07-14 23:17:36] WARNING: Retrieved 0 new tweets on page 1
[2025-07-14 23:17:36] WARNING: Stopping pagination as we've reached the stop point
[2025-07-14 23:17:36] WARNING: Retrieved a total of 0 tweets across 1 pages
[2025-07-14 23:17:36] WARNING: No new tweets found with trust commands. Exiting without error.
[2025-07-14 23:17:36] WARNING: Collection complete!
[2025-07-14 23:17:36] WARNING: - 0 trust assignments processed
[2025-07-14 23:17:36] WARNING: - 2 users in trust network
[2025-07-14 23:17:36] WARNING: - 31 total trust relationships
[2025-07-14 23:27:38] WARNING: === Starting Twitter Trust System Collection ===
[2025-07-14 23:27:38] WARNING: Will collect tweets until reaching previous timestamp: 2025-05-12 06:54:05+00:00
[2025-07-14 23:27:38] WARNING: Retrieving page 1...
[2025-07-14 23:27:39] WARNING: Newest tweet is from: 2013-12-21 19:29:18+00:00
[2025-07-14 23:27:39] WARNING: Reached stop point at tweet from 2013-12-21 19:29:18+00:00
[2025-07-14 23:27:39] WARNING: Retrieved 0 new tweets on page 1
[2025-07-14 23:27:39] WARNING: Stopping pagination as we've reached the stop point
[2025-07-14 23:27:39] WARNING: Retrieved a total of 0 tweets across 1 pages
[2025-07-14 23:27:39] WARNING: No new tweets found with trust commands. Exiting without error.
[2025-07-14 23:27:39] WARNING: Collection complete!
[2025-07-14 23:27:39] WARNING: - 0 trust assignments processed
[2025-07-14 23:27:39] WARNING: - 2 users in trust network
[2025-07-14 23:27:39] WARNING: - 31 total trust relationships
[2025-07-14 23:37:39] WARNING: === Starting Twitter Trust System Collection ===
[2025-07-14 23:37:39] WARNING: Will collect tweets until reaching previous timestamp: 2025-05-12 06:54:05+00:00
[2025-07-14 23:37:39] WARNING: Retrieving page 1...
[2025-07-14 23:37:43] WARNING: Newest tweet is from: 2013-12-21 19:29:18+00:00
[2025-07-14 23:37:43] WARNING: Reached stop point at tweet from 2013-12-21 19:29:18+00:00
[2025-07-14 23:37:43] WARNING: Retrieved 0 new tweets on page 1
[2025-07-14 23:37:43] WARNING: Stopping pagination as we've reached the stop point
[2025-07-14 23:37:43] WARNING: Retrieved a total of 0 tweets across 1 pages
[2025-07-14 23:37:43] WARNING: No new tweets found with trust commands. Exiting without error.
[2025-07-14 23:37:43] WARNING: Collection complete!
[2025-07-14 23:37:43] WARNING: - 0 trust assignments processed
[2025-07-14 23:37:43] WARNING: - 2 users in trust network
[2025-07-14 23:37:43] WARNING: - 31 total trust relationships
[2025-07-14 23:47:33] WARNING: === Starting Twitter Trust System Collection ===
[2025-07-14 23:47:33] WARNING: Will collect tweets until reaching previous timestamp: 2025-05-12 06:54:05+00:00
[2025-07-14 23:47:33] WARNING: Retrieving page 1...
[2025-07-14 23:47:34] WARNING: Newest tweet is from: 2013-12-21 19:29:18+00:00
[2025-07-14 23:47:34] WARNING: Reached stop point at tweet from 2013-12-21 19:29:18+00:00
[2025-07-14 23:47:34] WARNING: Retrieved 0 new tweets on page 1
[2025-07-14 23:47:34] WARNING: Stopping pagination as we've reached the stop point
[2025-07-14 23:47:34] WARNING: Retrieved a total of 0 tweets across 1 pages
[2025-07-14 23:47:34] WARNING: No new tweets found with trust commands. Exiting without error.
[2025-07-14 23:47:34] WARNING: Collection complete!
[2025-07-14 23:47:34] WARNING: - 0 trust assignments processed
[2025-07-14 23:47:34] WARNING: - 2 users in trust network
[2025-07-14 23:47:34] WARNING: - 31 total trust relationships
[2025-07-14 23:57:33] WARNING: === Starting Twitter Trust System Collection ===
[2025-07-14 23:57:33] WARNING: Will collect tweets until reaching previous timestamp: 2025-05-12 06:54:05+00:00
[2025-07-14 23:57:33] WARNING: Retrieving page 1...
[2025-07-14 23:57:34] WARNING: Newest tweet is from: 2013-12-21 19:29:18+00:00
[2025-07-14 23:57:34] WARNING: Reached stop point at tweet from 2013-12-21 19:29:18+00:00
[2025-07-14 23:57:34] WARNING: Retrieved 0 new tweets on page 1
[2025-07-14 23:57:34] WARNING: Stopping pagination as we've reached the stop point
[2025-07-14 23:57:34] WARNING: Retrieved a total of 0 tweets across 1 pages
[2025-07-14 23:57:34] WARNING: No new tweets found with trust commands. Exiting without error.
[2025-07-14 23:57:34] WARNING: Collection complete!
[2025-07-14 23:57:34] WARNING: - 0 trust assignments processed
[2025-07-14 23:57:34] WARNING: - 2 users in trust network
[2025-07-14 23:57:34] WARNING: - 31 total trust relationships
[2025-07-15 00:07:33] WARNING: === Starting Twitter Trust System Collection ===
[2025-07-15 00:07:33] WARNING: Will collect tweets until reaching previous timestamp: 2025-05-12 06:54:05+00:00
[2025-07-15 00:07:33] WARNING: Retrieving page 1...
[2025-07-15 00:07:34] WARNING: Newest tweet is from: 2013-12-21 19:29:18+00:00
[2025-07-15 00:07:34] WARNING: Reached stop point at tweet from 2013-12-21 19:29:18+00:00
[2025-07-15 00:07:34] WARNING: Retrieved 0 new tweets on page 1
[2025-07-15 00:07:34] WARNING: Stopping pagination as we've reached the stop point
[2025-07-15 00:07:34] WARNING: Retrieved a total of 0 tweets across 1 pages
[2025-07-15 00:07:34] WARNING: No new tweets found with trust commands. Exiting without error.
[2025-07-15 00:07:34] WARNING: Collection complete!
[2025-07-15 00:07:34] WARNING: - 0 trust assignments processed
[2025-07-15 00:07:34] WARNING: - 2 users in trust network
[2025-07-15 00:07:34] WARNING: - 31 total trust relationships
[2025-07-15 00:17:33] WARNING: === Starting Twitter Trust System Collection ===
[2025-07-15 00:17:33] WARNING: Will collect tweets until reaching previous timestamp: 2025-05-12 06:54:05+00:00
[2025-07-15 00:17:33] WARNING: Retrieving page 1...
[2025-07-15 00:17:34] WARNING: Newest tweet is from: 2013-12-21 19:29:18+00:00
[2025-07-15 00:17:34] WARNING: Reached stop point at tweet from 2013-12-21 19:29:18+00:00
[2025-07-15 00:17:34] WARNING: Retrieved 0 new tweets on page 1
[2025-07-15 00:17:34] WARNING: Stopping pagination as we've reached the stop point
[2025-07-15 00:17:34] WARNING: Retrieved a total of 0 tweets across 1 pages
[2025-07-15 00:17:34] WARNING: No new tweets found with trust commands. Exiting without error.
[2025-07-15 00:17:34] WARNING: Collection complete!
[2025-07-15 00:17:34] WARNING: - 0 trust assignments processed
[2025-07-15 00:17:34] WARNING: - 2 users in trust network
[2025-07-15 00:17:34] WARNING: - 31 total trust relationships
[2025-07-15 00:27:33] WARNING: === Starting Twitter Trust System Collection ===
[2025-07-15 00:27:33] WARNING: Will collect tweets until reaching previous timestamp: 2025-05-12 06:54:05+00:00
[2025-07-15 00:27:33] WARNING: Retrieving page 1...
[2025-07-15 00:27:34] WARNING: Newest tweet is from: 2013-12-21 19:29:18+00:00
[2025-07-15 00:27:34] WARNING: Reached stop point at tweet from 2013-12-21 19:29:18+00:00
[2025-07-15 00:27:34] WARNING: Retrieved 0 new tweets on page 1
[2025-07-15 00:27:34] WARNING: Stopping pagination as we've reached the stop point
[2025-07-15 00:27:34] WARNING: Retrieved a total of 0 tweets across 1 pages
[2025-07-15 00:27:34] WARNING: No new tweets found with trust commands. Exiting without error.
[2025-07-15 00:27:34] WARNING: Collection complete!
[2025-07-15 00:27:34] WARNING: - 0 trust assignments processed
[2025-07-15 00:27:34] WARNING: - 2 users in trust network
[2025-07-15 00:27:34] WARNING: - 31 total trust relationships
[2025-07-15 00:37:36] WARNING: === Starting Twitter Trust System Collection ===
[2025-07-15 00:37:36] WARNING: Will collect tweets until reaching previous timestamp: 2025-05-12 06:54:05+00:00
[2025-07-15 00:37:36] WARNING: Retrieving page 1...
[2025-07-15 00:37:37] WARNING: Newest tweet is from: 2013-12-21 19:29:18+00:00
[2025-07-15 00:37:37] WARNING: Reached stop point at tweet from 2013-12-21 19:29:18+00:00
[2025-07-15 00:37:37] WARNING: Retrieved 0 new tweets on page 1
[2025-07-15 00:37:37] WARNING: Stopping pagination as we've reached the stop point
[2025-07-15 00:37:37] WARNING: Retrieved a total of 0 tweets across 1 pages
[2025-07-15 00:37:37] WARNING: No new tweets found with trust commands. Exiting without error.
[2025-07-15 00:37:37] WARNING: Collection complete!
[2025-07-15 00:37:37] WARNING: - 0 trust assignments processed
[2025-07-15 00:37:37] WARNING: - 2 users in trust network
[2025-07-15 00:37:37] WARNING: - 31 total trust relationships
[2025-07-15 00:47:33] WARNING: === Starting Twitter Trust System Collection ===
[2025-07-15 00:47:33] WARNING: Will collect tweets until reaching previous timestamp: 2025-05-12 06:54:05+00:00
[2025-07-15 00:47:33] WARNING: Retrieving page 1...
[2025-07-15 00:47:34] WARNING: Newest tweet is from: 2013-12-21 19:29:18+00:00
[2025-07-15 00:47:34] WARNING: Reached stop point at tweet from 2013-12-21 19:29:18+00:00
[2025-07-15 00:47:34] WARNING: Retrieved 0 new tweets on page 1
[2025-07-15 00:47:34] WARNING: Stopping pagination as we've reached the stop point
[2025-07-15 00:47:34] WARNING: Retrieved a total of 0 tweets across 1 pages
[2025-07-15 00:47:34] WARNING: No new tweets found with trust commands. Exiting without error.
[2025-07-15 00:47:34] WARNING: Collection complete!
[2025-07-15 00:47:34] WARNING: - 0 trust assignments processed
[2025-07-15 00:47:34] WARNING: - 2 users in trust network
[2025-07-15 00:47:34] WARNING: - 31 total trust relationships
[2025-07-15 00:57:33] WARNING: === Starting Twitter Trust System Collection ===
[2025-07-15 00:57:33] WARNING: Will collect tweets until reaching previous timestamp: 2025-05-12 06:54:05+00:00
[2025-07-15 00:57:33] WARNING: Retrieving page 1...
[2025-07-15 00:57:34] WARNING: Newest tweet is from: 2013-12-21 19:29:18+00:00
[2025-07-15 00:57:34] WARNING: Reached stop point at tweet from 2013-12-21 19:29:18+00:00
[2025-07-15 00:57:34] WARNING: Retrieved 0 new tweets on page 1
[2025-07-15 00:57:34] WARNING: Stopping pagination as we've reached the stop point
[2025-07-15 00:57:34] WARNING: Retrieved a total of 0 tweets across 1 pages
[2025-07-15 00:57:34] WARNING: No new tweets found with trust commands. Exiting without error.
[2025-07-15 00:57:34] WARNING: Collection complete!
[2025-07-15 00:57:34] WARNING: - 0 trust assignments processed
[2025-07-15 00:57:34] WARNING: - 2 users in trust network
[2025-07-15 00:57:34] WARNING: - 31 total trust relationships
[2025-07-15 01:07:33] WARNING: === Starting Twitter Trust System Collection ===
[2025-07-15 01:07:33] WARNING: Will collect tweets until reaching previous timestamp: 2025-05-12 06:54:05+00:00
[2025-07-15 01:07:33] WARNING: Retrieving page 1...
[2025-07-15 01:07:35] WARNING: Newest tweet is from: 2013-12-21 19:29:18+00:00
[2025-07-15 01:07:35] WARNING: Reached stop point at tweet from 2013-12-21 19:29:18+00:00
[2025-07-15 01:07:35] WARNING: Retrieved 0 new tweets on page 1
[2025-07-15 01:07:35] WARNING: Stopping pagination as we've reached the stop point
[2025-07-15 01:07:35] WARNING: Retrieved a total of 0 tweets across 1 pages
[2025-07-15 01:07:35] WARNING: No new tweets found with trust commands. Exiting without error.
[2025-07-15 01:07:35] WARNING: Collection complete!
[2025-07-15 01:07:35] WARNING: - 0 trust assignments processed
[2025-07-15 01:07:35] WARNING: - 2 users in trust network
[2025-07-15 01:07:35] WARNING: - 31 total trust relationships
[2025-07-15 01:17:33] WARNING: === Starting Twitter Trust System Collection ===
[2025-07-15 01:17:33] WARNING: Will collect tweets until reaching previous timestamp: 2025-05-12 06:54:05+00:00
[2025-07-15 01:17:33] WARNING: Retrieving page 1...
[2025-07-15 01:17:34] WARNING: Newest tweet is from: 2013-12-21 19:29:18+00:00
[2025-07-15 01:17:34] WARNING: Reached stop point at tweet from 2013-12-21 19:29:18+00:00
[2025-07-15 01:17:34] WARNING: Retrieved 0 new tweets on page 1
[2025-07-15 01:17:34] WARNING: Stopping pagination as we've reached the stop point
[2025-07-15 01:17:34] WARNING: Retrieved a total of 0 tweets across 1 pages
[2025-07-15 01:17:34] WARNING: No new tweets found with trust commands. Exiting without error.
[2025-07-15 01:17:34] WARNING: Collection complete!
[2025-07-15 01:17:34] WARNING: - 0 trust assignments processed
[2025-07-15 01:17:34] WARNING: - 2 users in trust network
[2025-07-15 01:17:34] WARNING: - 31 total trust relationships
[2025-07-15 01:27:33] WARNING: === Starting Twitter Trust System Collection ===
[2025-07-15 01:27:33] WARNING: Will collect tweets until reaching previous timestamp: 2025-05-12 06:54:05+00:00
[2025-07-15 01:27:33] WARNING: Retrieving page 1...
[2025-07-15 01:27:34] WARNING: Newest tweet is from: 2013-12-21 19:29:18+00:00
[2025-07-15 01:27:34] WARNING: Reached stop point at tweet from 2013-12-21 19:29:18+00:00
[2025-07-15 01:27:34] WARNING: Retrieved 0 new tweets on page 1
[2025-07-15 01:27:34] WARNING: Stopping pagination as we've reached the stop point
[2025-07-15 01:27:34] WARNING: Retrieved a total of 0 tweets across 1 pages
[2025-07-15 01:27:34] WARNING: No new tweets found with trust commands. Exiting without error.
[2025-07-15 01:27:34] WARNING: Collection complete!
[2025-07-15 01:27:34] WARNING: - 0 trust assignments processed
[2025-07-15 01:27:34] WARNING: - 2 users in trust network
[2025-07-15 01:27:34] WARNING: - 31 total trust relationships
[2025-07-15 01:37:33] WARNING: === Starting Twitter Trust System Collection ===
[2025-07-15 01:37:33] WARNING: Will collect tweets until reaching previous timestamp: 2025-05-12 06:54:05+00:00
[2025-07-15 01:37:33] WARNING: Retrieving page 1...
[2025-07-15 01:37:36] WARNING: Newest tweet is from: 2013-12-21 19:29:18+00:00
[2025-07-15 01:37:36] WARNING: Reached stop point at tweet from 2013-12-21 19:29:18+00:00
[2025-07-15 01:37:36] WARNING: Retrieved 0 new tweets on page 1
[2025-07-15 01:37:36] WARNING: Stopping pagination as we've reached the stop point
[2025-07-15 01:37:36] WARNING: Retrieved a total of 0 tweets across 1 pages
[2025-07-15 01:37:36] WARNING: No new tweets found with trust commands. Exiting without error.
[2025-07-15 01:37:36] WARNING: Collection complete!
[2025-07-15 01:37:36] WARNING: - 0 trust assignments processed
[2025-07-15 01:37:36] WARNING: - 2 users in trust network
[2025-07-15 01:37:36] WARNING: - 31 total trust relationships
[2025-07-15 01:47:33] WARNING: === Starting Twitter Trust System Collection ===
[2025-07-15 01:47:33] WARNING: Will collect tweets until reaching previous timestamp: 2025-05-12 06:54:05+00:00
[2025-07-15 01:47:33] WARNING: Retrieving page 1...
[2025-07-15 01:47:34] WARNING: Newest tweet is from: 2013-12-21 19:29:18+00:00
[2025-07-15 01:47:34] WARNING: Reached stop point at tweet from 2013-12-21 19:29:18+00:00
[2025-07-15 01:47:34] WARNING: Retrieved 0 new tweets on page 1
[2025-07-15 01:47:34] WARNING: Stopping pagination as we've reached the stop point
[2025-07-15 01:47:34] WARNING: Retrieved a total of 0 tweets across 1 pages
[2025-07-15 01:47:34] WARNING: No new tweets found with trust commands. Exiting without error.
[2025-07-15 01:47:34] WARNING: Collection complete!
[2025-07-15 01:47:34] WARNING: - 0 trust assignments processed
[2025-07-15 01:47:34] WARNING: - 2 users in trust network
[2025-07-15 01:47:34] WARNING: - 31 total trust relationships
[2025-07-15 01:57:33] WARNING: === Starting Twitter Trust System Collection ===
[2025-07-15 01:57:33] WARNING: Will collect tweets until reaching previous timestamp: 2025-05-12 06:54:05+00:00
[2025-07-15 01:57:33] WARNING: Retrieving page 1...
[2025-07-15 01:57:34] WARNING: Newest tweet is from: 2013-12-21 19:29:18+00:00
[2025-07-15 01:57:34] WARNING: Reached stop point at tweet from 2013-12-21 19:29:18+00:00
[2025-07-15 01:57:34] WARNING: Retrieved 0 new tweets on page 1
[2025-07-15 01:57:34] WARNING: Stopping pagination as we've reached the stop point
[2025-07-15 01:57:34] WARNING: Retrieved a total of 0 tweets across 1 pages
[2025-07-15 01:57:34] WARNING: No new tweets found with trust commands. Exiting without error.
[2025-07-15 01:57:34] WARNING: Collection complete!
[2025-07-15 01:57:34] WARNING: - 0 trust assignments processed
[2025-07-15 01:57:34] WARNING: - 2 users in trust network
[2025-07-15 01:57:34] WARNING: - 31 total trust relationships
[2025-07-15 02:07:33] WARNING: === Starting Twitter Trust System Collection ===
[2025-07-15 02:07:33] WARNING: Will collect tweets until reaching previous timestamp: 2025-05-12 06:54:05+00:00
[2025-07-15 02:07:33] WARNING: Retrieving page 1...
[2025-07-15 02:07:34] WARNING: Newest tweet is from: 2013-12-21 19:29:18+00:00
[2025-07-15 02:07:34] WARNING: Reached stop point at tweet from 2013-12-21 19:29:18+00:00
[2025-07-15 02:07:34] WARNING: Retrieved 0 new tweets on page 1
[2025-07-15 02:07:34] WARNING: Stopping pagination as we've reached the stop point
[2025-07-15 02:07:34] WARNING: Retrieved a total of 0 tweets across 1 pages
[2025-07-15 02:07:34] WARNING: No new tweets found with trust commands. Exiting without error.
[2025-07-15 02:07:34] WARNING: Collection complete!
[2025-07-15 02:07:34] WARNING: - 0 trust assignments processed
[2025-07-15 02:07:34] WARNING: - 2 users in trust network
[2025-07-15 02:07:34] WARNING: - 31 total trust relationships
[2025-07-15 02:17:33] WARNING: === Starting Twitter Trust System Collection ===
[2025-07-15 02:17:33] WARNING: Will collect tweets until reaching previous timestamp: 2025-05-12 06:54:05+00:00
[2025-07-15 02:17:33] WARNING: Retrieving page 1...
[2025-07-15 02:17:34] WARNING: Newest tweet is from: 2013-12-21 19:29:18+00:00
[2025-07-15 02:17:34] WARNING: Reached stop point at tweet from 2013-12-21 19:29:18+00:00
[2025-07-15 02:17:34] WARNING: Retrieved 0 new tweets on page 1
[2025-07-15 02:17:34] WARNING: Stopping pagination as we've reached the stop point
[2025-07-15 02:17:34] WARNING: Retrieved a total of 0 tweets across 1 pages
[2025-07-15 02:17:34] WARNING: No new tweets found with trust commands. Exiting without error.
[2025-07-15 02:17:34] WARNING: Collection complete!
[2025-07-15 02:17:34] WARNING: - 0 trust assignments processed
[2025-07-15 02:17:34] WARNING: - 2 users in trust network
[2025-07-15 02:17:34] WARNING: - 31 total trust relationships
[2025-07-15 02:27:33] WARNING: === Starting Twitter Trust System Collection ===
[2025-07-15 02:27:33] WARNING: Will collect tweets until reaching previous timestamp: 2025-05-12 06:54:05+00:00
[2025-07-15 02:27:33] WARNING: Retrieving page 1...
[2025-07-15 02:28:00] WARNING: Newest tweet is from: 2013-12-21 19:29:18+00:00
[2025-07-15 02:28:00] WARNING: Reached stop point at tweet from 2013-12-21 19:29:18+00:00
[2025-07-15 02:28:00] WARNING: Retrieved 0 new tweets on page 1
[2025-07-15 02:28:00] WARNING: Stopping pagination as we've reached the stop point
[2025-07-15 02:28:00] WARNING: Retrieved a total of 0 tweets across 1 pages
[2025-07-15 02:28:00] WARNING: No new tweets found with trust commands. Exiting without error.
[2025-07-15 02:28:00] WARNING: Collection complete!
[2025-07-15 02:28:00] WARNING: - 0 trust assignments processed
[2025-07-15 02:28:00] WARNING: - 2 users in trust network
[2025-07-15 02:28:00] WARNING: - 31 total trust relationships
[2025-07-15 02:37:33] WARNING: === Starting Twitter Trust System Collection ===
[2025-07-15 02:37:33] WARNING: Will collect tweets until reaching previous timestamp: 2025-05-12 06:54:05+00:00
[2025-07-15 02:37:33] WARNING: Retrieving page 1...
[2025-07-15 02:37:34] WARNING: Newest tweet is from: 2013-12-21 19:29:18+00:00
[2025-07-15 02:37:34] WARNING: Reached stop point at tweet from 2013-12-21 19:29:18+00:00
[2025-07-15 02:37:34] WARNING: Retrieved 0 new tweets on page 1
[2025-07-15 02:37:34] WARNING: Stopping pagination as we've reached the stop point
[2025-07-15 02:37:34] WARNING: Retrieved a total of 0 tweets across 1 pages
[2025-07-15 02:37:34] WARNING: No new tweets found with trust commands. Exiting without error.
[2025-07-15 02:37:34] WARNING: Collection complete!
[2025-07-15 02:37:34] WARNING: - 0 trust assignments processed
[2025-07-15 02:37:34] WARNING: - 2 users in trust network
[2025-07-15 02:37:34] WARNING: - 31 total trust relationships
