[2025-07-20 02:27:33] WARNING: === Starting Twitter Trust System Collection ===
[2025-07-20 02:27:33] WARNING: Will collect tweets until reaching previous timestamp: 2025-05-12 06:54:05+00:00
[2025-07-20 02:27:33] WARNING: Retrieving page 1...
[2025-07-20 02:27:35] WARNING: Newest tweet is from: 2013-12-21 19:29:18+00:00
[2025-07-20 02:27:35] WARNING: Reached stop point at tweet from 2013-12-21 19:29:18+00:00
[2025-07-20 02:27:35] WARNING: Retrieved 0 new tweets on page 1
[2025-07-20 02:27:35] WARNING: Stopping pagination as we've reached the stop point
[2025-07-20 02:27:35] WARNING: Retrieved a total of 0 tweets across 1 pages
[2025-07-20 02:27:35] WARNING: No new tweets found with trust commands. Exiting without error.
[2025-07-20 02:27:35] WARNING: Collection complete!
[2025-07-20 02:27:35] WARNING: - 0 trust assignments processed
[2025-07-20 02:27:35] WARNING: - 2 users in trust network
[2025-07-20 02:27:35] WARNING: - 31 total trust relationships
[2025-07-20 02:37:33] WARNING: === Starting Twitter Trust System Collection ===
[2025-07-20 02:37:33] WARNING: Will collect tweets until reaching previous timestamp: 2025-05-12 06:54:05+00:00
[2025-07-20 02:37:33] WARNING: Retrieving page 1...
[2025-07-20 02:37:34] WARNING: Newest tweet is from: 2013-12-21 19:29:18+00:00
[2025-07-20 02:37:34] WARNING: Reached stop point at tweet from 2013-12-21 19:29:18+00:00
[2025-07-20 02:37:34] WARNING: Retrieved 0 new tweets on page 1
[2025-07-20 02:37:34] WARNING: Stopping pagination as we've reached the stop point
[2025-07-20 02:37:34] WARNING: Retrieved a total of 0 tweets across 1 pages
[2025-07-20 02:37:34] WARNING: No new tweets found with trust commands. Exiting without error.
[2025-07-20 02:37:34] WARNING: Collection complete!
[2025-07-20 02:37:34] WARNING: - 0 trust assignments processed
[2025-07-20 02:37:34] WARNING: - 2 users in trust network
[2025-07-20 02:37:34] WARNING: - 31 total trust relationships
[2025-07-20 02:47:33] WARNING: === Starting Twitter Trust System Collection ===
[2025-07-20 02:47:33] WARNING: Will collect tweets until reaching previous timestamp: 2025-05-12 06:54:05+00:00
[2025-07-20 02:47:33] WARNING: Retrieving page 1...
[2025-07-20 02:47:34] WARNING: Newest tweet is from: 2013-12-21 19:29:18+00:00
[2025-07-20 02:47:34] WARNING: Reached stop point at tweet from 2013-12-21 19:29:18+00:00
[2025-07-20 02:47:34] WARNING: Retrieved 0 new tweets on page 1
[2025-07-20 02:47:34] WARNING: Stopping pagination as we've reached the stop point
[2025-07-20 02:47:34] WARNING: Retrieved a total of 0 tweets across 1 pages
[2025-07-20 02:47:34] WARNING: No new tweets found with trust commands. Exiting without error.
[2025-07-20 02:47:34] WARNING: Collection complete!
[2025-07-20 02:47:34] WARNING: - 0 trust assignments processed
[2025-07-20 02:47:34] WARNING: - 2 users in trust network
[2025-07-20 02:47:34] WARNING: - 31 total trust relationships
[2025-07-20 02:57:33] WARNING: === Starting Twitter Trust System Collection ===
[2025-07-20 02:57:33] WARNING: Will collect tweets until reaching previous timestamp: 2025-05-12 06:54:05+00:00
[2025-07-20 02:57:33] WARNING: Retrieving page 1...
[2025-07-20 02:57:35] WARNING: Newest tweet is from: 2013-12-21 19:29:18+00:00
[2025-07-20 02:57:35] WARNING: Reached stop point at tweet from 2013-12-21 19:29:18+00:00
[2025-07-20 02:57:35] WARNING: Retrieved 0 new tweets on page 1
[2025-07-20 02:57:35] WARNING: Stopping pagination as we've reached the stop point
[2025-07-20 02:57:35] WARNING: Retrieved a total of 0 tweets across 1 pages
[2025-07-20 02:57:35] WARNING: No new tweets found with trust commands. Exiting without error.
[2025-07-20 02:57:35] WARNING: Collection complete!
[2025-07-20 02:57:35] WARNING: - 0 trust assignments processed
[2025-07-20 02:57:35] WARNING: - 2 users in trust network
[2025-07-20 02:57:35] WARNING: - 31 total trust relationships
[2025-07-20 03:07:33] WARNING: === Starting Twitter Trust System Collection ===
[2025-07-20 03:07:33] WARNING: Will collect tweets until reaching previous timestamp: 2025-05-12 06:54:05+00:00
[2025-07-20 03:07:33] WARNING: Retrieving page 1...
[2025-07-20 03:07:35] WARNING: Newest tweet is from: 2013-12-21 19:29:18+00:00
[2025-07-20 03:07:35] WARNING: Reached stop point at tweet from 2013-12-21 19:29:18+00:00
[2025-07-20 03:07:35] WARNING: Retrieved 0 new tweets on page 1
[2025-07-20 03:07:35] WARNING: Stopping pagination as we've reached the stop point
[2025-07-20 03:07:35] WARNING: Retrieved a total of 0 tweets across 1 pages
[2025-07-20 03:07:35] WARNING: No new tweets found with trust commands. Exiting without error.
[2025-07-20 03:07:35] WARNING: Collection complete!
[2025-07-20 03:07:35] WARNING: - 0 trust assignments processed
[2025-07-20 03:07:35] WARNING: - 2 users in trust network
[2025-07-20 03:07:35] WARNING: - 31 total trust relationships
[2025-07-20 03:17:33] WARNING: === Starting Twitter Trust System Collection ===
[2025-07-20 03:17:33] WARNING: Will collect tweets until reaching previous timestamp: 2025-05-12 06:54:05+00:00
[2025-07-20 03:17:33] WARNING: Retrieving page 1...
[2025-07-20 03:17:34] WARNING: Newest tweet is from: 2013-12-21 19:29:18+00:00
[2025-07-20 03:17:34] WARNING: Reached stop point at tweet from 2013-12-21 19:29:18+00:00
[2025-07-20 03:17:34] WARNING: Retrieved 0 new tweets on page 1
[2025-07-20 03:17:34] WARNING: Stopping pagination as we've reached the stop point
[2025-07-20 03:17:34] WARNING: Retrieved a total of 0 tweets across 1 pages
[2025-07-20 03:17:34] WARNING: No new tweets found with trust commands. Exiting without error.
[2025-07-20 03:17:34] WARNING: Collection complete!
[2025-07-20 03:17:34] WARNING: - 0 trust assignments processed
[2025-07-20 03:17:34] WARNING: - 2 users in trust network
[2025-07-20 03:17:34] WARNING: - 31 total trust relationships
[2025-07-20 03:27:33] WARNING: === Starting Twitter Trust System Collection ===
[2025-07-20 03:27:33] WARNING: Will collect tweets until reaching previous timestamp: 2025-05-12 06:54:05+00:00
[2025-07-20 03:27:33] WARNING: Retrieving page 1...
[2025-07-20 03:27:34] WARNING: Newest tweet is from: 2013-12-21 19:29:18+00:00
[2025-07-20 03:27:34] WARNING: Reached stop point at tweet from 2013-12-21 19:29:18+00:00
[2025-07-20 03:27:34] WARNING: Retrieved 0 new tweets on page 1
[2025-07-20 03:27:34] WARNING: Stopping pagination as we've reached the stop point
[2025-07-20 03:27:34] WARNING: Retrieved a total of 0 tweets across 1 pages
[2025-07-20 03:27:34] WARNING: No new tweets found with trust commands. Exiting without error.
[2025-07-20 03:27:34] WARNING: Collection complete!
[2025-07-20 03:27:34] WARNING: - 0 trust assignments processed
[2025-07-20 03:27:34] WARNING: - 2 users in trust network
[2025-07-20 03:27:34] WARNING: - 31 total trust relationships
[2025-07-20 03:37:33] WARNING: === Starting Twitter Trust System Collection ===
[2025-07-20 03:37:33] WARNING: Will collect tweets until reaching previous timestamp: 2025-05-12 06:54:05+00:00
[2025-07-20 03:37:33] WARNING: Retrieving page 1...
[2025-07-20 03:37:34] WARNING: Newest tweet is from: 2013-12-21 19:29:18+00:00
[2025-07-20 03:37:34] WARNING: Reached stop point at tweet from 2013-12-21 19:29:18+00:00
[2025-07-20 03:37:34] WARNING: Retrieved 0 new tweets on page 1
[2025-07-20 03:37:34] WARNING: Stopping pagination as we've reached the stop point
[2025-07-20 03:37:34] WARNING: Retrieved a total of 0 tweets across 1 pages
[2025-07-20 03:37:34] WARNING: No new tweets found with trust commands. Exiting without error.
[2025-07-20 03:37:34] WARNING: Collection complete!
[2025-07-20 03:37:34] WARNING: - 0 trust assignments processed
[2025-07-20 03:37:34] WARNING: - 2 users in trust network
[2025-07-20 03:37:34] WARNING: - 31 total trust relationships
[2025-07-20 03:47:33] WARNING: === Starting Twitter Trust System Collection ===
[2025-07-20 03:47:33] WARNING: Will collect tweets until reaching previous timestamp: 2025-05-12 06:54:05+00:00
[2025-07-20 03:47:33] WARNING: Retrieving page 1...
[2025-07-20 03:47:35] WARNING: Newest tweet is from: 2013-12-21 19:29:18+00:00
[2025-07-20 03:47:35] WARNING: Reached stop point at tweet from 2013-12-21 19:29:18+00:00
[2025-07-20 03:47:35] WARNING: Retrieved 0 new tweets on page 1
[2025-07-20 03:47:35] WARNING: Stopping pagination as we've reached the stop point
[2025-07-20 03:47:35] WARNING: Retrieved a total of 0 tweets across 1 pages
[2025-07-20 03:47:35] WARNING: No new tweets found with trust commands. Exiting without error.
[2025-07-20 03:47:35] WARNING: Collection complete!
[2025-07-20 03:47:35] WARNING: - 0 trust assignments processed
[2025-07-20 03:47:35] WARNING: - 2 users in trust network
[2025-07-20 03:47:35] WARNING: - 31 total trust relationships
[2025-07-20 03:57:33] WARNING: === Starting Twitter Trust System Collection ===
[2025-07-20 03:57:33] WARNING: Will collect tweets until reaching previous timestamp: 2025-05-12 06:54:05+00:00
[2025-07-20 03:57:33] WARNING: Retrieving page 1...
[2025-07-20 03:57:34] WARNING: Newest tweet is from: 2013-12-21 19:29:18+00:00
[2025-07-20 03:57:34] WARNING: Reached stop point at tweet from 2013-12-21 19:29:18+00:00
[2025-07-20 03:57:34] WARNING: Retrieved 0 new tweets on page 1
[2025-07-20 03:57:34] WARNING: Stopping pagination as we've reached the stop point
[2025-07-20 03:57:34] WARNING: Retrieved a total of 0 tweets across 1 pages
[2025-07-20 03:57:34] WARNING: No new tweets found with trust commands. Exiting without error.
[2025-07-20 03:57:34] WARNING: Collection complete!
[2025-07-20 03:57:34] WARNING: - 0 trust assignments processed
[2025-07-20 03:57:34] WARNING: - 2 users in trust network
[2025-07-20 03:57:34] WARNING: - 31 total trust relationships
[2025-07-20 04:07:33] WARNING: === Starting Twitter Trust System Collection ===
[2025-07-20 04:07:33] WARNING: Will collect tweets until reaching previous timestamp: 2025-05-12 06:54:05+00:00
[2025-07-20 04:07:33] WARNING: Retrieving page 1...
[2025-07-20 04:07:35] WARNING: Newest tweet is from: 2013-12-21 19:29:18+00:00
[2025-07-20 04:07:35] WARNING: Reached stop point at tweet from 2013-12-21 19:29:18+00:00
[2025-07-20 04:07:35] WARNING: Retrieved 0 new tweets on page 1
[2025-07-20 04:07:35] WARNING: Stopping pagination as we've reached the stop point
[2025-07-20 04:07:35] WARNING: Retrieved a total of 0 tweets across 1 pages
[2025-07-20 04:07:35] WARNING: No new tweets found with trust commands. Exiting without error.
[2025-07-20 04:07:35] WARNING: Collection complete!
[2025-07-20 04:07:35] WARNING: - 0 trust assignments processed
[2025-07-20 04:07:35] WARNING: - 2 users in trust network
[2025-07-20 04:07:35] WARNING: - 31 total trust relationships
[2025-07-20 04:17:33] WARNING: === Starting Twitter Trust System Collection ===
[2025-07-20 04:17:33] WARNING: Will collect tweets until reaching previous timestamp: 2025-05-12 06:54:05+00:00
[2025-07-20 04:17:33] WARNING: Retrieving page 1...
[2025-07-20 04:17:35] WARNING: Newest tweet is from: 2013-12-21 19:29:18+00:00
[2025-07-20 04:17:35] WARNING: Reached stop point at tweet from 2013-12-21 19:29:18+00:00
[2025-07-20 04:17:35] WARNING: Retrieved 0 new tweets on page 1
[2025-07-20 04:17:35] WARNING: Stopping pagination as we've reached the stop point
[2025-07-20 04:17:35] WARNING: Retrieved a total of 0 tweets across 1 pages
[2025-07-20 04:17:35] WARNING: No new tweets found with trust commands. Exiting without error.
[2025-07-20 04:17:35] WARNING: Collection complete!
[2025-07-20 04:17:35] WARNING: - 0 trust assignments processed
[2025-07-20 04:17:35] WARNING: - 2 users in trust network
[2025-07-20 04:17:35] WARNING: - 31 total trust relationships
[2025-07-20 04:27:33] WARNING: === Starting Twitter Trust System Collection ===
[2025-07-20 04:27:33] WARNING: Will collect tweets until reaching previous timestamp: 2025-05-12 06:54:05+00:00
[2025-07-20 04:27:33] WARNING: Retrieving page 1...
[2025-07-20 04:27:34] WARNING: Newest tweet is from: 2013-12-21 19:29:18+00:00
[2025-07-20 04:27:34] WARNING: Reached stop point at tweet from 2013-12-21 19:29:18+00:00
[2025-07-20 04:27:34] WARNING: Retrieved 0 new tweets on page 1
[2025-07-20 04:27:34] WARNING: Stopping pagination as we've reached the stop point
[2025-07-20 04:27:34] WARNING: Retrieved a total of 0 tweets across 1 pages
[2025-07-20 04:27:34] WARNING: No new tweets found with trust commands. Exiting without error.
[2025-07-20 04:27:34] WARNING: Collection complete!
[2025-07-20 04:27:34] WARNING: - 0 trust assignments processed
[2025-07-20 04:27:34] WARNING: - 2 users in trust network
[2025-07-20 04:27:34] WARNING: - 31 total trust relationships
[2025-07-20 04:37:33] WARNING: === Starting Twitter Trust System Collection ===
[2025-07-20 04:37:33] WARNING: Will collect tweets until reaching previous timestamp: 2025-05-12 06:54:05+00:00
[2025-07-20 04:37:33] WARNING: Retrieving page 1...
[2025-07-20 04:37:34] WARNING: Newest tweet is from: 2013-12-21 19:29:18+00:00
[2025-07-20 04:37:34] WARNING: Reached stop point at tweet from 2013-12-21 19:29:18+00:00
[2025-07-20 04:37:34] WARNING: Retrieved 0 new tweets on page 1
[2025-07-20 04:37:34] WARNING: Stopping pagination as we've reached the stop point
[2025-07-20 04:37:34] WARNING: Retrieved a total of 0 tweets across 1 pages
[2025-07-20 04:37:34] WARNING: No new tweets found with trust commands. Exiting without error.
[2025-07-20 04:37:34] WARNING: Collection complete!
[2025-07-20 04:37:34] WARNING: - 0 trust assignments processed
[2025-07-20 04:37:34] WARNING: - 2 users in trust network
[2025-07-20 04:37:34] WARNING: - 31 total trust relationships
[2025-07-20 04:47:33] WARNING: === Starting Twitter Trust System Collection ===
[2025-07-20 04:47:33] WARNING: Will collect tweets until reaching previous timestamp: 2025-05-12 06:54:05+00:00
[2025-07-20 04:47:33] WARNING: Retrieving page 1...
[2025-07-20 04:47:35] WARNING: Newest tweet is from: 2013-12-21 19:29:18+00:00
[2025-07-20 04:47:35] WARNING: Reached stop point at tweet from 2013-12-21 19:29:18+00:00
[2025-07-20 04:47:35] WARNING: Retrieved 0 new tweets on page 1
[2025-07-20 04:47:35] WARNING: Stopping pagination as we've reached the stop point
[2025-07-20 04:47:35] WARNING: Retrieved a total of 0 tweets across 1 pages
[2025-07-20 04:47:35] WARNING: No new tweets found with trust commands. Exiting without error.
[2025-07-20 04:47:35] WARNING: Collection complete!
[2025-07-20 04:47:35] WARNING: - 0 trust assignments processed
[2025-07-20 04:47:35] WARNING: - 2 users in trust network
[2025-07-20 04:47:35] WARNING: - 31 total trust relationships
[2025-07-20 04:57:33] WARNING: === Starting Twitter Trust System Collection ===
[2025-07-20 04:57:33] WARNING: Will collect tweets until reaching previous timestamp: 2025-05-12 06:54:05+00:00
[2025-07-20 04:57:33] WARNING: Retrieving page 1...
[2025-07-20 04:57:35] WARNING: Newest tweet is from: 2013-12-21 19:29:18+00:00
[2025-07-20 04:57:35] WARNING: Reached stop point at tweet from 2013-12-21 19:29:18+00:00
[2025-07-20 04:57:35] WARNING: Retrieved 0 new tweets on page 1
[2025-07-20 04:57:35] WARNING: Stopping pagination as we've reached the stop point
[2025-07-20 04:57:35] WARNING: Retrieved a total of 0 tweets across 1 pages
[2025-07-20 04:57:35] WARNING: No new tweets found with trust commands. Exiting without error.
[2025-07-20 04:57:35] WARNING: Collection complete!
[2025-07-20 04:57:35] WARNING: - 0 trust assignments processed
[2025-07-20 04:57:35] WARNING: - 2 users in trust network
[2025-07-20 04:57:35] WARNING: - 31 total trust relationships
[2025-07-20 05:07:33] WARNING: === Starting Twitter Trust System Collection ===
[2025-07-20 05:07:33] WARNING: Will collect tweets until reaching previous timestamp: 2025-05-12 06:54:05+00:00
[2025-07-20 05:07:33] WARNING: Retrieving page 1...
[2025-07-20 05:07:34] WARNING: Newest tweet is from: 2013-12-21 19:29:18+00:00
[2025-07-20 05:07:34] WARNING: Reached stop point at tweet from 2013-12-21 19:29:18+00:00
[2025-07-20 05:07:34] WARNING: Retrieved 0 new tweets on page 1
[2025-07-20 05:07:34] WARNING: Stopping pagination as we've reached the stop point
[2025-07-20 05:07:34] WARNING: Retrieved a total of 0 tweets across 1 pages
[2025-07-20 05:07:34] WARNING: No new tweets found with trust commands. Exiting without error.
[2025-07-20 05:07:34] WARNING: Collection complete!
[2025-07-20 05:07:34] WARNING: - 0 trust assignments processed
[2025-07-20 05:07:34] WARNING: - 2 users in trust network
[2025-07-20 05:07:34] WARNING: - 31 total trust relationships
[2025-07-20 05:17:33] WARNING: === Starting Twitter Trust System Collection ===
[2025-07-20 05:17:33] WARNING: Will collect tweets until reaching previous timestamp: 2025-05-12 06:54:05+00:00
[2025-07-20 05:17:33] WARNING: Retrieving page 1...
[2025-07-20 05:17:34] WARNING: No tweets found on this page
[2025-07-20 05:17:34] WARNING: Retrieved a total of 0 tweets across 1 pages
[2025-07-20 05:17:34] WARNING: No new tweets found with trust commands. Exiting without error.
[2025-07-20 05:17:34] WARNING: Collection complete!
[2025-07-20 05:17:34] WARNING: - 0 trust assignments processed
[2025-07-20 05:17:34] WARNING: - 2 users in trust network
[2025-07-20 05:17:34] WARNING: - 31 total trust relationships
[2025-07-20 05:27:33] WARNING: === Starting Twitter Trust System Collection ===
[2025-07-20 05:27:33] WARNING: Will collect tweets until reaching previous timestamp: 2025-05-12 06:54:05+00:00
[2025-07-20 05:27:33] WARNING: Retrieving page 1...
[2025-07-20 05:27:35] WARNING: Newest tweet is from: 2013-12-21 19:29:18+00:00
[2025-07-20 05:27:35] WARNING: Reached stop point at tweet from 2013-12-21 19:29:18+00:00
[2025-07-20 05:27:35] WARNING: Retrieved 0 new tweets on page 1
[2025-07-20 05:27:35] WARNING: Stopping pagination as we've reached the stop point
[2025-07-20 05:27:35] WARNING: Retrieved a total of 0 tweets across 1 pages
[2025-07-20 05:27:35] WARNING: No new tweets found with trust commands. Exiting without error.
[2025-07-20 05:27:35] WARNING: Collection complete!
[2025-07-20 05:27:35] WARNING: - 0 trust assignments processed
[2025-07-20 05:27:35] WARNING: - 2 users in trust network
[2025-07-20 05:27:35] WARNING: - 31 total trust relationships
[2025-07-20 05:37:33] WARNING: === Starting Twitter Trust System Collection ===
[2025-07-20 05:37:33] WARNING: Will collect tweets until reaching previous timestamp: 2025-05-12 06:54:05+00:00
[2025-07-20 05:37:33] WARNING: Retrieving page 1...
[2025-07-20 05:37:35] WARNING: Newest tweet is from: 2013-12-21 19:29:18+00:00
[2025-07-20 05:37:35] WARNING: Reached stop point at tweet from 2013-12-21 19:29:18+00:00
[2025-07-20 05:37:35] WARNING: Retrieved 0 new tweets on page 1
[2025-07-20 05:37:35] WARNING: Stopping pagination as we've reached the stop point
[2025-07-20 05:37:35] WARNING: Retrieved a total of 0 tweets across 1 pages
[2025-07-20 05:37:35] WARNING: No new tweets found with trust commands. Exiting without error.
[2025-07-20 05:37:35] WARNING: Collection complete!
[2025-07-20 05:37:35] WARNING: - 0 trust assignments processed
[2025-07-20 05:37:35] WARNING: - 2 users in trust network
[2025-07-20 05:37:35] WARNING: - 31 total trust relationships
[2025-07-20 05:47:33] WARNING: === Starting Twitter Trust System Collection ===
[2025-07-20 05:47:33] WARNING: Will collect tweets until reaching previous timestamp: 2025-05-12 06:54:05+00:00
[2025-07-20 05:47:33] WARNING: Retrieving page 1...
[2025-07-20 05:47:35] WARNING: Newest tweet is from: 2013-12-21 19:29:18+00:00
[2025-07-20 05:47:35] WARNING: Reached stop point at tweet from 2013-12-21 19:29:18+00:00
[2025-07-20 05:47:35] WARNING: Retrieved 0 new tweets on page 1
[2025-07-20 05:47:35] WARNING: Stopping pagination as we've reached the stop point
[2025-07-20 05:47:35] WARNING: Retrieved a total of 0 tweets across 1 pages
[2025-07-20 05:47:35] WARNING: No new tweets found with trust commands. Exiting without error.
[2025-07-20 05:47:35] WARNING: Collection complete!
[2025-07-20 05:47:35] WARNING: - 0 trust assignments processed
[2025-07-20 05:47:35] WARNING: - 2 users in trust network
[2025-07-20 05:47:35] WARNING: - 31 total trust relationships
[2025-07-20 05:57:33] WARNING: === Starting Twitter Trust System Collection ===
[2025-07-20 05:57:33] WARNING: Will collect tweets until reaching previous timestamp: 2025-05-12 06:54:05+00:00
[2025-07-20 05:57:33] WARNING: Retrieving page 1...
[2025-07-20 05:57:37] WARNING: Newest tweet is from: 2013-12-21 19:29:18+00:00
[2025-07-20 05:57:37] WARNING: Reached stop point at tweet from 2013-12-21 19:29:18+00:00
[2025-07-20 05:57:37] WARNING: Retrieved 0 new tweets on page 1
[2025-07-20 05:57:37] WARNING: Stopping pagination as we've reached the stop point
[2025-07-20 05:57:37] WARNING: Retrieved a total of 0 tweets across 1 pages
[2025-07-20 05:57:37] WARNING: No new tweets found with trust commands. Exiting without error.
[2025-07-20 05:57:37] WARNING: Collection complete!
[2025-07-20 05:57:37] WARNING: - 0 trust assignments processed
[2025-07-20 05:57:37] WARNING: - 2 users in trust network
[2025-07-20 05:57:37] WARNING: - 31 total trust relationships
[2025-07-20 06:07:33] WARNING: === Starting Twitter Trust System Collection ===
[2025-07-20 06:07:33] WARNING: Will collect tweets until reaching previous timestamp: 2025-05-12 06:54:05+00:00
[2025-07-20 06:07:33] WARNING: Retrieving page 1...
[2025-07-20 06:07:36] WARNING: Newest tweet is from: 2013-12-21 19:29:18+00:00
[2025-07-20 06:07:36] WARNING: Reached stop point at tweet from 2013-12-21 19:29:18+00:00
[2025-07-20 06:07:36] WARNING: Retrieved 0 new tweets on page 1
[2025-07-20 06:07:36] WARNING: Stopping pagination as we've reached the stop point
[2025-07-20 06:07:36] WARNING: Retrieved a total of 0 tweets across 1 pages
[2025-07-20 06:07:36] WARNING: No new tweets found with trust commands. Exiting without error.
[2025-07-20 06:07:36] WARNING: Collection complete!
[2025-07-20 06:07:36] WARNING: - 0 trust assignments processed
[2025-07-20 06:07:36] WARNING: - 2 users in trust network
[2025-07-20 06:07:36] WARNING: - 31 total trust relationships
[2025-07-20 06:17:33] WARNING: === Starting Twitter Trust System Collection ===
[2025-07-20 06:17:33] WARNING: Will collect tweets until reaching previous timestamp: 2025-05-12 06:54:05+00:00
[2025-07-20 06:17:33] WARNING: Retrieving page 1...
[2025-07-20 06:17:35] WARNING: Newest tweet is from: 2013-12-21 19:29:18+00:00
[2025-07-20 06:17:35] WARNING: Reached stop point at tweet from 2013-12-21 19:29:18+00:00
[2025-07-20 06:17:35] WARNING: Retrieved 0 new tweets on page 1
[2025-07-20 06:17:35] WARNING: Stopping pagination as we've reached the stop point
[2025-07-20 06:17:35] WARNING: Retrieved a total of 0 tweets across 1 pages
[2025-07-20 06:17:35] WARNING: No new tweets found with trust commands. Exiting without error.
[2025-07-20 06:17:35] WARNING: Collection complete!
[2025-07-20 06:17:35] WARNING: - 0 trust assignments processed
[2025-07-20 06:17:35] WARNING: - 2 users in trust network
[2025-07-20 06:17:35] WARNING: - 31 total trust relationships
[2025-07-20 06:27:33] WARNING: === Starting Twitter Trust System Collection ===
[2025-07-20 06:27:33] WARNING: Will collect tweets until reaching previous timestamp: 2025-05-12 06:54:05+00:00
[2025-07-20 06:27:33] WARNING: Retrieving page 1...
[2025-07-20 06:27:34] WARNING: Newest tweet is from: 2025-05-12 06:54:05+00:00
[2025-07-20 06:27:34] WARNING: Reached stop point at tweet from 2025-05-12 06:54:05+00:00
[2025-07-20 06:27:34] WARNING: Retrieved 0 new tweets on page 1
[2025-07-20 06:27:34] WARNING: Stopping pagination as we've reached the stop point
[2025-07-20 06:27:34] WARNING: Retrieved a total of 0 tweets across 1 pages
[2025-07-20 06:27:34] WARNING: No new tweets found with trust commands. Exiting without error.
[2025-07-20 06:27:34] WARNING: Collection complete!
[2025-07-20 06:27:34] WARNING: - 0 trust assignments processed
[2025-07-20 06:27:34] WARNING: - 2 users in trust network
[2025-07-20 06:27:34] WARNING: - 31 total trust relationships
[2025-07-20 06:37:33] WARNING: === Starting Twitter Trust System Collection ===
[2025-07-20 06:37:33] WARNING: Will collect tweets until reaching previous timestamp: 2025-05-12 06:54:05+00:00
[2025-07-20 06:37:33] WARNING: Retrieving page 1...
[2025-07-20 06:37:35] WARNING: Newest tweet is from: 2013-12-21 19:29:18+00:00
[2025-07-20 06:37:35] WARNING: Reached stop point at tweet from 2013-12-21 19:29:18+00:00
[2025-07-20 06:37:35] WARNING: Retrieved 0 new tweets on page 1
[2025-07-20 06:37:35] WARNING: Stopping pagination as we've reached the stop point
[2025-07-20 06:37:35] WARNING: Retrieved a total of 0 tweets across 1 pages
[2025-07-20 06:37:35] WARNING: No new tweets found with trust commands. Exiting without error.
[2025-07-20 06:37:35] WARNING: Collection complete!
[2025-07-20 06:37:35] WARNING: - 0 trust assignments processed
[2025-07-20 06:37:35] WARNING: - 2 users in trust network
[2025-07-20 06:37:35] WARNING: - 31 total trust relationships
[2025-07-20 06:47:33] WARNING: === Starting Twitter Trust System Collection ===
[2025-07-20 06:47:33] WARNING: Will collect tweets until reaching previous timestamp: 2025-05-12 06:54:05+00:00
[2025-07-20 06:47:33] WARNING: Retrieving page 1...
[2025-07-20 06:47:35] WARNING: Newest tweet is from: 2013-12-21 19:29:18+00:00
[2025-07-20 06:47:35] WARNING: Reached stop point at tweet from 2013-12-21 19:29:18+00:00
[2025-07-20 06:47:35] WARNING: Retrieved 0 new tweets on page 1
[2025-07-20 06:47:35] WARNING: Stopping pagination as we've reached the stop point
[2025-07-20 06:47:35] WARNING: Retrieved a total of 0 tweets across 1 pages
[2025-07-20 06:47:35] WARNING: No new tweets found with trust commands. Exiting without error.
[2025-07-20 06:47:35] WARNING: Collection complete!
[2025-07-20 06:47:35] WARNING: - 0 trust assignments processed
[2025-07-20 06:47:35] WARNING: - 2 users in trust network
[2025-07-20 06:47:35] WARNING: - 31 total trust relationships
[2025-07-20 06:57:33] WARNING: === Starting Twitter Trust System Collection ===
[2025-07-20 06:57:33] WARNING: Will collect tweets until reaching previous timestamp: 2025-05-12 06:54:05+00:00
[2025-07-20 06:57:33] WARNING: Retrieving page 1...
[2025-07-20 06:57:34] WARNING: Newest tweet is from: 2013-12-21 19:29:18+00:00
[2025-07-20 06:57:34] WARNING: Reached stop point at tweet from 2013-12-21 19:29:18+00:00
[2025-07-20 06:57:34] WARNING: Retrieved 0 new tweets on page 1
[2025-07-20 06:57:34] WARNING: Stopping pagination as we've reached the stop point
[2025-07-20 06:57:34] WARNING: Retrieved a total of 0 tweets across 1 pages
[2025-07-20 06:57:34] WARNING: No new tweets found with trust commands. Exiting without error.
[2025-07-20 06:57:34] WARNING: Collection complete!
[2025-07-20 06:57:34] WARNING: - 0 trust assignments processed
[2025-07-20 06:57:34] WARNING: - 2 users in trust network
[2025-07-20 06:57:34] WARNING: - 31 total trust relationships
[2025-07-20 07:07:33] WARNING: === Starting Twitter Trust System Collection ===
[2025-07-20 07:07:33] WARNING: Will collect tweets until reaching previous timestamp: 2025-05-12 06:54:05+00:00
[2025-07-20 07:07:33] WARNING: Retrieving page 1...
[2025-07-20 07:07:35] WARNING: Newest tweet is from: 2013-12-21 19:29:18+00:00
[2025-07-20 07:07:35] WARNING: Reached stop point at tweet from 2013-12-21 19:29:18+00:00
[2025-07-20 07:07:35] WARNING: Retrieved 0 new tweets on page 1
[2025-07-20 07:07:35] WARNING: Stopping pagination as we've reached the stop point
[2025-07-20 07:07:35] WARNING: Retrieved a total of 0 tweets across 1 pages
[2025-07-20 07:07:35] WARNING: No new tweets found with trust commands. Exiting without error.
[2025-07-20 07:07:35] WARNING: Collection complete!
[2025-07-20 07:07:35] WARNING: - 0 trust assignments processed
[2025-07-20 07:07:35] WARNING: - 2 users in trust network
[2025-07-20 07:07:35] WARNING: - 31 total trust relationships
[2025-07-20 07:17:33] WARNING: === Starting Twitter Trust System Collection ===
[2025-07-20 07:17:33] WARNING: Will collect tweets until reaching previous timestamp: 2025-05-12 06:54:05+00:00
[2025-07-20 07:17:33] WARNING: Retrieving page 1...
[2025-07-20 07:17:35] WARNING: Newest tweet is from: 2013-12-21 19:29:18+00:00
[2025-07-20 07:17:35] WARNING: Reached stop point at tweet from 2013-12-21 19:29:18+00:00
[2025-07-20 07:17:35] WARNING: Retrieved 0 new tweets on page 1
[2025-07-20 07:17:35] WARNING: Stopping pagination as we've reached the stop point
[2025-07-20 07:17:35] WARNING: Retrieved a total of 0 tweets across 1 pages
[2025-07-20 07:17:35] WARNING: No new tweets found with trust commands. Exiting without error.
[2025-07-20 07:17:35] WARNING: Collection complete!
[2025-07-20 07:17:35] WARNING: - 0 trust assignments processed
[2025-07-20 07:17:35] WARNING: - 2 users in trust network
[2025-07-20 07:17:35] WARNING: - 31 total trust relationships
[2025-07-20 07:27:33] WARNING: === Starting Twitter Trust System Collection ===
[2025-07-20 07:27:33] WARNING: Will collect tweets until reaching previous timestamp: 2025-05-12 06:54:05+00:00
[2025-07-20 07:27:33] WARNING: Retrieving page 1...
[2025-07-20 07:27:35] WARNING: Newest tweet is from: 2013-12-21 19:29:18+00:00
[2025-07-20 07:27:35] WARNING: Reached stop point at tweet from 2013-12-21 19:29:18+00:00
[2025-07-20 07:27:35] WARNING: Retrieved 0 new tweets on page 1
[2025-07-20 07:27:35] WARNING: Stopping pagination as we've reached the stop point
[2025-07-20 07:27:35] WARNING: Retrieved a total of 0 tweets across 1 pages
[2025-07-20 07:27:35] WARNING: No new tweets found with trust commands. Exiting without error.
[2025-07-20 07:27:35] WARNING: Collection complete!
[2025-07-20 07:27:35] WARNING: - 0 trust assignments processed
[2025-07-20 07:27:35] WARNING: - 2 users in trust network
[2025-07-20 07:27:35] WARNING: - 31 total trust relationships
[2025-07-20 07:37:33] WARNING: === Starting Twitter Trust System Collection ===
[2025-07-20 07:37:33] WARNING: Will collect tweets until reaching previous timestamp: 2025-05-12 06:54:05+00:00
[2025-07-20 07:37:33] WARNING: Retrieving page 1...
[2025-07-20 07:37:36] WARNING: Newest tweet is from: 2013-12-21 19:29:18+00:00
[2025-07-20 07:37:36] WARNING: Reached stop point at tweet from 2013-12-21 19:29:18+00:00
[2025-07-20 07:37:36] WARNING: Retrieved 0 new tweets on page 1
[2025-07-20 07:37:36] WARNING: Stopping pagination as we've reached the stop point
[2025-07-20 07:37:36] WARNING: Retrieved a total of 0 tweets across 1 pages
[2025-07-20 07:37:36] WARNING: No new tweets found with trust commands. Exiting without error.
[2025-07-20 07:37:36] WARNING: Collection complete!
[2025-07-20 07:37:36] WARNING: - 0 trust assignments processed
[2025-07-20 07:37:36] WARNING: - 2 users in trust network
[2025-07-20 07:37:36] WARNING: - 31 total trust relationships
[2025-07-20 07:47:33] WARNING: === Starting Twitter Trust System Collection ===
[2025-07-20 07:47:33] WARNING: Will collect tweets until reaching previous timestamp: 2025-05-12 06:54:05+00:00
[2025-07-20 07:47:33] WARNING: Retrieving page 1...
[2025-07-20 07:47:35] WARNING: Newest tweet is from: 2013-12-21 19:29:18+00:00
[2025-07-20 07:47:35] WARNING: Reached stop point at tweet from 2013-12-21 19:29:18+00:00
[2025-07-20 07:47:35] WARNING: Retrieved 0 new tweets on page 1
[2025-07-20 07:47:35] WARNING: Stopping pagination as we've reached the stop point
[2025-07-20 07:47:35] WARNING: Retrieved a total of 0 tweets across 1 pages
[2025-07-20 07:47:35] WARNING: No new tweets found with trust commands. Exiting without error.
[2025-07-20 07:47:35] WARNING: Collection complete!
[2025-07-20 07:47:35] WARNING: - 0 trust assignments processed
[2025-07-20 07:47:35] WARNING: - 2 users in trust network
[2025-07-20 07:47:35] WARNING: - 31 total trust relationships
[2025-07-20 07:57:33] WARNING: === Starting Twitter Trust System Collection ===
[2025-07-20 07:57:33] WARNING: Will collect tweets until reaching previous timestamp: 2025-05-12 06:54:05+00:00
[2025-07-20 07:57:33] WARNING: Retrieving page 1...
[2025-07-20 07:57:35] WARNING: Newest tweet is from: 2013-12-21 19:29:18+00:00
[2025-07-20 07:57:35] WARNING: Reached stop point at tweet from 2013-12-21 19:29:18+00:00
[2025-07-20 07:57:35] WARNING: Retrieved 0 new tweets on page 1
[2025-07-20 07:57:35] WARNING: Stopping pagination as we've reached the stop point
[2025-07-20 07:57:35] WARNING: Retrieved a total of 0 tweets across 1 pages
[2025-07-20 07:57:35] WARNING: No new tweets found with trust commands. Exiting without error.
[2025-07-20 07:57:35] WARNING: Collection complete!
[2025-07-20 07:57:35] WARNING: - 0 trust assignments processed
[2025-07-20 07:57:35] WARNING: - 2 users in trust network
[2025-07-20 07:57:35] WARNING: - 31 total trust relationships
[2025-07-20 08:07:33] WARNING: === Starting Twitter Trust System Collection ===
[2025-07-20 08:07:33] WARNING: Will collect tweets until reaching previous timestamp: 2025-05-12 06:54:05+00:00
[2025-07-20 08:07:33] WARNING: Retrieving page 1...
[2025-07-20 08:07:35] WARNING: Newest tweet is from: 2013-12-21 19:29:18+00:00
[2025-07-20 08:07:35] WARNING: Reached stop point at tweet from 2013-12-21 19:29:18+00:00
[2025-07-20 08:07:35] WARNING: Retrieved 0 new tweets on page 1
[2025-07-20 08:07:35] WARNING: Stopping pagination as we've reached the stop point
[2025-07-20 08:07:35] WARNING: Retrieved a total of 0 tweets across 1 pages
[2025-07-20 08:07:35] WARNING: No new tweets found with trust commands. Exiting without error.
[2025-07-20 08:07:35] WARNING: Collection complete!
[2025-07-20 08:07:35] WARNING: - 0 trust assignments processed
[2025-07-20 08:07:35] WARNING: - 2 users in trust network
[2025-07-20 08:07:35] WARNING: - 31 total trust relationships
[2025-07-20 08:17:33] WARNING: === Starting Twitter Trust System Collection ===
[2025-07-20 08:17:33] WARNING: Will collect tweets until reaching previous timestamp: 2025-05-12 06:54:05+00:00
[2025-07-20 08:17:33] WARNING: Retrieving page 1...
[2025-07-20 08:17:35] WARNING: No tweets found on this page
[2025-07-20 08:17:35] WARNING: Retrieved a total of 0 tweets across 1 pages
[2025-07-20 08:17:35] WARNING: No new tweets found with trust commands. Exiting without error.
[2025-07-20 08:17:35] WARNING: Collection complete!
[2025-07-20 08:17:35] WARNING: - 0 trust assignments processed
[2025-07-20 08:17:35] WARNING: - 2 users in trust network
[2025-07-20 08:17:35] WARNING: - 31 total trust relationships
[2025-07-20 08:27:33] WARNING: === Starting Twitter Trust System Collection ===
[2025-07-20 08:27:33] WARNING: Will collect tweets until reaching previous timestamp: 2025-05-12 06:54:05+00:00
[2025-07-20 08:27:33] WARNING: Retrieving page 1...
[2025-07-20 08:27:35] WARNING: Newest tweet is from: 2013-12-21 19:29:18+00:00
[2025-07-20 08:27:35] WARNING: Reached stop point at tweet from 2013-12-21 19:29:18+00:00
[2025-07-20 08:27:35] WARNING: Retrieved 0 new tweets on page 1
[2025-07-20 08:27:35] WARNING: Stopping pagination as we've reached the stop point
[2025-07-20 08:27:35] WARNING: Retrieved a total of 0 tweets across 1 pages
[2025-07-20 08:27:35] WARNING: No new tweets found with trust commands. Exiting without error.
[2025-07-20 08:27:35] WARNING: Collection complete!
[2025-07-20 08:27:35] WARNING: - 0 trust assignments processed
[2025-07-20 08:27:35] WARNING: - 2 users in trust network
[2025-07-20 08:27:35] WARNING: - 31 total trust relationships
[2025-07-20 08:37:33] WARNING: === Starting Twitter Trust System Collection ===
[2025-07-20 08:37:33] WARNING: Will collect tweets until reaching previous timestamp: 2025-05-12 06:54:05+00:00
[2025-07-20 08:37:33] WARNING: Retrieving page 1...
[2025-07-20 08:37:34] WARNING: Newest tweet is from: 2013-12-21 19:29:18+00:00
[2025-07-20 08:37:34] WARNING: Reached stop point at tweet from 2013-12-21 19:29:18+00:00
[2025-07-20 08:37:34] WARNING: Retrieved 0 new tweets on page 1
[2025-07-20 08:37:34] WARNING: Stopping pagination as we've reached the stop point
[2025-07-20 08:37:34] WARNING: Retrieved a total of 0 tweets across 1 pages
[2025-07-20 08:37:34] WARNING: No new tweets found with trust commands. Exiting without error.
[2025-07-20 08:37:34] WARNING: Collection complete!
[2025-07-20 08:37:34] WARNING: - 0 trust assignments processed
[2025-07-20 08:37:34] WARNING: - 2 users in trust network
[2025-07-20 08:37:34] WARNING: - 31 total trust relationships
[2025-07-20 08:47:33] WARNING: === Starting Twitter Trust System Collection ===
[2025-07-20 08:47:33] WARNING: Will collect tweets until reaching previous timestamp: 2025-05-12 06:54:05+00:00
[2025-07-20 08:47:33] WARNING: Retrieving page 1...
[2025-07-20 08:47:36] WARNING: Newest tweet is from: 2013-12-21 19:29:18+00:00
[2025-07-20 08:47:36] WARNING: Reached stop point at tweet from 2013-12-21 19:29:18+00:00
[2025-07-20 08:47:36] WARNING: Retrieved 0 new tweets on page 1
[2025-07-20 08:47:36] WARNING: Stopping pagination as we've reached the stop point
[2025-07-20 08:47:36] WARNING: Retrieved a total of 0 tweets across 1 pages
[2025-07-20 08:47:36] WARNING: No new tweets found with trust commands. Exiting without error.
[2025-07-20 08:47:36] WARNING: Collection complete!
[2025-07-20 08:47:36] WARNING: - 0 trust assignments processed
[2025-07-20 08:47:36] WARNING: - 2 users in trust network
[2025-07-20 08:47:36] WARNING: - 31 total trust relationships
[2025-07-20 08:57:33] WARNING: === Starting Twitter Trust System Collection ===
[2025-07-20 08:57:33] WARNING: Will collect tweets until reaching previous timestamp: 2025-05-12 06:54:05+00:00
[2025-07-20 08:57:33] WARNING: Retrieving page 1...
[2025-07-20 08:57:35] WARNING: No tweets found on this page
[2025-07-20 08:57:35] WARNING: Retrieved a total of 0 tweets across 1 pages
[2025-07-20 08:57:35] WARNING: No new tweets found with trust commands. Exiting without error.
[2025-07-20 08:57:35] WARNING: Collection complete!
[2025-07-20 08:57:35] WARNING: - 0 trust assignments processed
[2025-07-20 08:57:35] WARNING: - 2 users in trust network
[2025-07-20 08:57:35] WARNING: - 31 total trust relationships
[2025-07-20 09:07:33] WARNING: === Starting Twitter Trust System Collection ===
[2025-07-20 09:07:33] WARNING: Will collect tweets until reaching previous timestamp: 2025-05-12 06:54:05+00:00
[2025-07-20 09:07:33] WARNING: Retrieving page 1...
[2025-07-20 09:07:36] WARNING: Newest tweet is from: 2013-12-21 19:29:18+00:00
[2025-07-20 09:07:36] WARNING: Reached stop point at tweet from 2013-12-21 19:29:18+00:00
[2025-07-20 09:07:36] WARNING: Retrieved 0 new tweets on page 1
[2025-07-20 09:07:36] WARNING: Stopping pagination as we've reached the stop point
[2025-07-20 09:07:36] WARNING: Retrieved a total of 0 tweets across 1 pages
[2025-07-20 09:07:36] WARNING: No new tweets found with trust commands. Exiting without error.
[2025-07-20 09:07:36] WARNING: Collection complete!
[2025-07-20 09:07:36] WARNING: - 0 trust assignments processed
[2025-07-20 09:07:36] WARNING: - 2 users in trust network
[2025-07-20 09:07:36] WARNING: - 31 total trust relationships
[2025-07-20 09:17:33] WARNING: === Starting Twitter Trust System Collection ===
[2025-07-20 09:17:33] WARNING: Will collect tweets until reaching previous timestamp: 2025-05-12 06:54:05+00:00
[2025-07-20 09:17:33] WARNING: Retrieving page 1...
[2025-07-20 09:17:35] WARNING: Newest tweet is from: 2013-12-21 19:29:18+00:00
[2025-07-20 09:17:35] WARNING: Reached stop point at tweet from 2013-12-21 19:29:18+00:00
[2025-07-20 09:17:35] WARNING: Retrieved 0 new tweets on page 1
[2025-07-20 09:17:35] WARNING: Stopping pagination as we've reached the stop point
[2025-07-20 09:17:35] WARNING: Retrieved a total of 0 tweets across 1 pages
[2025-07-20 09:17:35] WARNING: No new tweets found with trust commands. Exiting without error.
[2025-07-20 09:17:35] WARNING: Collection complete!
[2025-07-20 09:17:35] WARNING: - 0 trust assignments processed
[2025-07-20 09:17:35] WARNING: - 2 users in trust network
[2025-07-20 09:17:35] WARNING: - 31 total trust relationships
[2025-07-20 09:27:33] WARNING: === Starting Twitter Trust System Collection ===
[2025-07-20 09:27:33] WARNING: Will collect tweets until reaching previous timestamp: 2025-05-12 06:54:05+00:00
[2025-07-20 09:27:33] WARNING: Retrieving page 1...
[2025-07-20 09:27:36] WARNING: Newest tweet is from: 2013-12-21 19:29:18+00:00
[2025-07-20 09:27:36] WARNING: Reached stop point at tweet from 2013-12-21 19:29:18+00:00
[2025-07-20 09:27:36] WARNING: Retrieved 0 new tweets on page 1
[2025-07-20 09:27:36] WARNING: Stopping pagination as we've reached the stop point
[2025-07-20 09:27:36] WARNING: Retrieved a total of 0 tweets across 1 pages
[2025-07-20 09:27:36] WARNING: No new tweets found with trust commands. Exiting without error.
[2025-07-20 09:27:36] WARNING: Collection complete!
[2025-07-20 09:27:36] WARNING: - 0 trust assignments processed
[2025-07-20 09:27:36] WARNING: - 2 users in trust network
[2025-07-20 09:27:36] WARNING: - 31 total trust relationships
[2025-07-20 09:37:33] WARNING: === Starting Twitter Trust System Collection ===
[2025-07-20 09:37:33] WARNING: Will collect tweets until reaching previous timestamp: 2025-05-12 06:54:05+00:00
[2025-07-20 09:37:33] WARNING: Retrieving page 1...
[2025-07-20 09:37:35] WARNING: Newest tweet is from: 2013-12-21 19:29:18+00:00
[2025-07-20 09:37:35] WARNING: Reached stop point at tweet from 2013-12-21 19:29:18+00:00
[2025-07-20 09:37:35] WARNING: Retrieved 0 new tweets on page 1
[2025-07-20 09:37:35] WARNING: Stopping pagination as we've reached the stop point
[2025-07-20 09:37:35] WARNING: Retrieved a total of 0 tweets across 1 pages
[2025-07-20 09:37:35] WARNING: No new tweets found with trust commands. Exiting without error.
[2025-07-20 09:37:35] WARNING: Collection complete!
[2025-07-20 09:37:35] WARNING: - 0 trust assignments processed
[2025-07-20 09:37:35] WARNING: - 2 users in trust network
[2025-07-20 09:37:35] WARNING: - 31 total trust relationships
[2025-07-20 09:47:33] WARNING: === Starting Twitter Trust System Collection ===
[2025-07-20 09:47:33] WARNING: Will collect tweets until reaching previous timestamp: 2025-05-12 06:54:05+00:00
[2025-07-20 09:47:33] WARNING: Retrieving page 1...
[2025-07-20 09:47:35] WARNING: Newest tweet is from: 2013-12-21 19:29:18+00:00
[2025-07-20 09:47:35] WARNING: Reached stop point at tweet from 2013-12-21 19:29:18+00:00
[2025-07-20 09:47:35] WARNING: Retrieved 0 new tweets on page 1
[2025-07-20 09:47:35] WARNING: Stopping pagination as we've reached the stop point
[2025-07-20 09:47:35] WARNING: Retrieved a total of 0 tweets across 1 pages
[2025-07-20 09:47:35] WARNING: No new tweets found with trust commands. Exiting without error.
[2025-07-20 09:47:35] WARNING: Collection complete!
[2025-07-20 09:47:35] WARNING: - 0 trust assignments processed
[2025-07-20 09:47:35] WARNING: - 2 users in trust network
[2025-07-20 09:47:35] WARNING: - 31 total trust relationships
[2025-07-20 09:57:33] WARNING: === Starting Twitter Trust System Collection ===
[2025-07-20 09:57:33] WARNING: Will collect tweets until reaching previous timestamp: 2025-05-12 06:54:05+00:00
[2025-07-20 09:57:33] WARNING: Retrieving page 1...
[2025-07-20 09:57:35] WARNING: Newest tweet is from: 2013-12-21 19:29:18+00:00
[2025-07-20 09:57:35] WARNING: Reached stop point at tweet from 2013-12-21 19:29:18+00:00
[2025-07-20 09:57:35] WARNING: Retrieved 0 new tweets on page 1
[2025-07-20 09:57:35] WARNING: Stopping pagination as we've reached the stop point
[2025-07-20 09:57:35] WARNING: Retrieved a total of 0 tweets across 1 pages
[2025-07-20 09:57:35] WARNING: No new tweets found with trust commands. Exiting without error.
[2025-07-20 09:57:35] WARNING: Collection complete!
[2025-07-20 09:57:35] WARNING: - 0 trust assignments processed
[2025-07-20 09:57:35] WARNING: - 2 users in trust network
[2025-07-20 09:57:35] WARNING: - 31 total trust relationships
[2025-07-20 10:07:33] WARNING: === Starting Twitter Trust System Collection ===
[2025-07-20 10:07:33] WARNING: Will collect tweets until reaching previous timestamp: 2025-05-12 06:54:05+00:00
[2025-07-20 10:07:33] WARNING: Retrieving page 1...
[2025-07-20 10:07:35] WARNING: Newest tweet is from: 2013-12-21 19:29:18+00:00
[2025-07-20 10:07:35] WARNING: Reached stop point at tweet from 2013-12-21 19:29:18+00:00
[2025-07-20 10:07:35] WARNING: Retrieved 0 new tweets on page 1
[2025-07-20 10:07:35] WARNING: Stopping pagination as we've reached the stop point
[2025-07-20 10:07:35] WARNING: Retrieved a total of 0 tweets across 1 pages
[2025-07-20 10:07:35] WARNING: No new tweets found with trust commands. Exiting without error.
[2025-07-20 10:07:35] WARNING: Collection complete!
[2025-07-20 10:07:35] WARNING: - 0 trust assignments processed
[2025-07-20 10:07:35] WARNING: - 2 users in trust network
[2025-07-20 10:07:35] WARNING: - 31 total trust relationships
[2025-07-20 10:17:33] WARNING: === Starting Twitter Trust System Collection ===
[2025-07-20 10:17:33] WARNING: Will collect tweets until reaching previous timestamp: 2025-05-12 06:54:05+00:00
[2025-07-20 10:17:33] WARNING: Retrieving page 1...
[2025-07-20 10:17:35] WARNING: Newest tweet is from: 2013-12-21 19:29:18+00:00
[2025-07-20 10:17:35] WARNING: Reached stop point at tweet from 2013-12-21 19:29:18+00:00
[2025-07-20 10:17:35] WARNING: Retrieved 0 new tweets on page 1
[2025-07-20 10:17:35] WARNING: Stopping pagination as we've reached the stop point
[2025-07-20 10:17:35] WARNING: Retrieved a total of 0 tweets across 1 pages
[2025-07-20 10:17:35] WARNING: No new tweets found with trust commands. Exiting without error.
[2025-07-20 10:17:35] WARNING: Collection complete!
[2025-07-20 10:17:35] WARNING: - 0 trust assignments processed
[2025-07-20 10:17:35] WARNING: - 2 users in trust network
[2025-07-20 10:17:35] WARNING: - 31 total trust relationships
[2025-07-20 10:27:33] WARNING: === Starting Twitter Trust System Collection ===
[2025-07-20 10:27:33] WARNING: Will collect tweets until reaching previous timestamp: 2025-05-12 06:54:05+00:00
[2025-07-20 10:27:33] WARNING: Retrieving page 1...
[2025-07-20 10:27:42] WARNING: Newest tweet is from: 2013-12-21 19:29:18+00:00
[2025-07-20 10:27:42] WARNING: Reached stop point at tweet from 2013-12-21 19:29:18+00:00
[2025-07-20 10:27:42] WARNING: Retrieved 0 new tweets on page 1
[2025-07-20 10:27:42] WARNING: Stopping pagination as we've reached the stop point
[2025-07-20 10:27:42] WARNING: Retrieved a total of 0 tweets across 1 pages
[2025-07-20 10:27:42] WARNING: No new tweets found with trust commands. Exiting without error.
[2025-07-20 10:27:42] WARNING: Collection complete!
[2025-07-20 10:27:42] WARNING: - 0 trust assignments processed
[2025-07-20 10:27:42] WARNING: - 2 users in trust network
[2025-07-20 10:27:42] WARNING: - 31 total trust relationships
[2025-07-20 10:37:33] WARNING: === Starting Twitter Trust System Collection ===
[2025-07-20 10:37:33] WARNING: Will collect tweets until reaching previous timestamp: 2025-05-12 06:54:05+00:00
[2025-07-20 10:37:33] WARNING: Retrieving page 1...
[2025-07-20 10:37:35] WARNING: Newest tweet is from: 2013-12-21 19:29:18+00:00
[2025-07-20 10:37:35] WARNING: Reached stop point at tweet from 2013-12-21 19:29:18+00:00
[2025-07-20 10:37:35] WARNING: Retrieved 0 new tweets on page 1
[2025-07-20 10:37:35] WARNING: Stopping pagination as we've reached the stop point
[2025-07-20 10:37:35] WARNING: Retrieved a total of 0 tweets across 1 pages
[2025-07-20 10:37:35] WARNING: No new tweets found with trust commands. Exiting without error.
[2025-07-20 10:37:35] WARNING: Collection complete!
[2025-07-20 10:37:35] WARNING: - 0 trust assignments processed
[2025-07-20 10:37:35] WARNING: - 2 users in trust network
[2025-07-20 10:37:35] WARNING: - 31 total trust relationships
[2025-07-20 10:47:33] WARNING: === Starting Twitter Trust System Collection ===
[2025-07-20 10:47:33] WARNING: Will collect tweets until reaching previous timestamp: 2025-05-12 06:54:05+00:00
[2025-07-20 10:47:33] WARNING: Retrieving page 1...
[2025-07-20 10:47:44] WARNING: Newest tweet is from: 2013-12-21 19:29:18+00:00
[2025-07-20 10:47:44] WARNING: Reached stop point at tweet from 2013-12-21 19:29:18+00:00
[2025-07-20 10:47:44] WARNING: Retrieved 0 new tweets on page 1
[2025-07-20 10:47:44] WARNING: Stopping pagination as we've reached the stop point
[2025-07-20 10:47:44] WARNING: Retrieved a total of 0 tweets across 1 pages
[2025-07-20 10:47:44] WARNING: No new tweets found with trust commands. Exiting without error.
[2025-07-20 10:47:44] WARNING: Collection complete!
[2025-07-20 10:47:44] WARNING: - 0 trust assignments processed
[2025-07-20 10:47:44] WARNING: - 2 users in trust network
[2025-07-20 10:47:44] WARNING: - 31 total trust relationships
