[2025-06-22 03:47:33] WARNING: === Starting Twitter Trust System Collection ===
[2025-06-22 03:47:33] WARNING: Will collect tweets until reaching previous timestamp: 2025-05-12 06:54:05+00:00
[2025-06-22 03:47:33] WARNING: Retrieving page 1...
[2025-06-22 03:47:34] WARNING: Newest tweet is from: 2025-05-12 06:54:05+00:00
[2025-06-22 03:47:34] WARNING: Reached stop point at tweet from 2025-05-12 06:54:05+00:00
[2025-06-22 03:47:34] WARNING: Retrieved 0 new tweets on page 1
[2025-06-22 03:47:34] WARNING: Stopping pagination as we've reached the stop point
[2025-06-22 03:47:34] WARNING: Retrieved a total of 0 tweets across 1 pages
[2025-06-22 03:47:34] WARNING: No new tweets found with trust commands. Exiting without error.
[2025-06-22 03:47:34] WARNING: Collection complete!
[2025-06-22 03:47:34] WARNING: - 0 trust assignments processed
[2025-06-22 03:47:34] WARNING: - 2 users in trust network
[2025-06-22 03:47:34] WARNING: - 31 total trust relationships
[2025-06-22 03:57:33] WARNING: === Starting Twitter Trust System Collection ===
[2025-06-22 03:57:33] WARNING: Will collect tweets until reaching previous timestamp: 2025-05-12 06:54:05+00:00
[2025-06-22 03:57:33] WARNING: Retrieving page 1...
[2025-06-22 03:57:45] WARNING: Newest tweet is from: 2025-05-12 06:54:05+00:00
[2025-06-22 03:57:45] WARNING: Reached stop point at tweet from 2025-05-12 06:54:05+00:00
[2025-06-22 03:57:45] WARNING: Retrieved 0 new tweets on page 1
[2025-06-22 03:57:45] WARNING: Stopping pagination as we've reached the stop point
[2025-06-22 03:57:45] WARNING: Retrieved a total of 0 tweets across 1 pages
[2025-06-22 03:57:45] WARNING: No new tweets found with trust commands. Exiting without error.
[2025-06-22 03:57:45] WARNING: Collection complete!
[2025-06-22 03:57:45] WARNING: - 0 trust assignments processed
[2025-06-22 03:57:45] WARNING: - 2 users in trust network
[2025-06-22 03:57:45] WARNING: - 31 total trust relationships
[2025-06-22 04:07:33] WARNING: === Starting Twitter Trust System Collection ===
[2025-06-22 04:07:33] WARNING: Will collect tweets until reaching previous timestamp: 2025-05-12 06:54:05+00:00
[2025-06-22 04:07:33] WARNING: Retrieving page 1...
[2025-06-22 04:07:34] WARNING: Newest tweet is from: 2025-05-12 06:54:05+00:00
[2025-06-22 04:07:34] WARNING: Reached stop point at tweet from 2025-05-12 06:54:05+00:00
[2025-06-22 04:07:34] WARNING: Retrieved 0 new tweets on page 1
[2025-06-22 04:07:34] WARNING: Stopping pagination as we've reached the stop point
[2025-06-22 04:07:34] WARNING: Retrieved a total of 0 tweets across 1 pages
[2025-06-22 04:07:34] WARNING: No new tweets found with trust commands. Exiting without error.
[2025-06-22 04:07:34] WARNING: Collection complete!
[2025-06-22 04:07:34] WARNING: - 0 trust assignments processed
[2025-06-22 04:07:34] WARNING: - 2 users in trust network
[2025-06-22 04:07:34] WARNING: - 31 total trust relationships
[2025-06-22 04:17:33] WARNING: === Starting Twitter Trust System Collection ===
[2025-06-22 04:17:33] WARNING: Will collect tweets until reaching previous timestamp: 2025-05-12 06:54:05+00:00
[2025-06-22 04:17:33] WARNING: Retrieving page 1...
[2025-06-22 04:17:34] WARNING: Newest tweet is from: 2025-05-12 06:54:05+00:00
[2025-06-22 04:17:34] WARNING: Reached stop point at tweet from 2025-05-12 06:54:05+00:00
[2025-06-22 04:17:34] WARNING: Retrieved 0 new tweets on page 1
[2025-06-22 04:17:34] WARNING: Stopping pagination as we've reached the stop point
[2025-06-22 04:17:34] WARNING: Retrieved a total of 0 tweets across 1 pages
[2025-06-22 04:17:34] WARNING: No new tweets found with trust commands. Exiting without error.
[2025-06-22 04:17:34] WARNING: Collection complete!
[2025-06-22 04:17:34] WARNING: - 0 trust assignments processed
[2025-06-22 04:17:34] WARNING: - 2 users in trust network
[2025-06-22 04:17:34] WARNING: - 31 total trust relationships
[2025-06-22 04:27:33] WARNING: === Starting Twitter Trust System Collection ===
[2025-06-22 04:27:33] WARNING: Will collect tweets until reaching previous timestamp: 2025-05-12 06:54:05+00:00
[2025-06-22 04:27:33] WARNING: Retrieving page 1...
[2025-06-22 04:27:35] WARNING: Newest tweet is from: 2025-05-12 06:54:05+00:00
[2025-06-22 04:27:35] WARNING: Reached stop point at tweet from 2025-05-12 06:54:05+00:00
[2025-06-22 04:27:35] WARNING: Retrieved 0 new tweets on page 1
[2025-06-22 04:27:35] WARNING: Stopping pagination as we've reached the stop point
[2025-06-22 04:27:35] WARNING: Retrieved a total of 0 tweets across 1 pages
[2025-06-22 04:27:35] WARNING: No new tweets found with trust commands. Exiting without error.
[2025-06-22 04:27:35] WARNING: Collection complete!
[2025-06-22 04:27:35] WARNING: - 0 trust assignments processed
[2025-06-22 04:27:35] WARNING: - 2 users in trust network
[2025-06-22 04:27:35] WARNING: - 31 total trust relationships
[2025-06-22 04:37:33] WARNING: === Starting Twitter Trust System Collection ===
[2025-06-22 04:37:33] WARNING: Will collect tweets until reaching previous timestamp: 2025-05-12 06:54:05+00:00
[2025-06-22 04:37:33] WARNING: Retrieving page 1...
[2025-06-22 04:37:35] WARNING: Newest tweet is from: 2025-05-12 06:54:05+00:00
[2025-06-22 04:37:35] WARNING: Reached stop point at tweet from 2025-05-12 06:54:05+00:00
[2025-06-22 04:37:35] WARNING: Retrieved 0 new tweets on page 1
[2025-06-22 04:37:35] WARNING: Stopping pagination as we've reached the stop point
[2025-06-22 04:37:35] WARNING: Retrieved a total of 0 tweets across 1 pages
[2025-06-22 04:37:35] WARNING: No new tweets found with trust commands. Exiting without error.
[2025-06-22 04:37:35] WARNING: Collection complete!
[2025-06-22 04:37:35] WARNING: - 0 trust assignments processed
[2025-06-22 04:37:35] WARNING: - 2 users in trust network
[2025-06-22 04:37:35] WARNING: - 31 total trust relationships
[2025-06-22 04:47:33] WARNING: === Starting Twitter Trust System Collection ===
[2025-06-22 04:47:33] WARNING: Will collect tweets until reaching previous timestamp: 2025-05-12 06:54:05+00:00
[2025-06-22 04:47:33] WARNING: Retrieving page 1...
[2025-06-22 04:47:35] WARNING: Newest tweet is from: 2025-05-12 06:54:05+00:00
[2025-06-22 04:47:35] WARNING: Reached stop point at tweet from 2025-05-12 06:54:05+00:00
[2025-06-22 04:47:35] WARNING: Retrieved 0 new tweets on page 1
[2025-06-22 04:47:35] WARNING: Stopping pagination as we've reached the stop point
[2025-06-22 04:47:35] WARNING: Retrieved a total of 0 tweets across 1 pages
[2025-06-22 04:47:35] WARNING: No new tweets found with trust commands. Exiting without error.
[2025-06-22 04:47:35] WARNING: Collection complete!
[2025-06-22 04:47:35] WARNING: - 0 trust assignments processed
[2025-06-22 04:47:35] WARNING: - 2 users in trust network
[2025-06-22 04:47:35] WARNING: - 31 total trust relationships
[2025-06-22 04:57:33] WARNING: === Starting Twitter Trust System Collection ===
[2025-06-22 04:57:33] WARNING: Will collect tweets until reaching previous timestamp: 2025-05-12 06:54:05+00:00
[2025-06-22 04:57:33] WARNING: Retrieving page 1...
[2025-06-22 04:57:35] WARNING: Newest tweet is from: 2025-05-12 06:54:05+00:00
[2025-06-22 04:57:35] WARNING: Reached stop point at tweet from 2025-05-12 06:54:05+00:00
[2025-06-22 04:57:35] WARNING: Retrieved 0 new tweets on page 1
[2025-06-22 04:57:35] WARNING: Stopping pagination as we've reached the stop point
[2025-06-22 04:57:35] WARNING: Retrieved a total of 0 tweets across 1 pages
[2025-06-22 04:57:35] WARNING: No new tweets found with trust commands. Exiting without error.
[2025-06-22 04:57:35] WARNING: Collection complete!
[2025-06-22 04:57:35] WARNING: - 0 trust assignments processed
[2025-06-22 04:57:35] WARNING: - 2 users in trust network
[2025-06-22 04:57:35] WARNING: - 31 total trust relationships
[2025-06-22 05:07:33] WARNING: === Starting Twitter Trust System Collection ===
[2025-06-22 05:07:33] WARNING: Will collect tweets until reaching previous timestamp: 2025-05-12 06:54:05+00:00
[2025-06-22 05:07:33] WARNING: Retrieving page 1...
[2025-06-22 05:07:35] WARNING: Newest tweet is from: 2025-05-12 06:54:05+00:00
[2025-06-22 05:07:35] WARNING: Reached stop point at tweet from 2025-05-12 06:54:05+00:00
[2025-06-22 05:07:35] WARNING: Retrieved 0 new tweets on page 1
[2025-06-22 05:07:35] WARNING: Stopping pagination as we've reached the stop point
[2025-06-22 05:07:35] WARNING: Retrieved a total of 0 tweets across 1 pages
[2025-06-22 05:07:35] WARNING: No new tweets found with trust commands. Exiting without error.
[2025-06-22 05:07:35] WARNING: Collection complete!
[2025-06-22 05:07:35] WARNING: - 0 trust assignments processed
[2025-06-22 05:07:35] WARNING: - 2 users in trust network
[2025-06-22 05:07:35] WARNING: - 31 total trust relationships
[2025-06-22 05:17:33] WARNING: === Starting Twitter Trust System Collection ===
[2025-06-22 05:17:33] WARNING: Will collect tweets until reaching previous timestamp: 2025-05-12 06:54:05+00:00
[2025-06-22 05:17:33] WARNING: Retrieving page 1...
[2025-06-22 05:17:36] WARNING: Newest tweet is from: 2025-05-12 06:54:05+00:00
[2025-06-22 05:17:36] WARNING: Reached stop point at tweet from 2025-05-12 06:54:05+00:00
[2025-06-22 05:17:36] WARNING: Retrieved 0 new tweets on page 1
[2025-06-22 05:17:36] WARNING: Stopping pagination as we've reached the stop point
[2025-06-22 05:17:36] WARNING: Retrieved a total of 0 tweets across 1 pages
[2025-06-22 05:17:36] WARNING: No new tweets found with trust commands. Exiting without error.
[2025-06-22 05:17:36] WARNING: Collection complete!
[2025-06-22 05:17:36] WARNING: - 0 trust assignments processed
[2025-06-22 05:17:36] WARNING: - 2 users in trust network
[2025-06-22 05:17:36] WARNING: - 31 total trust relationships
[2025-06-22 05:27:33] WARNING: === Starting Twitter Trust System Collection ===
[2025-06-22 05:27:33] WARNING: Will collect tweets until reaching previous timestamp: 2025-05-12 06:54:05+00:00
[2025-06-22 05:27:33] WARNING: Retrieving page 1...
[2025-06-22 05:27:35] WARNING: Newest tweet is from: 2025-05-12 06:54:05+00:00
[2025-06-22 05:27:35] WARNING: Reached stop point at tweet from 2025-05-12 06:54:05+00:00
[2025-06-22 05:27:35] WARNING: Retrieved 0 new tweets on page 1
[2025-06-22 05:27:35] WARNING: Stopping pagination as we've reached the stop point
[2025-06-22 05:27:35] WARNING: Retrieved a total of 0 tweets across 1 pages
[2025-06-22 05:27:35] WARNING: No new tweets found with trust commands. Exiting without error.
[2025-06-22 05:27:35] WARNING: Collection complete!
[2025-06-22 05:27:35] WARNING: - 0 trust assignments processed
[2025-06-22 05:27:35] WARNING: - 2 users in trust network
[2025-06-22 05:27:35] WARNING: - 31 total trust relationships
[2025-06-22 05:37:33] WARNING: === Starting Twitter Trust System Collection ===
[2025-06-22 05:37:33] WARNING: Will collect tweets until reaching previous timestamp: 2025-05-12 06:54:05+00:00
[2025-06-22 05:37:33] WARNING: Retrieving page 1...
[2025-06-22 05:37:35] WARNING: Newest tweet is from: 2025-05-12 06:54:05+00:00
[2025-06-22 05:37:35] WARNING: Reached stop point at tweet from 2025-05-12 06:54:05+00:00
[2025-06-22 05:37:35] WARNING: Retrieved 0 new tweets on page 1
[2025-06-22 05:37:35] WARNING: Stopping pagination as we've reached the stop point
[2025-06-22 05:37:35] WARNING: Retrieved a total of 0 tweets across 1 pages
[2025-06-22 05:37:35] WARNING: No new tweets found with trust commands. Exiting without error.
[2025-06-22 05:37:35] WARNING: Collection complete!
[2025-06-22 05:37:35] WARNING: - 0 trust assignments processed
[2025-06-22 05:37:35] WARNING: - 2 users in trust network
[2025-06-22 05:37:35] WARNING: - 31 total trust relationships
[2025-06-22 05:47:33] WARNING: === Starting Twitter Trust System Collection ===
[2025-06-22 05:47:33] WARNING: Will collect tweets until reaching previous timestamp: 2025-05-12 06:54:05+00:00
[2025-06-22 05:47:33] WARNING: Retrieving page 1...
[2025-06-22 05:47:34] WARNING: Newest tweet is from: 2025-05-12 06:54:05+00:00
[2025-06-22 05:47:34] WARNING: Reached stop point at tweet from 2025-05-12 06:54:05+00:00
[2025-06-22 05:47:34] WARNING: Retrieved 0 new tweets on page 1
[2025-06-22 05:47:34] WARNING: Stopping pagination as we've reached the stop point
[2025-06-22 05:47:34] WARNING: Retrieved a total of 0 tweets across 1 pages
[2025-06-22 05:47:34] WARNING: No new tweets found with trust commands. Exiting without error.
[2025-06-22 05:47:34] WARNING: Collection complete!
[2025-06-22 05:47:34] WARNING: - 0 trust assignments processed
[2025-06-22 05:47:34] WARNING: - 2 users in trust network
[2025-06-22 05:47:34] WARNING: - 31 total trust relationships
[2025-06-22 05:57:33] WARNING: === Starting Twitter Trust System Collection ===
[2025-06-22 05:57:33] WARNING: Will collect tweets until reaching previous timestamp: 2025-05-12 06:54:05+00:00
[2025-06-22 05:57:33] WARNING: Retrieving page 1...
[2025-06-22 05:57:35] WARNING: Newest tweet is from: 2025-05-12 06:54:05+00:00
[2025-06-22 05:57:35] WARNING: Reached stop point at tweet from 2025-05-12 06:54:05+00:00
[2025-06-22 05:57:35] WARNING: Retrieved 0 new tweets on page 1
[2025-06-22 05:57:35] WARNING: Stopping pagination as we've reached the stop point
[2025-06-22 05:57:35] WARNING: Retrieved a total of 0 tweets across 1 pages
[2025-06-22 05:57:35] WARNING: No new tweets found with trust commands. Exiting without error.
[2025-06-22 05:57:35] WARNING: Collection complete!
[2025-06-22 05:57:35] WARNING: - 0 trust assignments processed
[2025-06-22 05:57:35] WARNING: - 2 users in trust network
[2025-06-22 05:57:35] WARNING: - 31 total trust relationships
[2025-06-22 06:07:33] WARNING: === Starting Twitter Trust System Collection ===
[2025-06-22 06:07:33] WARNING: Will collect tweets until reaching previous timestamp: 2025-05-12 06:54:05+00:00
[2025-06-22 06:07:33] WARNING: Retrieving page 1...
[2025-06-22 06:07:35] WARNING: Newest tweet is from: 2025-05-12 06:54:05+00:00
[2025-06-22 06:07:35] WARNING: Reached stop point at tweet from 2025-05-12 06:54:05+00:00
[2025-06-22 06:07:35] WARNING: Retrieved 0 new tweets on page 1
[2025-06-22 06:07:35] WARNING: Stopping pagination as we've reached the stop point
[2025-06-22 06:07:35] WARNING: Retrieved a total of 0 tweets across 1 pages
[2025-06-22 06:07:35] WARNING: No new tweets found with trust commands. Exiting without error.
[2025-06-22 06:07:35] WARNING: Collection complete!
[2025-06-22 06:07:35] WARNING: - 0 trust assignments processed
[2025-06-22 06:07:35] WARNING: - 2 users in trust network
[2025-06-22 06:07:35] WARNING: - 31 total trust relationships
[2025-06-22 06:17:33] WARNING: === Starting Twitter Trust System Collection ===
[2025-06-22 06:17:33] WARNING: Will collect tweets until reaching previous timestamp: 2025-05-12 06:54:05+00:00
[2025-06-22 06:17:33] WARNING: Retrieving page 1...
[2025-06-22 06:17:37] WARNING: Newest tweet is from: 2025-05-12 06:54:05+00:00
[2025-06-22 06:17:37] WARNING: Reached stop point at tweet from 2025-05-12 06:54:05+00:00
[2025-06-22 06:17:37] WARNING: Retrieved 0 new tweets on page 1
[2025-06-22 06:17:37] WARNING: Stopping pagination as we've reached the stop point
[2025-06-22 06:17:37] WARNING: Retrieved a total of 0 tweets across 1 pages
[2025-06-22 06:17:37] WARNING: No new tweets found with trust commands. Exiting without error.
[2025-06-22 06:17:37] WARNING: Collection complete!
[2025-06-22 06:17:37] WARNING: - 0 trust assignments processed
[2025-06-22 06:17:37] WARNING: - 2 users in trust network
[2025-06-22 06:17:37] WARNING: - 31 total trust relationships
[2025-06-22 06:27:33] WARNING: === Starting Twitter Trust System Collection ===
[2025-06-22 06:27:33] WARNING: Will collect tweets until reaching previous timestamp: 2025-05-12 06:54:05+00:00
[2025-06-22 06:27:33] WARNING: Retrieving page 1...
[2025-06-22 06:27:35] WARNING: Newest tweet is from: 2025-05-12 06:54:05+00:00
[2025-06-22 06:27:35] WARNING: Reached stop point at tweet from 2025-05-12 06:54:05+00:00
[2025-06-22 06:27:35] WARNING: Retrieved 0 new tweets on page 1
[2025-06-22 06:27:35] WARNING: Stopping pagination as we've reached the stop point
[2025-06-22 06:27:35] WARNING: Retrieved a total of 0 tweets across 1 pages
[2025-06-22 06:27:35] WARNING: No new tweets found with trust commands. Exiting without error.
[2025-06-22 06:27:35] WARNING: Collection complete!
[2025-06-22 06:27:35] WARNING: - 0 trust assignments processed
[2025-06-22 06:27:35] WARNING: - 2 users in trust network
[2025-06-22 06:27:35] WARNING: - 31 total trust relationships
[2025-06-22 06:37:33] WARNING: === Starting Twitter Trust System Collection ===
[2025-06-22 06:37:33] WARNING: Will collect tweets until reaching previous timestamp: 2025-05-12 06:54:05+00:00
[2025-06-22 06:37:33] WARNING: Retrieving page 1...
[2025-06-22 06:37:35] WARNING: Newest tweet is from: 2025-05-12 06:54:05+00:00
[2025-06-22 06:37:35] WARNING: Reached stop point at tweet from 2025-05-12 06:54:05+00:00
[2025-06-22 06:37:35] WARNING: Retrieved 0 new tweets on page 1
[2025-06-22 06:37:35] WARNING: Stopping pagination as we've reached the stop point
[2025-06-22 06:37:35] WARNING: Retrieved a total of 0 tweets across 1 pages
[2025-06-22 06:37:35] WARNING: No new tweets found with trust commands. Exiting without error.
[2025-06-22 06:37:35] WARNING: Collection complete!
[2025-06-22 06:37:35] WARNING: - 0 trust assignments processed
[2025-06-22 06:37:35] WARNING: - 2 users in trust network
[2025-06-22 06:37:35] WARNING: - 31 total trust relationships
[2025-06-22 06:47:33] WARNING: === Starting Twitter Trust System Collection ===
[2025-06-22 06:47:33] WARNING: Will collect tweets until reaching previous timestamp: 2025-05-12 06:54:05+00:00
[2025-06-22 06:47:33] WARNING: Retrieving page 1...
[2025-06-22 06:47:35] WARNING: Newest tweet is from: 2025-05-12 06:54:05+00:00
[2025-06-22 06:47:35] WARNING: Reached stop point at tweet from 2025-05-12 06:54:05+00:00
[2025-06-22 06:47:35] WARNING: Retrieved 0 new tweets on page 1
[2025-06-22 06:47:35] WARNING: Stopping pagination as we've reached the stop point
[2025-06-22 06:47:35] WARNING: Retrieved a total of 0 tweets across 1 pages
[2025-06-22 06:47:35] WARNING: No new tweets found with trust commands. Exiting without error.
[2025-06-22 06:47:35] WARNING: Collection complete!
[2025-06-22 06:47:35] WARNING: - 0 trust assignments processed
[2025-06-22 06:47:35] WARNING: - 2 users in trust network
[2025-06-22 06:47:35] WARNING: - 31 total trust relationships
[2025-06-22 06:57:33] WARNING: === Starting Twitter Trust System Collection ===
[2025-06-22 06:57:33] WARNING: Will collect tweets until reaching previous timestamp: 2025-05-12 06:54:05+00:00
[2025-06-22 06:57:33] WARNING: Retrieving page 1...
[2025-06-22 06:57:35] WARNING: Newest tweet is from: 2025-05-12 06:54:05+00:00
[2025-06-22 06:57:35] WARNING: Reached stop point at tweet from 2025-05-12 06:54:05+00:00
[2025-06-22 06:57:35] WARNING: Retrieved 0 new tweets on page 1
[2025-06-22 06:57:35] WARNING: Stopping pagination as we've reached the stop point
[2025-06-22 06:57:35] WARNING: Retrieved a total of 0 tweets across 1 pages
[2025-06-22 06:57:35] WARNING: No new tweets found with trust commands. Exiting without error.
[2025-06-22 06:57:35] WARNING: Collection complete!
[2025-06-22 06:57:35] WARNING: - 0 trust assignments processed
[2025-06-22 06:57:35] WARNING: - 2 users in trust network
[2025-06-22 06:57:35] WARNING: - 31 total trust relationships
[2025-06-22 07:07:33] WARNING: === Starting Twitter Trust System Collection ===
[2025-06-22 07:07:33] WARNING: Will collect tweets until reaching previous timestamp: 2025-05-12 06:54:05+00:00
[2025-06-22 07:07:33] WARNING: Retrieving page 1...
[2025-06-22 07:07:35] WARNING: Newest tweet is from: 2025-05-12 06:54:05+00:00
[2025-06-22 07:07:35] WARNING: Reached stop point at tweet from 2025-05-12 06:54:05+00:00
[2025-06-22 07:07:35] WARNING: Retrieved 0 new tweets on page 1
[2025-06-22 07:07:35] WARNING: Stopping pagination as we've reached the stop point
[2025-06-22 07:07:35] WARNING: Retrieved a total of 0 tweets across 1 pages
[2025-06-22 07:07:35] WARNING: No new tweets found with trust commands. Exiting without error.
[2025-06-22 07:07:35] WARNING: Collection complete!
[2025-06-22 07:07:35] WARNING: - 0 trust assignments processed
[2025-06-22 07:07:35] WARNING: - 2 users in trust network
[2025-06-22 07:07:35] WARNING: - 31 total trust relationships
[2025-06-22 07:17:33] WARNING: === Starting Twitter Trust System Collection ===
[2025-06-22 07:17:33] WARNING: Will collect tweets until reaching previous timestamp: 2025-05-12 06:54:05+00:00
[2025-06-22 07:17:33] WARNING: Retrieving page 1...
[2025-06-22 07:17:36] WARNING: Newest tweet is from: 2025-05-12 06:54:05+00:00
[2025-06-22 07:17:36] WARNING: Reached stop point at tweet from 2025-05-12 06:54:05+00:00
[2025-06-22 07:17:36] WARNING: Retrieved 0 new tweets on page 1
[2025-06-22 07:17:36] WARNING: Stopping pagination as we've reached the stop point
[2025-06-22 07:17:36] WARNING: Retrieved a total of 0 tweets across 1 pages
[2025-06-22 07:17:36] WARNING: No new tweets found with trust commands. Exiting without error.
[2025-06-22 07:17:36] WARNING: Collection complete!
[2025-06-22 07:17:36] WARNING: - 0 trust assignments processed
[2025-06-22 07:17:36] WARNING: - 2 users in trust network
[2025-06-22 07:17:36] WARNING: - 31 total trust relationships
[2025-06-22 07:27:33] WARNING: === Starting Twitter Trust System Collection ===
[2025-06-22 07:27:33] WARNING: Will collect tweets until reaching previous timestamp: 2025-05-12 06:54:05+00:00
[2025-06-22 07:27:33] WARNING: Retrieving page 1...
[2025-06-22 07:27:35] WARNING: Newest tweet is from: 2025-05-12 06:54:05+00:00
[2025-06-22 07:27:35] WARNING: Reached stop point at tweet from 2025-05-12 06:54:05+00:00
[2025-06-22 07:27:35] WARNING: Retrieved 0 new tweets on page 1
[2025-06-22 07:27:35] WARNING: Stopping pagination as we've reached the stop point
[2025-06-22 07:27:35] WARNING: Retrieved a total of 0 tweets across 1 pages
[2025-06-22 07:27:35] WARNING: No new tweets found with trust commands. Exiting without error.
[2025-06-22 07:27:35] WARNING: Collection complete!
[2025-06-22 07:27:35] WARNING: - 0 trust assignments processed
[2025-06-22 07:27:35] WARNING: - 2 users in trust network
[2025-06-22 07:27:35] WARNING: - 31 total trust relationships
[2025-06-22 07:37:33] WARNING: === Starting Twitter Trust System Collection ===
[2025-06-22 07:37:33] WARNING: Will collect tweets until reaching previous timestamp: 2025-05-12 06:54:05+00:00
[2025-06-22 07:37:33] WARNING: Retrieving page 1...
[2025-06-22 07:37:54] WARNING: Error retrieving page 1: Expecting value: line 1 column 1 (char 0)
[2025-06-22 07:37:54] WARNING: Retrieved a total of 0 tweets across 1 pages
[2025-06-22 07:37:54] WARNING: No new tweets found with trust commands. Exiting without error.
[2025-06-22 07:37:54] WARNING: Collection complete!
[2025-06-22 07:37:54] WARNING: - 0 trust assignments processed
[2025-06-22 07:37:54] WARNING: - 2 users in trust network
[2025-06-22 07:37:54] WARNING: - 31 total trust relationships
[2025-06-22 07:47:33] WARNING: === Starting Twitter Trust System Collection ===
[2025-06-22 07:47:33] WARNING: Will collect tweets until reaching previous timestamp: 2025-05-12 06:54:05+00:00
[2025-06-22 07:47:33] WARNING: Retrieving page 1...
[2025-06-22 07:47:36] WARNING: Newest tweet is from: 2025-05-12 06:54:05+00:00
[2025-06-22 07:47:36] WARNING: Reached stop point at tweet from 2025-05-12 06:54:05+00:00
[2025-06-22 07:47:36] WARNING: Retrieved 0 new tweets on page 1
[2025-06-22 07:47:36] WARNING: Stopping pagination as we've reached the stop point
[2025-06-22 07:47:36] WARNING: Retrieved a total of 0 tweets across 1 pages
[2025-06-22 07:47:36] WARNING: No new tweets found with trust commands. Exiting without error.
[2025-06-22 07:47:36] WARNING: Collection complete!
[2025-06-22 07:47:36] WARNING: - 0 trust assignments processed
[2025-06-22 07:47:36] WARNING: - 2 users in trust network
[2025-06-22 07:47:36] WARNING: - 31 total trust relationships
[2025-06-22 07:57:33] WARNING: === Starting Twitter Trust System Collection ===
[2025-06-22 07:57:33] WARNING: Will collect tweets until reaching previous timestamp: 2025-05-12 06:54:05+00:00
[2025-06-22 07:57:33] WARNING: Retrieving page 1...
[2025-06-22 07:57:35] WARNING: Newest tweet is from: 2025-05-12 06:54:05+00:00
[2025-06-22 07:57:35] WARNING: Reached stop point at tweet from 2025-05-12 06:54:05+00:00
[2025-06-22 07:57:35] WARNING: Retrieved 0 new tweets on page 1
[2025-06-22 07:57:35] WARNING: Stopping pagination as we've reached the stop point
[2025-06-22 07:57:35] WARNING: Retrieved a total of 0 tweets across 1 pages
[2025-06-22 07:57:35] WARNING: No new tweets found with trust commands. Exiting without error.
[2025-06-22 07:57:35] WARNING: Collection complete!
[2025-06-22 07:57:35] WARNING: - 0 trust assignments processed
[2025-06-22 07:57:35] WARNING: - 2 users in trust network
[2025-06-22 07:57:35] WARNING: - 31 total trust relationships
[2025-06-22 08:07:33] WARNING: === Starting Twitter Trust System Collection ===
[2025-06-22 08:07:33] WARNING: Will collect tweets until reaching previous timestamp: 2025-05-12 06:54:05+00:00
[2025-06-22 08:07:33] WARNING: Retrieving page 1...
[2025-06-22 08:07:35] WARNING: Newest tweet is from: 2025-05-12 06:54:05+00:00
[2025-06-22 08:07:35] WARNING: Reached stop point at tweet from 2025-05-12 06:54:05+00:00
[2025-06-22 08:07:35] WARNING: Retrieved 0 new tweets on page 1
[2025-06-22 08:07:35] WARNING: Stopping pagination as we've reached the stop point
[2025-06-22 08:07:35] WARNING: Retrieved a total of 0 tweets across 1 pages
[2025-06-22 08:07:35] WARNING: No new tweets found with trust commands. Exiting without error.
[2025-06-22 08:07:35] WARNING: Collection complete!
[2025-06-22 08:07:35] WARNING: - 0 trust assignments processed
[2025-06-22 08:07:35] WARNING: - 2 users in trust network
[2025-06-22 08:07:35] WARNING: - 31 total trust relationships
[2025-06-22 08:17:33] WARNING: === Starting Twitter Trust System Collection ===
[2025-06-22 08:17:33] WARNING: Will collect tweets until reaching previous timestamp: 2025-05-12 06:54:05+00:00
[2025-06-22 08:17:33] WARNING: Retrieving page 1...
[2025-06-22 08:17:35] WARNING: Newest tweet is from: 2025-05-12 06:54:05+00:00
[2025-06-22 08:17:35] WARNING: Reached stop point at tweet from 2025-05-12 06:54:05+00:00
[2025-06-22 08:17:35] WARNING: Retrieved 0 new tweets on page 1
[2025-06-22 08:17:35] WARNING: Stopping pagination as we've reached the stop point
[2025-06-22 08:17:35] WARNING: Retrieved a total of 0 tweets across 1 pages
[2025-06-22 08:17:35] WARNING: No new tweets found with trust commands. Exiting without error.
[2025-06-22 08:17:35] WARNING: Collection complete!
[2025-06-22 08:17:35] WARNING: - 0 trust assignments processed
[2025-06-22 08:17:35] WARNING: - 2 users in trust network
[2025-06-22 08:17:35] WARNING: - 31 total trust relationships
[2025-06-22 08:27:33] WARNING: === Starting Twitter Trust System Collection ===
[2025-06-22 08:27:33] WARNING: Will collect tweets until reaching previous timestamp: 2025-05-12 06:54:05+00:00
[2025-06-22 08:27:33] WARNING: Retrieving page 1...
[2025-06-22 08:27:35] WARNING: Newest tweet is from: 2025-05-12 06:54:05+00:00
[2025-06-22 08:27:35] WARNING: Reached stop point at tweet from 2025-05-12 06:54:05+00:00
[2025-06-22 08:27:35] WARNING: Retrieved 0 new tweets on page 1
[2025-06-22 08:27:35] WARNING: Stopping pagination as we've reached the stop point
[2025-06-22 08:27:35] WARNING: Retrieved a total of 0 tweets across 1 pages
[2025-06-22 08:27:35] WARNING: No new tweets found with trust commands. Exiting without error.
[2025-06-22 08:27:35] WARNING: Collection complete!
[2025-06-22 08:27:35] WARNING: - 0 trust assignments processed
[2025-06-22 08:27:35] WARNING: - 2 users in trust network
[2025-06-22 08:27:35] WARNING: - 31 total trust relationships
[2025-06-22 08:37:33] WARNING: === Starting Twitter Trust System Collection ===
[2025-06-22 08:37:33] WARNING: Will collect tweets until reaching previous timestamp: 2025-05-12 06:54:05+00:00
[2025-06-22 08:37:33] WARNING: Retrieving page 1...
[2025-06-22 08:37:36] WARNING: Newest tweet is from: 2025-05-12 06:54:05+00:00
[2025-06-22 08:37:36] WARNING: Reached stop point at tweet from 2025-05-12 06:54:05+00:00
[2025-06-22 08:37:36] WARNING: Retrieved 0 new tweets on page 1
[2025-06-22 08:37:36] WARNING: Stopping pagination as we've reached the stop point
[2025-06-22 08:37:36] WARNING: Retrieved a total of 0 tweets across 1 pages
[2025-06-22 08:37:36] WARNING: No new tweets found with trust commands. Exiting without error.
[2025-06-22 08:37:36] WARNING: Collection complete!
[2025-06-22 08:37:36] WARNING: - 0 trust assignments processed
[2025-06-22 08:37:36] WARNING: - 2 users in trust network
[2025-06-22 08:37:36] WARNING: - 31 total trust relationships
[2025-06-22 08:47:33] WARNING: === Starting Twitter Trust System Collection ===
[2025-06-22 08:47:33] WARNING: Will collect tweets until reaching previous timestamp: 2025-05-12 06:54:05+00:00
[2025-06-22 08:47:33] WARNING: Retrieving page 1...
[2025-06-22 08:47:35] WARNING: Newest tweet is from: 2025-05-12 06:54:05+00:00
[2025-06-22 08:47:35] WARNING: Reached stop point at tweet from 2025-05-12 06:54:05+00:00
[2025-06-22 08:47:35] WARNING: Retrieved 0 new tweets on page 1
[2025-06-22 08:47:35] WARNING: Stopping pagination as we've reached the stop point
[2025-06-22 08:47:35] WARNING: Retrieved a total of 0 tweets across 1 pages
[2025-06-22 08:47:35] WARNING: No new tweets found with trust commands. Exiting without error.
[2025-06-22 08:47:35] WARNING: Collection complete!
[2025-06-22 08:47:35] WARNING: - 0 trust assignments processed
[2025-06-22 08:47:35] WARNING: - 2 users in trust network
[2025-06-22 08:47:35] WARNING: - 31 total trust relationships
[2025-06-22 08:57:33] WARNING: === Starting Twitter Trust System Collection ===
[2025-06-22 08:57:33] WARNING: Will collect tweets until reaching previous timestamp: 2025-05-12 06:54:05+00:00
[2025-06-22 08:57:33] WARNING: Retrieving page 1...
[2025-06-22 08:57:36] WARNING: Newest tweet is from: 2025-05-12 06:54:05+00:00
[2025-06-22 08:57:36] WARNING: Reached stop point at tweet from 2025-05-12 06:54:05+00:00
[2025-06-22 08:57:36] WARNING: Retrieved 0 new tweets on page 1
[2025-06-22 08:57:36] WARNING: Stopping pagination as we've reached the stop point
[2025-06-22 08:57:36] WARNING: Retrieved a total of 0 tweets across 1 pages
[2025-06-22 08:57:36] WARNING: No new tweets found with trust commands. Exiting without error.
[2025-06-22 08:57:36] WARNING: Collection complete!
[2025-06-22 08:57:36] WARNING: - 0 trust assignments processed
[2025-06-22 08:57:36] WARNING: - 2 users in trust network
[2025-06-22 08:57:36] WARNING: - 31 total trust relationships
[2025-06-22 09:07:33] WARNING: === Starting Twitter Trust System Collection ===
[2025-06-22 09:07:33] WARNING: Will collect tweets until reaching previous timestamp: 2025-05-12 06:54:05+00:00
[2025-06-22 09:07:33] WARNING: Retrieving page 1...
[2025-06-22 09:07:35] WARNING: Newest tweet is from: 2025-05-12 06:54:05+00:00
[2025-06-22 09:07:35] WARNING: Reached stop point at tweet from 2025-05-12 06:54:05+00:00
[2025-06-22 09:07:35] WARNING: Retrieved 0 new tweets on page 1
[2025-06-22 09:07:35] WARNING: Stopping pagination as we've reached the stop point
[2025-06-22 09:07:35] WARNING: Retrieved a total of 0 tweets across 1 pages
[2025-06-22 09:07:35] WARNING: No new tweets found with trust commands. Exiting without error.
[2025-06-22 09:07:35] WARNING: Collection complete!
[2025-06-22 09:07:35] WARNING: - 0 trust assignments processed
[2025-06-22 09:07:35] WARNING: - 2 users in trust network
[2025-06-22 09:07:35] WARNING: - 31 total trust relationships
[2025-06-22 09:17:33] WARNING: === Starting Twitter Trust System Collection ===
[2025-06-22 09:17:33] WARNING: Will collect tweets until reaching previous timestamp: 2025-05-12 06:54:05+00:00
[2025-06-22 09:17:33] WARNING: Retrieving page 1...
[2025-06-22 09:17:35] WARNING: Newest tweet is from: 2025-05-12 06:54:05+00:00
[2025-06-22 09:17:35] WARNING: Reached stop point at tweet from 2025-05-12 06:54:05+00:00
[2025-06-22 09:17:35] WARNING: Retrieved 0 new tweets on page 1
[2025-06-22 09:17:35] WARNING: Stopping pagination as we've reached the stop point
[2025-06-22 09:17:35] WARNING: Retrieved a total of 0 tweets across 1 pages
[2025-06-22 09:17:35] WARNING: No new tweets found with trust commands. Exiting without error.
[2025-06-22 09:17:35] WARNING: Collection complete!
[2025-06-22 09:17:35] WARNING: - 0 trust assignments processed
[2025-06-22 09:17:35] WARNING: - 2 users in trust network
[2025-06-22 09:17:35] WARNING: - 31 total trust relationships
[2025-06-22 09:27:33] WARNING: === Starting Twitter Trust System Collection ===
[2025-06-22 09:27:33] WARNING: Will collect tweets until reaching previous timestamp: 2025-05-12 06:54:05+00:00
[2025-06-22 09:27:33] WARNING: Retrieving page 1...
[2025-06-22 09:27:35] WARNING: Newest tweet is from: 2025-05-12 06:54:05+00:00
[2025-06-22 09:27:35] WARNING: Reached stop point at tweet from 2025-05-12 06:54:05+00:00
[2025-06-22 09:27:35] WARNING: Retrieved 0 new tweets on page 1
[2025-06-22 09:27:35] WARNING: Stopping pagination as we've reached the stop point
[2025-06-22 09:27:35] WARNING: Retrieved a total of 0 tweets across 1 pages
[2025-06-22 09:27:35] WARNING: No new tweets found with trust commands. Exiting without error.
[2025-06-22 09:27:35] WARNING: Collection complete!
[2025-06-22 09:27:35] WARNING: - 0 trust assignments processed
[2025-06-22 09:27:35] WARNING: - 2 users in trust network
[2025-06-22 09:27:35] WARNING: - 31 total trust relationships
[2025-06-22 09:37:33] WARNING: === Starting Twitter Trust System Collection ===
[2025-06-22 09:37:33] WARNING: Will collect tweets until reaching previous timestamp: 2025-05-12 06:54:05+00:00
[2025-06-22 09:37:33] WARNING: Retrieving page 1...
[2025-06-22 09:37:35] WARNING: Newest tweet is from: 2025-05-12 06:54:05+00:00
[2025-06-22 09:37:35] WARNING: Reached stop point at tweet from 2025-05-12 06:54:05+00:00
[2025-06-22 09:37:35] WARNING: Retrieved 0 new tweets on page 1
[2025-06-22 09:37:35] WARNING: Stopping pagination as we've reached the stop point
[2025-06-22 09:37:35] WARNING: Retrieved a total of 0 tweets across 1 pages
[2025-06-22 09:37:35] WARNING: No new tweets found with trust commands. Exiting without error.
[2025-06-22 09:37:35] WARNING: Collection complete!
[2025-06-22 09:37:35] WARNING: - 0 trust assignments processed
[2025-06-22 09:37:35] WARNING: - 2 users in trust network
[2025-06-22 09:37:35] WARNING: - 31 total trust relationships
[2025-06-22 09:47:33] WARNING: === Starting Twitter Trust System Collection ===
[2025-06-22 09:47:33] WARNING: Will collect tweets until reaching previous timestamp: 2025-05-12 06:54:05+00:00
[2025-06-22 09:47:33] WARNING: Retrieving page 1...
[2025-06-22 09:47:35] WARNING: Newest tweet is from: 2025-05-12 06:54:05+00:00
[2025-06-22 09:47:35] WARNING: Reached stop point at tweet from 2025-05-12 06:54:05+00:00
[2025-06-22 09:47:35] WARNING: Retrieved 0 new tweets on page 1
[2025-06-22 09:47:35] WARNING: Stopping pagination as we've reached the stop point
[2025-06-22 09:47:35] WARNING: Retrieved a total of 0 tweets across 1 pages
[2025-06-22 09:47:35] WARNING: No new tweets found with trust commands. Exiting without error.
[2025-06-22 09:47:35] WARNING: Collection complete!
[2025-06-22 09:47:35] WARNING: - 0 trust assignments processed
[2025-06-22 09:47:35] WARNING: - 2 users in trust network
[2025-06-22 09:47:35] WARNING: - 31 total trust relationships
[2025-06-22 09:57:33] WARNING: === Starting Twitter Trust System Collection ===
[2025-06-22 09:57:33] WARNING: Will collect tweets until reaching previous timestamp: 2025-05-12 06:54:05+00:00
[2025-06-22 09:57:33] WARNING: Retrieving page 1...
[2025-06-22 09:57:35] WARNING: Newest tweet is from: 2025-05-12 06:54:05+00:00
[2025-06-22 09:57:35] WARNING: Reached stop point at tweet from 2025-05-12 06:54:05+00:00
[2025-06-22 09:57:35] WARNING: Retrieved 0 new tweets on page 1
[2025-06-22 09:57:35] WARNING: Stopping pagination as we've reached the stop point
[2025-06-22 09:57:35] WARNING: Retrieved a total of 0 tweets across 1 pages
[2025-06-22 09:57:35] WARNING: No new tweets found with trust commands. Exiting without error.
[2025-06-22 09:57:35] WARNING: Collection complete!
[2025-06-22 09:57:35] WARNING: - 0 trust assignments processed
[2025-06-22 09:57:35] WARNING: - 2 users in trust network
[2025-06-22 09:57:35] WARNING: - 31 total trust relationships
[2025-06-22 10:07:33] WARNING: === Starting Twitter Trust System Collection ===
[2025-06-22 10:07:33] WARNING: Will collect tweets until reaching previous timestamp: 2025-05-12 06:54:05+00:00
[2025-06-22 10:07:33] WARNING: Retrieving page 1...
[2025-06-22 10:07:35] WARNING: Newest tweet is from: 2025-05-12 06:54:05+00:00
[2025-06-22 10:07:35] WARNING: Reached stop point at tweet from 2025-05-12 06:54:05+00:00
[2025-06-22 10:07:35] WARNING: Retrieved 0 new tweets on page 1
[2025-06-22 10:07:35] WARNING: Stopping pagination as we've reached the stop point
[2025-06-22 10:07:35] WARNING: Retrieved a total of 0 tweets across 1 pages
[2025-06-22 10:07:35] WARNING: No new tweets found with trust commands. Exiting without error.
[2025-06-22 10:07:35] WARNING: Collection complete!
[2025-06-22 10:07:35] WARNING: - 0 trust assignments processed
[2025-06-22 10:07:35] WARNING: - 2 users in trust network
[2025-06-22 10:07:35] WARNING: - 31 total trust relationships
