[2025-06-18 14:27:36] WARNING: No new tweets found with trust commands. Exiting without error.
[2025-06-18 14:27:36] WARNING: Collection complete!
[2025-06-18 14:27:36] WARNING: - 0 trust assignments processed
[2025-06-18 14:27:36] WARNING: - 2 users in trust network
[2025-06-18 14:27:36] WARNING: - 31 total trust relationships
[2025-06-18 14:37:33] WARNING: === Starting Twitter Trust System Collection ===
[2025-06-18 14:37:33] WARNING: Will collect tweets until reaching previous timestamp: 2025-05-12 06:54:05+00:00
[2025-06-18 14:37:33] WARNING: Retrieving page 1...
[2025-06-18 14:37:35] WARNING: Newest tweet is from: 2025-05-12 06:54:05+00:00
[2025-06-18 14:37:35] WARNING: Reached stop point at tweet from 2025-05-12 06:54:05+00:00
[2025-06-18 14:37:35] WARNING: Retrieved 0 new tweets on page 1
[2025-06-18 14:37:35] WARNING: Stopping pagination as we've reached the stop point
[2025-06-18 14:37:35] WARNING: Retrieved a total of 0 tweets across 1 pages
[2025-06-18 14:37:35] WARNING: No new tweets found with trust commands. Exiting without error.
[2025-06-18 14:37:35] WARNING: Collection complete!
[2025-06-18 14:37:35] WARNING: - 0 trust assignments processed
[2025-06-18 14:37:35] WARNING: - 2 users in trust network
[2025-06-18 14:37:35] WARNING: - 31 total trust relationships
[2025-06-18 14:47:34] WARNING: === Starting Twitter Trust System Collection ===
[2025-06-18 14:47:34] WARNING: Will collect tweets until reaching previous timestamp: 2025-05-12 06:54:05+00:00
[2025-06-18 14:47:34] WARNING: Retrieving page 1...
[2025-06-18 14:47:36] WARNING: Newest tweet is from: 2025-05-12 06:54:05+00:00
[2025-06-18 14:47:36] WARNING: Reached stop point at tweet from 2025-05-12 06:54:05+00:00
[2025-06-18 14:47:36] WARNING: Retrieved 0 new tweets on page 1
[2025-06-18 14:47:36] WARNING: Stopping pagination as we've reached the stop point
[2025-06-18 14:47:36] WARNING: Retrieved a total of 0 tweets across 1 pages
[2025-06-18 14:47:36] WARNING: No new tweets found with trust commands. Exiting without error.
[2025-06-18 14:47:36] WARNING: Collection complete!
[2025-06-18 14:47:36] WARNING: - 0 trust assignments processed
[2025-06-18 14:47:36] WARNING: - 2 users in trust network
[2025-06-18 14:47:36] WARNING: - 31 total trust relationships
[2025-06-18 14:57:35] WARNING: === Starting Twitter Trust System Collection ===
[2025-06-18 14:57:35] WARNING: Will collect tweets until reaching previous timestamp: 2025-05-12 06:54:05+00:00
[2025-06-18 14:57:35] WARNING: Retrieving page 1...
[2025-06-18 14:57:36] WARNING: Newest tweet is from: 2025-05-12 06:54:05+00:00
[2025-06-18 14:57:36] WARNING: Reached stop point at tweet from 2025-05-12 06:54:05+00:00
[2025-06-18 14:57:36] WARNING: Retrieved 0 new tweets on page 1
[2025-06-18 14:57:36] WARNING: Stopping pagination as we've reached the stop point
[2025-06-18 14:57:36] WARNING: Retrieved a total of 0 tweets across 1 pages
[2025-06-18 14:57:36] WARNING: No new tweets found with trust commands. Exiting without error.
[2025-06-18 14:57:36] WARNING: Collection complete!
[2025-06-18 14:57:36] WARNING: - 0 trust assignments processed
[2025-06-18 14:57:36] WARNING: - 2 users in trust network
[2025-06-18 14:57:36] WARNING: - 31 total trust relationships
[2025-06-18 15:07:33] WARNING: === Starting Twitter Trust System Collection ===
[2025-06-18 15:07:33] WARNING: Will collect tweets until reaching previous timestamp: 2025-05-12 06:54:05+00:00
[2025-06-18 15:07:33] WARNING: Retrieving page 1...
[2025-06-18 15:07:35] WARNING: Newest tweet is from: 2025-05-12 06:54:05+00:00
[2025-06-18 15:07:35] WARNING: Reached stop point at tweet from 2025-05-12 06:54:05+00:00
[2025-06-18 15:07:35] WARNING: Retrieved 0 new tweets on page 1
[2025-06-18 15:07:35] WARNING: Stopping pagination as we've reached the stop point
[2025-06-18 15:07:35] WARNING: Retrieved a total of 0 tweets across 1 pages
[2025-06-18 15:07:35] WARNING: No new tweets found with trust commands. Exiting without error.
[2025-06-18 15:07:35] WARNING: Collection complete!
[2025-06-18 15:07:35] WARNING: - 0 trust assignments processed
[2025-06-18 15:07:35] WARNING: - 2 users in trust network
[2025-06-18 15:07:35] WARNING: - 31 total trust relationships
[2025-06-18 15:17:33] WARNING: === Starting Twitter Trust System Collection ===
[2025-06-18 15:17:33] WARNING: Will collect tweets until reaching previous timestamp: 2025-05-12 06:54:05+00:00
[2025-06-18 15:17:33] WARNING: Retrieving page 1...
[2025-06-18 15:17:35] WARNING: Newest tweet is from: 2025-05-12 06:54:05+00:00
[2025-06-18 15:17:35] WARNING: Reached stop point at tweet from 2025-05-12 06:54:05+00:00
[2025-06-18 15:17:35] WARNING: Retrieved 0 new tweets on page 1
[2025-06-18 15:17:35] WARNING: Stopping pagination as we've reached the stop point
[2025-06-18 15:17:35] WARNING: Retrieved a total of 0 tweets across 1 pages
[2025-06-18 15:17:35] WARNING: No new tweets found with trust commands. Exiting without error.
[2025-06-18 15:17:35] WARNING: Collection complete!
[2025-06-18 15:17:35] WARNING: - 0 trust assignments processed
[2025-06-18 15:17:35] WARNING: - 2 users in trust network
[2025-06-18 15:17:35] WARNING: - 31 total trust relationships
[2025-06-18 15:27:33] WARNING: === Starting Twitter Trust System Collection ===
[2025-06-18 15:27:33] WARNING: Will collect tweets until reaching previous timestamp: 2025-05-12 06:54:05+00:00
[2025-06-18 15:27:33] WARNING: Retrieving page 1...
[2025-06-18 15:27:35] WARNING: Newest tweet is from: 2025-05-12 06:54:05+00:00
[2025-06-18 15:27:35] WARNING: Reached stop point at tweet from 2025-05-12 06:54:05+00:00
[2025-06-18 15:27:35] WARNING: Retrieved 0 new tweets on page 1
[2025-06-18 15:27:35] WARNING: Stopping pagination as we've reached the stop point
[2025-06-18 15:27:35] WARNING: Retrieved a total of 0 tweets across 1 pages
[2025-06-18 15:27:35] WARNING: No new tweets found with trust commands. Exiting without error.
[2025-06-18 15:27:35] WARNING: Collection complete!
[2025-06-18 15:27:35] WARNING: - 0 trust assignments processed
[2025-06-18 15:27:35] WARNING: - 2 users in trust network
[2025-06-18 15:27:35] WARNING: - 31 total trust relationships
[2025-06-18 15:37:34] WARNING: === Starting Twitter Trust System Collection ===
[2025-06-18 15:37:34] WARNING: Will collect tweets until reaching previous timestamp: 2025-05-12 06:54:05+00:00
[2025-06-18 15:37:34] WARNING: Retrieving page 1...
[2025-06-18 15:37:35] WARNING: Newest tweet is from: 2025-05-12 06:54:05+00:00
[2025-06-18 15:37:35] WARNING: Reached stop point at tweet from 2025-05-12 06:54:05+00:00
[2025-06-18 15:37:35] WARNING: Retrieved 0 new tweets on page 1
[2025-06-18 15:37:35] WARNING: Stopping pagination as we've reached the stop point
[2025-06-18 15:37:35] WARNING: Retrieved a total of 0 tweets across 1 pages
[2025-06-18 15:37:35] WARNING: No new tweets found with trust commands. Exiting without error.
[2025-06-18 15:37:35] WARNING: Collection complete!
[2025-06-18 15:37:35] WARNING: - 0 trust assignments processed
[2025-06-18 15:37:35] WARNING: - 2 users in trust network
[2025-06-18 15:37:35] WARNING: - 31 total trust relationships
[2025-06-18 15:47:34] WARNING: === Starting Twitter Trust System Collection ===
[2025-06-18 15:47:34] WARNING: Will collect tweets until reaching previous timestamp: 2025-05-12 06:54:05+00:00
[2025-06-18 15:47:34] WARNING: Retrieving page 1...
[2025-06-18 15:47:36] WARNING: Newest tweet is from: 2025-05-12 06:54:05+00:00
[2025-06-18 15:47:36] WARNING: Reached stop point at tweet from 2025-05-12 06:54:05+00:00
[2025-06-18 15:47:36] WARNING: Retrieved 0 new tweets on page 1
[2025-06-18 15:47:36] WARNING: Stopping pagination as we've reached the stop point
[2025-06-18 15:47:36] WARNING: Retrieved a total of 0 tweets across 1 pages
[2025-06-18 15:47:36] WARNING: No new tweets found with trust commands. Exiting without error.
[2025-06-18 15:47:36] WARNING: Collection complete!
[2025-06-18 15:47:36] WARNING: - 0 trust assignments processed
[2025-06-18 15:47:36] WARNING: - 2 users in trust network
[2025-06-18 15:47:36] WARNING: - 31 total trust relationships
[2025-06-18 15:57:35] WARNING: === Starting Twitter Trust System Collection ===
[2025-06-18 15:57:35] WARNING: Will collect tweets until reaching previous timestamp: 2025-05-12 06:54:05+00:00
[2025-06-18 15:57:35] WARNING: Retrieving page 1...
[2025-06-18 15:57:36] WARNING: Newest tweet is from: 2025-05-12 06:54:05+00:00
[2025-06-18 15:57:36] WARNING: Reached stop point at tweet from 2025-05-12 06:54:05+00:00
[2025-06-18 15:57:36] WARNING: Retrieved 0 new tweets on page 1
[2025-06-18 15:57:36] WARNING: Stopping pagination as we've reached the stop point
[2025-06-18 15:57:36] WARNING: Retrieved a total of 0 tweets across 1 pages
[2025-06-18 15:57:36] WARNING: No new tweets found with trust commands. Exiting without error.
[2025-06-18 15:57:36] WARNING: Collection complete!
[2025-06-18 15:57:36] WARNING: - 0 trust assignments processed
[2025-06-18 15:57:36] WARNING: - 2 users in trust network
[2025-06-18 15:57:36] WARNING: - 31 total trust relationships
[2025-06-18 16:07:33] WARNING: === Starting Twitter Trust System Collection ===
[2025-06-18 16:07:33] WARNING: Will collect tweets until reaching previous timestamp: 2025-05-12 06:54:05+00:00
[2025-06-18 16:07:33] WARNING: Retrieving page 1...
[2025-06-18 16:07:36] WARNING: Newest tweet is from: 2025-05-12 06:54:05+00:00
[2025-06-18 16:07:36] WARNING: Reached stop point at tweet from 2025-05-12 06:54:05+00:00
[2025-06-18 16:07:36] WARNING: Retrieved 0 new tweets on page 1
[2025-06-18 16:07:36] WARNING: Stopping pagination as we've reached the stop point
[2025-06-18 16:07:36] WARNING: Retrieved a total of 0 tweets across 1 pages
[2025-06-18 16:07:36] WARNING: No new tweets found with trust commands. Exiting without error.
[2025-06-18 16:07:36] WARNING: Collection complete!
[2025-06-18 16:07:36] WARNING: - 0 trust assignments processed
[2025-06-18 16:07:36] WARNING: - 2 users in trust network
[2025-06-18 16:07:36] WARNING: - 31 total trust relationships
[2025-06-18 16:17:33] WARNING: === Starting Twitter Trust System Collection ===
[2025-06-18 16:17:33] WARNING: Will collect tweets until reaching previous timestamp: 2025-05-12 06:54:05+00:00
[2025-06-18 16:17:33] WARNING: Retrieving page 1...
[2025-06-18 16:17:37] WARNING: Newest tweet is from: 2025-05-12 06:54:05+00:00
[2025-06-18 16:17:37] WARNING: Reached stop point at tweet from 2025-05-12 06:54:05+00:00
[2025-06-18 16:17:37] WARNING: Retrieved 0 new tweets on page 1
[2025-06-18 16:17:37] WARNING: Stopping pagination as we've reached the stop point
[2025-06-18 16:17:37] WARNING: Retrieved a total of 0 tweets across 1 pages
[2025-06-18 16:17:37] WARNING: No new tweets found with trust commands. Exiting without error.
[2025-06-18 16:17:37] WARNING: Collection complete!
[2025-06-18 16:17:37] WARNING: - 0 trust assignments processed
[2025-06-18 16:17:37] WARNING: - 2 users in trust network
[2025-06-18 16:17:37] WARNING: - 31 total trust relationships
[2025-06-18 16:27:35] WARNING: === Starting Twitter Trust System Collection ===
[2025-06-18 16:27:35] WARNING: Will collect tweets until reaching previous timestamp: 2025-05-12 06:54:05+00:00
[2025-06-18 16:27:35] WARNING: Retrieving page 1...
[2025-06-18 16:27:36] WARNING: Newest tweet is from: 2025-05-12 06:54:05+00:00
[2025-06-18 16:27:36] WARNING: Reached stop point at tweet from 2025-05-12 06:54:05+00:00
[2025-06-18 16:27:36] WARNING: Retrieved 0 new tweets on page 1
[2025-06-18 16:27:36] WARNING: Stopping pagination as we've reached the stop point
[2025-06-18 16:27:36] WARNING: Retrieved a total of 0 tweets across 1 pages
[2025-06-18 16:27:36] WARNING: No new tweets found with trust commands. Exiting without error.
[2025-06-18 16:27:36] WARNING: Collection complete!
[2025-06-18 16:27:36] WARNING: - 0 trust assignments processed
[2025-06-18 16:27:36] WARNING: - 2 users in trust network
[2025-06-18 16:27:36] WARNING: - 31 total trust relationships
[2025-06-18 16:37:33] WARNING: === Starting Twitter Trust System Collection ===
[2025-06-18 16:37:33] WARNING: Will collect tweets until reaching previous timestamp: 2025-05-12 06:54:05+00:00
[2025-06-18 16:37:33] WARNING: Retrieving page 1...
[2025-06-18 16:37:35] WARNING: Newest tweet is from: 2025-05-12 06:54:05+00:00
[2025-06-18 16:37:35] WARNING: Reached stop point at tweet from 2025-05-12 06:54:05+00:00
[2025-06-18 16:37:35] WARNING: Retrieved 0 new tweets on page 1
[2025-06-18 16:37:35] WARNING: Stopping pagination as we've reached the stop point
[2025-06-18 16:37:35] WARNING: Retrieved a total of 0 tweets across 1 pages
[2025-06-18 16:37:35] WARNING: No new tweets found with trust commands. Exiting without error.
[2025-06-18 16:37:35] WARNING: Collection complete!
[2025-06-18 16:37:35] WARNING: - 0 trust assignments processed
[2025-06-18 16:37:35] WARNING: - 2 users in trust network
[2025-06-18 16:37:35] WARNING: - 31 total trust relationships
[2025-06-18 16:47:34] WARNING: === Starting Twitter Trust System Collection ===
[2025-06-18 16:47:34] WARNING: Will collect tweets until reaching previous timestamp: 2025-05-12 06:54:05+00:00
[2025-06-18 16:47:34] WARNING: Retrieving page 1...
[2025-06-18 16:47:35] WARNING: Newest tweet is from: 2025-05-12 06:54:05+00:00
[2025-06-18 16:47:35] WARNING: Reached stop point at tweet from 2025-05-12 06:54:05+00:00
[2025-06-18 16:47:35] WARNING: Retrieved 0 new tweets on page 1
[2025-06-18 16:47:35] WARNING: Stopping pagination as we've reached the stop point
[2025-06-18 16:47:35] WARNING: Retrieved a total of 0 tweets across 1 pages
[2025-06-18 16:47:35] WARNING: No new tweets found with trust commands. Exiting without error.
[2025-06-18 16:47:35] WARNING: Collection complete!
[2025-06-18 16:47:35] WARNING: - 0 trust assignments processed
[2025-06-18 16:47:35] WARNING: - 2 users in trust network
[2025-06-18 16:47:35] WARNING: - 31 total trust relationships
[2025-06-18 16:57:34] WARNING: === Starting Twitter Trust System Collection ===
[2025-06-18 16:57:34] WARNING: Will collect tweets until reaching previous timestamp: 2025-05-12 06:54:05+00:00
[2025-06-18 16:57:34] WARNING: Retrieving page 1...
[2025-06-18 16:57:37] WARNING: Newest tweet is from: 2025-05-12 06:54:05+00:00
[2025-06-18 16:57:37] WARNING: Reached stop point at tweet from 2025-05-12 06:54:05+00:00
[2025-06-18 16:57:37] WARNING: Retrieved 0 new tweets on page 1
[2025-06-18 16:57:37] WARNING: Stopping pagination as we've reached the stop point
[2025-06-18 16:57:37] WARNING: Retrieved a total of 0 tweets across 1 pages
[2025-06-18 16:57:37] WARNING: No new tweets found with trust commands. Exiting without error.
[2025-06-18 16:57:37] WARNING: Collection complete!
[2025-06-18 16:57:37] WARNING: - 0 trust assignments processed
[2025-06-18 16:57:37] WARNING: - 2 users in trust network
[2025-06-18 16:57:37] WARNING: - 31 total trust relationships
[2025-06-18 17:07:34] WARNING: === Starting Twitter Trust System Collection ===
[2025-06-18 17:07:34] WARNING: Will collect tweets until reaching previous timestamp: 2025-05-12 06:54:05+00:00
[2025-06-18 17:07:34] WARNING: Retrieving page 1...
[2025-06-18 17:07:36] WARNING: Newest tweet is from: 2025-05-12 06:54:05+00:00
[2025-06-18 17:07:36] WARNING: Reached stop point at tweet from 2025-05-12 06:54:05+00:00
[2025-06-18 17:07:36] WARNING: Retrieved 0 new tweets on page 1
[2025-06-18 17:07:36] WARNING: Stopping pagination as we've reached the stop point
[2025-06-18 17:07:36] WARNING: Retrieved a total of 0 tweets across 1 pages
[2025-06-18 17:07:36] WARNING: No new tweets found with trust commands. Exiting without error.
[2025-06-18 17:07:36] WARNING: Collection complete!
[2025-06-18 17:07:36] WARNING: - 0 trust assignments processed
[2025-06-18 17:07:36] WARNING: - 2 users in trust network
[2025-06-18 17:07:36] WARNING: - 31 total trust relationships
[2025-06-18 17:17:34] WARNING: === Starting Twitter Trust System Collection ===
[2025-06-18 17:17:34] WARNING: Will collect tweets until reaching previous timestamp: 2025-05-12 06:54:05+00:00
[2025-06-18 17:17:34] WARNING: Retrieving page 1...
[2025-06-18 17:17:36] WARNING: Newest tweet is from: 2025-05-12 06:54:05+00:00
[2025-06-18 17:17:36] WARNING: Reached stop point at tweet from 2025-05-12 06:54:05+00:00
[2025-06-18 17:17:36] WARNING: Retrieved 0 new tweets on page 1
[2025-06-18 17:17:36] WARNING: Stopping pagination as we've reached the stop point
[2025-06-18 17:17:36] WARNING: Retrieved a total of 0 tweets across 1 pages
[2025-06-18 17:17:36] WARNING: No new tweets found with trust commands. Exiting without error.
[2025-06-18 17:17:36] WARNING: Collection complete!
[2025-06-18 17:17:36] WARNING: - 0 trust assignments processed
[2025-06-18 17:17:36] WARNING: - 2 users in trust network
[2025-06-18 17:17:36] WARNING: - 31 total trust relationships
[2025-06-18 17:27:33] WARNING: === Starting Twitter Trust System Collection ===
[2025-06-18 17:27:33] WARNING: Will collect tweets until reaching previous timestamp: 2025-05-12 06:54:05+00:00
[2025-06-18 17:27:33] WARNING: Retrieving page 1...
[2025-06-18 17:27:35] WARNING: Newest tweet is from: 2025-05-12 06:54:05+00:00
[2025-06-18 17:27:35] WARNING: Reached stop point at tweet from 2025-05-12 06:54:05+00:00
[2025-06-18 17:27:35] WARNING: Retrieved 0 new tweets on page 1
[2025-06-18 17:27:35] WARNING: Stopping pagination as we've reached the stop point
[2025-06-18 17:27:35] WARNING: Retrieved a total of 0 tweets across 1 pages
[2025-06-18 17:27:35] WARNING: No new tweets found with trust commands. Exiting without error.
[2025-06-18 17:27:35] WARNING: Collection complete!
[2025-06-18 17:27:35] WARNING: - 0 trust assignments processed
[2025-06-18 17:27:35] WARNING: - 2 users in trust network
[2025-06-18 17:27:35] WARNING: - 31 total trust relationships
[2025-06-18 17:37:34] WARNING: === Starting Twitter Trust System Collection ===
[2025-06-18 17:37:34] WARNING: Will collect tweets until reaching previous timestamp: 2025-05-12 06:54:05+00:00
[2025-06-18 17:37:34] WARNING: Retrieving page 1...
[2025-06-18 17:37:36] WARNING: Newest tweet is from: 2025-05-12 06:54:05+00:00
[2025-06-18 17:37:36] WARNING: Reached stop point at tweet from 2025-05-12 06:54:05+00:00
[2025-06-18 17:37:36] WARNING: Retrieved 0 new tweets on page 1
[2025-06-18 17:37:36] WARNING: Stopping pagination as we've reached the stop point
[2025-06-18 17:37:36] WARNING: Retrieved a total of 0 tweets across 1 pages
[2025-06-18 17:37:36] WARNING: No new tweets found with trust commands. Exiting without error.
[2025-06-18 17:37:36] WARNING: Collection complete!
[2025-06-18 17:37:36] WARNING: - 0 trust assignments processed
[2025-06-18 17:37:36] WARNING: - 2 users in trust network
[2025-06-18 17:37:36] WARNING: - 31 total trust relationships
[2025-06-18 17:47:33] WARNING: === Starting Twitter Trust System Collection ===
[2025-06-18 17:47:33] WARNING: Will collect tweets until reaching previous timestamp: 2025-05-12 06:54:05+00:00
[2025-06-18 17:47:33] WARNING: Retrieving page 1...
[2025-06-18 17:47:35] WARNING: Newest tweet is from: 2025-05-12 06:54:05+00:00
[2025-06-18 17:47:35] WARNING: Reached stop point at tweet from 2025-05-12 06:54:05+00:00
[2025-06-18 17:47:35] WARNING: Retrieved 0 new tweets on page 1
[2025-06-18 17:47:35] WARNING: Stopping pagination as we've reached the stop point
[2025-06-18 17:47:35] WARNING: Retrieved a total of 0 tweets across 1 pages
[2025-06-18 17:47:35] WARNING: No new tweets found with trust commands. Exiting without error.
[2025-06-18 17:47:35] WARNING: Collection complete!
[2025-06-18 17:47:35] WARNING: - 0 trust assignments processed
[2025-06-18 17:47:35] WARNING: - 2 users in trust network
[2025-06-18 17:47:35] WARNING: - 31 total trust relationships
[2025-06-18 17:57:34] WARNING: === Starting Twitter Trust System Collection ===
[2025-06-18 17:57:34] WARNING: Will collect tweets until reaching previous timestamp: 2025-05-12 06:54:05+00:00
[2025-06-18 17:57:34] WARNING: Retrieving page 1...
[2025-06-18 17:57:36] WARNING: Newest tweet is from: 2025-05-12 06:54:05+00:00
[2025-06-18 17:57:36] WARNING: Reached stop point at tweet from 2025-05-12 06:54:05+00:00
[2025-06-18 17:57:36] WARNING: Retrieved 0 new tweets on page 1
[2025-06-18 17:57:36] WARNING: Stopping pagination as we've reached the stop point
[2025-06-18 17:57:36] WARNING: Retrieved a total of 0 tweets across 1 pages
[2025-06-18 17:57:36] WARNING: No new tweets found with trust commands. Exiting without error.
[2025-06-18 17:57:36] WARNING: Collection complete!
[2025-06-18 17:57:36] WARNING: - 0 trust assignments processed
[2025-06-18 17:57:36] WARNING: - 2 users in trust network
[2025-06-18 17:57:36] WARNING: - 31 total trust relationships
[2025-06-18 18:07:34] WARNING: === Starting Twitter Trust System Collection ===
[2025-06-18 18:07:34] WARNING: Will collect tweets until reaching previous timestamp: 2025-05-12 06:54:05+00:00
[2025-06-18 18:07:34] WARNING: Retrieving page 1...
[2025-06-18 18:07:45] WARNING: Newest tweet is from: 2025-05-12 06:54:05+00:00
[2025-06-18 18:07:45] WARNING: Reached stop point at tweet from 2025-05-12 06:54:05+00:00
[2025-06-18 18:07:45] WARNING: Retrieved 0 new tweets on page 1
[2025-06-18 18:07:45] WARNING: Stopping pagination as we've reached the stop point
[2025-06-18 18:07:45] WARNING: Retrieved a total of 0 tweets across 1 pages
[2025-06-18 18:07:45] WARNING: No new tweets found with trust commands. Exiting without error.
[2025-06-18 18:07:45] WARNING: Collection complete!
[2025-06-18 18:07:45] WARNING: - 0 trust assignments processed
[2025-06-18 18:07:45] WARNING: - 2 users in trust network
[2025-06-18 18:07:45] WARNING: - 31 total trust relationships
[2025-06-18 18:17:34] WARNING: === Starting Twitter Trust System Collection ===
[2025-06-18 18:17:34] WARNING: Will collect tweets until reaching previous timestamp: 2025-05-12 06:54:05+00:00
[2025-06-18 18:17:34] WARNING: Retrieving page 1...
[2025-06-18 18:17:36] WARNING: Newest tweet is from: 2025-05-12 06:54:05+00:00
[2025-06-18 18:17:36] WARNING: Reached stop point at tweet from 2025-05-12 06:54:05+00:00
[2025-06-18 18:17:36] WARNING: Retrieved 0 new tweets on page 1
[2025-06-18 18:17:36] WARNING: Stopping pagination as we've reached the stop point
[2025-06-18 18:17:36] WARNING: Retrieved a total of 0 tweets across 1 pages
[2025-06-18 18:17:36] WARNING: No new tweets found with trust commands. Exiting without error.
[2025-06-18 18:17:36] WARNING: Collection complete!
[2025-06-18 18:17:36] WARNING: - 0 trust assignments processed
[2025-06-18 18:17:36] WARNING: - 2 users in trust network
[2025-06-18 18:17:36] WARNING: - 31 total trust relationships
[2025-06-18 18:27:35] WARNING: === Starting Twitter Trust System Collection ===
[2025-06-18 18:27:35] WARNING: Will collect tweets until reaching previous timestamp: 2025-05-12 06:54:05+00:00
[2025-06-18 18:27:35] WARNING: Retrieving page 1...
[2025-06-18 18:27:36] WARNING: Newest tweet is from: 2025-05-12 06:54:05+00:00
[2025-06-18 18:27:36] WARNING: Reached stop point at tweet from 2025-05-12 06:54:05+00:00
[2025-06-18 18:27:36] WARNING: Retrieved 0 new tweets on page 1
[2025-06-18 18:27:36] WARNING: Stopping pagination as we've reached the stop point
[2025-06-18 18:27:36] WARNING: Retrieved a total of 0 tweets across 1 pages
[2025-06-18 18:27:36] WARNING: No new tweets found with trust commands. Exiting without error.
[2025-06-18 18:27:36] WARNING: Collection complete!
[2025-06-18 18:27:36] WARNING: - 0 trust assignments processed
[2025-06-18 18:27:36] WARNING: - 2 users in trust network
[2025-06-18 18:27:36] WARNING: - 31 total trust relationships
[2025-06-18 18:37:34] WARNING: === Starting Twitter Trust System Collection ===
[2025-06-18 18:37:34] WARNING: Will collect tweets until reaching previous timestamp: 2025-05-12 06:54:05+00:00
[2025-06-18 18:37:34] WARNING: Retrieving page 1...
[2025-06-18 18:37:36] WARNING: Newest tweet is from: 2025-05-12 06:54:05+00:00
[2025-06-18 18:37:36] WARNING: Reached stop point at tweet from 2025-05-12 06:54:05+00:00
[2025-06-18 18:37:36] WARNING: Retrieved 0 new tweets on page 1
[2025-06-18 18:37:36] WARNING: Stopping pagination as we've reached the stop point
[2025-06-18 18:37:36] WARNING: Retrieved a total of 0 tweets across 1 pages
[2025-06-18 18:37:36] WARNING: No new tweets found with trust commands. Exiting without error.
[2025-06-18 18:37:36] WARNING: Collection complete!
[2025-06-18 18:37:36] WARNING: - 0 trust assignments processed
[2025-06-18 18:37:36] WARNING: - 2 users in trust network
[2025-06-18 18:37:36] WARNING: - 31 total trust relationships
[2025-06-18 18:47:34] WARNING: === Starting Twitter Trust System Collection ===
[2025-06-18 18:47:34] WARNING: Will collect tweets until reaching previous timestamp: 2025-05-12 06:54:05+00:00
[2025-06-18 18:47:34] WARNING: Retrieving page 1...
[2025-06-18 18:47:35] WARNING: Newest tweet is from: 2025-05-12 06:54:05+00:00
[2025-06-18 18:47:35] WARNING: Reached stop point at tweet from 2025-05-12 06:54:05+00:00
[2025-06-18 18:47:35] WARNING: Retrieved 0 new tweets on page 1
[2025-06-18 18:47:35] WARNING: Stopping pagination as we've reached the stop point
[2025-06-18 18:47:35] WARNING: Retrieved a total of 0 tweets across 1 pages
[2025-06-18 18:47:35] WARNING: No new tweets found with trust commands. Exiting without error.
[2025-06-18 18:47:35] WARNING: Collection complete!
[2025-06-18 18:47:35] WARNING: - 0 trust assignments processed
[2025-06-18 18:47:35] WARNING: - 2 users in trust network
[2025-06-18 18:47:35] WARNING: - 31 total trust relationships
[2025-06-18 18:57:34] WARNING: === Starting Twitter Trust System Collection ===
[2025-06-18 18:57:34] WARNING: Will collect tweets until reaching previous timestamp: 2025-05-12 06:54:05+00:00
[2025-06-18 18:57:34] WARNING: Retrieving page 1...
[2025-06-18 18:57:36] WARNING: Newest tweet is from: 2025-05-12 06:54:05+00:00
[2025-06-18 18:57:36] WARNING: Reached stop point at tweet from 2025-05-12 06:54:05+00:00
[2025-06-18 18:57:36] WARNING: Retrieved 0 new tweets on page 1
[2025-06-18 18:57:36] WARNING: Stopping pagination as we've reached the stop point
[2025-06-18 18:57:36] WARNING: Retrieved a total of 0 tweets across 1 pages
[2025-06-18 18:57:36] WARNING: No new tweets found with trust commands. Exiting without error.
[2025-06-18 18:57:36] WARNING: Collection complete!
[2025-06-18 18:57:36] WARNING: - 0 trust assignments processed
[2025-06-18 18:57:36] WARNING: - 2 users in trust network
[2025-06-18 18:57:36] WARNING: - 31 total trust relationships
[2025-06-18 19:07:33] WARNING: === Starting Twitter Trust System Collection ===
[2025-06-18 19:07:33] WARNING: Will collect tweets until reaching previous timestamp: 2025-05-12 06:54:05+00:00
[2025-06-18 19:07:33] WARNING: Retrieving page 1...
[2025-06-18 19:07:37] WARNING: Newest tweet is from: 2025-05-12 06:54:05+00:00
[2025-06-18 19:07:37] WARNING: Reached stop point at tweet from 2025-05-12 06:54:05+00:00
[2025-06-18 19:07:37] WARNING: Retrieved 0 new tweets on page 1
[2025-06-18 19:07:37] WARNING: Stopping pagination as we've reached the stop point
[2025-06-18 19:07:37] WARNING: Retrieved a total of 0 tweets across 1 pages
[2025-06-18 19:07:37] WARNING: No new tweets found with trust commands. Exiting without error.
[2025-06-18 19:07:37] WARNING: Collection complete!
[2025-06-18 19:07:37] WARNING: - 0 trust assignments processed
[2025-06-18 19:07:37] WARNING: - 2 users in trust network
[2025-06-18 19:07:37] WARNING: - 31 total trust relationships
[2025-06-18 19:17:34] WARNING: === Starting Twitter Trust System Collection ===
[2025-06-18 19:17:34] WARNING: Will collect tweets until reaching previous timestamp: 2025-05-12 06:54:05+00:00
[2025-06-18 19:17:34] WARNING: Retrieving page 1...
[2025-06-18 19:17:36] WARNING: Newest tweet is from: 2025-05-12 06:54:05+00:00
[2025-06-18 19:17:36] WARNING: Reached stop point at tweet from 2025-05-12 06:54:05+00:00
[2025-06-18 19:17:36] WARNING: Retrieved 0 new tweets on page 1
[2025-06-18 19:17:36] WARNING: Stopping pagination as we've reached the stop point
[2025-06-18 19:17:36] WARNING: Retrieved a total of 0 tweets across 1 pages
[2025-06-18 19:17:36] WARNING: No new tweets found with trust commands. Exiting without error.
[2025-06-18 19:17:36] WARNING: Collection complete!
[2025-06-18 19:17:36] WARNING: - 0 trust assignments processed
[2025-06-18 19:17:36] WARNING: - 2 users in trust network
[2025-06-18 19:17:36] WARNING: - 31 total trust relationships
[2025-06-18 19:27:34] WARNING: === Starting Twitter Trust System Collection ===
[2025-06-18 19:27:34] WARNING: Will collect tweets until reaching previous timestamp: 2025-05-12 06:54:05+00:00
[2025-06-18 19:27:34] WARNING: Retrieving page 1...
[2025-06-18 19:27:35] WARNING: Newest tweet is from: 2025-05-12 06:54:05+00:00
[2025-06-18 19:27:35] WARNING: Reached stop point at tweet from 2025-05-12 06:54:05+00:00
[2025-06-18 19:27:35] WARNING: Retrieved 0 new tweets on page 1
[2025-06-18 19:27:35] WARNING: Stopping pagination as we've reached the stop point
[2025-06-18 19:27:35] WARNING: Retrieved a total of 0 tweets across 1 pages
[2025-06-18 19:27:35] WARNING: No new tweets found with trust commands. Exiting without error.
[2025-06-18 19:27:35] WARNING: Collection complete!
[2025-06-18 19:27:35] WARNING: - 0 trust assignments processed
[2025-06-18 19:27:35] WARNING: - 2 users in trust network
[2025-06-18 19:27:35] WARNING: - 31 total trust relationships
[2025-06-18 19:37:34] WARNING: === Starting Twitter Trust System Collection ===
[2025-06-18 19:37:34] WARNING: Will collect tweets until reaching previous timestamp: 2025-05-12 06:54:05+00:00
[2025-06-18 19:37:34] WARNING: Retrieving page 1...
[2025-06-18 19:37:35] WARNING: Newest tweet is from: 2025-05-12 06:54:05+00:00
[2025-06-18 19:37:35] WARNING: Reached stop point at tweet from 2025-05-12 06:54:05+00:00
[2025-06-18 19:37:35] WARNING: Retrieved 0 new tweets on page 1
[2025-06-18 19:37:35] WARNING: Stopping pagination as we've reached the stop point
[2025-06-18 19:37:35] WARNING: Retrieved a total of 0 tweets across 1 pages
[2025-06-18 19:37:35] WARNING: No new tweets found with trust commands. Exiting without error.
[2025-06-18 19:37:35] WARNING: Collection complete!
[2025-06-18 19:37:35] WARNING: - 0 trust assignments processed
[2025-06-18 19:37:35] WARNING: - 2 users in trust network
[2025-06-18 19:37:35] WARNING: - 31 total trust relationships
[2025-06-18 19:47:34] WARNING: === Starting Twitter Trust System Collection ===
[2025-06-18 19:47:34] WARNING: Will collect tweets until reaching previous timestamp: 2025-05-12 06:54:05+00:00
[2025-06-18 19:47:34] WARNING: Retrieving page 1...
[2025-06-18 19:47:35] WARNING: Newest tweet is from: 2025-05-12 06:54:05+00:00
[2025-06-18 19:47:35] WARNING: Reached stop point at tweet from 2025-05-12 06:54:05+00:00
[2025-06-18 19:47:35] WARNING: Retrieved 0 new tweets on page 1
[2025-06-18 19:47:35] WARNING: Stopping pagination as we've reached the stop point
[2025-06-18 19:47:35] WARNING: Retrieved a total of 0 tweets across 1 pages
[2025-06-18 19:47:35] WARNING: No new tweets found with trust commands. Exiting without error.
[2025-06-18 19:47:35] WARNING: Collection complete!
[2025-06-18 19:47:35] WARNING: - 0 trust assignments processed
[2025-06-18 19:47:35] WARNING: - 2 users in trust network
[2025-06-18 19:47:35] WARNING: - 31 total trust relationships
[2025-06-18 19:57:34] WARNING: === Starting Twitter Trust System Collection ===
[2025-06-18 19:57:34] WARNING: Will collect tweets until reaching previous timestamp: 2025-05-12 06:54:05+00:00
[2025-06-18 19:57:34] WARNING: Retrieving page 1...
[2025-06-18 19:57:36] WARNING: Newest tweet is from: 2025-05-12 06:54:05+00:00
[2025-06-18 19:57:36] WARNING: Reached stop point at tweet from 2025-05-12 06:54:05+00:00
[2025-06-18 19:57:36] WARNING: Retrieved 0 new tweets on page 1
[2025-06-18 19:57:36] WARNING: Stopping pagination as we've reached the stop point
[2025-06-18 19:57:36] WARNING: Retrieved a total of 0 tweets across 1 pages
[2025-06-18 19:57:36] WARNING: No new tweets found with trust commands. Exiting without error.
[2025-06-18 19:57:36] WARNING: Collection complete!
[2025-06-18 19:57:36] WARNING: - 0 trust assignments processed
[2025-06-18 19:57:36] WARNING: - 2 users in trust network
[2025-06-18 19:57:36] WARNING: - 31 total trust relationships
[2025-06-18 20:07:34] WARNING: === Starting Twitter Trust System Collection ===
[2025-06-18 20:07:34] WARNING: Will collect tweets until reaching previous timestamp: 2025-05-12 06:54:05+00:00
[2025-06-18 20:07:34] WARNING: Retrieving page 1...
[2025-06-18 20:07:38] WARNING: Newest tweet is from: 2025-05-12 06:54:05+00:00
[2025-06-18 20:07:38] WARNING: Reached stop point at tweet from 2025-05-12 06:54:05+00:00
[2025-06-18 20:07:38] WARNING: Retrieved 0 new tweets on page 1
[2025-06-18 20:07:38] WARNING: Stopping pagination as we've reached the stop point
[2025-06-18 20:07:38] WARNING: Retrieved a total of 0 tweets across 1 pages
[2025-06-18 20:07:38] WARNING: No new tweets found with trust commands. Exiting without error.
[2025-06-18 20:07:38] WARNING: Collection complete!
[2025-06-18 20:07:38] WARNING: - 0 trust assignments processed
[2025-06-18 20:07:38] WARNING: - 2 users in trust network
[2025-06-18 20:07:38] WARNING: - 31 total trust relationships
[2025-06-18 20:17:34] WARNING: === Starting Twitter Trust System Collection ===
[2025-06-18 20:17:34] WARNING: Will collect tweets until reaching previous timestamp: 2025-05-12 06:54:05+00:00
[2025-06-18 20:17:34] WARNING: Retrieving page 1...
[2025-06-18 20:17:37] WARNING: Newest tweet is from: 2025-05-12 06:54:05+00:00
[2025-06-18 20:17:37] WARNING: Reached stop point at tweet from 2025-05-12 06:54:05+00:00
[2025-06-18 20:17:37] WARNING: Retrieved 0 new tweets on page 1
[2025-06-18 20:17:37] WARNING: Stopping pagination as we've reached the stop point
[2025-06-18 20:17:37] WARNING: Retrieved a total of 0 tweets across 1 pages
[2025-06-18 20:17:37] WARNING: No new tweets found with trust commands. Exiting without error.
[2025-06-18 20:17:37] WARNING: Collection complete!
[2025-06-18 20:17:37] WARNING: - 0 trust assignments processed
[2025-06-18 20:17:37] WARNING: - 2 users in trust network
[2025-06-18 20:17:37] WARNING: - 31 total trust relationships
[2025-06-18 20:27:34] WARNING: === Starting Twitter Trust System Collection ===
[2025-06-18 20:27:34] WARNING: Will collect tweets until reaching previous timestamp: 2025-05-12 06:54:05+00:00
[2025-06-18 20:27:34] WARNING: Retrieving page 1...
[2025-06-18 20:27:36] WARNING: Newest tweet is from: 2025-05-12 06:54:05+00:00
[2025-06-18 20:27:36] WARNING: Reached stop point at tweet from 2025-05-12 06:54:05+00:00
[2025-06-18 20:27:36] WARNING: Retrieved 0 new tweets on page 1
[2025-06-18 20:27:36] WARNING: Stopping pagination as we've reached the stop point
[2025-06-18 20:27:36] WARNING: Retrieved a total of 0 tweets across 1 pages
[2025-06-18 20:27:36] WARNING: No new tweets found with trust commands. Exiting without error.
[2025-06-18 20:27:36] WARNING: Collection complete!
[2025-06-18 20:27:36] WARNING: - 0 trust assignments processed
[2025-06-18 20:27:36] WARNING: - 2 users in trust network
[2025-06-18 20:27:36] WARNING: - 31 total trust relationships
[2025-06-18 20:37:34] WARNING: === Starting Twitter Trust System Collection ===
[2025-06-18 20:37:34] WARNING: Will collect tweets until reaching previous timestamp: 2025-05-12 06:54:05+00:00
[2025-06-18 20:37:34] WARNING: Retrieving page 1...
[2025-06-18 20:37:36] WARNING: Newest tweet is from: 2025-05-12 06:54:05+00:00
[2025-06-18 20:37:36] WARNING: Reached stop point at tweet from 2025-05-12 06:54:05+00:00
[2025-06-18 20:37:36] WARNING: Retrieved 0 new tweets on page 1
[2025-06-18 20:37:36] WARNING: Stopping pagination as we've reached the stop point
[2025-06-18 20:37:36] WARNING: Retrieved a total of 0 tweets across 1 pages
[2025-06-18 20:37:36] WARNING: No new tweets found with trust commands. Exiting without error.
[2025-06-18 20:37:36] WARNING: Collection complete!
[2025-06-18 20:37:36] WARNING: - 0 trust assignments processed
[2025-06-18 20:37:36] WARNING: - 2 users in trust network
[2025-06-18 20:37:36] WARNING: - 31 total trust relationships
[2025-06-18 20:47:34] WARNING: === Starting Twitter Trust System Collection ===
[2025-06-18 20:47:34] WARNING: Will collect tweets until reaching previous timestamp: 2025-05-12 06:54:05+00:00
[2025-06-18 20:47:34] WARNING: Retrieving page 1...
[2025-06-18 20:47:36] WARNING: Newest tweet is from: 2025-05-12 06:54:05+00:00
[2025-06-18 20:47:36] WARNING: Reached stop point at tweet from 2025-05-12 06:54:05+00:00
[2025-06-18 20:47:36] WARNING: Retrieved 0 new tweets on page 1
[2025-06-18 20:47:36] WARNING: Stopping pagination as we've reached the stop point
[2025-06-18 20:47:36] WARNING: Retrieved a total of 0 tweets across 1 pages
[2025-06-18 20:47:36] WARNING: No new tweets found with trust commands. Exiting without error.
[2025-06-18 20:47:36] WARNING: Collection complete!
[2025-06-18 20:47:36] WARNING: - 0 trust assignments processed
[2025-06-18 20:47:36] WARNING: - 2 users in trust network
[2025-06-18 20:47:36] WARNING: - 31 total trust relationships
[2025-06-18 20:57:34] WARNING: === Starting Twitter Trust System Collection ===
[2025-06-18 20:57:34] WARNING: Will collect tweets until reaching previous timestamp: 2025-05-12 06:54:05+00:00
[2025-06-18 20:57:34] WARNING: Retrieving page 1...
[2025-06-18 20:57:36] WARNING: Newest tweet is from: 2025-05-12 06:54:05+00:00
[2025-06-18 20:57:36] WARNING: Reached stop point at tweet from 2025-05-12 06:54:05+00:00
[2025-06-18 20:57:36] WARNING: Retrieved 0 new tweets on page 1
[2025-06-18 20:57:36] WARNING: Stopping pagination as we've reached the stop point
[2025-06-18 20:57:36] WARNING: Retrieved a total of 0 tweets across 1 pages
[2025-06-18 20:57:36] WARNING: No new tweets found with trust commands. Exiting without error.
[2025-06-18 20:57:36] WARNING: Collection complete!
[2025-06-18 20:57:36] WARNING: - 0 trust assignments processed
[2025-06-18 20:57:36] WARNING: - 2 users in trust network
[2025-06-18 20:57:36] WARNING: - 31 total trust relationships
[2025-06-18 21:07:34] WARNING: === Starting Twitter Trust System Collection ===
[2025-06-18 21:07:34] WARNING: Will collect tweets until reaching previous timestamp: 2025-05-12 06:54:05+00:00
[2025-06-18 21:07:34] WARNING: Retrieving page 1...
[2025-06-18 21:07:39] WARNING: Newest tweet is from: 2025-05-12 06:54:05+00:00
[2025-06-18 21:07:39] WARNING: Reached stop point at tweet from 2025-05-12 06:54:05+00:00
[2025-06-18 21:07:39] WARNING: Retrieved 0 new tweets on page 1
[2025-06-18 21:07:39] WARNING: Stopping pagination as we've reached the stop point
[2025-06-18 21:07:39] WARNING: Retrieved a total of 0 tweets across 1 pages
[2025-06-18 21:07:39] WARNING: No new tweets found with trust commands. Exiting without error.
[2025-06-18 21:07:39] WARNING: Collection complete!
[2025-06-18 21:07:39] WARNING: - 0 trust assignments processed
[2025-06-18 21:07:39] WARNING: - 2 users in trust network
[2025-06-18 21:07:39] WARNING: - 31 total trust relationships
[2025-06-18 21:17:34] WARNING: === Starting Twitter Trust System Collection ===
[2025-06-18 21:17:34] WARNING: Will collect tweets until reaching previous timestamp: 2025-05-12 06:54:05+00:00
[2025-06-18 21:17:34] WARNING: Retrieving page 1...
[2025-06-18 21:17:36] WARNING: Newest tweet is from: 2025-05-12 06:54:05+00:00
[2025-06-18 21:17:36] WARNING: Reached stop point at tweet from 2025-05-12 06:54:05+00:00
[2025-06-18 21:17:36] WARNING: Retrieved 0 new tweets on page 1
[2025-06-18 21:17:36] WARNING: Stopping pagination as we've reached the stop point
[2025-06-18 21:17:36] WARNING: Retrieved a total of 0 tweets across 1 pages
[2025-06-18 21:17:36] WARNING: No new tweets found with trust commands. Exiting without error.
[2025-06-18 21:17:36] WARNING: Collection complete!
[2025-06-18 21:17:36] WARNING: - 0 trust assignments processed
[2025-06-18 21:17:36] WARNING: - 2 users in trust network
[2025-06-18 21:17:36] WARNING: - 31 total trust relationships
[2025-06-18 21:27:34] WARNING: === Starting Twitter Trust System Collection ===
[2025-06-18 21:27:34] WARNING: Will collect tweets until reaching previous timestamp: 2025-05-12 06:54:05+00:00
[2025-06-18 21:27:34] WARNING: Retrieving page 1...
[2025-06-18 21:27:36] WARNING: Newest tweet is from: 2025-05-12 06:54:05+00:00
[2025-06-18 21:27:36] WARNING: Reached stop point at tweet from 2025-05-12 06:54:05+00:00
[2025-06-18 21:27:36] WARNING: Retrieved 0 new tweets on page 1
[2025-06-18 21:27:36] WARNING: Stopping pagination as we've reached the stop point
[2025-06-18 21:27:36] WARNING: Retrieved a total of 0 tweets across 1 pages
[2025-06-18 21:27:36] WARNING: No new tweets found with trust commands. Exiting without error.
[2025-06-18 21:27:36] WARNING: Collection complete!
[2025-06-18 21:27:36] WARNING: - 0 trust assignments processed
[2025-06-18 21:27:36] WARNING: - 2 users in trust network
[2025-06-18 21:27:36] WARNING: - 31 total trust relationships
[2025-06-18 21:37:35] WARNING: === Starting Twitter Trust System Collection ===
[2025-06-18 21:37:35] WARNING: Will collect tweets until reaching previous timestamp: 2025-05-12 06:54:05+00:00
[2025-06-18 21:37:35] WARNING: Retrieving page 1...
[2025-06-18 21:37:36] WARNING: Newest tweet is from: 2025-05-12 06:54:05+00:00
[2025-06-18 21:37:36] WARNING: Reached stop point at tweet from 2025-05-12 06:54:05+00:00
[2025-06-18 21:37:36] WARNING: Retrieved 0 new tweets on page 1
[2025-06-18 21:37:36] WARNING: Stopping pagination as we've reached the stop point
[2025-06-18 21:37:36] WARNING: Retrieved a total of 0 tweets across 1 pages
[2025-06-18 21:37:36] WARNING: No new tweets found with trust commands. Exiting without error.
[2025-06-18 21:37:36] WARNING: Collection complete!
[2025-06-18 21:37:36] WARNING: - 0 trust assignments processed
[2025-06-18 21:37:36] WARNING: - 2 users in trust network
[2025-06-18 21:37:36] WARNING: - 31 total trust relationships
[2025-06-18 21:47:35] WARNING: === Starting Twitter Trust System Collection ===
[2025-06-18 21:47:35] WARNING: Will collect tweets until reaching previous timestamp: 2025-05-12 06:54:05+00:00
[2025-06-18 21:47:35] WARNING: Retrieving page 1...
[2025-06-18 21:47:36] WARNING: Newest tweet is from: 2025-05-12 06:54:05+00:00
[2025-06-18 21:47:36] WARNING: Reached stop point at tweet from 2025-05-12 06:54:05+00:00
[2025-06-18 21:47:36] WARNING: Retrieved 0 new tweets on page 1
[2025-06-18 21:47:36] WARNING: Stopping pagination as we've reached the stop point
[2025-06-18 21:47:36] WARNING: Retrieved a total of 0 tweets across 1 pages
[2025-06-18 21:47:36] WARNING: No new tweets found with trust commands. Exiting without error.
[2025-06-18 21:47:36] WARNING: Collection complete!
[2025-06-18 21:47:36] WARNING: - 0 trust assignments processed
[2025-06-18 21:47:36] WARNING: - 2 users in trust network
[2025-06-18 21:47:36] WARNING: - 31 total trust relationships
[2025-06-18 21:57:33] WARNING: === Starting Twitter Trust System Collection ===
[2025-06-18 21:57:33] WARNING: Will collect tweets until reaching previous timestamp: 2025-05-12 06:54:05+00:00
[2025-06-18 21:57:33] WARNING: Retrieving page 1...
[2025-06-18 21:57:36] WARNING: Newest tweet is from: 2025-05-12 06:54:05+00:00
[2025-06-18 21:57:36] WARNING: Reached stop point at tweet from 2025-05-12 06:54:05+00:00
[2025-06-18 21:57:36] WARNING: Retrieved 0 new tweets on page 1
[2025-06-18 21:57:36] WARNING: Stopping pagination as we've reached the stop point
[2025-06-18 21:57:36] WARNING: Retrieved a total of 0 tweets across 1 pages
[2025-06-18 21:57:36] WARNING: No new tweets found with trust commands. Exiting without error.
[2025-06-18 21:57:36] WARNING: Collection complete!
[2025-06-18 21:57:36] WARNING: - 0 trust assignments processed
[2025-06-18 21:57:36] WARNING: - 2 users in trust network
[2025-06-18 21:57:36] WARNING: - 31 total trust relationships
[2025-06-18 22:07:33] WARNING: === Starting Twitter Trust System Collection ===
[2025-06-18 22:07:33] WARNING: Will collect tweets until reaching previous timestamp: 2025-05-12 06:54:05+00:00
[2025-06-18 22:07:33] WARNING: Retrieving page 1...
[2025-06-18 22:07:35] WARNING: Newest tweet is from: 2025-05-12 06:54:05+00:00
[2025-06-18 22:07:35] WARNING: Reached stop point at tweet from 2025-05-12 06:54:05+00:00
[2025-06-18 22:07:35] WARNING: Retrieved 0 new tweets on page 1
[2025-06-18 22:07:35] WARNING: Stopping pagination as we've reached the stop point
[2025-06-18 22:07:35] WARNING: Retrieved a total of 0 tweets across 1 pages
[2025-06-18 22:07:35] WARNING: No new tweets found with trust commands. Exiting without error.
[2025-06-18 22:07:35] WARNING: Collection complete!
[2025-06-18 22:07:35] WARNING: - 0 trust assignments processed
[2025-06-18 22:07:35] WARNING: - 2 users in trust network
[2025-06-18 22:07:35] WARNING: - 31 total trust relationships
[2025-06-18 22:17:35] WARNING: === Starting Twitter Trust System Collection ===
[2025-06-18 22:17:35] WARNING: Will collect tweets until reaching previous timestamp: 2025-05-12 06:54:05+00:00
[2025-06-18 22:17:35] WARNING: Retrieving page 1...
[2025-06-18 22:17:38] WARNING: Newest tweet is from: 2025-05-12 06:54:05+00:00
[2025-06-18 22:17:38] WARNING: Reached stop point at tweet from 2025-05-12 06:54:05+00:00
[2025-06-18 22:17:38] WARNING: Retrieved 0 new tweets on page 1
[2025-06-18 22:17:38] WARNING: Stopping pagination as we've reached the stop point
[2025-06-18 22:17:38] WARNING: Retrieved a total of 0 tweets across 1 pages
[2025-06-18 22:17:38] WARNING: No new tweets found with trust commands. Exiting without error.
[2025-06-18 22:17:38] WARNING: Collection complete!
[2025-06-18 22:17:38] WARNING: - 0 trust assignments processed
[2025-06-18 22:17:38] WARNING: - 2 users in trust network
[2025-06-18 22:17:38] WARNING: - 31 total trust relationships
[2025-06-18 22:27:34] WARNING: === Starting Twitter Trust System Collection ===
[2025-06-18 22:27:34] WARNING: Will collect tweets until reaching previous timestamp: 2025-05-12 06:54:05+00:00
[2025-06-18 22:27:34] WARNING: Retrieving page 1...
[2025-06-18 22:27:36] WARNING: Newest tweet is from: 2025-05-12 06:54:05+00:00
[2025-06-18 22:27:36] WARNING: Reached stop point at tweet from 2025-05-12 06:54:05+00:00
[2025-06-18 22:27:36] WARNING: Retrieved 0 new tweets on page 1
[2025-06-18 22:27:36] WARNING: Stopping pagination as we've reached the stop point
[2025-06-18 22:27:36] WARNING: Retrieved a total of 0 tweets across 1 pages
[2025-06-18 22:27:36] WARNING: No new tweets found with trust commands. Exiting without error.
[2025-06-18 22:27:36] WARNING: Collection complete!
[2025-06-18 22:27:36] WARNING: - 0 trust assignments processed
[2025-06-18 22:27:36] WARNING: - 2 users in trust network
[2025-06-18 22:27:36] WARNING: - 31 total trust relationships
[2025-06-18 22:37:34] WARNING: === Starting Twitter Trust System Collection ===
[2025-06-18 22:37:34] WARNING: Will collect tweets until reaching previous timestamp: 2025-05-12 06:54:05+00:00
[2025-06-18 22:37:34] WARNING: Retrieving page 1...
[2025-06-18 22:37:36] WARNING: Newest tweet is from: 2025-05-12 06:54:05+00:00
[2025-06-18 22:37:36] WARNING: Reached stop point at tweet from 2025-05-12 06:54:05+00:00
[2025-06-18 22:37:36] WARNING: Retrieved 0 new tweets on page 1
[2025-06-18 22:37:36] WARNING: Stopping pagination as we've reached the stop point
[2025-06-18 22:37:36] WARNING: Retrieved a total of 0 tweets across 1 pages
[2025-06-18 22:37:36] WARNING: No new tweets found with trust commands. Exiting without error.
[2025-06-18 22:37:36] WARNING: Collection complete!
[2025-06-18 22:37:36] WARNING: - 0 trust assignments processed
[2025-06-18 22:37:36] WARNING: - 2 users in trust network
[2025-06-18 22:37:36] WARNING: - 31 total trust relationships
[2025-06-18 22:47:34] WARNING: === Starting Twitter Trust System Collection ===
[2025-06-18 22:47:34] WARNING: Will collect tweets until reaching previous timestamp: 2025-05-12 06:54:05+00:00
[2025-06-18 22:47:34] WARNING: Retrieving page 1...
[2025-06-18 22:47:38] WARNING: Newest tweet is from: 2025-05-12 06:54:05+00:00
[2025-06-18 22:47:38] WARNING: Reached stop point at tweet from 2025-05-12 06:54:05+00:00
[2025-06-18 22:47:38] WARNING: Retrieved 0 new tweets on page 1
[2025-06-18 22:47:38] WARNING: Stopping pagination as we've reached the stop point
[2025-06-18 22:47:38] WARNING: Retrieved a total of 0 tweets across 1 pages
[2025-06-18 22:47:38] WARNING: No new tweets found with trust commands. Exiting without error.
[2025-06-18 22:47:38] WARNING: Collection complete!
[2025-06-18 22:47:38] WARNING: - 0 trust assignments processed
[2025-06-18 22:47:38] WARNING: - 2 users in trust network
[2025-06-18 22:47:38] WARNING: - 31 total trust relationships
