[2025-06-16 07:17:35] WARNING: Reached stop point at tweet from 2025-05-12 06:54:05+00:00
[2025-06-16 07:17:35] WARNING: Retrieved 0 new tweets on page 1
[2025-06-16 07:17:35] WARNING: Stopping pagination as we've reached the stop point
[2025-06-16 07:17:35] WARNING: Retrieved a total of 0 tweets across 1 pages
[2025-06-16 07:17:35] WARNING: No new tweets found with trust commands. Exiting without error.
[2025-06-16 07:17:35] WARNING: Collection complete!
[2025-06-16 07:17:35] WARNING: - 0 trust assignments processed
[2025-06-16 07:17:35] WARNING: - 2 users in trust network
[2025-06-16 07:17:35] WARNING: - 31 total trust relationships
[2025-06-16 07:27:33] WARNING: === Starting Twitter Trust System Collection ===
[2025-06-16 07:27:33] WARNING: Will collect tweets until reaching previous timestamp: 2025-05-12 06:54:05+00:00
[2025-06-16 07:27:33] WARNING: Retrieving page 1...
[2025-06-16 07:27:34] WARNING: Newest tweet is from: 2025-05-12 06:54:05+00:00
[2025-06-16 07:27:34] WARNING: Reached stop point at tweet from 2025-05-12 06:54:05+00:00
[2025-06-16 07:27:34] WARNING: Retrieved 0 new tweets on page 1
[2025-06-16 07:27:34] WARNING: Stopping pagination as we've reached the stop point
[2025-06-16 07:27:34] WARNING: Retrieved a total of 0 tweets across 1 pages
[2025-06-16 07:27:34] WARNING: No new tweets found with trust commands. Exiting without error.
[2025-06-16 07:27:34] WARNING: Collection complete!
[2025-06-16 07:27:34] WARNING: - 0 trust assignments processed
[2025-06-16 07:27:34] WARNING: - 2 users in trust network
[2025-06-16 07:27:34] WARNING: - 31 total trust relationships
[2025-06-16 07:37:33] WARNING: === Starting Twitter Trust System Collection ===
[2025-06-16 07:37:33] WARNING: Will collect tweets until reaching previous timestamp: 2025-05-12 06:54:05+00:00
[2025-06-16 07:37:33] WARNING: Retrieving page 1...
[2025-06-16 07:37:34] WARNING: Newest tweet is from: 2025-05-12 06:54:05+00:00
[2025-06-16 07:37:34] WARNING: Reached stop point at tweet from 2025-05-12 06:54:05+00:00
[2025-06-16 07:37:34] WARNING: Retrieved 0 new tweets on page 1
[2025-06-16 07:37:34] WARNING: Stopping pagination as we've reached the stop point
[2025-06-16 07:37:34] WARNING: Retrieved a total of 0 tweets across 1 pages
[2025-06-16 07:37:34] WARNING: No new tweets found with trust commands. Exiting without error.
[2025-06-16 07:37:34] WARNING: Collection complete!
[2025-06-16 07:37:34] WARNING: - 0 trust assignments processed
[2025-06-16 07:37:34] WARNING: - 2 users in trust network
[2025-06-16 07:37:34] WARNING: - 31 total trust relationships
[2025-06-16 07:47:34] WARNING: === Starting Twitter Trust System Collection ===
[2025-06-16 07:47:34] WARNING: Will collect tweets until reaching previous timestamp: 2025-05-12 06:54:05+00:00
[2025-06-16 07:47:34] WARNING: Retrieving page 1...
[2025-06-16 07:47:36] WARNING: Newest tweet is from: 2025-05-12 06:54:05+00:00
[2025-06-16 07:47:36] WARNING: Reached stop point at tweet from 2025-05-12 06:54:05+00:00
[2025-06-16 07:47:36] WARNING: Retrieved 0 new tweets on page 1
[2025-06-16 07:47:36] WARNING: Stopping pagination as we've reached the stop point
[2025-06-16 07:47:36] WARNING: Retrieved a total of 0 tweets across 1 pages
[2025-06-16 07:47:36] WARNING: No new tweets found with trust commands. Exiting without error.
[2025-06-16 07:47:36] WARNING: Collection complete!
[2025-06-16 07:47:36] WARNING: - 0 trust assignments processed
[2025-06-16 07:47:36] WARNING: - 2 users in trust network
[2025-06-16 07:47:36] WARNING: - 31 total trust relationships
[2025-06-16 07:57:34] WARNING: === Starting Twitter Trust System Collection ===
[2025-06-16 07:57:34] WARNING: Will collect tweets until reaching previous timestamp: 2025-05-12 06:54:05+00:00
[2025-06-16 07:57:34] WARNING: Retrieving page 1...
[2025-06-16 07:57:36] WARNING: Newest tweet is from: 2025-05-12 06:54:05+00:00
[2025-06-16 07:57:36] WARNING: Reached stop point at tweet from 2025-05-12 06:54:05+00:00
[2025-06-16 07:57:36] WARNING: Retrieved 0 new tweets on page 1
[2025-06-16 07:57:36] WARNING: Stopping pagination as we've reached the stop point
[2025-06-16 07:57:36] WARNING: Retrieved a total of 0 tweets across 1 pages
[2025-06-16 07:57:36] WARNING: No new tweets found with trust commands. Exiting without error.
[2025-06-16 07:57:36] WARNING: Collection complete!
[2025-06-16 07:57:36] WARNING: - 0 trust assignments processed
[2025-06-16 07:57:36] WARNING: - 2 users in trust network
[2025-06-16 07:57:36] WARNING: - 31 total trust relationships
[2025-06-16 08:07:35] WARNING: === Starting Twitter Trust System Collection ===
[2025-06-16 08:07:35] WARNING: Will collect tweets until reaching previous timestamp: 2025-05-12 06:54:05+00:00
[2025-06-16 08:07:35] WARNING: Retrieving page 1...
[2025-06-16 08:07:38] WARNING: Newest tweet is from: 2025-05-12 06:54:05+00:00
[2025-06-16 08:07:38] WARNING: Reached stop point at tweet from 2025-05-12 06:54:05+00:00
[2025-06-16 08:07:38] WARNING: Retrieved 0 new tweets on page 1
[2025-06-16 08:07:38] WARNING: Stopping pagination as we've reached the stop point
[2025-06-16 08:07:38] WARNING: Retrieved a total of 0 tweets across 1 pages
[2025-06-16 08:07:38] WARNING: No new tweets found with trust commands. Exiting without error.
[2025-06-16 08:07:38] WARNING: Collection complete!
[2025-06-16 08:07:38] WARNING: - 0 trust assignments processed
[2025-06-16 08:07:38] WARNING: - 2 users in trust network
[2025-06-16 08:07:38] WARNING: - 31 total trust relationships
[2025-06-16 08:17:33] WARNING: === Starting Twitter Trust System Collection ===
[2025-06-16 08:17:33] WARNING: Will collect tweets until reaching previous timestamp: 2025-05-12 06:54:05+00:00
[2025-06-16 08:17:33] WARNING: Retrieving page 1...
[2025-06-16 08:17:34] WARNING: Newest tweet is from: 2025-05-12 06:54:05+00:00
[2025-06-16 08:17:34] WARNING: Reached stop point at tweet from 2025-05-12 06:54:05+00:00
[2025-06-16 08:17:34] WARNING: Retrieved 0 new tweets on page 1
[2025-06-16 08:17:34] WARNING: Stopping pagination as we've reached the stop point
[2025-06-16 08:17:34] WARNING: Retrieved a total of 0 tweets across 1 pages
[2025-06-16 08:17:34] WARNING: No new tweets found with trust commands. Exiting without error.
[2025-06-16 08:17:34] WARNING: Collection complete!
[2025-06-16 08:17:34] WARNING: - 0 trust assignments processed
[2025-06-16 08:17:34] WARNING: - 2 users in trust network
[2025-06-16 08:17:34] WARNING: - 31 total trust relationships
[2025-06-16 08:27:34] WARNING: === Starting Twitter Trust System Collection ===
[2025-06-16 08:27:34] WARNING: Will collect tweets until reaching previous timestamp: 2025-05-12 06:54:05+00:00
[2025-06-16 08:27:34] WARNING: Retrieving page 1...
[2025-06-16 08:27:36] WARNING: Newest tweet is from: 2025-05-12 06:54:05+00:00
[2025-06-16 08:27:36] WARNING: Reached stop point at tweet from 2025-05-12 06:54:05+00:00
[2025-06-16 08:27:36] WARNING: Retrieved 0 new tweets on page 1
[2025-06-16 08:27:36] WARNING: Stopping pagination as we've reached the stop point
[2025-06-16 08:27:36] WARNING: Retrieved a total of 0 tweets across 1 pages
[2025-06-16 08:27:36] WARNING: No new tweets found with trust commands. Exiting without error.
[2025-06-16 08:27:36] WARNING: Collection complete!
[2025-06-16 08:27:36] WARNING: - 0 trust assignments processed
[2025-06-16 08:27:36] WARNING: - 2 users in trust network
[2025-06-16 08:27:36] WARNING: - 31 total trust relationships
[2025-06-16 12:44:41] WARNING: === Starting Twitter Trust System Collection ===
[2025-06-16 12:44:41] WARNING: Will collect tweets until reaching previous timestamp: 2025-05-12 06:54:05+00:00
[2025-06-16 12:44:41] WARNING: Retrieving page 1...
[2025-06-16 12:44:42] WARNING: Newest tweet is from: 2025-05-12 06:54:05+00:00
[2025-06-16 12:44:42] WARNING: Reached stop point at tweet from 2025-05-12 06:54:05+00:00
[2025-06-16 12:44:42] WARNING: Retrieved 0 new tweets on page 1
[2025-06-16 12:44:42] WARNING: Stopping pagination as we've reached the stop point
[2025-06-16 12:44:42] WARNING: Retrieved a total of 0 tweets across 1 pages
[2025-06-16 12:44:42] WARNING: No new tweets found with trust commands. Exiting without error.
[2025-06-16 12:44:42] WARNING: Collection complete!
[2025-06-16 12:44:42] WARNING: - 0 trust assignments processed
[2025-06-16 12:44:42] WARNING: - 2 users in trust network
[2025-06-16 12:44:42] WARNING: - 31 total trust relationships
[2025-06-16 12:47:34] WARNING: === Starting Twitter Trust System Collection ===
[2025-06-16 12:47:34] WARNING: Will collect tweets until reaching previous timestamp: 2025-05-12 06:54:05+00:00
[2025-06-16 12:47:34] WARNING: Retrieving page 1...
[2025-06-16 12:47:35] WARNING: Newest tweet is from: 2025-05-12 06:54:05+00:00
[2025-06-16 12:47:35] WARNING: Reached stop point at tweet from 2025-05-12 06:54:05+00:00
[2025-06-16 12:47:35] WARNING: Retrieved 0 new tweets on page 1
[2025-06-16 12:47:35] WARNING: Stopping pagination as we've reached the stop point
[2025-06-16 12:47:35] WARNING: Retrieved a total of 0 tweets across 1 pages
[2025-06-16 12:47:35] WARNING: No new tweets found with trust commands. Exiting without error.
[2025-06-16 12:47:35] WARNING: Collection complete!
[2025-06-16 12:47:35] WARNING: - 0 trust assignments processed
[2025-06-16 12:47:35] WARNING: - 2 users in trust network
[2025-06-16 12:47:35] WARNING: - 31 total trust relationships
[2025-06-16 12:57:33] WARNING: === Starting Twitter Trust System Collection ===
[2025-06-16 12:57:33] WARNING: Will collect tweets until reaching previous timestamp: 2025-05-12 06:54:05+00:00
[2025-06-16 12:57:33] WARNING: Retrieving page 1...
[2025-06-16 12:57:34] WARNING: Newest tweet is from: 2025-05-12 06:54:05+00:00
[2025-06-16 12:57:34] WARNING: Reached stop point at tweet from 2025-05-12 06:54:05+00:00
[2025-06-16 12:57:34] WARNING: Retrieved 0 new tweets on page 1
[2025-06-16 12:57:34] WARNING: Stopping pagination as we've reached the stop point
[2025-06-16 12:57:34] WARNING: Retrieved a total of 0 tweets across 1 pages
[2025-06-16 12:57:34] WARNING: No new tweets found with trust commands. Exiting without error.
[2025-06-16 12:57:34] WARNING: Collection complete!
[2025-06-16 12:57:34] WARNING: - 0 trust assignments processed
[2025-06-16 12:57:34] WARNING: - 2 users in trust network
[2025-06-16 12:57:34] WARNING: - 31 total trust relationships
[2025-06-16 13:07:33] WARNING: === Starting Twitter Trust System Collection ===
[2025-06-16 13:07:33] WARNING: Will collect tweets until reaching previous timestamp: 2025-05-12 06:54:05+00:00
[2025-06-16 13:07:33] WARNING: Retrieving page 1...
[2025-06-16 13:07:34] WARNING: Newest tweet is from: 2025-05-12 06:54:05+00:00
[2025-06-16 13:07:34] WARNING: Reached stop point at tweet from 2025-05-12 06:54:05+00:00
[2025-06-16 13:07:34] WARNING: Retrieved 0 new tweets on page 1
[2025-06-16 13:07:34] WARNING: Stopping pagination as we've reached the stop point
[2025-06-16 13:07:34] WARNING: Retrieved a total of 0 tweets across 1 pages
[2025-06-16 13:07:34] WARNING: No new tweets found with trust commands. Exiting without error.
[2025-06-16 13:07:34] WARNING: Collection complete!
[2025-06-16 13:07:34] WARNING: - 0 trust assignments processed
[2025-06-16 13:07:34] WARNING: - 2 users in trust network
[2025-06-16 13:07:34] WARNING: - 31 total trust relationships
[2025-06-16 13:17:33] WARNING: === Starting Twitter Trust System Collection ===
[2025-06-16 13:17:33] WARNING: Will collect tweets until reaching previous timestamp: 2025-05-12 06:54:05+00:00
[2025-06-16 13:17:33] WARNING: Retrieving page 1...
[2025-06-16 13:17:34] WARNING: Newest tweet is from: 2025-05-12 06:54:05+00:00
[2025-06-16 13:17:34] WARNING: Reached stop point at tweet from 2025-05-12 06:54:05+00:00
[2025-06-16 13:17:34] WARNING: Retrieved 0 new tweets on page 1
[2025-06-16 13:17:34] WARNING: Stopping pagination as we've reached the stop point
[2025-06-16 13:17:34] WARNING: Retrieved a total of 0 tweets across 1 pages
[2025-06-16 13:17:34] WARNING: No new tweets found with trust commands. Exiting without error.
[2025-06-16 13:17:34] WARNING: Collection complete!
[2025-06-16 13:17:34] WARNING: - 0 trust assignments processed
[2025-06-16 13:17:34] WARNING: - 2 users in trust network
[2025-06-16 13:17:34] WARNING: - 31 total trust relationships
[2025-06-16 13:27:33] WARNING: === Starting Twitter Trust System Collection ===
[2025-06-16 13:27:33] WARNING: Will collect tweets until reaching previous timestamp: 2025-05-12 06:54:05+00:00
[2025-06-16 13:27:33] WARNING: Retrieving page 1...
[2025-06-16 13:27:34] WARNING: Newest tweet is from: 2025-05-12 06:54:05+00:00
[2025-06-16 13:27:34] WARNING: Reached stop point at tweet from 2025-05-12 06:54:05+00:00
[2025-06-16 13:27:34] WARNING: Retrieved 0 new tweets on page 1
[2025-06-16 13:27:34] WARNING: Stopping pagination as we've reached the stop point
[2025-06-16 13:27:34] WARNING: Retrieved a total of 0 tweets across 1 pages
[2025-06-16 13:27:34] WARNING: No new tweets found with trust commands. Exiting without error.
[2025-06-16 13:27:34] WARNING: Collection complete!
[2025-06-16 13:27:34] WARNING: - 0 trust assignments processed
[2025-06-16 13:27:34] WARNING: - 2 users in trust network
[2025-06-16 13:27:34] WARNING: - 31 total trust relationships
[2025-06-16 13:37:33] WARNING: === Starting Twitter Trust System Collection ===
[2025-06-16 13:37:33] WARNING: Will collect tweets until reaching previous timestamp: 2025-05-12 06:54:05+00:00
[2025-06-16 13:37:33] WARNING: Retrieving page 1...
[2025-06-16 13:37:34] WARNING: Newest tweet is from: 2025-05-12 06:54:05+00:00
[2025-06-16 13:37:34] WARNING: Reached stop point at tweet from 2025-05-12 06:54:05+00:00
[2025-06-16 13:37:34] WARNING: Retrieved 0 new tweets on page 1
[2025-06-16 13:37:34] WARNING: Stopping pagination as we've reached the stop point
[2025-06-16 13:37:34] WARNING: Retrieved a total of 0 tweets across 1 pages
[2025-06-16 13:37:34] WARNING: No new tweets found with trust commands. Exiting without error.
[2025-06-16 13:37:34] WARNING: Collection complete!
[2025-06-16 13:37:34] WARNING: - 0 trust assignments processed
[2025-06-16 13:37:34] WARNING: - 2 users in trust network
[2025-06-16 13:37:34] WARNING: - 31 total trust relationships
[2025-06-16 13:47:33] WARNING: === Starting Twitter Trust System Collection ===
[2025-06-16 13:47:33] WARNING: Will collect tweets until reaching previous timestamp: 2025-05-12 06:54:05+00:00
[2025-06-16 13:47:33] WARNING: Retrieving page 1...
[2025-06-16 13:47:34] WARNING: Newest tweet is from: 2025-05-12 06:54:05+00:00
[2025-06-16 13:47:34] WARNING: Reached stop point at tweet from 2025-05-12 06:54:05+00:00
[2025-06-16 13:47:34] WARNING: Retrieved 0 new tweets on page 1
[2025-06-16 13:47:34] WARNING: Stopping pagination as we've reached the stop point
[2025-06-16 13:47:34] WARNING: Retrieved a total of 0 tweets across 1 pages
[2025-06-16 13:47:34] WARNING: No new tweets found with trust commands. Exiting without error.
[2025-06-16 13:47:34] WARNING: Collection complete!
[2025-06-16 13:47:34] WARNING: - 0 trust assignments processed
[2025-06-16 13:47:34] WARNING: - 2 users in trust network
[2025-06-16 13:47:34] WARNING: - 31 total trust relationships
[2025-06-16 13:57:33] WARNING: === Starting Twitter Trust System Collection ===
[2025-06-16 13:57:33] WARNING: Will collect tweets until reaching previous timestamp: 2025-05-12 06:54:05+00:00
[2025-06-16 13:57:33] WARNING: Retrieving page 1...
[2025-06-16 13:57:34] WARNING: Newest tweet is from: 2025-05-12 06:54:05+00:00
[2025-06-16 13:57:34] WARNING: Reached stop point at tweet from 2025-05-12 06:54:05+00:00
[2025-06-16 13:57:34] WARNING: Retrieved 0 new tweets on page 1
[2025-06-16 13:57:34] WARNING: Stopping pagination as we've reached the stop point
[2025-06-16 13:57:34] WARNING: Retrieved a total of 0 tweets across 1 pages
[2025-06-16 13:57:34] WARNING: No new tweets found with trust commands. Exiting without error.
[2025-06-16 13:57:34] WARNING: Collection complete!
[2025-06-16 13:57:34] WARNING: - 0 trust assignments processed
[2025-06-16 13:57:34] WARNING: - 2 users in trust network
[2025-06-16 13:57:34] WARNING: - 31 total trust relationships
[2025-06-16 14:07:33] WARNING: === Starting Twitter Trust System Collection ===
[2025-06-16 14:07:33] WARNING: Will collect tweets until reaching previous timestamp: 2025-05-12 06:54:05+00:00
[2025-06-16 14:07:33] WARNING: Retrieving page 1...
[2025-06-16 14:07:34] WARNING: Newest tweet is from: 2025-05-12 06:54:05+00:00
[2025-06-16 14:07:34] WARNING: Reached stop point at tweet from 2025-05-12 06:54:05+00:00
[2025-06-16 14:07:34] WARNING: Retrieved 0 new tweets on page 1
[2025-06-16 14:07:34] WARNING: Stopping pagination as we've reached the stop point
[2025-06-16 14:07:34] WARNING: Retrieved a total of 0 tweets across 1 pages
[2025-06-16 14:07:34] WARNING: No new tweets found with trust commands. Exiting without error.
[2025-06-16 14:07:34] WARNING: Collection complete!
[2025-06-16 14:07:34] WARNING: - 0 trust assignments processed
[2025-06-16 14:07:34] WARNING: - 2 users in trust network
[2025-06-16 14:07:34] WARNING: - 31 total trust relationships
[2025-06-16 14:17:33] WARNING: === Starting Twitter Trust System Collection ===
[2025-06-16 14:17:33] WARNING: Will collect tweets until reaching previous timestamp: 2025-05-12 06:54:05+00:00
[2025-06-16 14:17:33] WARNING: Retrieving page 1...
[2025-06-16 14:17:34] WARNING: Newest tweet is from: 2025-05-12 06:54:05+00:00
[2025-06-16 14:17:34] WARNING: Reached stop point at tweet from 2025-05-12 06:54:05+00:00
[2025-06-16 14:17:34] WARNING: Retrieved 0 new tweets on page 1
[2025-06-16 14:17:34] WARNING: Stopping pagination as we've reached the stop point
[2025-06-16 14:17:34] WARNING: Retrieved a total of 0 tweets across 1 pages
[2025-06-16 14:17:34] WARNING: No new tweets found with trust commands. Exiting without error.
[2025-06-16 14:17:34] WARNING: Collection complete!
[2025-06-16 14:17:34] WARNING: - 0 trust assignments processed
[2025-06-16 14:17:34] WARNING: - 2 users in trust network
[2025-06-16 14:17:34] WARNING: - 31 total trust relationships
