[2025-06-19 15:57:34] WARNING: No new tweets found with trust commands. Exiting without error.
[2025-06-19 15:57:34] WARNING: Collection complete!
[2025-06-19 15:57:34] WARNING: - 0 trust assignments processed
[2025-06-19 15:57:34] WARNING: - 2 users in trust network
[2025-06-19 15:57:34] WARNING: - 31 total trust relationships
[2025-06-19 16:07:32] WARNING: === Starting Twitter Trust System Collection ===
[2025-06-19 16:07:32] WARNING: Will collect tweets until reaching previous timestamp: 2025-05-12 06:54:05+00:00
[2025-06-19 16:07:32] WARNING: Retrieving page 1...
[2025-06-19 16:07:44] WARNING: Newest tweet is from: 2025-05-12 06:54:05+00:00
[2025-06-19 16:07:44] WARNING: Reached stop point at tweet from 2025-05-12 06:54:05+00:00
[2025-06-19 16:07:44] WARNING: Retrieved 0 new tweets on page 1
[2025-06-19 16:07:44] WARNING: Stopping pagination as we've reached the stop point
[2025-06-19 16:07:44] WARNING: Retrieved a total of 0 tweets across 1 pages
[2025-06-19 16:07:44] WARNING: No new tweets found with trust commands. Exiting without error.
[2025-06-19 16:07:44] WARNING: Collection complete!
[2025-06-19 16:07:44] WARNING: - 0 trust assignments processed
[2025-06-19 16:07:44] WARNING: - 2 users in trust network
[2025-06-19 16:07:44] WARNING: - 31 total trust relationships
[2025-06-19 16:17:32] WARNING: === Starting Twitter Trust System Collection ===
[2025-06-19 16:17:32] WARNING: Will collect tweets until reaching previous timestamp: 2025-05-12 06:54:05+00:00
[2025-06-19 16:17:32] WARNING: Retrieving page 1...
[2025-06-19 16:17:34] WARNING: Newest tweet is from: 2025-05-12 06:54:05+00:00
[2025-06-19 16:17:34] WARNING: Reached stop point at tweet from 2025-05-12 06:54:05+00:00
[2025-06-19 16:17:34] WARNING: Retrieved 0 new tweets on page 1
[2025-06-19 16:17:34] WARNING: Stopping pagination as we've reached the stop point
[2025-06-19 16:17:34] WARNING: Retrieved a total of 0 tweets across 1 pages
[2025-06-19 16:17:34] WARNING: No new tweets found with trust commands. Exiting without error.
[2025-06-19 16:17:34] WARNING: Collection complete!
[2025-06-19 16:17:34] WARNING: - 0 trust assignments processed
[2025-06-19 16:17:34] WARNING: - 2 users in trust network
[2025-06-19 16:17:34] WARNING: - 31 total trust relationships
[2025-06-19 16:27:32] WARNING: === Starting Twitter Trust System Collection ===
[2025-06-19 16:27:32] WARNING: Will collect tweets until reaching previous timestamp: 2025-05-12 06:54:05+00:00
[2025-06-19 16:27:32] WARNING: Retrieving page 1...
[2025-06-19 16:27:44] WARNING: Newest tweet is from: 2025-05-12 06:54:05+00:00
[2025-06-19 16:27:44] WARNING: Reached stop point at tweet from 2025-05-12 06:54:05+00:00
[2025-06-19 16:27:44] WARNING: Retrieved 0 new tweets on page 1
[2025-06-19 16:27:44] WARNING: Stopping pagination as we've reached the stop point
[2025-06-19 16:27:44] WARNING: Retrieved a total of 0 tweets across 1 pages
[2025-06-19 16:27:44] WARNING: No new tweets found with trust commands. Exiting without error.
[2025-06-19 16:27:44] WARNING: Collection complete!
[2025-06-19 16:27:44] WARNING: - 0 trust assignments processed
[2025-06-19 16:27:44] WARNING: - 2 users in trust network
[2025-06-19 16:27:44] WARNING: - 31 total trust relationships
[2025-06-19 16:37:32] WARNING: === Starting Twitter Trust System Collection ===
[2025-06-19 16:37:32] WARNING: Will collect tweets until reaching previous timestamp: 2025-05-12 06:54:05+00:00
[2025-06-19 16:37:32] WARNING: Retrieving page 1...
[2025-06-19 16:37:34] WARNING: Newest tweet is from: 2025-05-12 06:54:05+00:00
[2025-06-19 16:37:34] WARNING: Reached stop point at tweet from 2025-05-12 06:54:05+00:00
[2025-06-19 16:37:34] WARNING: Retrieved 0 new tweets on page 1
[2025-06-19 16:37:34] WARNING: Stopping pagination as we've reached the stop point
[2025-06-19 16:37:34] WARNING: Retrieved a total of 0 tweets across 1 pages
[2025-06-19 16:37:34] WARNING: No new tweets found with trust commands. Exiting without error.
[2025-06-19 16:37:34] WARNING: Collection complete!
[2025-06-19 16:37:34] WARNING: - 0 trust assignments processed
[2025-06-19 16:37:34] WARNING: - 2 users in trust network
[2025-06-19 16:37:34] WARNING: - 31 total trust relationships
[2025-06-19 16:47:32] WARNING: === Starting Twitter Trust System Collection ===
[2025-06-19 16:47:32] WARNING: Will collect tweets until reaching previous timestamp: 2025-05-12 06:54:05+00:00
[2025-06-19 16:47:32] WARNING: Retrieving page 1...
[2025-06-19 16:47:34] WARNING: Newest tweet is from: 2025-05-12 06:54:05+00:00
[2025-06-19 16:47:34] WARNING: Reached stop point at tweet from 2025-05-12 06:54:05+00:00
[2025-06-19 16:47:34] WARNING: Retrieved 0 new tweets on page 1
[2025-06-19 16:47:34] WARNING: Stopping pagination as we've reached the stop point
[2025-06-19 16:47:34] WARNING: Retrieved a total of 0 tweets across 1 pages
[2025-06-19 16:47:34] WARNING: No new tweets found with trust commands. Exiting without error.
[2025-06-19 16:47:34] WARNING: Collection complete!
[2025-06-19 16:47:34] WARNING: - 0 trust assignments processed
[2025-06-19 16:47:34] WARNING: - 2 users in trust network
[2025-06-19 16:47:34] WARNING: - 31 total trust relationships
[2025-06-19 16:57:32] WARNING: === Starting Twitter Trust System Collection ===
[2025-06-19 16:57:32] WARNING: Will collect tweets until reaching previous timestamp: 2025-05-12 06:54:05+00:00
[2025-06-19 16:57:32] WARNING: Retrieving page 1...
[2025-06-19 16:57:34] WARNING: Newest tweet is from: 2025-05-12 06:54:05+00:00
[2025-06-19 16:57:34] WARNING: Reached stop point at tweet from 2025-05-12 06:54:05+00:00
[2025-06-19 16:57:34] WARNING: Retrieved 0 new tweets on page 1
[2025-06-19 16:57:34] WARNING: Stopping pagination as we've reached the stop point
[2025-06-19 16:57:34] WARNING: Retrieved a total of 0 tweets across 1 pages
[2025-06-19 16:57:34] WARNING: No new tweets found with trust commands. Exiting without error.
[2025-06-19 16:57:34] WARNING: Collection complete!
[2025-06-19 16:57:34] WARNING: - 0 trust assignments processed
[2025-06-19 16:57:34] WARNING: - 2 users in trust network
[2025-06-19 16:57:34] WARNING: - 31 total trust relationships
[2025-06-19 17:07:33] WARNING: === Starting Twitter Trust System Collection ===
[2025-06-19 17:07:33] WARNING: Will collect tweets until reaching previous timestamp: 2025-05-12 06:54:05+00:00
[2025-06-19 17:07:33] WARNING: Retrieving page 1...
[2025-06-19 17:07:36] WARNING: Newest tweet is from: 2025-05-12 06:54:05+00:00
[2025-06-19 17:07:36] WARNING: Reached stop point at tweet from 2025-05-12 06:54:05+00:00
[2025-06-19 17:07:36] WARNING: Retrieved 0 new tweets on page 1
[2025-06-19 17:07:36] WARNING: Stopping pagination as we've reached the stop point
[2025-06-19 17:07:36] WARNING: Retrieved a total of 0 tweets across 1 pages
[2025-06-19 17:07:36] WARNING: No new tweets found with trust commands. Exiting without error.
[2025-06-19 17:07:36] WARNING: Collection complete!
[2025-06-19 17:07:36] WARNING: - 0 trust assignments processed
[2025-06-19 17:07:36] WARNING: - 2 users in trust network
[2025-06-19 17:07:36] WARNING: - 31 total trust relationships
[2025-06-19 17:17:33] WARNING: === Starting Twitter Trust System Collection ===
[2025-06-19 17:17:33] WARNING: Will collect tweets until reaching previous timestamp: 2025-05-12 06:54:05+00:00
[2025-06-19 17:17:33] WARNING: Retrieving page 1...
[2025-06-19 17:17:35] WARNING: Newest tweet is from: 2025-05-12 06:54:05+00:00
[2025-06-19 17:17:35] WARNING: Reached stop point at tweet from 2025-05-12 06:54:05+00:00
[2025-06-19 17:17:35] WARNING: Retrieved 0 new tweets on page 1
[2025-06-19 17:17:35] WARNING: Stopping pagination as we've reached the stop point
[2025-06-19 17:17:35] WARNING: Retrieved a total of 0 tweets across 1 pages
[2025-06-19 17:17:35] WARNING: No new tweets found with trust commands. Exiting without error.
[2025-06-19 17:17:35] WARNING: Collection complete!
[2025-06-19 17:17:35] WARNING: - 0 trust assignments processed
[2025-06-19 17:17:35] WARNING: - 2 users in trust network
[2025-06-19 17:17:35] WARNING: - 31 total trust relationships
[2025-06-19 17:27:32] WARNING: === Starting Twitter Trust System Collection ===
[2025-06-19 17:27:32] WARNING: Will collect tweets until reaching previous timestamp: 2025-05-12 06:54:05+00:00
[2025-06-19 17:27:32] WARNING: Retrieving page 1...
[2025-06-19 17:27:35] WARNING: Newest tweet is from: 2025-05-12 06:54:05+00:00
[2025-06-19 17:27:35] WARNING: Reached stop point at tweet from 2025-05-12 06:54:05+00:00
[2025-06-19 17:27:35] WARNING: Retrieved 0 new tweets on page 1
[2025-06-19 17:27:35] WARNING: Stopping pagination as we've reached the stop point
[2025-06-19 17:27:35] WARNING: Retrieved a total of 0 tweets across 1 pages
[2025-06-19 17:27:35] WARNING: No new tweets found with trust commands. Exiting without error.
[2025-06-19 17:27:35] WARNING: Collection complete!
[2025-06-19 17:27:35] WARNING: - 0 trust assignments processed
[2025-06-19 17:27:35] WARNING: - 2 users in trust network
[2025-06-19 17:27:35] WARNING: - 31 total trust relationships
[2025-06-19 17:37:33] WARNING: === Starting Twitter Trust System Collection ===
[2025-06-19 17:37:33] WARNING: Will collect tweets until reaching previous timestamp: 2025-05-12 06:54:05+00:00
[2025-06-19 17:37:33] WARNING: Retrieving page 1...
[2025-06-19 17:37:34] WARNING: Newest tweet is from: 2025-05-12 06:54:05+00:00
[2025-06-19 17:37:34] WARNING: Reached stop point at tweet from 2025-05-12 06:54:05+00:00
[2025-06-19 17:37:34] WARNING: Retrieved 0 new tweets on page 1
[2025-06-19 17:37:34] WARNING: Stopping pagination as we've reached the stop point
[2025-06-19 17:37:34] WARNING: Retrieved a total of 0 tweets across 1 pages
[2025-06-19 17:37:34] WARNING: No new tweets found with trust commands. Exiting without error.
[2025-06-19 17:37:34] WARNING: Collection complete!
[2025-06-19 17:37:34] WARNING: - 0 trust assignments processed
[2025-06-19 17:37:34] WARNING: - 2 users in trust network
[2025-06-19 17:37:34] WARNING: - 31 total trust relationships
[2025-06-19 17:47:35] WARNING: === Starting Twitter Trust System Collection ===
[2025-06-19 17:47:35] WARNING: Will collect tweets until reaching previous timestamp: 2025-05-12 06:54:05+00:00
[2025-06-19 17:47:35] WARNING: Retrieving page 1...
[2025-06-19 17:47:36] WARNING: Newest tweet is from: 2025-05-12 06:54:05+00:00
[2025-06-19 17:47:36] WARNING: Reached stop point at tweet from 2025-05-12 06:54:05+00:00
[2025-06-19 17:47:36] WARNING: Retrieved 0 new tweets on page 1
[2025-06-19 17:47:36] WARNING: Stopping pagination as we've reached the stop point
[2025-06-19 17:47:36] WARNING: Retrieved a total of 0 tweets across 1 pages
[2025-06-19 17:47:36] WARNING: No new tweets found with trust commands. Exiting without error.
[2025-06-19 17:47:36] WARNING: Collection complete!
[2025-06-19 17:47:36] WARNING: - 0 trust assignments processed
[2025-06-19 17:47:36] WARNING: - 2 users in trust network
[2025-06-19 17:47:36] WARNING: - 31 total trust relationships
[2025-06-19 17:57:32] WARNING: === Starting Twitter Trust System Collection ===
[2025-06-19 17:57:32] WARNING: Will collect tweets until reaching previous timestamp: 2025-05-12 06:54:05+00:00
[2025-06-19 17:57:32] WARNING: Retrieving page 1...
[2025-06-19 17:57:34] WARNING: Newest tweet is from: 2025-05-12 06:54:05+00:00
[2025-06-19 17:57:34] WARNING: Reached stop point at tweet from 2025-05-12 06:54:05+00:00
[2025-06-19 17:57:34] WARNING: Retrieved 0 new tweets on page 1
[2025-06-19 17:57:34] WARNING: Stopping pagination as we've reached the stop point
[2025-06-19 17:57:34] WARNING: Retrieved a total of 0 tweets across 1 pages
[2025-06-19 17:57:34] WARNING: No new tweets found with trust commands. Exiting without error.
[2025-06-19 17:57:34] WARNING: Collection complete!
[2025-06-19 17:57:34] WARNING: - 0 trust assignments processed
[2025-06-19 17:57:34] WARNING: - 2 users in trust network
[2025-06-19 17:57:34] WARNING: - 31 total trust relationships
[2025-06-19 18:07:33] WARNING: === Starting Twitter Trust System Collection ===
[2025-06-19 18:07:33] WARNING: Will collect tweets until reaching previous timestamp: 2025-05-12 06:54:05+00:00
[2025-06-19 18:07:33] WARNING: Retrieving page 1...
[2025-06-19 18:07:34] WARNING: Newest tweet is from: 2025-05-12 06:54:05+00:00
[2025-06-19 18:07:34] WARNING: Reached stop point at tweet from 2025-05-12 06:54:05+00:00
[2025-06-19 18:07:34] WARNING: Retrieved 0 new tweets on page 1
[2025-06-19 18:07:34] WARNING: Stopping pagination as we've reached the stop point
[2025-06-19 18:07:34] WARNING: Retrieved a total of 0 tweets across 1 pages
[2025-06-19 18:07:34] WARNING: No new tweets found with trust commands. Exiting without error.
[2025-06-19 18:07:34] WARNING: Collection complete!
[2025-06-19 18:07:34] WARNING: - 0 trust assignments processed
[2025-06-19 18:07:34] WARNING: - 2 users in trust network
[2025-06-19 18:07:34] WARNING: - 31 total trust relationships
[2025-06-19 18:17:33] WARNING: === Starting Twitter Trust System Collection ===
[2025-06-19 18:17:33] WARNING: Will collect tweets until reaching previous timestamp: 2025-05-12 06:54:05+00:00
[2025-06-19 18:17:33] WARNING: Retrieving page 1...
[2025-06-19 18:17:34] WARNING: Newest tweet is from: 2025-05-12 06:54:05+00:00
[2025-06-19 18:17:34] WARNING: Reached stop point at tweet from 2025-05-12 06:54:05+00:00
[2025-06-19 18:17:34] WARNING: Retrieved 0 new tweets on page 1
[2025-06-19 18:17:34] WARNING: Stopping pagination as we've reached the stop point
[2025-06-19 18:17:34] WARNING: Retrieved a total of 0 tweets across 1 pages
[2025-06-19 18:17:34] WARNING: No new tweets found with trust commands. Exiting without error.
[2025-06-19 18:17:34] WARNING: Collection complete!
[2025-06-19 18:17:34] WARNING: - 0 trust assignments processed
[2025-06-19 18:17:34] WARNING: - 2 users in trust network
[2025-06-19 18:17:34] WARNING: - 31 total trust relationships
[2025-06-19 18:27:33] WARNING: === Starting Twitter Trust System Collection ===
[2025-06-19 18:27:33] WARNING: Will collect tweets until reaching previous timestamp: 2025-05-12 06:54:05+00:00
[2025-06-19 18:27:33] WARNING: Retrieving page 1...
[2025-06-19 18:27:34] WARNING: Newest tweet is from: 2025-05-12 06:54:05+00:00
[2025-06-19 18:27:34] WARNING: Reached stop point at tweet from 2025-05-12 06:54:05+00:00
[2025-06-19 18:27:34] WARNING: Retrieved 0 new tweets on page 1
[2025-06-19 18:27:34] WARNING: Stopping pagination as we've reached the stop point
[2025-06-19 18:27:34] WARNING: Retrieved a total of 0 tweets across 1 pages
[2025-06-19 18:27:34] WARNING: No new tweets found with trust commands. Exiting without error.
[2025-06-19 18:27:34] WARNING: Collection complete!
[2025-06-19 18:27:34] WARNING: - 0 trust assignments processed
[2025-06-19 18:27:34] WARNING: - 2 users in trust network
[2025-06-19 18:27:34] WARNING: - 31 total trust relationships
[2025-06-19 18:37:33] WARNING: === Starting Twitter Trust System Collection ===
[2025-06-19 18:37:33] WARNING: Will collect tweets until reaching previous timestamp: 2025-05-12 06:54:05+00:00
[2025-06-19 18:37:33] WARNING: Retrieving page 1...
[2025-06-19 18:37:34] WARNING: Newest tweet is from: 2025-05-12 06:54:05+00:00
[2025-06-19 18:37:34] WARNING: Reached stop point at tweet from 2025-05-12 06:54:05+00:00
[2025-06-19 18:37:34] WARNING: Retrieved 0 new tweets on page 1
[2025-06-19 18:37:34] WARNING: Stopping pagination as we've reached the stop point
[2025-06-19 18:37:34] WARNING: Retrieved a total of 0 tweets across 1 pages
[2025-06-19 18:37:34] WARNING: No new tweets found with trust commands. Exiting without error.
[2025-06-19 18:37:34] WARNING: Collection complete!
[2025-06-19 18:37:34] WARNING: - 0 trust assignments processed
[2025-06-19 18:37:34] WARNING: - 2 users in trust network
[2025-06-19 18:37:34] WARNING: - 31 total trust relationships
[2025-06-19 18:47:33] WARNING: === Starting Twitter Trust System Collection ===
[2025-06-19 18:47:33] WARNING: Will collect tweets until reaching previous timestamp: 2025-05-12 06:54:05+00:00
[2025-06-19 18:47:33] WARNING: Retrieving page 1...
[2025-06-19 18:47:45] WARNING: Newest tweet is from: 2025-05-12 06:54:05+00:00
[2025-06-19 18:47:45] WARNING: Reached stop point at tweet from 2025-05-12 06:54:05+00:00
[2025-06-19 18:47:45] WARNING: Retrieved 0 new tweets on page 1
[2025-06-19 18:47:45] WARNING: Stopping pagination as we've reached the stop point
[2025-06-19 18:47:45] WARNING: Retrieved a total of 0 tweets across 1 pages
[2025-06-19 18:47:45] WARNING: No new tweets found with trust commands. Exiting without error.
[2025-06-19 18:47:45] WARNING: Collection complete!
[2025-06-19 18:47:45] WARNING: - 0 trust assignments processed
[2025-06-19 18:47:45] WARNING: - 2 users in trust network
[2025-06-19 18:47:45] WARNING: - 31 total trust relationships
[2025-06-19 18:57:33] WARNING: === Starting Twitter Trust System Collection ===
[2025-06-19 18:57:33] WARNING: Will collect tweets until reaching previous timestamp: 2025-05-12 06:54:05+00:00
[2025-06-19 18:57:33] WARNING: Retrieving page 1...
[2025-06-19 18:57:34] WARNING: Newest tweet is from: 2025-05-12 06:54:05+00:00
[2025-06-19 18:57:34] WARNING: Reached stop point at tweet from 2025-05-12 06:54:05+00:00
[2025-06-19 18:57:34] WARNING: Retrieved 0 new tweets on page 1
[2025-06-19 18:57:34] WARNING: Stopping pagination as we've reached the stop point
[2025-06-19 18:57:34] WARNING: Retrieved a total of 0 tweets across 1 pages
[2025-06-19 18:57:34] WARNING: No new tweets found with trust commands. Exiting without error.
[2025-06-19 18:57:34] WARNING: Collection complete!
[2025-06-19 18:57:34] WARNING: - 0 trust assignments processed
[2025-06-19 18:57:34] WARNING: - 2 users in trust network
[2025-06-19 18:57:34] WARNING: - 31 total trust relationships
[2025-06-19 19:07:34] WARNING: === Starting Twitter Trust System Collection ===
[2025-06-19 19:07:34] WARNING: Will collect tweets until reaching previous timestamp: 2025-05-12 06:54:05+00:00
[2025-06-19 19:07:34] WARNING: Retrieving page 1...
[2025-06-19 19:07:38] WARNING: Newest tweet is from: 2025-05-12 06:54:05+00:00
[2025-06-19 19:07:38] WARNING: Reached stop point at tweet from 2025-05-12 06:54:05+00:00
[2025-06-19 19:07:38] WARNING: Retrieved 0 new tweets on page 1
[2025-06-19 19:07:38] WARNING: Stopping pagination as we've reached the stop point
[2025-06-19 19:07:38] WARNING: Retrieved a total of 0 tweets across 1 pages
[2025-06-19 19:07:38] WARNING: No new tweets found with trust commands. Exiting without error.
[2025-06-19 19:07:38] WARNING: Collection complete!
[2025-06-19 19:07:38] WARNING: - 0 trust assignments processed
[2025-06-19 19:07:38] WARNING: - 2 users in trust network
[2025-06-19 19:07:38] WARNING: - 31 total trust relationships
[2025-06-19 19:17:33] WARNING: === Starting Twitter Trust System Collection ===
[2025-06-19 19:17:33] WARNING: Will collect tweets until reaching previous timestamp: 2025-05-12 06:54:05+00:00
[2025-06-19 19:17:33] WARNING: Retrieving page 1...
[2025-06-19 19:17:37] WARNING: Newest tweet is from: 2025-05-12 06:54:05+00:00
[2025-06-19 19:17:37] WARNING: Reached stop point at tweet from 2025-05-12 06:54:05+00:00
[2025-06-19 19:17:37] WARNING: Retrieved 0 new tweets on page 1
[2025-06-19 19:17:37] WARNING: Stopping pagination as we've reached the stop point
[2025-06-19 19:17:37] WARNING: Retrieved a total of 0 tweets across 1 pages
[2025-06-19 19:17:37] WARNING: No new tweets found with trust commands. Exiting without error.
[2025-06-19 19:17:37] WARNING: Collection complete!
[2025-06-19 19:17:37] WARNING: - 0 trust assignments processed
[2025-06-19 19:17:37] WARNING: - 2 users in trust network
[2025-06-19 19:17:37] WARNING: - 31 total trust relationships
[2025-06-19 19:27:32] WARNING: === Starting Twitter Trust System Collection ===
[2025-06-19 19:27:32] WARNING: Will collect tweets until reaching previous timestamp: 2025-05-12 06:54:05+00:00
[2025-06-19 19:27:32] WARNING: Retrieving page 1...
[2025-06-19 19:27:34] WARNING: Newest tweet is from: 2025-05-12 06:54:05+00:00
[2025-06-19 19:27:34] WARNING: Reached stop point at tweet from 2025-05-12 06:54:05+00:00
[2025-06-19 19:27:34] WARNING: Retrieved 0 new tweets on page 1
[2025-06-19 19:27:34] WARNING: Stopping pagination as we've reached the stop point
[2025-06-19 19:27:34] WARNING: Retrieved a total of 0 tweets across 1 pages
[2025-06-19 19:27:34] WARNING: No new tweets found with trust commands. Exiting without error.
[2025-06-19 19:27:34] WARNING: Collection complete!
[2025-06-19 19:27:34] WARNING: - 0 trust assignments processed
[2025-06-19 19:27:34] WARNING: - 2 users in trust network
[2025-06-19 19:27:34] WARNING: - 31 total trust relationships
[2025-06-19 19:37:33] WARNING: === Starting Twitter Trust System Collection ===
[2025-06-19 19:37:33] WARNING: Will collect tweets until reaching previous timestamp: 2025-05-12 06:54:05+00:00
[2025-06-19 19:37:33] WARNING: Retrieving page 1...
[2025-06-19 19:37:34] WARNING: Newest tweet is from: 2025-05-12 06:54:05+00:00
[2025-06-19 19:37:34] WARNING: Reached stop point at tweet from 2025-05-12 06:54:05+00:00
[2025-06-19 19:37:34] WARNING: Retrieved 0 new tweets on page 1
[2025-06-19 19:37:34] WARNING: Stopping pagination as we've reached the stop point
[2025-06-19 19:37:34] WARNING: Retrieved a total of 0 tweets across 1 pages
[2025-06-19 19:37:34] WARNING: No new tweets found with trust commands. Exiting without error.
[2025-06-19 19:37:34] WARNING: Collection complete!
[2025-06-19 19:37:34] WARNING: - 0 trust assignments processed
[2025-06-19 19:37:34] WARNING: - 2 users in trust network
[2025-06-19 19:37:34] WARNING: - 31 total trust relationships
[2025-06-19 19:47:32] WARNING: === Starting Twitter Trust System Collection ===
[2025-06-19 19:47:32] WARNING: Will collect tweets until reaching previous timestamp: 2025-05-12 06:54:05+00:00
[2025-06-19 19:47:32] WARNING: Retrieving page 1...
[2025-06-19 19:47:34] WARNING: Newest tweet is from: 2025-05-12 06:54:05+00:00
[2025-06-19 19:47:34] WARNING: Reached stop point at tweet from 2025-05-12 06:54:05+00:00
[2025-06-19 19:47:34] WARNING: Retrieved 0 new tweets on page 1
[2025-06-19 19:47:34] WARNING: Stopping pagination as we've reached the stop point
[2025-06-19 19:47:34] WARNING: Retrieved a total of 0 tweets across 1 pages
[2025-06-19 19:47:34] WARNING: No new tweets found with trust commands. Exiting without error.
[2025-06-19 19:47:34] WARNING: Collection complete!
[2025-06-19 19:47:34] WARNING: - 0 trust assignments processed
[2025-06-19 19:47:34] WARNING: - 2 users in trust network
[2025-06-19 19:47:34] WARNING: - 31 total trust relationships
[2025-06-19 19:57:32] WARNING: === Starting Twitter Trust System Collection ===
[2025-06-19 19:57:32] WARNING: Will collect tweets until reaching previous timestamp: 2025-05-12 06:54:05+00:00
[2025-06-19 19:57:32] WARNING: Retrieving page 1...
[2025-06-19 19:57:34] WARNING: Newest tweet is from: 2025-05-12 06:54:05+00:00
[2025-06-19 19:57:34] WARNING: Reached stop point at tweet from 2025-05-12 06:54:05+00:00
[2025-06-19 19:57:34] WARNING: Retrieved 0 new tweets on page 1
[2025-06-19 19:57:34] WARNING: Stopping pagination as we've reached the stop point
[2025-06-19 19:57:34] WARNING: Retrieved a total of 0 tweets across 1 pages
[2025-06-19 19:57:34] WARNING: No new tweets found with trust commands. Exiting without error.
[2025-06-19 19:57:34] WARNING: Collection complete!
[2025-06-19 19:57:34] WARNING: - 0 trust assignments processed
[2025-06-19 19:57:34] WARNING: - 2 users in trust network
[2025-06-19 19:57:34] WARNING: - 31 total trust relationships
[2025-06-19 20:07:33] WARNING: === Starting Twitter Trust System Collection ===
[2025-06-19 20:07:33] WARNING: Will collect tweets until reaching previous timestamp: 2025-05-12 06:54:05+00:00
[2025-06-19 20:07:33] WARNING: Retrieving page 1...
[2025-06-19 20:07:35] WARNING: Newest tweet is from: 2025-05-12 06:54:05+00:00
[2025-06-19 20:07:35] WARNING: Reached stop point at tweet from 2025-05-12 06:54:05+00:00
[2025-06-19 20:07:35] WARNING: Retrieved 0 new tweets on page 1
[2025-06-19 20:07:35] WARNING: Stopping pagination as we've reached the stop point
[2025-06-19 20:07:35] WARNING: Retrieved a total of 0 tweets across 1 pages
[2025-06-19 20:07:35] WARNING: No new tweets found with trust commands. Exiting without error.
[2025-06-19 20:07:35] WARNING: Collection complete!
[2025-06-19 20:07:35] WARNING: - 0 trust assignments processed
[2025-06-19 20:07:35] WARNING: - 2 users in trust network
[2025-06-19 20:07:35] WARNING: - 31 total trust relationships
[2025-06-19 20:17:32] WARNING: === Starting Twitter Trust System Collection ===
[2025-06-19 20:17:32] WARNING: Will collect tweets until reaching previous timestamp: 2025-05-12 06:54:05+00:00
[2025-06-19 20:17:32] WARNING: Retrieving page 1...
[2025-06-19 20:17:35] WARNING: Newest tweet is from: 2025-05-12 06:54:05+00:00
[2025-06-19 20:17:35] WARNING: Reached stop point at tweet from 2025-05-12 06:54:05+00:00
[2025-06-19 20:17:35] WARNING: Retrieved 0 new tweets on page 1
[2025-06-19 20:17:35] WARNING: Stopping pagination as we've reached the stop point
[2025-06-19 20:17:35] WARNING: Retrieved a total of 0 tweets across 1 pages
[2025-06-19 20:17:35] WARNING: No new tweets found with trust commands. Exiting without error.
[2025-06-19 20:17:35] WARNING: Collection complete!
[2025-06-19 20:17:35] WARNING: - 0 trust assignments processed
[2025-06-19 20:17:35] WARNING: - 2 users in trust network
[2025-06-19 20:17:35] WARNING: - 31 total trust relationships
[2025-06-19 20:27:33] WARNING: === Starting Twitter Trust System Collection ===
[2025-06-19 20:27:33] WARNING: Will collect tweets until reaching previous timestamp: 2025-05-12 06:54:05+00:00
[2025-06-19 20:27:33] WARNING: Retrieving page 1...
[2025-06-19 20:27:34] WARNING: Newest tweet is from: 2025-05-12 06:54:05+00:00
[2025-06-19 20:27:34] WARNING: Reached stop point at tweet from 2025-05-12 06:54:05+00:00
[2025-06-19 20:27:34] WARNING: Retrieved 0 new tweets on page 1
[2025-06-19 20:27:34] WARNING: Stopping pagination as we've reached the stop point
[2025-06-19 20:27:34] WARNING: Retrieved a total of 0 tweets across 1 pages
[2025-06-19 20:27:34] WARNING: No new tweets found with trust commands. Exiting without error.
[2025-06-19 20:27:34] WARNING: Collection complete!
[2025-06-19 20:27:34] WARNING: - 0 trust assignments processed
[2025-06-19 20:27:34] WARNING: - 2 users in trust network
[2025-06-19 20:27:34] WARNING: - 31 total trust relationships
[2025-06-19 20:37:32] WARNING: === Starting Twitter Trust System Collection ===
[2025-06-19 20:37:32] WARNING: Will collect tweets until reaching previous timestamp: 2025-05-12 06:54:05+00:00
[2025-06-19 20:37:32] WARNING: Retrieving page 1...
[2025-06-19 20:37:34] WARNING: Newest tweet is from: 2025-05-12 06:54:05+00:00
[2025-06-19 20:37:34] WARNING: Reached stop point at tweet from 2025-05-12 06:54:05+00:00
[2025-06-19 20:37:34] WARNING: Retrieved 0 new tweets on page 1
[2025-06-19 20:37:34] WARNING: Stopping pagination as we've reached the stop point
[2025-06-19 20:37:34] WARNING: Retrieved a total of 0 tweets across 1 pages
[2025-06-19 20:37:34] WARNING: No new tweets found with trust commands. Exiting without error.
[2025-06-19 20:37:34] WARNING: Collection complete!
[2025-06-19 20:37:34] WARNING: - 0 trust assignments processed
[2025-06-19 20:37:34] WARNING: - 2 users in trust network
[2025-06-19 20:37:34] WARNING: - 31 total trust relationships
