[2025-07-13 17:47:35] WARNING: === Starting Twitter Trust System Collection ===
[2025-07-13 17:47:35] WARNING: Will collect tweets until reaching previous timestamp: 2025-05-12 06:54:05+00:00
[2025-07-13 17:47:35] WARNING: Retrieving page 1...
[2025-07-13 17:47:36] WARNING: Newest tweet is from: 2013-12-21 19:29:18+00:00
[2025-07-13 17:47:36] WARNING: Reached stop point at tweet from 2013-12-21 19:29:18+00:00
[2025-07-13 17:47:36] WARNING: Retrieved 0 new tweets on page 1
[2025-07-13 17:47:36] WARNING: Stopping pagination as we've reached the stop point
[2025-07-13 17:47:36] WARNING: Retrieved a total of 0 tweets across 1 pages
[2025-07-13 17:47:36] WARNING: No new tweets found with trust commands. Exiting without error.
[2025-07-13 17:47:36] WARNING: Collection complete!
[2025-07-13 17:47:36] WARNING: - 0 trust assignments processed
[2025-07-13 17:47:36] WARNING: - 2 users in trust network
[2025-07-13 17:47:36] WARNING: - 31 total trust relationships
[2025-07-13 17:57:36] WARNING: === Starting Twitter Trust System Collection ===
[2025-07-13 17:57:36] WARNING: Will collect tweets until reaching previous timestamp: 2025-05-12 06:54:05+00:00
[2025-07-13 17:57:36] WARNING: Retrieving page 1...
[2025-07-13 17:57:38] WARNING: Newest tweet is from: 2013-12-21 19:29:18+00:00
[2025-07-13 17:57:38] WARNING: Reached stop point at tweet from 2013-12-21 19:29:18+00:00
[2025-07-13 17:57:38] WARNING: Retrieved 0 new tweets on page 1
[2025-07-13 17:57:38] WARNING: Stopping pagination as we've reached the stop point
[2025-07-13 17:57:38] WARNING: Retrieved a total of 0 tweets across 1 pages
[2025-07-13 17:57:38] WARNING: No new tweets found with trust commands. Exiting without error.
[2025-07-13 17:57:38] WARNING: Collection complete!
[2025-07-13 17:57:38] WARNING: - 0 trust assignments processed
[2025-07-13 17:57:38] WARNING: - 2 users in trust network
[2025-07-13 17:57:38] WARNING: - 31 total trust relationships
[2025-07-13 18:07:34] WARNING: === Starting Twitter Trust System Collection ===
[2025-07-13 18:07:34] WARNING: Will collect tweets until reaching previous timestamp: 2025-05-12 06:54:05+00:00
[2025-07-13 18:07:34] WARNING: Retrieving page 1...
[2025-07-13 18:07:41] WARNING: Newest tweet is from: 2013-12-21 19:29:18+00:00
[2025-07-13 18:07:41] WARNING: Reached stop point at tweet from 2013-12-21 19:29:18+00:00
[2025-07-13 18:07:41] WARNING: Retrieved 0 new tweets on page 1
[2025-07-13 18:07:41] WARNING: Stopping pagination as we've reached the stop point
[2025-07-13 18:07:41] WARNING: Retrieved a total of 0 tweets across 1 pages
[2025-07-13 18:07:41] WARNING: No new tweets found with trust commands. Exiting without error.
[2025-07-13 18:07:41] WARNING: Collection complete!
[2025-07-13 18:07:41] WARNING: - 0 trust assignments processed
[2025-07-13 18:07:41] WARNING: - 2 users in trust network
[2025-07-13 18:07:41] WARNING: - 31 total trust relationships
[2025-07-13 18:17:34] WARNING: === Starting Twitter Trust System Collection ===
[2025-07-13 18:17:34] WARNING: Will collect tweets until reaching previous timestamp: 2025-05-12 06:54:05+00:00
[2025-07-13 18:17:34] WARNING: Retrieving page 1...
[2025-07-13 18:17:35] WARNING: Newest tweet is from: 2013-12-21 19:29:18+00:00
[2025-07-13 18:17:35] WARNING: Reached stop point at tweet from 2013-12-21 19:29:18+00:00
[2025-07-13 18:17:35] WARNING: Retrieved 0 new tweets on page 1
[2025-07-13 18:17:35] WARNING: Stopping pagination as we've reached the stop point
[2025-07-13 18:17:35] WARNING: Retrieved a total of 0 tweets across 1 pages
[2025-07-13 18:17:35] WARNING: No new tweets found with trust commands. Exiting without error.
[2025-07-13 18:17:35] WARNING: Collection complete!
[2025-07-13 18:17:35] WARNING: - 0 trust assignments processed
[2025-07-13 18:17:35] WARNING: - 2 users in trust network
[2025-07-13 18:17:35] WARNING: - 31 total trust relationships
[2025-07-13 18:27:34] WARNING: === Starting Twitter Trust System Collection ===
[2025-07-13 18:27:34] WARNING: Will collect tweets until reaching previous timestamp: 2025-05-12 06:54:05+00:00
[2025-07-13 18:27:34] WARNING: Retrieving page 1...
[2025-07-13 18:27:37] WARNING: Newest tweet is from: 2013-12-21 19:29:18+00:00
[2025-07-13 18:27:37] WARNING: Reached stop point at tweet from 2013-12-21 19:29:18+00:00
[2025-07-13 18:27:37] WARNING: Retrieved 0 new tweets on page 1
[2025-07-13 18:27:37] WARNING: Stopping pagination as we've reached the stop point
[2025-07-13 18:27:37] WARNING: Retrieved a total of 0 tweets across 1 pages
[2025-07-13 18:27:37] WARNING: No new tweets found with trust commands. Exiting without error.
[2025-07-13 18:27:37] WARNING: Collection complete!
[2025-07-13 18:27:37] WARNING: - 0 trust assignments processed
[2025-07-13 18:27:37] WARNING: - 2 users in trust network
[2025-07-13 18:27:37] WARNING: - 31 total trust relationships
[2025-07-13 18:37:34] WARNING: === Starting Twitter Trust System Collection ===
[2025-07-13 18:37:34] WARNING: Will collect tweets until reaching previous timestamp: 2025-05-12 06:54:05+00:00
[2025-07-13 18:37:34] WARNING: Retrieving page 1...
[2025-07-13 18:37:36] WARNING: Newest tweet is from: 2013-12-21 19:29:18+00:00
[2025-07-13 18:37:36] WARNING: Reached stop point at tweet from 2013-12-21 19:29:18+00:00
[2025-07-13 18:37:36] WARNING: Retrieved 0 new tweets on page 1
[2025-07-13 18:37:36] WARNING: Stopping pagination as we've reached the stop point
[2025-07-13 18:37:36] WARNING: Retrieved a total of 0 tweets across 1 pages
[2025-07-13 18:37:36] WARNING: No new tweets found with trust commands. Exiting without error.
[2025-07-13 18:37:36] WARNING: Collection complete!
[2025-07-13 18:37:36] WARNING: - 0 trust assignments processed
[2025-07-13 18:37:36] WARNING: - 2 users in trust network
[2025-07-13 18:37:36] WARNING: - 31 total trust relationships
[2025-07-13 18:47:34] WARNING: === Starting Twitter Trust System Collection ===
[2025-07-13 18:47:34] WARNING: Will collect tweets until reaching previous timestamp: 2025-05-12 06:54:05+00:00
[2025-07-13 18:47:34] WARNING: Retrieving page 1...
[2025-07-13 18:47:36] WARNING: Newest tweet is from: 2013-12-21 19:29:18+00:00
[2025-07-13 18:47:36] WARNING: Reached stop point at tweet from 2013-12-21 19:29:18+00:00
[2025-07-13 18:47:36] WARNING: Retrieved 0 new tweets on page 1
[2025-07-13 18:47:36] WARNING: Stopping pagination as we've reached the stop point
[2025-07-13 18:47:36] WARNING: Retrieved a total of 0 tweets across 1 pages
[2025-07-13 18:47:36] WARNING: No new tweets found with trust commands. Exiting without error.
[2025-07-13 18:47:36] WARNING: Collection complete!
[2025-07-13 18:47:36] WARNING: - 0 trust assignments processed
[2025-07-13 18:47:36] WARNING: - 2 users in trust network
[2025-07-13 18:47:36] WARNING: - 31 total trust relationships
[2025-07-13 18:57:34] WARNING: === Starting Twitter Trust System Collection ===
[2025-07-13 18:57:34] WARNING: Will collect tweets until reaching previous timestamp: 2025-05-12 06:54:05+00:00
[2025-07-13 18:57:34] WARNING: Retrieving page 1...
[2025-07-13 18:57:35] WARNING: Newest tweet is from: 2013-12-21 19:29:18+00:00
[2025-07-13 18:57:35] WARNING: Reached stop point at tweet from 2013-12-21 19:29:18+00:00
[2025-07-13 18:57:35] WARNING: Retrieved 0 new tweets on page 1
[2025-07-13 18:57:35] WARNING: Stopping pagination as we've reached the stop point
[2025-07-13 18:57:35] WARNING: Retrieved a total of 0 tweets across 1 pages
[2025-07-13 18:57:35] WARNING: No new tweets found with trust commands. Exiting without error.
[2025-07-13 18:57:35] WARNING: Collection complete!
[2025-07-13 18:57:35] WARNING: - 0 trust assignments processed
[2025-07-13 18:57:35] WARNING: - 2 users in trust network
[2025-07-13 18:57:35] WARNING: - 31 total trust relationships
[2025-07-13 19:07:34] WARNING: === Starting Twitter Trust System Collection ===
[2025-07-13 19:07:34] WARNING: Will collect tweets until reaching previous timestamp: 2025-05-12 06:54:05+00:00
[2025-07-13 19:07:34] WARNING: Retrieving page 1...
[2025-07-13 19:07:35] WARNING: Newest tweet is from: 2013-12-21 19:29:18+00:00
[2025-07-13 19:07:35] WARNING: Reached stop point at tweet from 2013-12-21 19:29:18+00:00
[2025-07-13 19:07:35] WARNING: Retrieved 0 new tweets on page 1
[2025-07-13 19:07:35] WARNING: Stopping pagination as we've reached the stop point
[2025-07-13 19:07:35] WARNING: Retrieved a total of 0 tweets across 1 pages
[2025-07-13 19:07:35] WARNING: No new tweets found with trust commands. Exiting without error.
[2025-07-13 19:07:35] WARNING: Collection complete!
[2025-07-13 19:07:35] WARNING: - 0 trust assignments processed
[2025-07-13 19:07:35] WARNING: - 2 users in trust network
[2025-07-13 19:07:35] WARNING: - 31 total trust relationships
[2025-07-13 19:17:34] WARNING: === Starting Twitter Trust System Collection ===
[2025-07-13 19:17:34] WARNING: Will collect tweets until reaching previous timestamp: 2025-05-12 06:54:05+00:00
[2025-07-13 19:17:34] WARNING: Retrieving page 1...
[2025-07-13 19:17:35] WARNING: Newest tweet is from: 2013-12-21 19:29:18+00:00
[2025-07-13 19:17:35] WARNING: Reached stop point at tweet from 2013-12-21 19:29:18+00:00
[2025-07-13 19:17:35] WARNING: Retrieved 0 new tweets on page 1
[2025-07-13 19:17:35] WARNING: Stopping pagination as we've reached the stop point
[2025-07-13 19:17:35] WARNING: Retrieved a total of 0 tweets across 1 pages
[2025-07-13 19:17:35] WARNING: No new tweets found with trust commands. Exiting without error.
[2025-07-13 19:17:35] WARNING: Collection complete!
[2025-07-13 19:17:35] WARNING: - 0 trust assignments processed
[2025-07-13 19:17:35] WARNING: - 2 users in trust network
[2025-07-13 19:17:35] WARNING: - 31 total trust relationships
[2025-07-13 19:27:34] WARNING: === Starting Twitter Trust System Collection ===
[2025-07-13 19:27:34] WARNING: Will collect tweets until reaching previous timestamp: 2025-05-12 06:54:05+00:00
[2025-07-13 19:27:34] WARNING: Retrieving page 1...
[2025-07-13 19:27:35] WARNING: Newest tweet is from: 2013-12-21 19:29:18+00:00
[2025-07-13 19:27:35] WARNING: Reached stop point at tweet from 2013-12-21 19:29:18+00:00
[2025-07-13 19:27:35] WARNING: Retrieved 0 new tweets on page 1
[2025-07-13 19:27:35] WARNING: Stopping pagination as we've reached the stop point
[2025-07-13 19:27:35] WARNING: Retrieved a total of 0 tweets across 1 pages
[2025-07-13 19:27:35] WARNING: No new tweets found with trust commands. Exiting without error.
[2025-07-13 19:27:35] WARNING: Collection complete!
[2025-07-13 19:27:35] WARNING: - 0 trust assignments processed
[2025-07-13 19:27:35] WARNING: - 2 users in trust network
[2025-07-13 19:27:35] WARNING: - 31 total trust relationships
[2025-07-13 19:37:34] WARNING: === Starting Twitter Trust System Collection ===
[2025-07-13 19:37:34] WARNING: Will collect tweets until reaching previous timestamp: 2025-05-12 06:54:05+00:00
[2025-07-13 19:37:34] WARNING: Retrieving page 1...
[2025-07-13 19:37:35] WARNING: Newest tweet is from: 2025-05-12 06:54:05+00:00
[2025-07-13 19:37:35] WARNING: Reached stop point at tweet from 2025-05-12 06:54:05+00:00
[2025-07-13 19:37:35] WARNING: Retrieved 0 new tweets on page 1
[2025-07-13 19:37:35] WARNING: Stopping pagination as we've reached the stop point
[2025-07-13 19:37:35] WARNING: Retrieved a total of 0 tweets across 1 pages
[2025-07-13 19:37:35] WARNING: No new tweets found with trust commands. Exiting without error.
[2025-07-13 19:37:35] WARNING: Collection complete!
[2025-07-13 19:37:35] WARNING: - 0 trust assignments processed
[2025-07-13 19:37:35] WARNING: - 2 users in trust network
[2025-07-13 19:37:35] WARNING: - 31 total trust relationships
[2025-07-13 19:47:34] WARNING: === Starting Twitter Trust System Collection ===
[2025-07-13 19:47:34] WARNING: Will collect tweets until reaching previous timestamp: 2025-05-12 06:54:05+00:00
[2025-07-13 19:47:34] WARNING: Retrieving page 1...
[2025-07-13 19:47:37] WARNING: Newest tweet is from: 2013-12-21 19:29:18+00:00
[2025-07-13 19:47:37] WARNING: Reached stop point at tweet from 2013-12-21 19:29:18+00:00
[2025-07-13 19:47:37] WARNING: Retrieved 0 new tweets on page 1
[2025-07-13 19:47:37] WARNING: Stopping pagination as we've reached the stop point
[2025-07-13 19:47:37] WARNING: Retrieved a total of 0 tweets across 1 pages
[2025-07-13 19:47:37] WARNING: No new tweets found with trust commands. Exiting without error.
[2025-07-13 19:47:37] WARNING: Collection complete!
[2025-07-13 19:47:37] WARNING: - 0 trust assignments processed
[2025-07-13 19:47:37] WARNING: - 2 users in trust network
[2025-07-13 19:47:37] WARNING: - 31 total trust relationships
[2025-07-13 19:57:34] WARNING: === Starting Twitter Trust System Collection ===
[2025-07-13 19:57:34] WARNING: Will collect tweets until reaching previous timestamp: 2025-05-12 06:54:05+00:00
[2025-07-13 19:57:34] WARNING: Retrieving page 1...
[2025-07-13 19:57:36] WARNING: Newest tweet is from: 2013-12-21 19:29:18+00:00
[2025-07-13 19:57:36] WARNING: Reached stop point at tweet from 2013-12-21 19:29:18+00:00
[2025-07-13 19:57:36] WARNING: Retrieved 0 new tweets on page 1
[2025-07-13 19:57:36] WARNING: Stopping pagination as we've reached the stop point
[2025-07-13 19:57:36] WARNING: Retrieved a total of 0 tweets across 1 pages
[2025-07-13 19:57:36] WARNING: No new tweets found with trust commands. Exiting without error.
[2025-07-13 19:57:36] WARNING: Collection complete!
[2025-07-13 19:57:36] WARNING: - 0 trust assignments processed
[2025-07-13 19:57:36] WARNING: - 2 users in trust network
[2025-07-13 19:57:36] WARNING: - 31 total trust relationships
[2025-07-13 20:07:34] WARNING: === Starting Twitter Trust System Collection ===
[2025-07-13 20:07:34] WARNING: Will collect tweets until reaching previous timestamp: 2025-05-12 06:54:05+00:00
[2025-07-13 20:07:34] WARNING: Retrieving page 1...
[2025-07-13 20:07:36] WARNING: Newest tweet is from: 2013-12-21 19:29:18+00:00
[2025-07-13 20:07:36] WARNING: Reached stop point at tweet from 2013-12-21 19:29:18+00:00
[2025-07-13 20:07:36] WARNING: Retrieved 0 new tweets on page 1
[2025-07-13 20:07:36] WARNING: Stopping pagination as we've reached the stop point
[2025-07-13 20:07:36] WARNING: Retrieved a total of 0 tweets across 1 pages
[2025-07-13 20:07:36] WARNING: No new tweets found with trust commands. Exiting without error.
[2025-07-13 20:07:36] WARNING: Collection complete!
[2025-07-13 20:07:36] WARNING: - 0 trust assignments processed
[2025-07-13 20:07:36] WARNING: - 2 users in trust network
[2025-07-13 20:07:36] WARNING: - 31 total trust relationships
[2025-07-13 20:17:34] WARNING: === Starting Twitter Trust System Collection ===
[2025-07-13 20:17:34] WARNING: Will collect tweets until reaching previous timestamp: 2025-05-12 06:54:05+00:00
[2025-07-13 20:17:34] WARNING: Retrieving page 1...
[2025-07-13 20:17:35] WARNING: Newest tweet is from: 2013-12-21 19:29:18+00:00
[2025-07-13 20:17:35] WARNING: Reached stop point at tweet from 2013-12-21 19:29:18+00:00
[2025-07-13 20:17:35] WARNING: Retrieved 0 new tweets on page 1
[2025-07-13 20:17:35] WARNING: Stopping pagination as we've reached the stop point
[2025-07-13 20:17:35] WARNING: Retrieved a total of 0 tweets across 1 pages
[2025-07-13 20:17:35] WARNING: No new tweets found with trust commands. Exiting without error.
[2025-07-13 20:17:35] WARNING: Collection complete!
[2025-07-13 20:17:35] WARNING: - 0 trust assignments processed
[2025-07-13 20:17:35] WARNING: - 2 users in trust network
[2025-07-13 20:17:35] WARNING: - 31 total trust relationships
[2025-07-13 20:27:34] WARNING: === Starting Twitter Trust System Collection ===
[2025-07-13 20:27:34] WARNING: Will collect tweets until reaching previous timestamp: 2025-05-12 06:54:05+00:00
[2025-07-13 20:27:34] WARNING: Retrieving page 1...
[2025-07-13 20:27:36] WARNING: Newest tweet is from: 2013-12-21 19:29:18+00:00
[2025-07-13 20:27:36] WARNING: Reached stop point at tweet from 2013-12-21 19:29:18+00:00
[2025-07-13 20:27:36] WARNING: Retrieved 0 new tweets on page 1
[2025-07-13 20:27:36] WARNING: Stopping pagination as we've reached the stop point
[2025-07-13 20:27:36] WARNING: Retrieved a total of 0 tweets across 1 pages
[2025-07-13 20:27:36] WARNING: No new tweets found with trust commands. Exiting without error.
[2025-07-13 20:27:36] WARNING: Collection complete!
[2025-07-13 20:27:36] WARNING: - 0 trust assignments processed
[2025-07-13 20:27:36] WARNING: - 2 users in trust network
[2025-07-13 20:27:36] WARNING: - 31 total trust relationships
[2025-07-13 20:37:34] WARNING: === Starting Twitter Trust System Collection ===
[2025-07-13 20:37:34] WARNING: Will collect tweets until reaching previous timestamp: 2025-05-12 06:54:05+00:00
[2025-07-13 20:37:34] WARNING: Retrieving page 1...
[2025-07-13 20:37:35] WARNING: Newest tweet is from: 2013-12-21 19:29:18+00:00
[2025-07-13 20:37:35] WARNING: Reached stop point at tweet from 2013-12-21 19:29:18+00:00
[2025-07-13 20:37:35] WARNING: Retrieved 0 new tweets on page 1
[2025-07-13 20:37:35] WARNING: Stopping pagination as we've reached the stop point
[2025-07-13 20:37:35] WARNING: Retrieved a total of 0 tweets across 1 pages
[2025-07-13 20:37:35] WARNING: No new tweets found with trust commands. Exiting without error.
[2025-07-13 20:37:35] WARNING: Collection complete!
[2025-07-13 20:37:35] WARNING: - 0 trust assignments processed
[2025-07-13 20:37:35] WARNING: - 2 users in trust network
[2025-07-13 20:37:35] WARNING: - 31 total trust relationships
[2025-07-13 20:47:34] WARNING: === Starting Twitter Trust System Collection ===
[2025-07-13 20:47:34] WARNING: Will collect tweets until reaching previous timestamp: 2025-05-12 06:54:05+00:00
[2025-07-13 20:47:34] WARNING: Retrieving page 1...
[2025-07-13 20:47:36] WARNING: Newest tweet is from: 2013-12-21 19:29:18+00:00
[2025-07-13 20:47:36] WARNING: Reached stop point at tweet from 2013-12-21 19:29:18+00:00
[2025-07-13 20:47:36] WARNING: Retrieved 0 new tweets on page 1
[2025-07-13 20:47:36] WARNING: Stopping pagination as we've reached the stop point
[2025-07-13 20:47:36] WARNING: Retrieved a total of 0 tweets across 1 pages
[2025-07-13 20:47:36] WARNING: No new tweets found with trust commands. Exiting without error.
[2025-07-13 20:47:36] WARNING: Collection complete!
[2025-07-13 20:47:36] WARNING: - 0 trust assignments processed
[2025-07-13 20:47:36] WARNING: - 2 users in trust network
[2025-07-13 20:47:36] WARNING: - 31 total trust relationships
[2025-07-13 20:57:34] WARNING: === Starting Twitter Trust System Collection ===
[2025-07-13 20:57:34] WARNING: Will collect tweets until reaching previous timestamp: 2025-05-12 06:54:05+00:00
[2025-07-13 20:57:34] WARNING: Retrieving page 1...
[2025-07-13 20:57:36] WARNING: Newest tweet is from: 2013-12-21 19:29:18+00:00
[2025-07-13 20:57:36] WARNING: Reached stop point at tweet from 2013-12-21 19:29:18+00:00
[2025-07-13 20:57:36] WARNING: Retrieved 0 new tweets on page 1
[2025-07-13 20:57:36] WARNING: Stopping pagination as we've reached the stop point
[2025-07-13 20:57:36] WARNING: Retrieved a total of 0 tweets across 1 pages
[2025-07-13 20:57:36] WARNING: No new tweets found with trust commands. Exiting without error.
[2025-07-13 20:57:36] WARNING: Collection complete!
[2025-07-13 20:57:36] WARNING: - 0 trust assignments processed
[2025-07-13 20:57:36] WARNING: - 2 users in trust network
[2025-07-13 20:57:36] WARNING: - 31 total trust relationships
[2025-07-13 21:07:34] WARNING: === Starting Twitter Trust System Collection ===
[2025-07-13 21:07:34] WARNING: Will collect tweets until reaching previous timestamp: 2025-05-12 06:54:05+00:00
[2025-07-13 21:07:34] WARNING: Retrieving page 1...
[2025-07-13 21:07:35] WARNING: Newest tweet is from: 2013-12-21 19:29:18+00:00
[2025-07-13 21:07:35] WARNING: Reached stop point at tweet from 2013-12-21 19:29:18+00:00
[2025-07-13 21:07:35] WARNING: Retrieved 0 new tweets on page 1
[2025-07-13 21:07:35] WARNING: Stopping pagination as we've reached the stop point
[2025-07-13 21:07:35] WARNING: Retrieved a total of 0 tweets across 1 pages
[2025-07-13 21:07:35] WARNING: No new tweets found with trust commands. Exiting without error.
[2025-07-13 21:07:35] WARNING: Collection complete!
[2025-07-13 21:07:35] WARNING: - 0 trust assignments processed
[2025-07-13 21:07:35] WARNING: - 2 users in trust network
[2025-07-13 21:07:35] WARNING: - 31 total trust relationships
[2025-07-13 21:17:34] WARNING: === Starting Twitter Trust System Collection ===
[2025-07-13 21:17:34] WARNING: Will collect tweets until reaching previous timestamp: 2025-05-12 06:54:05+00:00
[2025-07-13 21:17:34] WARNING: Retrieving page 1...
[2025-07-13 21:17:36] WARNING: Newest tweet is from: 2013-12-21 19:29:18+00:00
[2025-07-13 21:17:36] WARNING: Reached stop point at tweet from 2013-12-21 19:29:18+00:00
[2025-07-13 21:17:36] WARNING: Retrieved 0 new tweets on page 1
[2025-07-13 21:17:36] WARNING: Stopping pagination as we've reached the stop point
[2025-07-13 21:17:36] WARNING: Retrieved a total of 0 tweets across 1 pages
[2025-07-13 21:17:36] WARNING: No new tweets found with trust commands. Exiting without error.
[2025-07-13 21:17:36] WARNING: Collection complete!
[2025-07-13 21:17:36] WARNING: - 0 trust assignments processed
[2025-07-13 21:17:36] WARNING: - 2 users in trust network
[2025-07-13 21:17:36] WARNING: - 31 total trust relationships
[2025-07-13 21:27:34] WARNING: === Starting Twitter Trust System Collection ===
[2025-07-13 21:27:34] WARNING: Will collect tweets until reaching previous timestamp: 2025-05-12 06:54:05+00:00
[2025-07-13 21:27:34] WARNING: Retrieving page 1...
[2025-07-13 21:27:35] WARNING: Newest tweet is from: 2013-12-21 19:29:18+00:00
[2025-07-13 21:27:35] WARNING: Reached stop point at tweet from 2013-12-21 19:29:18+00:00
[2025-07-13 21:27:35] WARNING: Retrieved 0 new tweets on page 1
[2025-07-13 21:27:35] WARNING: Stopping pagination as we've reached the stop point
[2025-07-13 21:27:35] WARNING: Retrieved a total of 0 tweets across 1 pages
[2025-07-13 21:27:35] WARNING: No new tweets found with trust commands. Exiting without error.
[2025-07-13 21:27:35] WARNING: Collection complete!
[2025-07-13 21:27:35] WARNING: - 0 trust assignments processed
[2025-07-13 21:27:35] WARNING: - 2 users in trust network
[2025-07-13 21:27:35] WARNING: - 31 total trust relationships
[2025-07-13 21:37:34] WARNING: === Starting Twitter Trust System Collection ===
[2025-07-13 21:37:34] WARNING: Will collect tweets until reaching previous timestamp: 2025-05-12 06:54:05+00:00
[2025-07-13 21:37:34] WARNING: Retrieving page 1...
[2025-07-13 21:37:36] WARNING: Newest tweet is from: 2013-12-21 19:29:18+00:00
[2025-07-13 21:37:36] WARNING: Reached stop point at tweet from 2013-12-21 19:29:18+00:00
[2025-07-13 21:37:36] WARNING: Retrieved 0 new tweets on page 1
[2025-07-13 21:37:36] WARNING: Stopping pagination as we've reached the stop point
[2025-07-13 21:37:36] WARNING: Retrieved a total of 0 tweets across 1 pages
[2025-07-13 21:37:36] WARNING: No new tweets found with trust commands. Exiting without error.
[2025-07-13 21:37:36] WARNING: Collection complete!
[2025-07-13 21:37:36] WARNING: - 0 trust assignments processed
[2025-07-13 21:37:36] WARNING: - 2 users in trust network
[2025-07-13 21:37:36] WARNING: - 31 total trust relationships
[2025-07-13 21:47:34] WARNING: === Starting Twitter Trust System Collection ===
[2025-07-13 21:47:34] WARNING: Will collect tweets until reaching previous timestamp: 2025-05-12 06:54:05+00:00
[2025-07-13 21:47:34] WARNING: Retrieving page 1...
[2025-07-13 21:47:36] WARNING: Newest tweet is from: 2013-12-21 19:29:18+00:00
[2025-07-13 21:47:36] WARNING: Reached stop point at tweet from 2013-12-21 19:29:18+00:00
[2025-07-13 21:47:36] WARNING: Retrieved 0 new tweets on page 1
[2025-07-13 21:47:36] WARNING: Stopping pagination as we've reached the stop point
[2025-07-13 21:47:36] WARNING: Retrieved a total of 0 tweets across 1 pages
[2025-07-13 21:47:36] WARNING: No new tweets found with trust commands. Exiting without error.
[2025-07-13 21:47:36] WARNING: Collection complete!
[2025-07-13 21:47:36] WARNING: - 0 trust assignments processed
[2025-07-13 21:47:36] WARNING: - 2 users in trust network
[2025-07-13 21:47:36] WARNING: - 31 total trust relationships
[2025-07-13 21:57:34] WARNING: === Starting Twitter Trust System Collection ===
[2025-07-13 21:57:34] WARNING: Will collect tweets until reaching previous timestamp: 2025-05-12 06:54:05+00:00
[2025-07-13 21:57:34] WARNING: Retrieving page 1...
[2025-07-13 21:57:35] WARNING: Newest tweet is from: 2013-12-21 19:29:18+00:00
[2025-07-13 21:57:35] WARNING: Reached stop point at tweet from 2013-12-21 19:29:18+00:00
[2025-07-13 21:57:35] WARNING: Retrieved 0 new tweets on page 1
[2025-07-13 21:57:35] WARNING: Stopping pagination as we've reached the stop point
[2025-07-13 21:57:35] WARNING: Retrieved a total of 0 tweets across 1 pages
[2025-07-13 21:57:35] WARNING: No new tweets found with trust commands. Exiting without error.
[2025-07-13 21:57:35] WARNING: Collection complete!
[2025-07-13 21:57:35] WARNING: - 0 trust assignments processed
[2025-07-13 21:57:35] WARNING: - 2 users in trust network
[2025-07-13 21:57:35] WARNING: - 31 total trust relationships
[2025-07-13 22:07:34] WARNING: === Starting Twitter Trust System Collection ===
[2025-07-13 22:07:34] WARNING: Will collect tweets until reaching previous timestamp: 2025-05-12 06:54:05+00:00
[2025-07-13 22:07:34] WARNING: Retrieving page 1...
[2025-07-13 22:07:36] WARNING: Newest tweet is from: 2013-12-21 19:29:18+00:00
[2025-07-13 22:07:36] WARNING: Reached stop point at tweet from 2013-12-21 19:29:18+00:00
[2025-07-13 22:07:36] WARNING: Retrieved 0 new tweets on page 1
[2025-07-13 22:07:36] WARNING: Stopping pagination as we've reached the stop point
[2025-07-13 22:07:36] WARNING: Retrieved a total of 0 tweets across 1 pages
[2025-07-13 22:07:36] WARNING: No new tweets found with trust commands. Exiting without error.
[2025-07-13 22:07:36] WARNING: Collection complete!
[2025-07-13 22:07:36] WARNING: - 0 trust assignments processed
[2025-07-13 22:07:36] WARNING: - 2 users in trust network
[2025-07-13 22:07:36] WARNING: - 31 total trust relationships
[2025-07-13 22:17:34] WARNING: === Starting Twitter Trust System Collection ===
[2025-07-13 22:17:34] WARNING: Will collect tweets until reaching previous timestamp: 2025-05-12 06:54:05+00:00
[2025-07-13 22:17:34] WARNING: Retrieving page 1...
[2025-07-13 22:17:36] WARNING: Newest tweet is from: 2013-12-21 19:29:18+00:00
[2025-07-13 22:17:36] WARNING: Reached stop point at tweet from 2013-12-21 19:29:18+00:00
[2025-07-13 22:17:36] WARNING: Retrieved 0 new tweets on page 1
[2025-07-13 22:17:36] WARNING: Stopping pagination as we've reached the stop point
[2025-07-13 22:17:36] WARNING: Retrieved a total of 0 tweets across 1 pages
[2025-07-13 22:17:36] WARNING: No new tweets found with trust commands. Exiting without error.
[2025-07-13 22:17:36] WARNING: Collection complete!
[2025-07-13 22:17:36] WARNING: - 0 trust assignments processed
[2025-07-13 22:17:36] WARNING: - 2 users in trust network
[2025-07-13 22:17:36] WARNING: - 31 total trust relationships
[2025-07-13 22:27:34] WARNING: === Starting Twitter Trust System Collection ===
[2025-07-13 22:27:34] WARNING: Will collect tweets until reaching previous timestamp: 2025-05-12 06:54:05+00:00
[2025-07-13 22:27:34] WARNING: Retrieving page 1...
[2025-07-13 22:27:36] WARNING: Newest tweet is from: 2013-12-21 19:29:18+00:00
[2025-07-13 22:27:36] WARNING: Reached stop point at tweet from 2013-12-21 19:29:18+00:00
[2025-07-13 22:27:36] WARNING: Retrieved 0 new tweets on page 1
[2025-07-13 22:27:36] WARNING: Stopping pagination as we've reached the stop point
[2025-07-13 22:27:36] WARNING: Retrieved a total of 0 tweets across 1 pages
[2025-07-13 22:27:36] WARNING: No new tweets found with trust commands. Exiting without error.
[2025-07-13 22:27:36] WARNING: Collection complete!
[2025-07-13 22:27:36] WARNING: - 0 trust assignments processed
[2025-07-13 22:27:36] WARNING: - 2 users in trust network
[2025-07-13 22:27:36] WARNING: - 31 total trust relationships
[2025-07-13 22:37:34] WARNING: === Starting Twitter Trust System Collection ===
[2025-07-13 22:37:34] WARNING: Will collect tweets until reaching previous timestamp: 2025-05-12 06:54:05+00:00
[2025-07-13 22:37:34] WARNING: Retrieving page 1...
[2025-07-13 22:37:36] WARNING: Newest tweet is from: 2013-12-21 19:29:18+00:00
[2025-07-13 22:37:36] WARNING: Reached stop point at tweet from 2013-12-21 19:29:18+00:00
[2025-07-13 22:37:36] WARNING: Retrieved 0 new tweets on page 1
[2025-07-13 22:37:36] WARNING: Stopping pagination as we've reached the stop point
[2025-07-13 22:37:36] WARNING: Retrieved a total of 0 tweets across 1 pages
[2025-07-13 22:37:36] WARNING: No new tweets found with trust commands. Exiting without error.
[2025-07-13 22:37:36] WARNING: Collection complete!
[2025-07-13 22:37:36] WARNING: - 0 trust assignments processed
[2025-07-13 22:37:36] WARNING: - 2 users in trust network
[2025-07-13 22:37:36] WARNING: - 31 total trust relationships
[2025-07-13 22:47:34] WARNING: === Starting Twitter Trust System Collection ===
[2025-07-13 22:47:34] WARNING: Will collect tweets until reaching previous timestamp: 2025-05-12 06:54:05+00:00
[2025-07-13 22:47:34] WARNING: Retrieving page 1...
[2025-07-13 22:47:36] WARNING: Newest tweet is from: 2013-12-21 19:29:18+00:00
[2025-07-13 22:47:36] WARNING: Reached stop point at tweet from 2013-12-21 19:29:18+00:00
[2025-07-13 22:47:36] WARNING: Retrieved 0 new tweets on page 1
[2025-07-13 22:47:36] WARNING: Stopping pagination as we've reached the stop point
[2025-07-13 22:47:36] WARNING: Retrieved a total of 0 tweets across 1 pages
[2025-07-13 22:47:36] WARNING: No new tweets found with trust commands. Exiting without error.
[2025-07-13 22:47:36] WARNING: Collection complete!
[2025-07-13 22:47:36] WARNING: - 0 trust assignments processed
[2025-07-13 22:47:36] WARNING: - 2 users in trust network
[2025-07-13 22:47:36] WARNING: - 31 total trust relationships
[2025-07-13 22:57:34] WARNING: === Starting Twitter Trust System Collection ===
[2025-07-13 22:57:34] WARNING: Will collect tweets until reaching previous timestamp: 2025-05-12 06:54:05+00:00
[2025-07-13 22:57:34] WARNING: Retrieving page 1...
[2025-07-13 22:57:35] WARNING: Newest tweet is from: 2013-12-21 19:29:18+00:00
[2025-07-13 22:57:35] WARNING: Reached stop point at tweet from 2013-12-21 19:29:18+00:00
[2025-07-13 22:57:35] WARNING: Retrieved 0 new tweets on page 1
[2025-07-13 22:57:35] WARNING: Stopping pagination as we've reached the stop point
[2025-07-13 22:57:35] WARNING: Retrieved a total of 0 tweets across 1 pages
[2025-07-13 22:57:35] WARNING: No new tweets found with trust commands. Exiting without error.
[2025-07-13 22:57:35] WARNING: Collection complete!
[2025-07-13 22:57:35] WARNING: - 0 trust assignments processed
[2025-07-13 22:57:35] WARNING: - 2 users in trust network
[2025-07-13 22:57:35] WARNING: - 31 total trust relationships
[2025-07-13 23:07:34] WARNING: === Starting Twitter Trust System Collection ===
[2025-07-13 23:07:34] WARNING: Will collect tweets until reaching previous timestamp: 2025-05-12 06:54:05+00:00
[2025-07-13 23:07:34] WARNING: Retrieving page 1...
[2025-07-13 23:07:35] WARNING: Newest tweet is from: 2013-12-21 19:29:18+00:00
[2025-07-13 23:07:35] WARNING: Reached stop point at tweet from 2013-12-21 19:29:18+00:00
[2025-07-13 23:07:35] WARNING: Retrieved 0 new tweets on page 1
[2025-07-13 23:07:35] WARNING: Stopping pagination as we've reached the stop point
[2025-07-13 23:07:35] WARNING: Retrieved a total of 0 tweets across 1 pages
[2025-07-13 23:07:35] WARNING: No new tweets found with trust commands. Exiting without error.
[2025-07-13 23:07:35] WARNING: Collection complete!
[2025-07-13 23:07:35] WARNING: - 0 trust assignments processed
[2025-07-13 23:07:35] WARNING: - 2 users in trust network
[2025-07-13 23:07:35] WARNING: - 31 total trust relationships
[2025-07-13 23:17:34] WARNING: === Starting Twitter Trust System Collection ===
[2025-07-13 23:17:34] WARNING: Will collect tweets until reaching previous timestamp: 2025-05-12 06:54:05+00:00
[2025-07-13 23:17:34] WARNING: Retrieving page 1...
[2025-07-13 23:17:35] WARNING: Newest tweet is from: 2013-12-21 19:29:18+00:00
[2025-07-13 23:17:35] WARNING: Reached stop point at tweet from 2013-12-21 19:29:18+00:00
[2025-07-13 23:17:35] WARNING: Retrieved 0 new tweets on page 1
[2025-07-13 23:17:35] WARNING: Stopping pagination as we've reached the stop point
[2025-07-13 23:17:35] WARNING: Retrieved a total of 0 tweets across 1 pages
[2025-07-13 23:17:35] WARNING: No new tweets found with trust commands. Exiting without error.
[2025-07-13 23:17:35] WARNING: Collection complete!
[2025-07-13 23:17:35] WARNING: - 0 trust assignments processed
[2025-07-13 23:17:35] WARNING: - 2 users in trust network
[2025-07-13 23:17:35] WARNING: - 31 total trust relationships
[2025-07-13 23:27:33] WARNING: === Starting Twitter Trust System Collection ===
[2025-07-13 23:27:33] WARNING: Will collect tweets until reaching previous timestamp: 2025-05-12 06:54:05+00:00
[2025-07-13 23:27:33] WARNING: Retrieving page 1...
[2025-07-13 23:27:35] WARNING: Newest tweet is from: 2013-12-21 19:29:18+00:00
[2025-07-13 23:27:35] WARNING: Reached stop point at tweet from 2013-12-21 19:29:18+00:00
[2025-07-13 23:27:35] WARNING: Retrieved 0 new tweets on page 1
[2025-07-13 23:27:35] WARNING: Stopping pagination as we've reached the stop point
[2025-07-13 23:27:35] WARNING: Retrieved a total of 0 tweets across 1 pages
[2025-07-13 23:27:35] WARNING: No new tweets found with trust commands. Exiting without error.
[2025-07-13 23:27:35] WARNING: Collection complete!
[2025-07-13 23:27:35] WARNING: - 0 trust assignments processed
[2025-07-13 23:27:35] WARNING: - 2 users in trust network
[2025-07-13 23:27:35] WARNING: - 31 total trust relationships
[2025-07-13 23:37:33] WARNING: === Starting Twitter Trust System Collection ===
[2025-07-13 23:37:33] WARNING: Will collect tweets until reaching previous timestamp: 2025-05-12 06:54:05+00:00
[2025-07-13 23:37:33] WARNING: Retrieving page 1...
[2025-07-13 23:37:35] WARNING: Newest tweet is from: 2013-12-21 19:29:18+00:00
[2025-07-13 23:37:35] WARNING: Reached stop point at tweet from 2013-12-21 19:29:18+00:00
[2025-07-13 23:37:35] WARNING: Retrieved 0 new tweets on page 1
[2025-07-13 23:37:35] WARNING: Stopping pagination as we've reached the stop point
[2025-07-13 23:37:35] WARNING: Retrieved a total of 0 tweets across 1 pages
[2025-07-13 23:37:35] WARNING: No new tweets found with trust commands. Exiting without error.
[2025-07-13 23:37:35] WARNING: Collection complete!
[2025-07-13 23:37:35] WARNING: - 0 trust assignments processed
[2025-07-13 23:37:35] WARNING: - 2 users in trust network
[2025-07-13 23:37:35] WARNING: - 31 total trust relationships
[2025-07-13 23:47:33] WARNING: === Starting Twitter Trust System Collection ===
[2025-07-13 23:47:33] WARNING: Will collect tweets until reaching previous timestamp: 2025-05-12 06:54:05+00:00
[2025-07-13 23:47:33] WARNING: Retrieving page 1...
[2025-07-13 23:47:35] WARNING: Newest tweet is from: 2013-12-21 19:29:18+00:00
[2025-07-13 23:47:35] WARNING: Reached stop point at tweet from 2013-12-21 19:29:18+00:00
[2025-07-13 23:47:35] WARNING: Retrieved 0 new tweets on page 1
[2025-07-13 23:47:35] WARNING: Stopping pagination as we've reached the stop point
[2025-07-13 23:47:35] WARNING: Retrieved a total of 0 tweets across 1 pages
[2025-07-13 23:47:35] WARNING: No new tweets found with trust commands. Exiting without error.
[2025-07-13 23:47:35] WARNING: Collection complete!
[2025-07-13 23:47:35] WARNING: - 0 trust assignments processed
[2025-07-13 23:47:35] WARNING: - 2 users in trust network
[2025-07-13 23:47:35] WARNING: - 31 total trust relationships
[2025-07-13 23:57:33] WARNING: === Starting Twitter Trust System Collection ===
[2025-07-13 23:57:33] WARNING: Will collect tweets until reaching previous timestamp: 2025-05-12 06:54:05+00:00
[2025-07-13 23:57:33] WARNING: Retrieving page 1...
[2025-07-13 23:57:34] WARNING: Newest tweet is from: 2013-12-21 19:29:18+00:00
[2025-07-13 23:57:34] WARNING: Reached stop point at tweet from 2013-12-21 19:29:18+00:00
[2025-07-13 23:57:34] WARNING: Retrieved 0 new tweets on page 1
[2025-07-13 23:57:34] WARNING: Stopping pagination as we've reached the stop point
[2025-07-13 23:57:34] WARNING: Retrieved a total of 0 tweets across 1 pages
[2025-07-13 23:57:34] WARNING: No new tweets found with trust commands. Exiting without error.
[2025-07-13 23:57:34] WARNING: Collection complete!
[2025-07-13 23:57:34] WARNING: - 0 trust assignments processed
[2025-07-13 23:57:34] WARNING: - 2 users in trust network
[2025-07-13 23:57:34] WARNING: - 31 total trust relationships
[2025-07-14 00:07:33] WARNING: === Starting Twitter Trust System Collection ===
[2025-07-14 00:07:33] WARNING: Will collect tweets until reaching previous timestamp: 2025-05-12 06:54:05+00:00
[2025-07-14 00:07:33] WARNING: Retrieving page 1...
[2025-07-14 00:07:35] WARNING: Newest tweet is from: 2013-12-21 19:29:18+00:00
[2025-07-14 00:07:35] WARNING: Reached stop point at tweet from 2013-12-21 19:29:18+00:00
[2025-07-14 00:07:35] WARNING: Retrieved 0 new tweets on page 1
[2025-07-14 00:07:35] WARNING: Stopping pagination as we've reached the stop point
[2025-07-14 00:07:35] WARNING: Retrieved a total of 0 tweets across 1 pages
[2025-07-14 00:07:35] WARNING: No new tweets found with trust commands. Exiting without error.
[2025-07-14 00:07:35] WARNING: Collection complete!
[2025-07-14 00:07:35] WARNING: - 0 trust assignments processed
[2025-07-14 00:07:35] WARNING: - 2 users in trust network
[2025-07-14 00:07:35] WARNING: - 31 total trust relationships
[2025-07-14 00:17:33] WARNING: === Starting Twitter Trust System Collection ===
[2025-07-14 00:17:33] WARNING: Will collect tweets until reaching previous timestamp: 2025-05-12 06:54:05+00:00
[2025-07-14 00:17:33] WARNING: Retrieving page 1...
[2025-07-14 00:17:38] WARNING: Newest tweet is from: 2013-12-21 19:29:18+00:00
[2025-07-14 00:17:38] WARNING: Reached stop point at tweet from 2013-12-21 19:29:18+00:00
[2025-07-14 00:17:38] WARNING: Retrieved 0 new tweets on page 1
[2025-07-14 00:17:38] WARNING: Stopping pagination as we've reached the stop point
[2025-07-14 00:17:38] WARNING: Retrieved a total of 0 tweets across 1 pages
[2025-07-14 00:17:38] WARNING: No new tweets found with trust commands. Exiting without error.
[2025-07-14 00:17:38] WARNING: Collection complete!
[2025-07-14 00:17:38] WARNING: - 0 trust assignments processed
[2025-07-14 00:17:38] WARNING: - 2 users in trust network
[2025-07-14 00:17:38] WARNING: - 31 total trust relationships
[2025-07-14 00:27:33] WARNING: === Starting Twitter Trust System Collection ===
[2025-07-14 00:27:33] WARNING: Will collect tweets until reaching previous timestamp: 2025-05-12 06:54:05+00:00
[2025-07-14 00:27:33] WARNING: Retrieving page 1...
[2025-07-14 00:27:35] WARNING: Newest tweet is from: 2013-12-21 19:29:18+00:00
[2025-07-14 00:27:35] WARNING: Reached stop point at tweet from 2013-12-21 19:29:18+00:00
[2025-07-14 00:27:35] WARNING: Retrieved 0 new tweets on page 1
[2025-07-14 00:27:35] WARNING: Stopping pagination as we've reached the stop point
[2025-07-14 00:27:35] WARNING: Retrieved a total of 0 tweets across 1 pages
[2025-07-14 00:27:35] WARNING: No new tweets found with trust commands. Exiting without error.
[2025-07-14 00:27:35] WARNING: Collection complete!
[2025-07-14 00:27:35] WARNING: - 0 trust assignments processed
[2025-07-14 00:27:35] WARNING: - 2 users in trust network
[2025-07-14 00:27:35] WARNING: - 31 total trust relationships
[2025-07-14 00:37:33] WARNING: === Starting Twitter Trust System Collection ===
[2025-07-14 00:37:33] WARNING: Will collect tweets until reaching previous timestamp: 2025-05-12 06:54:05+00:00
[2025-07-14 00:37:33] WARNING: Retrieving page 1...
[2025-07-14 00:37:34] WARNING: Newest tweet is from: 2013-12-21 19:29:18+00:00
[2025-07-14 00:37:34] WARNING: Reached stop point at tweet from 2013-12-21 19:29:18+00:00
[2025-07-14 00:37:34] WARNING: Retrieved 0 new tweets on page 1
[2025-07-14 00:37:34] WARNING: Stopping pagination as we've reached the stop point
[2025-07-14 00:37:34] WARNING: Retrieved a total of 0 tweets across 1 pages
[2025-07-14 00:37:34] WARNING: No new tweets found with trust commands. Exiting without error.
[2025-07-14 00:37:34] WARNING: Collection complete!
[2025-07-14 00:37:34] WARNING: - 0 trust assignments processed
[2025-07-14 00:37:34] WARNING: - 2 users in trust network
[2025-07-14 00:37:34] WARNING: - 31 total trust relationships
[2025-07-14 00:47:33] WARNING: === Starting Twitter Trust System Collection ===
[2025-07-14 00:47:33] WARNING: Will collect tweets until reaching previous timestamp: 2025-05-12 06:54:05+00:00
[2025-07-14 00:47:33] WARNING: Retrieving page 1...
[2025-07-14 00:47:35] WARNING: Newest tweet is from: 2013-12-21 19:29:18+00:00
[2025-07-14 00:47:35] WARNING: Reached stop point at tweet from 2013-12-21 19:29:18+00:00
[2025-07-14 00:47:35] WARNING: Retrieved 0 new tweets on page 1
[2025-07-14 00:47:35] WARNING: Stopping pagination as we've reached the stop point
[2025-07-14 00:47:35] WARNING: Retrieved a total of 0 tweets across 1 pages
[2025-07-14 00:47:35] WARNING: No new tweets found with trust commands. Exiting without error.
[2025-07-14 00:47:35] WARNING: Collection complete!
[2025-07-14 00:47:35] WARNING: - 0 trust assignments processed
[2025-07-14 00:47:35] WARNING: - 2 users in trust network
[2025-07-14 00:47:35] WARNING: - 31 total trust relationships
[2025-07-14 00:57:33] WARNING: === Starting Twitter Trust System Collection ===
[2025-07-14 00:57:33] WARNING: Will collect tweets until reaching previous timestamp: 2025-05-12 06:54:05+00:00
[2025-07-14 00:57:33] WARNING: Retrieving page 1...
[2025-07-14 00:57:35] WARNING: Newest tweet is from: 2013-12-21 19:29:18+00:00
[2025-07-14 00:57:35] WARNING: Reached stop point at tweet from 2013-12-21 19:29:18+00:00
[2025-07-14 00:57:35] WARNING: Retrieved 0 new tweets on page 1
[2025-07-14 00:57:35] WARNING: Stopping pagination as we've reached the stop point
[2025-07-14 00:57:35] WARNING: Retrieved a total of 0 tweets across 1 pages
[2025-07-14 00:57:35] WARNING: No new tweets found with trust commands. Exiting without error.
[2025-07-14 00:57:35] WARNING: Collection complete!
[2025-07-14 00:57:35] WARNING: - 0 trust assignments processed
[2025-07-14 00:57:35] WARNING: - 2 users in trust network
[2025-07-14 00:57:35] WARNING: - 31 total trust relationships
[2025-07-14 01:07:33] WARNING: === Starting Twitter Trust System Collection ===
[2025-07-14 01:07:33] WARNING: Will collect tweets until reaching previous timestamp: 2025-05-12 06:54:05+00:00
[2025-07-14 01:07:33] WARNING: Retrieving page 1...
[2025-07-14 01:07:35] WARNING: Newest tweet is from: 2013-12-21 19:29:18+00:00
[2025-07-14 01:07:35] WARNING: Reached stop point at tweet from 2013-12-21 19:29:18+00:00
[2025-07-14 01:07:35] WARNING: Retrieved 0 new tweets on page 1
[2025-07-14 01:07:35] WARNING: Stopping pagination as we've reached the stop point
[2025-07-14 01:07:35] WARNING: Retrieved a total of 0 tweets across 1 pages
[2025-07-14 01:07:35] WARNING: No new tweets found with trust commands. Exiting without error.
[2025-07-14 01:07:35] WARNING: Collection complete!
[2025-07-14 01:07:35] WARNING: - 0 trust assignments processed
[2025-07-14 01:07:35] WARNING: - 2 users in trust network
[2025-07-14 01:07:35] WARNING: - 31 total trust relationships
[2025-07-14 01:17:33] WARNING: === Starting Twitter Trust System Collection ===
[2025-07-14 01:17:33] WARNING: Will collect tweets until reaching previous timestamp: 2025-05-12 06:54:05+00:00
[2025-07-14 01:17:33] WARNING: Retrieving page 1...
[2025-07-14 01:17:34] WARNING: Newest tweet is from: 2013-12-21 19:29:18+00:00
[2025-07-14 01:17:34] WARNING: Reached stop point at tweet from 2013-12-21 19:29:18+00:00
[2025-07-14 01:17:34] WARNING: Retrieved 0 new tweets on page 1
[2025-07-14 01:17:34] WARNING: Stopping pagination as we've reached the stop point
[2025-07-14 01:17:34] WARNING: Retrieved a total of 0 tweets across 1 pages
[2025-07-14 01:17:34] WARNING: No new tweets found with trust commands. Exiting without error.
[2025-07-14 01:17:34] WARNING: Collection complete!
[2025-07-14 01:17:34] WARNING: - 0 trust assignments processed
[2025-07-14 01:17:34] WARNING: - 2 users in trust network
[2025-07-14 01:17:34] WARNING: - 31 total trust relationships
