[2025-07-13 20:57:33] Starting Twitter Trust System update process...
[2025-07-13 20:57:33] Update frequency set to: 10 minutes
[2025-07-13 20:57:33] Collecting trust assignments from Twitter...
[2025-07-13 20:57:36] Warning: Trust assignments file not updated recently (last modified 05/24/2025 07:17:37)
[2025-07-13 17:47:35] WARNING: === Starting Twitter Trust System Collection ===
[2025-07-13 17:47:35] WARNING: Will collect tweets until reaching previous timestamp: 2025-05-12 06:54:05+00:00
[2025-07-13 17:47:35] WARNING: Retrieving page 1...
[2025-07-13 17:47:36] WARNING: Newest tweet is from: 2013-12-21 19:29:18+00:00
[2025-07-13 17:47:36] WARNING: Reached stop point at tweet from 2013-12-21 19:29:18+00:00
[2025-07-13 17:47:36] WARNING: Retrieved 0 new tweets on page 1
[2025-07-13 17:47:36] WARNING: Stopping pagination as we've reached the stop point
[2025-07-13 17:47:36] WARNING: Retrieved a total of 0 tweets across 1 pages
[2025-07-13 17:47:36] WARNING: No new tweets found with trust commands. Exiting without error.
[2025-07-13 17:47:36] WARNING: Collection complete!
[2025-07-13 17:47:36] WARNING: - 0 trust assignments processed
[2025-07-13 17:47:36] WARNING: - 2 users in trust network
[2025-07-13 17:47:36] WARNING: - 31 total trust relationships
[2025-07-13 17:57:36] WARNING: === Starting Twitter Trust System Collection ===
[2025-07-13 17:57:36] WARNING: Will collect tweets until reaching previous timestamp: 2025-05-12 06:54:05+00:00
[2025-07-13 17:57:36] WARNING: Retrieving page 1...
[2025-07-13 17:57:38] WARNING: Newest tweet is from: 2013-12-21 19:29:18+00:00
[2025-07-13 17:57:38] WARNING: Reached stop point at tweet from 2013-12-21 19:29:18+00:00
[2025-07-13 17:57:38] WARNING: Retrieved 0 new tweets on page 1
[2025-07-13 17:57:38] WARNING: Stopping pagination as we've reached the stop point
[2025-07-13 17:57:38] WARNING: Retrieved a total of 0 tweets across 1 pages
[2025-07-13 17:57:38] WARNING: No new tweets found with trust commands. Exiting without error.
[2025-07-13 17:57:38] WARNING: Collection complete!
[2025-07-13 17:57:38] WARNING: - 0 trust assignments processed
[2025-07-13 17:57:38] WARNING: - 2 users in trust network
[2025-07-13 17:57:38] WARNING: - 31 total trust relationships
[2025-07-13 18:07:34] WARNING: === Starting Twitter Trust System Collection ===
[2025-07-13 18:07:34] WARNING: Will collect tweets until reaching previous timestamp: 2025-05-12 06:54:05+00:00
[2025-07-13 18:07:34] WARNING: Retrieving page 1...
[2025-07-13 18:07:41] WARNING: Newest tweet is from: 2013-12-21 19:29:18+00:00
[2025-07-13 18:07:41] WARNING: Reached stop point at tweet from 2013-12-21 19:29:18+00:00
[2025-07-13 18:07:41] WARNING: Retrieved 0 new tweets on page 1
[2025-07-13 18:07:41] WARNING: Stopping pagination as we've reached the stop point
[2025-07-13 18:07:41] WARNING: Retrieved a total of 0 tweets across 1 pages
[2025-07-13 18:07:41] WARNING: No new tweets found with trust commands. Exiting without error.
[2025-07-13 18:07:41] WARNING: Collection complete!
[2025-07-13 18:07:41] WARNING: - 0 trust assignments processed
[2025-07-13 18:07:41] WARNING: - 2 users in trust network
[2025-07-13 18:07:41] WARNING: - 31 total trust relationships
[2025-07-13 18:17:34] WARNING: === Starting Twitter Trust System Collection ===
[2025-07-13 18:17:34] WARNING: Will collect tweets until reaching previous timestamp: 2025-05-12 06:54:05+00:00
[2025-07-13 18:17:34] WARNING: Retrieving page 1...
[2025-07-13 18:17:35] WARNING: Newest tweet is from: 2013-12-21 19:29:18+00:00
[2025-07-13 18:17:35] WARNING: Reached stop point at tweet from 2013-12-21 19:29:18+00:00
[2025-07-13 18:17:35] WARNING: Retrieved 0 new tweets on page 1
[2025-07-13 18:17:35] WARNING: Stopping pagination as we've reached the stop point
[2025-07-13 18:17:35] WARNING: Retrieved a total of 0 tweets across 1 pages
[2025-07-13 18:17:35] WARNING: No new tweets found with trust commands. Exiting without error.
[2025-07-13 18:17:35] WARNING: Collection complete!
[2025-07-13 18:17:35] WARNING: - 0 trust assignments processed
[2025-07-13 18:17:35] WARNING: - 2 users in trust network
[2025-07-13 18:17:35] WARNING: - 31 total trust relationships
[2025-07-13 18:27:34] WARNING: === Starting Twitter Trust System Collection ===
[2025-07-13 18:27:34] WARNING: Will collect tweets until reaching previous timestamp: 2025-05-12 06:54:05+00:00
[2025-07-13 18:27:34] WARNING: Retrieving page 1...
[2025-07-13 18:27:37] WARNING: Newest tweet is from: 2013-12-21 19:29:18+00:00
[2025-07-13 18:27:37] WARNING: Reached stop point at tweet from 2013-12-21 19:29:18+00:00
[2025-07-13 18:27:37] WARNING: Retrieved 0 new tweets on page 1
[2025-07-13 18:27:37] WARNING: Stopping pagination as we've reached the stop point
[2025-07-13 18:27:37] WARNING: Retrieved a total of 0 tweets across 1 pages
[2025-07-13 18:27:37] WARNING: No new tweets found with trust commands. Exiting without error.
[2025-07-13 18:27:37] WARNING: Collection complete!
[2025-07-13 18:27:37] WARNING: - 0 trust assignments processed
[2025-07-13 18:27:37] WARNING: - 2 users in trust network
[2025-07-13 18:27:37] WARNING: - 31 total trust relationships
[2025-07-13 18:37:34] WARNING: === Starting Twitter Trust System Collection ===
[2025-07-13 18:37:34] WARNING: Will collect tweets until reaching previous timestamp: 2025-05-12 06:54:05+00:00
[2025-07-13 18:37:34] WARNING: Retrieving page 1...
[2025-07-13 18:37:36] WARNING: Newest tweet is from: 2013-12-21 19:29:18+00:00
[2025-07-13 18:37:36] WARNING: Reached stop point at tweet from 2013-12-21 19:29:18+00:00
[2025-07-13 18:37:36] WARNING: Retrieved 0 new tweets on page 1
[2025-07-13 18:37:36] WARNING: Stopping pagination as we've reached the stop point
[2025-07-13 18:37:36] WARNING: Retrieved a total of 0 tweets across 1 pages
[2025-07-13 18:37:36] WARNING: No new tweets found with trust commands. Exiting without error.
[2025-07-13 18:37:36] WARNING: Collection complete!
[2025-07-13 18:37:36] WARNING: - 0 trust assignments processed
[2025-07-13 18:37:36] WARNING: - 2 users in trust network
[2025-07-13 18:37:36] WARNING: - 31 total trust relationships
[2025-07-13 18:47:34] WARNING: === Starting Twitter Trust System Collection ===
[2025-07-13 18:47:34] WARNING: Will collect tweets until reaching previous timestamp: 2025-05-12 06:54:05+00:00
[2025-07-13 18:47:34] WARNING: Retrieving page 1...
[2025-07-13 18:47:36] WARNING: Newest tweet is from: 2013-12-21 19:29:18+00:00
[2025-07-13 18:47:36] WARNING: Reached stop point at tweet from 2013-12-21 19:29:18+00:00
[2025-07-13 18:47:36] WARNING: Retrieved 0 new tweets on page 1
[2025-07-13 18:47:36] WARNING: Stopping pagination as we've reached the stop point
[2025-07-13 18:47:36] WARNING: Retrieved a total of 0 tweets across 1 pages
[2025-07-13 18:47:36] WARNING: No new tweets found with trust commands. Exiting without error.
[2025-07-13 18:47:36] WARNING: Collection complete!
[2025-07-13 18:47:36] WARNING: - 0 trust assignments processed
[2025-07-13 18:47:36] WARNING: - 2 users in trust network
[2025-07-13 18:47:36] WARNING: - 31 total trust relationships
[2025-07-13 18:57:34] WARNING: === Starting Twitter Trust System Collection ===
[2025-07-13 18:57:34] WARNING: Will collect tweets until reaching previous timestamp: 2025-05-12 06:54:05+00:00
[2025-07-13 18:57:34] WARNING: Retrieving page 1...
[2025-07-13 18:57:35] WARNING: Newest tweet is from: 2013-12-21 19:29:18+00:00
[2025-07-13 18:57:35] WARNING: Reached stop point at tweet from 2013-12-21 19:29:18+00:00
[2025-07-13 18:57:35] WARNING: Retrieved 0 new tweets on page 1
[2025-07-13 18:57:35] WARNING: Stopping pagination as we've reached the stop point
[2025-07-13 18:57:35] WARNING: Retrieved a total of 0 tweets across 1 pages
[2025-07-13 18:57:35] WARNING: No new tweets found with trust commands. Exiting without error.
[2025-07-13 18:57:35] WARNING: Collection complete!
[2025-07-13 18:57:35] WARNING: - 0 trust assignments processed
[2025-07-13 18:57:35] WARNING: - 2 users in trust network
[2025-07-13 18:57:35] WARNING: - 31 total trust relationships
[2025-07-13 19:07:34] WARNING: === Starting Twitter Trust System Collection ===
[2025-07-13 19:07:34] WARNING: Will collect tweets until reaching previous timestamp: 2025-05-12 06:54:05+00:00
[2025-07-13 19:07:34] WARNING: Retrieving page 1...
[2025-07-13 19:07:35] WARNING: Newest tweet is from: 2013-12-21 19:29:18+00:00
[2025-07-13 19:07:35] WARNING: Reached stop point at tweet from 2013-12-21 19:29:18+00:00
[2025-07-13 19:07:35] WARNING: Retrieved 0 new tweets on page 1
[2025-07-13 19:07:35] WARNING: Stopping pagination as we've reached the stop point
[2025-07-13 19:07:35] WARNING: Retrieved a total of 0 tweets across 1 pages
[2025-07-13 19:07:35] WARNING: No new tweets found with trust commands. Exiting without error.
[2025-07-13 19:07:35] WARNING: Collection complete!
[2025-07-13 19:07:35] WARNING: - 0 trust assignments processed
[2025-07-13 19:07:35] WARNING: - 2 users in trust network
[2025-07-13 19:07:35] WARNING: - 31 total trust relationships
[2025-07-13 19:17:34] WARNING: === Starting Twitter Trust System Collection ===
[2025-07-13 19:17:34] WARNING: Will collect tweets until reaching previous timestamp: 2025-05-12 06:54:05+00:00
[2025-07-13 19:17:34] WARNING: Retrieving page 1...
[2025-07-13 19:17:35] WARNING: Newest tweet is from: 2013-12-21 19:29:18+00:00
[2025-07-13 19:17:35] WARNING: Reached stop point at tweet from 2013-12-21 19:29:18+00:00
[2025-07-13 19:17:35] WARNING: Retrieved 0 new tweets on page 1
[2025-07-13 19:17:35] WARNING: Stopping pagination as we've reached the stop point
[2025-07-13 19:17:35] WARNING: Retrieved a total of 0 tweets across 1 pages
[2025-07-13 19:17:35] WARNING: No new tweets found with trust commands. Exiting without error.
[2025-07-13 19:17:35] WARNING: Collection complete!
[2025-07-13 19:17:35] WARNING: - 0 trust assignments processed
[2025-07-13 19:17:35] WARNING: - 2 users in trust network
[2025-07-13 19:17:35] WARNING: - 31 total trust relationships
[2025-07-13 19:27:34] WARNING: === Starting Twitter Trust System Collection ===
[2025-07-13 19:27:34] WARNING: Will collect tweets until reaching previous timestamp: 2025-05-12 06:54:05+00:00
[2025-07-13 19:27:34] WARNING: Retrieving page 1...
[2025-07-13 19:27:35] WARNING: Newest tweet is from: 2013-12-21 19:29:18+00:00
[2025-07-13 19:27:35] WARNING: Reached stop point at tweet from 2013-12-21 19:29:18+00:00
[2025-07-13 19:27:35] WARNING: Retrieved 0 new tweets on page 1
[2025-07-13 19:27:35] WARNING: Stopping pagination as we've reached the stop point
[2025-07-13 19:27:35] WARNING: Retrieved a total of 0 tweets across 1 pages
[2025-07-13 19:27:35] WARNING: No new tweets found with trust commands. Exiting without error.
[2025-07-13 19:27:35] WARNING: Collection complete!
[2025-07-13 19:27:35] WARNING: - 0 trust assignments processed
[2025-07-13 19:27:35] WARNING: - 2 users in trust network
[2025-07-13 19:27:35] WARNING: - 31 total trust relationships
[2025-07-13 19:37:34] WARNING: === Starting Twitter Trust System Collection ===
[2025-07-13 19:37:34] WARNING: Will collect tweets until reaching previous timestamp: 2025-05-12 06:54:05+00:00
[2025-07-13 19:37:34] WARNING: Retrieving page 1...
[2025-07-13 19:37:35] WARNING: Newest tweet is from: 2025-05-12 06:54:05+00:00
[2025-07-13 19:37:35] WARNING: Reached stop point at tweet from 2025-05-12 06:54:05+00:00
[2025-07-13 19:37:35] WARNING: Retrieved 0 new tweets on page 1
[2025-07-13 19:37:35] WARNING: Stopping pagination as we've reached the stop point
[2025-07-13 19:37:35] WARNING: Retrieved a total of 0 tweets across 1 pages
[2025-07-13 19:37:35] WARNING: No new tweets found with trust commands. Exiting without error.
[2025-07-13 19:37:35] WARNING: Collection complete!
[2025-07-13 19:37:35] WARNING: - 0 trust assignments processed
[2025-07-13 19:37:35] WARNING: - 2 users in trust network
[2025-07-13 19:37:35] WARNING: - 31 total trust relationships
[2025-07-13 19:47:34] WARNING: === Starting Twitter Trust System Collection ===
[2025-07-13 19:47:34] WARNING: Will collect tweets until reaching previous timestamp: 2025-05-12 06:54:05+00:00
[2025-07-13 19:47:34] WARNING: Retrieving page 1...
[2025-07-13 19:47:37] WARNING: Newest tweet is from: 2013-12-21 19:29:18+00:00
[2025-07-13 19:47:37] WARNING: Reached stop point at tweet from 2013-12-21 19:29:18+00:00
[2025-07-13 19:47:37] WARNING: Retrieved 0 new tweets on page 1
[2025-07-13 19:47:37] WARNING: Stopping pagination as we've reached the stop point
[2025-07-13 19:47:37] WARNING: Retrieved a total of 0 tweets across 1 pages
[2025-07-13 19:47:37] WARNING: No new tweets found with trust commands. Exiting without error.
[2025-07-13 19:47:37] WARNING: Collection complete!
[2025-07-13 19:47:37] WARNING: - 0 trust assignments processed
[2025-07-13 19:47:37] WARNING: - 2 users in trust network
[2025-07-13 19:47:37] WARNING: - 31 total trust relationships
[2025-07-13 19:57:34] WARNING: === Starting Twitter Trust System Collection ===
[2025-07-13 19:57:34] WARNING: Will collect tweets until reaching previous timestamp: 2025-05-12 06:54:05+00:00
[2025-07-13 19:57:34] WARNING: Retrieving page 1...
[2025-07-13 19:57:36] WARNING: Newest tweet is from: 2013-12-21 19:29:18+00:00
[2025-07-13 19:57:36] WARNING: Reached stop point at tweet from 2013-12-21 19:29:18+00:00
[2025-07-13 19:57:36] WARNING: Retrieved 0 new tweets on page 1
[2025-07-13 19:57:36] WARNING: Stopping pagination as we've reached the stop point
[2025-07-13 19:57:36] WARNING: Retrieved a total of 0 tweets across 1 pages
[2025-07-13 19:57:36] WARNING: No new tweets found with trust commands. Exiting without error.
[2025-07-13 19:57:36] WARNING: Collection complete!
[2025-07-13 19:57:36] WARNING: - 0 trust assignments processed
[2025-07-13 19:57:36] WARNING: - 2 users in trust network
[2025-07-13 19:57:36] WARNING: - 31 total trust relationships
[2025-07-13 20:07:34] WARNING: === Starting Twitter Trust System Collection ===
[2025-07-13 20:07:34] WARNING: Will collect tweets until reaching previous timestamp: 2025-05-12 06:54:05+00:00
[2025-07-13 20:07:34] WARNING: Retrieving page 1...
[2025-07-13 20:07:36] WARNING: Newest tweet is from: 2013-12-21 19:29:18+00:00
[2025-07-13 20:07:36] WARNING: Reached stop point at tweet from 2013-12-21 19:29:18+00:00
[2025-07-13 20:07:36] WARNING: Retrieved 0 new tweets on page 1
[2025-07-13 20:07:36] WARNING: Stopping pagination as we've reached the stop point
[2025-07-13 20:07:36] WARNING: Retrieved a total of 0 tweets across 1 pages
[2025-07-13 20:07:36] WARNING: No new tweets found with trust commands. Exiting without error.
[2025-07-13 20:07:36] WARNING: Collection complete!
[2025-07-13 20:07:36] WARNING: - 0 trust assignments processed
[2025-07-13 20:07:36] WARNING: - 2 users in trust network
[2025-07-13 20:07:36] WARNING: - 31 total trust relationships
[2025-07-13 20:17:34] WARNING: === Starting Twitter Trust System Collection ===
[2025-07-13 20:17:34] WARNING: Will collect tweets until reaching previous timestamp: 2025-05-12 06:54:05+00:00
[2025-07-13 20:17:34] WARNING: Retrieving page 1...
[2025-07-13 20:17:35] WARNING: Newest tweet is from: 2013-12-21 19:29:18+00:00
[2025-07-13 20:17:35] WARNING: Reached stop point at tweet from 2013-12-21 19:29:18+00:00
[2025-07-13 20:17:35] WARNING: Retrieved 0 new tweets on page 1
[2025-07-13 20:17:35] WARNING: Stopping pagination as we've reached the stop point
[2025-07-13 20:17:35] WARNING: Retrieved a total of 0 tweets across 1 pages
[2025-07-13 20:17:35] WARNING: No new tweets found with trust commands. Exiting without error.
[2025-07-13 20:17:35] WARNING: Collection complete!
[2025-07-13 20:17:35] WARNING: - 0 trust assignments processed
[2025-07-13 20:17:35] WARNING: - 2 users in trust network
[2025-07-13 20:17:35] WARNING: - 31 total trust relationships
[2025-07-13 20:27:34] WARNING: === Starting Twitter Trust System Collection ===
[2025-07-13 20:27:34] WARNING: Will collect tweets until reaching previous timestamp: 2025-05-12 06:54:05+00:00
[2025-07-13 20:27:34] WARNING: Retrieving page 1...
[2025-07-13 20:27:36] WARNING: Newest tweet is from: 2013-12-21 19:29:18+00:00
[2025-07-13 20:27:36] WARNING: Reached stop point at tweet from 2013-12-21 19:29:18+00:00
[2025-07-13 20:27:36] WARNING: Retrieved 0 new tweets on page 1
[2025-07-13 20:27:36] WARNING: Stopping pagination as we've reached the stop point
[2025-07-13 20:27:36] WARNING: Retrieved a total of 0 tweets across 1 pages
[2025-07-13 20:27:36] WARNING: No new tweets found with trust commands. Exiting without error.
[2025-07-13 20:27:36] WARNING: Collection complete!
[2025-07-13 20:27:36] WARNING: - 0 trust assignments processed
[2025-07-13 20:27:36] WARNING: - 2 users in trust network
[2025-07-13 20:27:36] WARNING: - 31 total trust relationships
[2025-07-13 20:37:34] WARNING: === Starting Twitter Trust System Collection ===
[2025-07-13 20:37:34] WARNING: Will collect tweets until reaching previous timestamp: 2025-05-12 06:54:05+00:00
[2025-07-13 20:37:34] WARNING: Retrieving page 1...
[2025-07-13 20:37:35] WARNING: Newest tweet is from: 2013-12-21 19:29:18+00:00
[2025-07-13 20:37:35] WARNING: Reached stop point at tweet from 2013-12-21 19:29:18+00:00
[2025-07-13 20:37:35] WARNING: Retrieved 0 new tweets on page 1
[2025-07-13 20:37:35] WARNING: Stopping pagination as we've reached the stop point
[2025-07-13 20:37:35] WARNING: Retrieved a total of 0 tweets across 1 pages
[2025-07-13 20:37:35] WARNING: No new tweets found with trust commands. Exiting without error.
[2025-07-13 20:37:35] WARNING: Collection complete!
[2025-07-13 20:37:35] WARNING: - 0 trust assignments processed
[2025-07-13 20:37:35] WARNING: - 2 users in trust network
[2025-07-13 20:37:35] WARNING: - 31 total trust relationships
[2025-07-13 20:47:34] WARNING: === Starting Twitter Trust System Collection ===
[2025-07-13 20:47:34] WARNING: Will collect tweets until reaching previous timestamp: 2025-05-12 06:54:05+00:00
[2025-07-13 20:47:34] WARNING: Retrieving page 1...
[2025-07-13 20:47:36] WARNING: Newest tweet is from: 2013-12-21 19:29:18+00:00
[2025-07-13 20:47:36] WARNING: Reached stop point at tweet from 2013-12-21 19:29:18+00:00
[2025-07-13 20:47:36] WARNING: Retrieved 0 new tweets on page 1
[2025-07-13 20:47:36] WARNING: Stopping pagination as we've reached the stop point
[2025-07-13 20:47:36] WARNING: Retrieved a total of 0 tweets across 1 pages
[2025-07-13 20:47:36] WARNING: No new tweets found with trust commands. Exiting without error.
[2025-07-13 20:47:36] WARNING: Collection complete!
[2025-07-13 20:47:36] WARNING: - 0 trust assignments processed
[2025-07-13 20:47:36] WARNING: - 2 users in trust network
[2025-07-13 20:47:36] WARNING: - 31 total trust relationships
[2025-07-13 20:57:34] WARNING: === Starting Twitter Trust System Collection ===
[2025-07-13 20:57:34] WARNING: Will collect tweets until reaching previous timestamp: 2025-05-12 06:54:05+00:00
[2025-07-13 20:57:34] WARNING: Retrieving page 1...
[2025-07-13 20:57:36] WARNING: Newest tweet is from: 2013-12-21 19:29:18+00:00
[2025-07-13 20:57:36] WARNING: Reached stop point at tweet from 2013-12-21 19:29:18+00:00
[2025-07-13 20:57:36] WARNING: Retrieved 0 new tweets on page 1
[2025-07-13 20:57:36] WARNING: Stopping pagination as we've reached the stop point
[2025-07-13 20:57:36] WARNING: Retrieved a total of 0 tweets across 1 pages
[2025-07-13 20:57:36] WARNING: No new tweets found with trust commands. Exiting without error.
[2025-07-13 20:57:36] WARNING: Collection complete!
[2025-07-13 20:57:36] WARNING: - 0 trust assignments processed
[2025-07-13 20:57:36] WARNING: - 2 users in trust network
[2025-07-13 20:57:36] WARNING: - 31 total trust relationships
[2025-07-13 20:57:36] Calculating trust scores from collected data...
[2025-07-13 20:57:39] INFO: Community Community A (18 members): AskaPol_UAPs, ChrisUKSharp, DanHaug6, Eyes_OnTheSkies, FettucineSplit, GoodTroubleShow, Halsrethink, JeremyCorbell, JonMajerowski, LueElizondo, PTHellyer, SnakePo9, TheOfficialQF, g_knapp, jamescfox, jayanderson, rosscoulthart, ufobeliever1947
[2025-07-13 20:57:39] INFO: Community Community B (7 members): MiddleofMayhem, OSIRISUAP, ShipsSmall, cosmic_surplus, likeitmatters3, susangerbic, ufoskeptic1968
[2025-07-13 20:57:39] INFO: Community analysis written to community_analysis.txt
[2025-07-13 20:57:39] WARNING: Generating trust network visualization...
[2025-07-13 20:57:40] WARNING: Network visualization saved to visualization/trust_network.png
[2025-07-13 20:57:40] WARNING: Creating JSON data structure...
[2025-07-13 20:57:40] WARNING: Successfully generated js/data.js with:
[2025-07-13 20:57:40] WARNING: - 25 users
[2025-07-13 20:57:40] WARNING: - 31 trust relationships
[2025-07-13 20:57:40] WARNING: - 2 communities
[2025-07-13 20:57:40] WARNING: Trust calculation completed successfully.
[2025-07-13 20:57:40] Committing and pushing changes to GitHub...
