[2025-07-12 22:47:32] Starting Twitter Trust System update process...
[2025-07-12 22:47:32] Update frequency set to: 10 minutes
[2025-07-12 22:47:32] Collecting trust assignments from Twitter...
[2025-07-12 22:47:44] Warning: Trust assignments file not updated recently (last modified 05/24/2025 07:17:37)
[2025-07-12 16:17:33] WARNING: === Starting Twitter Trust System Collection ===
[2025-07-12 16:17:33] WARNING: Will collect tweets until reaching previous timestamp: 2025-05-12 06:54:05+00:00
[2025-07-12 16:17:33] WARNING: Retrieving page 1...
[2025-07-12 16:17:34] WARNING: Newest tweet is from: 2013-12-21 19:29:18+00:00
[2025-07-12 16:17:34] WARNING: Reached stop point at tweet from 2013-12-21 19:29:18+00:00
[2025-07-12 16:17:34] WARNING: Retrieved 0 new tweets on page 1
[2025-07-12 16:17:34] WARNING: Stopping pagination as we've reached the stop point
[2025-07-12 16:17:34] WARNING: Retrieved a total of 0 tweets across 1 pages
[2025-07-12 16:17:34] WARNING: No new tweets found with trust commands. Exiting without error.
[2025-07-12 16:17:34] WARNING: Collection complete!
[2025-07-12 16:17:34] WARNING: - 0 trust assignments processed
[2025-07-12 16:17:34] WARNING: - 2 users in trust network
[2025-07-12 16:17:34] WARNING: - 31 total trust relationships
[2025-07-12 16:27:33] WARNING: === Starting Twitter Trust System Collection ===
[2025-07-12 16:27:33] WARNING: Will collect tweets until reaching previous timestamp: 2025-05-12 06:54:05+00:00
[2025-07-12 16:27:33] WARNING: Retrieving page 1...
[2025-07-12 16:27:34] WARNING: Newest tweet is from: 2013-12-21 19:29:18+00:00
[2025-07-12 16:27:34] WARNING: Reached stop point at tweet from 2013-12-21 19:29:18+00:00
[2025-07-12 16:27:34] WARNING: Retrieved 0 new tweets on page 1
[2025-07-12 16:27:34] WARNING: Stopping pagination as we've reached the stop point
[2025-07-12 16:27:34] WARNING: Retrieved a total of 0 tweets across 1 pages
[2025-07-12 16:27:34] WARNING: No new tweets found with trust commands. Exiting without error.
[2025-07-12 16:27:34] WARNING: Collection complete!
[2025-07-12 16:27:34] WARNING: - 0 trust assignments processed
[2025-07-12 16:27:34] WARNING: - 2 users in trust network
[2025-07-12 16:27:34] WARNING: - 31 total trust relationships
[2025-07-12 16:37:33] WARNING: === Starting Twitter Trust System Collection ===
[2025-07-12 16:37:33] WARNING: Will collect tweets until reaching previous timestamp: 2025-05-12 06:54:05+00:00
[2025-07-12 16:37:33] WARNING: Retrieving page 1...
[2025-07-12 16:37:34] WARNING: Newest tweet is from: 2013-12-21 19:29:18+00:00
[2025-07-12 16:37:34] WARNING: Reached stop point at tweet from 2013-12-21 19:29:18+00:00
[2025-07-12 16:37:34] WARNING: Retrieved 0 new tweets on page 1
[2025-07-12 16:37:34] WARNING: Stopping pagination as we've reached the stop point
[2025-07-12 16:37:34] WARNING: Retrieved a total of 0 tweets across 1 pages
[2025-07-12 16:37:34] WARNING: No new tweets found with trust commands. Exiting without error.
[2025-07-12 16:37:34] WARNING: Collection complete!
[2025-07-12 16:37:34] WARNING: - 0 trust assignments processed
[2025-07-12 16:37:34] WARNING: - 2 users in trust network
[2025-07-12 16:37:34] WARNING: - 31 total trust relationships
[2025-07-12 16:47:33] WARNING: === Starting Twitter Trust System Collection ===
[2025-07-12 16:47:33] WARNING: Will collect tweets until reaching previous timestamp: 2025-05-12 06:54:05+00:00
[2025-07-12 16:47:33] WARNING: Retrieving page 1...
[2025-07-12 16:47:35] WARNING: Newest tweet is from: 2013-12-21 19:29:18+00:00
[2025-07-12 16:47:35] WARNING: Reached stop point at tweet from 2013-12-21 19:29:18+00:00
[2025-07-12 16:47:35] WARNING: Retrieved 0 new tweets on page 1
[2025-07-12 16:47:35] WARNING: Stopping pagination as we've reached the stop point
[2025-07-12 16:47:35] WARNING: Retrieved a total of 0 tweets across 1 pages
[2025-07-12 16:47:35] WARNING: No new tweets found with trust commands. Exiting without error.
[2025-07-12 16:47:35] WARNING: Collection complete!
[2025-07-12 16:47:35] WARNING: - 0 trust assignments processed
[2025-07-12 16:47:35] WARNING: - 2 users in trust network
[2025-07-12 16:47:35] WARNING: - 31 total trust relationships
[2025-07-12 16:57:33] WARNING: === Starting Twitter Trust System Collection ===
[2025-07-12 16:57:33] WARNING: Will collect tweets until reaching previous timestamp: 2025-05-12 06:54:05+00:00
[2025-07-12 16:57:33] WARNING: Retrieving page 1...
[2025-07-12 16:57:35] WARNING: Newest tweet is from: 2013-12-21 19:29:18+00:00
[2025-07-12 16:57:35] WARNING: Reached stop point at tweet from 2013-12-21 19:29:18+00:00
[2025-07-12 16:57:35] WARNING: Retrieved 0 new tweets on page 1
[2025-07-12 16:57:35] WARNING: Stopping pagination as we've reached the stop point
[2025-07-12 16:57:35] WARNING: Retrieved a total of 0 tweets across 1 pages
[2025-07-12 16:57:35] WARNING: No new tweets found with trust commands. Exiting without error.
[2025-07-12 16:57:35] WARNING: Collection complete!
[2025-07-12 16:57:35] WARNING: - 0 trust assignments processed
[2025-07-12 16:57:35] WARNING: - 2 users in trust network
[2025-07-12 16:57:35] WARNING: - 31 total trust relationships
[2025-07-12 17:07:33] WARNING: === Starting Twitter Trust System Collection ===
[2025-07-12 17:07:33] WARNING: Will collect tweets until reaching previous timestamp: 2025-05-12 06:54:05+00:00
[2025-07-12 17:07:33] WARNING: Retrieving page 1...
[2025-07-12 17:07:34] WARNING: Newest tweet is from: 2013-12-21 19:29:18+00:00
[2025-07-12 17:07:34] WARNING: Reached stop point at tweet from 2013-12-21 19:29:18+00:00
[2025-07-12 17:07:34] WARNING: Retrieved 0 new tweets on page 1
[2025-07-12 17:07:34] WARNING: Stopping pagination as we've reached the stop point
[2025-07-12 17:07:34] WARNING: Retrieved a total of 0 tweets across 1 pages
[2025-07-12 17:07:34] WARNING: No new tweets found with trust commands. Exiting without error.
[2025-07-12 17:07:34] WARNING: Collection complete!
[2025-07-12 17:07:34] WARNING: - 0 trust assignments processed
[2025-07-12 17:07:34] WARNING: - 2 users in trust network
[2025-07-12 17:07:34] WARNING: - 31 total trust relationships
[2025-07-12 17:17:33] WARNING: === Starting Twitter Trust System Collection ===
[2025-07-12 17:17:33] WARNING: Will collect tweets until reaching previous timestamp: 2025-05-12 06:54:05+00:00
[2025-07-12 17:17:33] WARNING: Retrieving page 1...
[2025-07-12 17:17:35] WARNING: Newest tweet is from: 2013-12-21 19:29:18+00:00
[2025-07-12 17:17:35] WARNING: Reached stop point at tweet from 2013-12-21 19:29:18+00:00
[2025-07-12 17:17:35] WARNING: Retrieved 0 new tweets on page 1
[2025-07-12 17:17:35] WARNING: Stopping pagination as we've reached the stop point
[2025-07-12 17:17:35] WARNING: Retrieved a total of 0 tweets across 1 pages
[2025-07-12 17:17:35] WARNING: No new tweets found with trust commands. Exiting without error.
[2025-07-12 17:17:35] WARNING: Collection complete!
[2025-07-12 17:17:35] WARNING: - 0 trust assignments processed
[2025-07-12 17:17:35] WARNING: - 2 users in trust network
[2025-07-12 17:17:35] WARNING: - 31 total trust relationships
[2025-07-12 17:27:33] WARNING: === Starting Twitter Trust System Collection ===
[2025-07-12 17:27:33] WARNING: Will collect tweets until reaching previous timestamp: 2025-05-12 06:54:05+00:00
[2025-07-12 17:27:33] WARNING: Retrieving page 1...
[2025-07-12 17:27:35] WARNING: Newest tweet is from: 2013-12-21 19:29:18+00:00
[2025-07-12 17:27:35] WARNING: Reached stop point at tweet from 2013-12-21 19:29:18+00:00
[2025-07-12 17:27:35] WARNING: Retrieved 0 new tweets on page 1
[2025-07-12 17:27:35] WARNING: Stopping pagination as we've reached the stop point
[2025-07-12 17:27:35] WARNING: Retrieved a total of 0 tweets across 1 pages
[2025-07-12 17:27:35] WARNING: No new tweets found with trust commands. Exiting without error.
[2025-07-12 17:27:35] WARNING: Collection complete!
[2025-07-12 17:27:35] WARNING: - 0 trust assignments processed
[2025-07-12 17:27:35] WARNING: - 2 users in trust network
[2025-07-12 17:27:35] WARNING: - 31 total trust relationships
[2025-07-12 17:37:33] WARNING: === Starting Twitter Trust System Collection ===
[2025-07-12 17:37:33] WARNING: Will collect tweets until reaching previous timestamp: 2025-05-12 06:54:05+00:00
[2025-07-12 17:37:33] WARNING: Retrieving page 1...
[2025-07-12 17:37:36] WARNING: Newest tweet is from: 2013-12-21 19:29:18+00:00
[2025-07-12 17:37:36] WARNING: Reached stop point at tweet from 2013-12-21 19:29:18+00:00
[2025-07-12 17:37:36] WARNING: Retrieved 0 new tweets on page 1
[2025-07-12 17:37:36] WARNING: Stopping pagination as we've reached the stop point
[2025-07-12 17:37:36] WARNING: Retrieved a total of 0 tweets across 1 pages
[2025-07-12 17:37:36] WARNING: No new tweets found with trust commands. Exiting without error.
[2025-07-12 17:37:36] WARNING: Collection complete!
[2025-07-12 17:37:36] WARNING: - 0 trust assignments processed
[2025-07-12 17:37:36] WARNING: - 2 users in trust network
[2025-07-12 17:37:36] WARNING: - 31 total trust relationships
[2025-07-12 17:47:33] WARNING: === Starting Twitter Trust System Collection ===
[2025-07-12 17:47:33] WARNING: Will collect tweets until reaching previous timestamp: 2025-05-12 06:54:05+00:00
[2025-07-12 17:47:33] WARNING: Retrieving page 1...
[2025-07-12 17:47:35] WARNING: Newest tweet is from: 2013-12-21 19:29:18+00:00
[2025-07-12 17:47:35] WARNING: Reached stop point at tweet from 2013-12-21 19:29:18+00:00
[2025-07-12 17:47:35] WARNING: Retrieved 0 new tweets on page 1
[2025-07-12 17:47:35] WARNING: Stopping pagination as we've reached the stop point
[2025-07-12 17:47:35] WARNING: Retrieved a total of 0 tweets across 1 pages
[2025-07-12 17:47:35] WARNING: No new tweets found with trust commands. Exiting without error.
[2025-07-12 17:47:35] WARNING: Collection complete!
[2025-07-12 17:47:35] WARNING: - 0 trust assignments processed
[2025-07-12 17:47:35] WARNING: - 2 users in trust network
[2025-07-12 17:47:35] WARNING: - 31 total trust relationships
[2025-07-12 17:57:33] WARNING: === Starting Twitter Trust System Collection ===
[2025-07-12 17:57:33] WARNING: Will collect tweets until reaching previous timestamp: 2025-05-12 06:54:05+00:00
[2025-07-12 17:57:33] WARNING: Retrieving page 1...
[2025-07-12 17:57:35] WARNING: Newest tweet is from: 2013-12-21 19:29:18+00:00
[2025-07-12 17:57:35] WARNING: Reached stop point at tweet from 2013-12-21 19:29:18+00:00
[2025-07-12 17:57:35] WARNING: Retrieved 0 new tweets on page 1
[2025-07-12 17:57:35] WARNING: Stopping pagination as we've reached the stop point
[2025-07-12 17:57:35] WARNING: Retrieved a total of 0 tweets across 1 pages
[2025-07-12 17:57:35] WARNING: No new tweets found with trust commands. Exiting without error.
[2025-07-12 17:57:35] WARNING: Collection complete!
[2025-07-12 17:57:35] WARNING: - 0 trust assignments processed
[2025-07-12 17:57:35] WARNING: - 2 users in trust network
[2025-07-12 17:57:35] WARNING: - 31 total trust relationships
[2025-07-12 18:07:33] WARNING: === Starting Twitter Trust System Collection ===
[2025-07-12 18:07:33] WARNING: Will collect tweets until reaching previous timestamp: 2025-05-12 06:54:05+00:00
[2025-07-12 18:07:33] WARNING: Retrieving page 1...
[2025-07-12 18:07:35] WARNING: Newest tweet is from: 2013-12-21 19:29:18+00:00
[2025-07-12 18:07:35] WARNING: Reached stop point at tweet from 2013-12-21 19:29:18+00:00
[2025-07-12 18:07:35] WARNING: Retrieved 0 new tweets on page 1
[2025-07-12 18:07:35] WARNING: Stopping pagination as we've reached the stop point
[2025-07-12 18:07:35] WARNING: Retrieved a total of 0 tweets across 1 pages
[2025-07-12 18:07:35] WARNING: No new tweets found with trust commands. Exiting without error.
[2025-07-12 18:07:35] WARNING: Collection complete!
[2025-07-12 18:07:35] WARNING: - 0 trust assignments processed
[2025-07-12 18:07:35] WARNING: - 2 users in trust network
[2025-07-12 18:07:35] WARNING: - 31 total trust relationships
[2025-07-12 18:17:33] WARNING: === Starting Twitter Trust System Collection ===
[2025-07-12 18:17:33] WARNING: Will collect tweets until reaching previous timestamp: 2025-05-12 06:54:05+00:00
[2025-07-12 18:17:33] WARNING: Retrieving page 1...
[2025-07-12 18:17:35] WARNING: Newest tweet is from: 2013-12-21 19:29:18+00:00
[2025-07-12 18:17:35] WARNING: Reached stop point at tweet from 2013-12-21 19:29:18+00:00
[2025-07-12 18:17:35] WARNING: Retrieved 0 new tweets on page 1
[2025-07-12 18:17:35] WARNING: Stopping pagination as we've reached the stop point
[2025-07-12 18:17:35] WARNING: Retrieved a total of 0 tweets across 1 pages
[2025-07-12 18:17:35] WARNING: No new tweets found with trust commands. Exiting without error.
[2025-07-12 18:17:35] WARNING: Collection complete!
[2025-07-12 18:17:35] WARNING: - 0 trust assignments processed
[2025-07-12 18:17:35] WARNING: - 2 users in trust network
[2025-07-12 18:17:35] WARNING: - 31 total trust relationships
[2025-07-12 18:27:33] WARNING: === Starting Twitter Trust System Collection ===
[2025-07-12 18:27:33] WARNING: Will collect tweets until reaching previous timestamp: 2025-05-12 06:54:05+00:00
[2025-07-12 18:27:33] WARNING: Retrieving page 1...
[2025-07-12 18:27:34] WARNING: Newest tweet is from: 2013-12-21 19:29:18+00:00
[2025-07-12 18:27:34] WARNING: Reached stop point at tweet from 2013-12-21 19:29:18+00:00
[2025-07-12 18:27:34] WARNING: Retrieved 0 new tweets on page 1
[2025-07-12 18:27:34] WARNING: Stopping pagination as we've reached the stop point
[2025-07-12 18:27:34] WARNING: Retrieved a total of 0 tweets across 1 pages
[2025-07-12 18:27:34] WARNING: No new tweets found with trust commands. Exiting without error.
[2025-07-12 18:27:34] WARNING: Collection complete!
[2025-07-12 18:27:34] WARNING: - 0 trust assignments processed
[2025-07-12 18:27:34] WARNING: - 2 users in trust network
[2025-07-12 18:27:34] WARNING: - 31 total trust relationships
[2025-07-12 18:37:33] WARNING: === Starting Twitter Trust System Collection ===
[2025-07-12 18:37:33] WARNING: Will collect tweets until reaching previous timestamp: 2025-05-12 06:54:05+00:00
[2025-07-12 18:37:33] WARNING: Retrieving page 1...
[2025-07-12 18:37:35] WARNING: Newest tweet is from: 2013-12-21 19:29:18+00:00
[2025-07-12 18:37:35] WARNING: Reached stop point at tweet from 2013-12-21 19:29:18+00:00
[2025-07-12 18:37:35] WARNING: Retrieved 0 new tweets on page 1
[2025-07-12 18:37:35] WARNING: Stopping pagination as we've reached the stop point
[2025-07-12 18:37:35] WARNING: Retrieved a total of 0 tweets across 1 pages
[2025-07-12 18:37:35] WARNING: No new tweets found with trust commands. Exiting without error.
[2025-07-12 18:37:35] WARNING: Collection complete!
[2025-07-12 18:37:35] WARNING: - 0 trust assignments processed
[2025-07-12 18:37:35] WARNING: - 2 users in trust network
[2025-07-12 18:37:35] WARNING: - 31 total trust relationships
[2025-07-12 18:47:33] WARNING: === Starting Twitter Trust System Collection ===
[2025-07-12 18:47:33] WARNING: Will collect tweets until reaching previous timestamp: 2025-05-12 06:54:05+00:00
[2025-07-12 18:47:33] WARNING: Retrieving page 1...
[2025-07-12 18:47:35] WARNING: Newest tweet is from: 2013-12-21 19:29:18+00:00
[2025-07-12 18:47:35] WARNING: Reached stop point at tweet from 2013-12-21 19:29:18+00:00
[2025-07-12 18:47:35] WARNING: Retrieved 0 new tweets on page 1
[2025-07-12 18:47:35] WARNING: Stopping pagination as we've reached the stop point
[2025-07-12 18:47:35] WARNING: Retrieved a total of 0 tweets across 1 pages
[2025-07-12 18:47:35] WARNING: No new tweets found with trust commands. Exiting without error.
[2025-07-12 18:47:35] WARNING: Collection complete!
[2025-07-12 18:47:35] WARNING: - 0 trust assignments processed
[2025-07-12 18:47:35] WARNING: - 2 users in trust network
[2025-07-12 18:47:35] WARNING: - 31 total trust relationships
[2025-07-12 18:57:33] WARNING: === Starting Twitter Trust System Collection ===
[2025-07-12 18:57:33] WARNING: Will collect tweets until reaching previous timestamp: 2025-05-12 06:54:05+00:00
[2025-07-12 18:57:33] WARNING: Retrieving page 1...
[2025-07-12 18:57:34] WARNING: Newest tweet is from: 2013-12-21 19:29:18+00:00
[2025-07-12 18:57:34] WARNING: Reached stop point at tweet from 2013-12-21 19:29:18+00:00
[2025-07-12 18:57:34] WARNING: Retrieved 0 new tweets on page 1
[2025-07-12 18:57:34] WARNING: Stopping pagination as we've reached the stop point
[2025-07-12 18:57:34] WARNING: Retrieved a total of 0 tweets across 1 pages
[2025-07-12 18:57:34] WARNING: No new tweets found with trust commands. Exiting without error.
[2025-07-12 18:57:34] WARNING: Collection complete!
[2025-07-12 18:57:34] WARNING: - 0 trust assignments processed
[2025-07-12 18:57:34] WARNING: - 2 users in trust network
[2025-07-12 18:57:34] WARNING: - 31 total trust relationships
[2025-07-12 19:07:33] WARNING: === Starting Twitter Trust System Collection ===
[2025-07-12 19:07:33] WARNING: Will collect tweets until reaching previous timestamp: 2025-05-12 06:54:05+00:00
[2025-07-12 19:07:33] WARNING: Retrieving page 1...
[2025-07-12 19:07:36] WARNING: Newest tweet is from: 2013-12-21 19:29:18+00:00
[2025-07-12 19:07:36] WARNING: Reached stop point at tweet from 2013-12-21 19:29:18+00:00
[2025-07-12 19:07:36] WARNING: Retrieved 0 new tweets on page 1
[2025-07-12 19:07:36] WARNING: Stopping pagination as we've reached the stop point
[2025-07-12 19:07:36] WARNING: Retrieved a total of 0 tweets across 1 pages
[2025-07-12 19:07:36] WARNING: No new tweets found with trust commands. Exiting without error.
[2025-07-12 19:07:36] WARNING: Collection complete!
[2025-07-12 19:07:36] WARNING: - 0 trust assignments processed
[2025-07-12 19:07:36] WARNING: - 2 users in trust network
[2025-07-12 19:07:36] WARNING: - 31 total trust relationships
[2025-07-12 19:17:33] WARNING: === Starting Twitter Trust System Collection ===
[2025-07-12 19:17:33] WARNING: Will collect tweets until reaching previous timestamp: 2025-05-12 06:54:05+00:00
[2025-07-12 19:17:33] WARNING: Retrieving page 1...
[2025-07-12 19:17:35] WARNING: Newest tweet is from: 2013-12-21 19:29:18+00:00
[2025-07-12 19:17:35] WARNING: Reached stop point at tweet from 2013-12-21 19:29:18+00:00
[2025-07-12 19:17:35] WARNING: Retrieved 0 new tweets on page 1
[2025-07-12 19:17:35] WARNING: Stopping pagination as we've reached the stop point
[2025-07-12 19:17:35] WARNING: Retrieved a total of 0 tweets across 1 pages
[2025-07-12 19:17:35] WARNING: No new tweets found with trust commands. Exiting without error.
[2025-07-12 19:17:35] WARNING: Collection complete!
[2025-07-12 19:17:35] WARNING: - 0 trust assignments processed
[2025-07-12 19:17:35] WARNING: - 2 users in trust network
[2025-07-12 19:17:35] WARNING: - 31 total trust relationships
[2025-07-12 19:27:33] WARNING: === Starting Twitter Trust System Collection ===
[2025-07-12 19:27:33] WARNING: Will collect tweets until reaching previous timestamp: 2025-05-12 06:54:05+00:00
[2025-07-12 19:27:33] WARNING: Retrieving page 1...
[2025-07-12 19:27:34] WARNING: Newest tweet is from: 2013-12-21 19:29:18+00:00
[2025-07-12 19:27:34] WARNING: Reached stop point at tweet from 2013-12-21 19:29:18+00:00
[2025-07-12 19:27:34] WARNING: Retrieved 0 new tweets on page 1
[2025-07-12 19:27:34] WARNING: Stopping pagination as we've reached the stop point
[2025-07-12 19:27:34] WARNING: Retrieved a total of 0 tweets across 1 pages
[2025-07-12 19:27:34] WARNING: No new tweets found with trust commands. Exiting without error.
[2025-07-12 19:27:34] WARNING: Collection complete!
[2025-07-12 19:27:34] WARNING: - 0 trust assignments processed
[2025-07-12 19:27:34] WARNING: - 2 users in trust network
[2025-07-12 19:27:34] WARNING: - 31 total trust relationships
[2025-07-12 19:37:33] WARNING: === Starting Twitter Trust System Collection ===
[2025-07-12 19:37:33] WARNING: Will collect tweets until reaching previous timestamp: 2025-05-12 06:54:05+00:00
[2025-07-12 19:37:33] WARNING: Retrieving page 1...
[2025-07-12 19:37:35] WARNING: Newest tweet is from: 2025-05-12 06:54:05+00:00
[2025-07-12 19:37:35] WARNING: Reached stop point at tweet from 2025-05-12 06:54:05+00:00
[2025-07-12 19:37:35] WARNING: Retrieved 0 new tweets on page 1
[2025-07-12 19:37:35] WARNING: Stopping pagination as we've reached the stop point
[2025-07-12 19:37:35] WARNING: Retrieved a total of 0 tweets across 1 pages
[2025-07-12 19:37:35] WARNING: No new tweets found with trust commands. Exiting without error.
[2025-07-12 19:37:35] WARNING: Collection complete!
[2025-07-12 19:37:35] WARNING: - 0 trust assignments processed
[2025-07-12 19:37:35] WARNING: - 2 users in trust network
[2025-07-12 19:37:35] WARNING: - 31 total trust relationships
[2025-07-12 19:47:33] WARNING: === Starting Twitter Trust System Collection ===
[2025-07-12 19:47:33] WARNING: Will collect tweets until reaching previous timestamp: 2025-05-12 06:54:05+00:00
[2025-07-12 19:47:33] WARNING: Retrieving page 1...
[2025-07-12 19:47:35] WARNING: Newest tweet is from: 2013-12-21 19:29:18+00:00
[2025-07-12 19:47:35] WARNING: Reached stop point at tweet from 2013-12-21 19:29:18+00:00
[2025-07-12 19:47:35] WARNING: Retrieved 0 new tweets on page 1
[2025-07-12 19:47:35] WARNING: Stopping pagination as we've reached the stop point
[2025-07-12 19:47:35] WARNING: Retrieved a total of 0 tweets across 1 pages
[2025-07-12 19:47:35] WARNING: No new tweets found with trust commands. Exiting without error.
[2025-07-12 19:47:35] WARNING: Collection complete!
[2025-07-12 19:47:35] WARNING: - 0 trust assignments processed
[2025-07-12 19:47:35] WARNING: - 2 users in trust network
[2025-07-12 19:47:35] WARNING: - 31 total trust relationships
[2025-07-12 19:57:33] WARNING: === Starting Twitter Trust System Collection ===
[2025-07-12 19:57:33] WARNING: Will collect tweets until reaching previous timestamp: 2025-05-12 06:54:05+00:00
[2025-07-12 19:57:33] WARNING: Retrieving page 1...
[2025-07-12 19:57:34] WARNING: Newest tweet is from: 2013-12-21 19:29:18+00:00
[2025-07-12 19:57:34] WARNING: Reached stop point at tweet from 2013-12-21 19:29:18+00:00
[2025-07-12 19:57:34] WARNING: Retrieved 0 new tweets on page 1
[2025-07-12 19:57:34] WARNING: Stopping pagination as we've reached the stop point
[2025-07-12 19:57:34] WARNING: Retrieved a total of 0 tweets across 1 pages
[2025-07-12 19:57:34] WARNING: No new tweets found with trust commands. Exiting without error.
[2025-07-12 19:57:34] WARNING: Collection complete!
[2025-07-12 19:57:34] WARNING: - 0 trust assignments processed
[2025-07-12 19:57:34] WARNING: - 2 users in trust network
[2025-07-12 19:57:34] WARNING: - 31 total trust relationships
[2025-07-12 20:07:33] WARNING: === Starting Twitter Trust System Collection ===
[2025-07-12 20:07:33] WARNING: Will collect tweets until reaching previous timestamp: 2025-05-12 06:54:05+00:00
[2025-07-12 20:07:33] WARNING: Retrieving page 1...
[2025-07-12 20:07:35] WARNING: Newest tweet is from: 2013-12-21 19:29:18+00:00
[2025-07-12 20:07:35] WARNING: Reached stop point at tweet from 2013-12-21 19:29:18+00:00
[2025-07-12 20:07:35] WARNING: Retrieved 0 new tweets on page 1
[2025-07-12 20:07:35] WARNING: Stopping pagination as we've reached the stop point
[2025-07-12 20:07:35] WARNING: Retrieved a total of 0 tweets across 1 pages
[2025-07-12 20:07:35] WARNING: No new tweets found with trust commands. Exiting without error.
[2025-07-12 20:07:35] WARNING: Collection complete!
[2025-07-12 20:07:35] WARNING: - 0 trust assignments processed
[2025-07-12 20:07:35] WARNING: - 2 users in trust network
[2025-07-12 20:07:35] WARNING: - 31 total trust relationships
[2025-07-12 20:17:33] WARNING: === Starting Twitter Trust System Collection ===
[2025-07-12 20:17:33] WARNING: Will collect tweets until reaching previous timestamp: 2025-05-12 06:54:05+00:00
[2025-07-12 20:17:33] WARNING: Retrieving page 1...
[2025-07-12 20:17:35] WARNING: Newest tweet is from: 2013-12-21 19:29:18+00:00
[2025-07-12 20:17:35] WARNING: Reached stop point at tweet from 2013-12-21 19:29:18+00:00
[2025-07-12 20:17:35] WARNING: Retrieved 0 new tweets on page 1
[2025-07-12 20:17:35] WARNING: Stopping pagination as we've reached the stop point
[2025-07-12 20:17:35] WARNING: Retrieved a total of 0 tweets across 1 pages
[2025-07-12 20:17:35] WARNING: No new tweets found with trust commands. Exiting without error.
[2025-07-12 20:17:35] WARNING: Collection complete!
[2025-07-12 20:17:35] WARNING: - 0 trust assignments processed
[2025-07-12 20:17:35] WARNING: - 2 users in trust network
[2025-07-12 20:17:35] WARNING: - 31 total trust relationships
[2025-07-12 20:27:33] WARNING: === Starting Twitter Trust System Collection ===
[2025-07-12 20:27:33] WARNING: Will collect tweets until reaching previous timestamp: 2025-05-12 06:54:05+00:00
[2025-07-12 20:27:33] WARNING: Retrieving page 1...
[2025-07-12 20:27:35] WARNING: Newest tweet is from: 2013-12-21 19:29:18+00:00
[2025-07-12 20:27:35] WARNING: Reached stop point at tweet from 2013-12-21 19:29:18+00:00
[2025-07-12 20:27:35] WARNING: Retrieved 0 new tweets on page 1
[2025-07-12 20:27:35] WARNING: Stopping pagination as we've reached the stop point
[2025-07-12 20:27:35] WARNING: Retrieved a total of 0 tweets across 1 pages
[2025-07-12 20:27:35] WARNING: No new tweets found with trust commands. Exiting without error.
[2025-07-12 20:27:35] WARNING: Collection complete!
[2025-07-12 20:27:35] WARNING: - 0 trust assignments processed
[2025-07-12 20:27:35] WARNING: - 2 users in trust network
[2025-07-12 20:27:35] WARNING: - 31 total trust relationships
[2025-07-12 20:37:33] WARNING: === Starting Twitter Trust System Collection ===
[2025-07-12 20:37:33] WARNING: Will collect tweets until reaching previous timestamp: 2025-05-12 06:54:05+00:00
[2025-07-12 20:37:33] WARNING: Retrieving page 1...
[2025-07-12 20:37:36] WARNING: Newest tweet is from: 2013-12-21 19:29:18+00:00
[2025-07-12 20:37:36] WARNING: Reached stop point at tweet from 2013-12-21 19:29:18+00:00
[2025-07-12 20:37:36] WARNING: Retrieved 0 new tweets on page 1
[2025-07-12 20:37:36] WARNING: Stopping pagination as we've reached the stop point
[2025-07-12 20:37:36] WARNING: Retrieved a total of 0 tweets across 1 pages
[2025-07-12 20:37:36] WARNING: No new tweets found with trust commands. Exiting without error.
[2025-07-12 20:37:36] WARNING: Collection complete!
[2025-07-12 20:37:36] WARNING: - 0 trust assignments processed
[2025-07-12 20:37:36] WARNING: - 2 users in trust network
[2025-07-12 20:37:36] WARNING: - 31 total trust relationships
[2025-07-12 20:47:33] WARNING: === Starting Twitter Trust System Collection ===
[2025-07-12 20:47:33] WARNING: Will collect tweets until reaching previous timestamp: 2025-05-12 06:54:05+00:00
[2025-07-12 20:47:33] WARNING: Retrieving page 1...
[2025-07-12 20:47:35] WARNING: Newest tweet is from: 2013-12-21 19:29:18+00:00
[2025-07-12 20:47:35] WARNING: Reached stop point at tweet from 2013-12-21 19:29:18+00:00
[2025-07-12 20:47:35] WARNING: Retrieved 0 new tweets on page 1
[2025-07-12 20:47:35] WARNING: Stopping pagination as we've reached the stop point
[2025-07-12 20:47:35] WARNING: Retrieved a total of 0 tweets across 1 pages
[2025-07-12 20:47:35] WARNING: No new tweets found with trust commands. Exiting without error.
[2025-07-12 20:47:35] WARNING: Collection complete!
[2025-07-12 20:47:35] WARNING: - 0 trust assignments processed
[2025-07-12 20:47:35] WARNING: - 2 users in trust network
[2025-07-12 20:47:35] WARNING: - 31 total trust relationships
[2025-07-12 20:57:33] WARNING: === Starting Twitter Trust System Collection ===
[2025-07-12 20:57:33] WARNING: Will collect tweets until reaching previous timestamp: 2025-05-12 06:54:05+00:00
[2025-07-12 20:57:33] WARNING: Retrieving page 1...
[2025-07-12 20:57:35] WARNING: Newest tweet is from: 2013-12-21 19:29:18+00:00
[2025-07-12 20:57:35] WARNING: Reached stop point at tweet from 2013-12-21 19:29:18+00:00
[2025-07-12 20:57:35] WARNING: Retrieved 0 new tweets on page 1
[2025-07-12 20:57:35] WARNING: Stopping pagination as we've reached the stop point
[2025-07-12 20:57:35] WARNING: Retrieved a total of 0 tweets across 1 pages
[2025-07-12 20:57:35] WARNING: No new tweets found with trust commands. Exiting without error.
[2025-07-12 20:57:35] WARNING: Collection complete!
[2025-07-12 20:57:35] WARNING: - 0 trust assignments processed
[2025-07-12 20:57:35] WARNING: - 2 users in trust network
[2025-07-12 20:57:35] WARNING: - 31 total trust relationships
[2025-07-12 21:07:33] WARNING: === Starting Twitter Trust System Collection ===
[2025-07-12 21:07:33] WARNING: Will collect tweets until reaching previous timestamp: 2025-05-12 06:54:05+00:00
[2025-07-12 21:07:33] WARNING: Retrieving page 1...
[2025-07-12 21:07:36] WARNING: Newest tweet is from: 2013-12-21 19:29:18+00:00
[2025-07-12 21:07:36] WARNING: Reached stop point at tweet from 2013-12-21 19:29:18+00:00
[2025-07-12 21:07:36] WARNING: Retrieved 0 new tweets on page 1
[2025-07-12 21:07:36] WARNING: Stopping pagination as we've reached the stop point
[2025-07-12 21:07:36] WARNING: Retrieved a total of 0 tweets across 1 pages
[2025-07-12 21:07:36] WARNING: No new tweets found with trust commands. Exiting without error.
[2025-07-12 21:07:36] WARNING: Collection complete!
[2025-07-12 21:07:36] WARNING: - 0 trust assignments processed
[2025-07-12 21:07:36] WARNING: - 2 users in trust network
[2025-07-12 21:07:36] WARNING: - 31 total trust relationships
[2025-07-12 21:17:33] WARNING: === Starting Twitter Trust System Collection ===
[2025-07-12 21:17:33] WARNING: Will collect tweets until reaching previous timestamp: 2025-05-12 06:54:05+00:00
[2025-07-12 21:17:33] WARNING: Retrieving page 1...
[2025-07-12 21:17:36] WARNING: Newest tweet is from: 2013-12-21 19:29:18+00:00
[2025-07-12 21:17:36] WARNING: Reached stop point at tweet from 2013-12-21 19:29:18+00:00
[2025-07-12 21:17:36] WARNING: Retrieved 0 new tweets on page 1
[2025-07-12 21:17:36] WARNING: Stopping pagination as we've reached the stop point
[2025-07-12 21:17:36] WARNING: Retrieved a total of 0 tweets across 1 pages
[2025-07-12 21:17:36] WARNING: No new tweets found with trust commands. Exiting without error.
[2025-07-12 21:17:36] WARNING: Collection complete!
[2025-07-12 21:17:36] WARNING: - 0 trust assignments processed
[2025-07-12 21:17:36] WARNING: - 2 users in trust network
[2025-07-12 21:17:36] WARNING: - 31 total trust relationships
[2025-07-12 21:27:33] WARNING: === Starting Twitter Trust System Collection ===
[2025-07-12 21:27:33] WARNING: Will collect tweets until reaching previous timestamp: 2025-05-12 06:54:05+00:00
[2025-07-12 21:27:33] WARNING: Retrieving page 1...
[2025-07-12 21:27:35] WARNING: Newest tweet is from: 2013-12-21 19:29:18+00:00
[2025-07-12 21:27:35] WARNING: Reached stop point at tweet from 2013-12-21 19:29:18+00:00
[2025-07-12 21:27:35] WARNING: Retrieved 0 new tweets on page 1
[2025-07-12 21:27:35] WARNING: Stopping pagination as we've reached the stop point
[2025-07-12 21:27:35] WARNING: Retrieved a total of 0 tweets across 1 pages
[2025-07-12 21:27:35] WARNING: No new tweets found with trust commands. Exiting without error.
[2025-07-12 21:27:35] WARNING: Collection complete!
[2025-07-12 21:27:35] WARNING: - 0 trust assignments processed
[2025-07-12 21:27:35] WARNING: - 2 users in trust network
[2025-07-12 21:27:35] WARNING: - 31 total trust relationships
[2025-07-12 21:37:32] WARNING: === Starting Twitter Trust System Collection ===
[2025-07-12 21:37:32] WARNING: Will collect tweets until reaching previous timestamp: 2025-05-12 06:54:05+00:00
[2025-07-12 21:37:32] WARNING: Retrieving page 1...
[2025-07-12 21:37:34] WARNING: Newest tweet is from: 2013-12-21 19:29:18+00:00
[2025-07-12 21:37:34] WARNING: Reached stop point at tweet from 2013-12-21 19:29:18+00:00
[2025-07-12 21:37:34] WARNING: Retrieved 0 new tweets on page 1
[2025-07-12 21:37:34] WARNING: Stopping pagination as we've reached the stop point
[2025-07-12 21:37:34] WARNING: Retrieved a total of 0 tweets across 1 pages
[2025-07-12 21:37:34] WARNING: No new tweets found with trust commands. Exiting without error.
[2025-07-12 21:37:34] WARNING: Collection complete!
[2025-07-12 21:37:34] WARNING: - 0 trust assignments processed
[2025-07-12 21:37:34] WARNING: - 2 users in trust network
[2025-07-12 21:37:34] WARNING: - 31 total trust relationships
[2025-07-12 21:47:32] WARNING: === Starting Twitter Trust System Collection ===
[2025-07-12 21:47:32] WARNING: Will collect tweets until reaching previous timestamp: 2025-05-12 06:54:05+00:00
[2025-07-12 21:47:32] WARNING: Retrieving page 1...
[2025-07-12 21:47:35] WARNING: Newest tweet is from: 2013-12-21 19:29:18+00:00
[2025-07-12 21:47:35] WARNING: Reached stop point at tweet from 2013-12-21 19:29:18+00:00
[2025-07-12 21:47:35] WARNING: Retrieved 0 new tweets on page 1
[2025-07-12 21:47:35] WARNING: Stopping pagination as we've reached the stop point
[2025-07-12 21:47:35] WARNING: Retrieved a total of 0 tweets across 1 pages
[2025-07-12 21:47:35] WARNING: No new tweets found with trust commands. Exiting without error.
[2025-07-12 21:47:35] WARNING: Collection complete!
[2025-07-12 21:47:35] WARNING: - 0 trust assignments processed
[2025-07-12 21:47:35] WARNING: - 2 users in trust network
[2025-07-12 21:47:35] WARNING: - 31 total trust relationships
[2025-07-12 21:57:32] WARNING: === Starting Twitter Trust System Collection ===
[2025-07-12 21:57:32] WARNING: Will collect tweets until reaching previous timestamp: 2025-05-12 06:54:05+00:00
[2025-07-12 21:57:32] WARNING: Retrieving page 1...
[2025-07-12 21:57:34] WARNING: Newest tweet is from: 2013-12-21 19:29:18+00:00
[2025-07-12 21:57:34] WARNING: Reached stop point at tweet from 2013-12-21 19:29:18+00:00
[2025-07-12 21:57:34] WARNING: Retrieved 0 new tweets on page 1
[2025-07-12 21:57:34] WARNING: Stopping pagination as we've reached the stop point
[2025-07-12 21:57:34] WARNING: Retrieved a total of 0 tweets across 1 pages
[2025-07-12 21:57:34] WARNING: No new tweets found with trust commands. Exiting without error.
[2025-07-12 21:57:34] WARNING: Collection complete!
[2025-07-12 21:57:34] WARNING: - 0 trust assignments processed
[2025-07-12 21:57:34] WARNING: - 2 users in trust network
[2025-07-12 21:57:34] WARNING: - 31 total trust relationships
[2025-07-12 22:07:32] WARNING: === Starting Twitter Trust System Collection ===
[2025-07-12 22:07:32] WARNING: Will collect tweets until reaching previous timestamp: 2025-05-12 06:54:05+00:00
[2025-07-12 22:07:32] WARNING: Retrieving page 1...
[2025-07-12 22:07:34] WARNING: Newest tweet is from: 2013-12-21 19:29:18+00:00
[2025-07-12 22:07:34] WARNING: Reached stop point at tweet from 2013-12-21 19:29:18+00:00
[2025-07-12 22:07:34] WARNING: Retrieved 0 new tweets on page 1
[2025-07-12 22:07:34] WARNING: Stopping pagination as we've reached the stop point
[2025-07-12 22:07:34] WARNING: Retrieved a total of 0 tweets across 1 pages
[2025-07-12 22:07:34] WARNING: No new tweets found with trust commands. Exiting without error.
[2025-07-12 22:07:34] WARNING: Collection complete!
[2025-07-12 22:07:34] WARNING: - 0 trust assignments processed
[2025-07-12 22:07:34] WARNING: - 2 users in trust network
[2025-07-12 22:07:34] WARNING: - 31 total trust relationships
[2025-07-12 22:17:32] WARNING: === Starting Twitter Trust System Collection ===
[2025-07-12 22:17:32] WARNING: Will collect tweets until reaching previous timestamp: 2025-05-12 06:54:05+00:00
[2025-07-12 22:17:32] WARNING: Retrieving page 1...
[2025-07-12 22:17:35] WARNING: Newest tweet is from: 2013-12-21 19:29:18+00:00
[2025-07-12 22:17:35] WARNING: Reached stop point at tweet from 2013-12-21 19:29:18+00:00
[2025-07-12 22:17:35] WARNING: Retrieved 0 new tweets on page 1
[2025-07-12 22:17:35] WARNING: Stopping pagination as we've reached the stop point
[2025-07-12 22:17:35] WARNING: Retrieved a total of 0 tweets across 1 pages
[2025-07-12 22:17:35] WARNING: No new tweets found with trust commands. Exiting without error.
[2025-07-12 22:17:35] WARNING: Collection complete!
[2025-07-12 22:17:35] WARNING: - 0 trust assignments processed
[2025-07-12 22:17:35] WARNING: - 2 users in trust network
[2025-07-12 22:17:35] WARNING: - 31 total trust relationships
[2025-07-12 22:27:33] WARNING: === Starting Twitter Trust System Collection ===
[2025-07-12 22:27:33] WARNING: Will collect tweets until reaching previous timestamp: 2025-05-12 06:54:05+00:00
[2025-07-12 22:27:33] WARNING: Retrieving page 1...
[2025-07-12 22:27:34] WARNING: Newest tweet is from: 2013-12-21 19:29:18+00:00
[2025-07-12 22:27:34] WARNING: Reached stop point at tweet from 2013-12-21 19:29:18+00:00
[2025-07-12 22:27:34] WARNING: Retrieved 0 new tweets on page 1
[2025-07-12 22:27:34] WARNING: Stopping pagination as we've reached the stop point
[2025-07-12 22:27:34] WARNING: Retrieved a total of 0 tweets across 1 pages
[2025-07-12 22:27:34] WARNING: No new tweets found with trust commands. Exiting without error.
[2025-07-12 22:27:34] WARNING: Collection complete!
[2025-07-12 22:27:34] WARNING: - 0 trust assignments processed
[2025-07-12 22:27:34] WARNING: - 2 users in trust network
[2025-07-12 22:27:34] WARNING: - 31 total trust relationships
[2025-07-12 22:37:32] WARNING: === Starting Twitter Trust System Collection ===
[2025-07-12 22:37:32] WARNING: Will collect tweets until reaching previous timestamp: 2025-05-12 06:54:05+00:00
[2025-07-12 22:37:32] WARNING: Retrieving page 1...
[2025-07-12 22:37:34] WARNING: Newest tweet is from: 2013-12-21 19:29:18+00:00
[2025-07-12 22:37:34] WARNING: Reached stop point at tweet from 2013-12-21 19:29:18+00:00
[2025-07-12 22:37:34] WARNING: Retrieved 0 new tweets on page 1
[2025-07-12 22:37:34] WARNING: Stopping pagination as we've reached the stop point
[2025-07-12 22:37:34] WARNING: Retrieved a total of 0 tweets across 1 pages
[2025-07-12 22:37:34] WARNING: No new tweets found with trust commands. Exiting without error.
[2025-07-12 22:37:34] WARNING: Collection complete!
[2025-07-12 22:37:34] WARNING: - 0 trust assignments processed
[2025-07-12 22:37:34] WARNING: - 2 users in trust network
[2025-07-12 22:37:34] WARNING: - 31 total trust relationships
[2025-07-12 22:47:35] WARNING: === Starting Twitter Trust System Collection ===
[2025-07-12 22:47:35] WARNING: Will collect tweets until reaching previous timestamp: 2025-05-12 06:54:05+00:00
[2025-07-12 22:47:35] WARNING: Retrieving page 1...
[2025-07-12 22:47:44] WARNING: Newest tweet is from: 2013-12-21 19:29:18+00:00
[2025-07-12 22:47:44] WARNING: Reached stop point at tweet from 2013-12-21 19:29:18+00:00
[2025-07-12 22:47:44] WARNING: Retrieved 0 new tweets on page 1
[2025-07-12 22:47:44] WARNING: Stopping pagination as we've reached the stop point
[2025-07-12 22:47:44] WARNING: Retrieved a total of 0 tweets across 1 pages
[2025-07-12 22:47:44] WARNING: No new tweets found with trust commands. Exiting without error.
[2025-07-12 22:47:44] WARNING: Collection complete!
[2025-07-12 22:47:44] WARNING: - 0 trust assignments processed
[2025-07-12 22:47:44] WARNING: - 2 users in trust network
[2025-07-12 22:47:44] WARNING: - 31 total trust relationships
[2025-07-12 22:47:44] Calculating trust scores from collected data...
[2025-07-12 22:47:49] INFO: Community Community A (18 members): AskaPol_UAPs, ChrisUKSharp, DanHaug6, Eyes_OnTheSkies, FettucineSplit, GoodTroubleShow, Halsrethink, JeremyCorbell, JonMajerowski, LueElizondo, PTHellyer, SnakePo9, TheOfficialQF, g_knapp, jamescfox, jayanderson, rosscoulthart, ufobeliever1947
[2025-07-12 22:47:49] INFO: Community Community B (7 members): MiddleofMayhem, OSIRISUAP, ShipsSmall, cosmic_surplus, likeitmatters3, susangerbic, ufoskeptic1968
[2025-07-12 22:47:49] INFO: Community analysis written to community_analysis.txt
[2025-07-12 22:47:49] WARNING: Generating trust network visualization...
[2025-07-12 22:47:50] WARNING: Network visualization saved to visualization/trust_network.png
[2025-07-12 22:47:50] WARNING: Creating JSON data structure...
[2025-07-12 22:47:50] WARNING: Successfully generated js/data.js with:
[2025-07-12 22:47:50] WARNING: - 25 users
[2025-07-12 22:47:50] WARNING: - 31 trust relationships
[2025-07-12 22:47:50] WARNING: - 2 communities
[2025-07-12 22:47:50] WARNING: Trust calculation completed successfully.
[2025-07-12 22:47:51] Committing and pushing changes to GitHub...
